Archive member included because of file (symbol)

C:/MWSTAGE/MWSDK/TWENET/current/lib/libTWENET_BLUE.a(ToCoNet_event.o)
                              objs_BLUE/slave.o (symbol from plugin) (PRSEV_u8RegisterEx)
C:/MWSTAGE/MWSDK/TWENET/current/lib/libTWENET_BLUE.a(ToCoNet_main.o)
                              objs_BLUE/slave.o (symbol from plugin) (sToCoNet_Context)
C:/MWSTAGE/MWSDK/TWENET/current/lib/libTWENET_BLUE.a(ToCoNet_utils.o)
                              ToCoNet_main.o (symbol from plugin) (ToCoNet_u32GetVersion)
C:/MWSTAGE/MWSDK/TWENET/current/lib/libTWENET_BLUE.a(ToCoNet_mod_Nwk_Common.o)
                              ToCoNet_main.o (symbol from plugin) (ToCoNet_vRxProc_Mod)
C:/MWSTAGE/MWSDK/TWENET/current/lib/libTWENET_BLUE.a(ToCoNet_mod_Channel_Mgr.o)
                              ToCoNet_main.o (symbol from plugin) (ToCoNet_ChMgr_bCh_Reconfig)
C:/MWSTAGE/MWSDK/TWENET/current/lib/libTWENET_BLUE.a(Version.o)
                              ToCoNet_utils.o (symbol from plugin) (au8ToCoNetVersionInfo)
C:/MWSTAGE/MWSDK/TWENET/current/lib/libTWENET_BLUE.a(AppQueueApi_ToCoNet.o)
                              ToCoNet_main.o (symbol from plugin) (_u32_INT_ticktimer)
C:/MWSTAGE/MWSDK/TWENET/current/lib/libTWENEText_BLUE.a(AppStart.o)
                              (AppColdStart)
C:/MWSTAGE/MWSDK/TWENET/current/lib/libTWENEText_BLUE.a(getMacAddr.o)
                              ToCoNet_main.o (symbol from plugin) (ToCoNet_u32GetSerialOnBoot)
C:/MWSTAGE/MWSDK/TWENET/current/lib/libTWENEText_BLUE.a(mac.o)
                              ToCoNet_main.o (symbol from plugin) (Mac_vInit)
C:/MWSTAGE/MWSDK/TWENET/current/lib/libTWENEText_BLUE.a(AES_CCM.o)
                              AppStart.o (symbol from plugin) (bAES_CCM_KeyReg)
C:/MWSTAGE/MWSDK/TWENET/current/lib/libTWENEText_BLUE.a(no_ack_handler.o)
                              AppStart.o (symbol from plugin) (vInstallNoAckHandler)
C:/MWSTAGE/MWSDK/TWENET/current/lib/libTWENEText_BLUE.a(Version.o)
                              ToCoNet_utils.o (symbol from plugin) (au8ToCoNetExtVersionInfo)
C:/MWSTAGE/MWSDK/TWENET/current/lib/libTWENETutils_BLUE.a(serial.o)
                              objs_BLUE/slave.o (symbol from plugin) (SERIAL_bTxChar)
C:/MWSTAGE/MWSDK/TWENET/current/lib/libTWENETutils_BLUE.a(uart.o)
                              serial.o (symbol from plugin) (UART_vInit)
C:/MWSTAGE/MWSDK/TWENET/current/lib/libTWENETutils_BLUE.a(ByteQueue.o)
                              ToCoNet_main.o (symbol from plugin) (QUEUE__vInit)
C:/MWSTAGE/MWSDK/TWENET/current/lib/libTWENETutils_BLUE.a(ccitt8.o)
                              AppStart.o (symbol from plugin) (u8CCITT8)
C:/MWSTAGE/MWSDK/TWENET/current/lib/libTWENETutils_BLUE.a(utils.o)
                              ToCoNet_main.o (symbol from plugin) (vTimerConfig)
C:/MWSTAGE/MWSDK/TWENET/current/lib/libTWENETutils_BLUE.a(ccm.o)
                              AES_CCM.o (symbol from plugin) (ccm_init_and_key)
C:/MWSTAGE/MWSDK/TWENET/current/lib/libTWENETutils_BLUE.a(Version.o)
                              ToCoNet_utils.o (symbol from plugin) (au8ToCoNetUtilsVersionInfo)
C:/MWSTAGE/MWSDK/TWENET/current/lib/libTWENETutils_BLUE.a(aescrypt.o)
                              ccm.o (symbol from plugin) (aes_encrypt)
C:/MWSTAGE/MWSDK/TWENET/current/lib/libTWENETutils_BLUE.a(aeskey.o)
                              ccm.o (symbol from plugin) (aes_encrypt_key)
C:/MWSTAGE/MWSDK/TWENET/current/lib/libTWENETutils_BLUE.a(aestab.o)
                              aeskey.o (symbol from plugin) (t_im)
C:/MWSTAGE/MWSDK/TWENET/current/lib/libTWENETstgs_BLUE.a(tweinteractive.o)
                              objs_BLUE/slave.o (symbol from plugin) (TWEINTRCT_bIsVerbose)
C:/MWSTAGE/MWSDK/TWENET/current/lib/libTWENETstgs_BLUE.a(tweprintf.o)
                              tweinteractive.o (symbol from plugin) (TWE_fprintf)
C:/MWSTAGE/MWSDK/TWENET/current/lib/libTWENETstgs_BLUE.a(twesercmd_plus3.o)
                              tweinteractive.o (symbol from plugin) (TWESERCMD_Plus3_u8Parse)
C:/MWSTAGE/MWSDK/TWENET/current/lib/libTWENETstgs_BLUE.a(tweserial.o)
                              tweinteractive.o (symbol from plugin) (_TWE_fputs)
C:/MWSTAGE/MWSDK/TWENET/current/lib/libTWENETstgs_BLUE.a(twesysutils.o)
                              objs_BLUE/slave.o (symbol from plugin) (TWESYSUTL_vWaitPoll)
C:/MWSTAGE/MWSDK/TWENET/current/lib/libTWENETstgs_BLUE.a(printf.o)
                              objs_BLUE/slave.o (symbol from plugin) (fctprintf)
C:/MWSTAGE/MWSDK/TWENET/current/lib/libTWENETstgs_BLUE.a(tweinputstring.o)
                              tweinteractive.o (symbol from plugin) (TWEINPSTR_vInit)
C:/MWSTAGE/MWSDK/TWENET/current/lib/libmwx_BLUE.a(mwx_debug.o)
                              objs_BLUE/slave.o (symbol from plugin) (MWX_Panic)
C:/MWSTAGE/MWSDK/TWENET/current/lib/libmwx_BLUE.a(mwx_appcore.o)
                              ToCoNet_main.o (symbol from plugin) (cbToCoNet_vMain)
[...]
Memory Configuration

Name             Origin             Length             Attributes
flash            0x0000000000080000 0x0000000000028000
ram              0x000000000400004c 0x0000000000007fb4
*default*        0x0000000000000000 0xffffffffffffffff

Linker script and memory map

LOAD objs_BLUE/_mwx_version.o
LOAD C:\Users\saiju\AppData\Local\Temp\cco9Hmkd.ltrans0.ltrans.o
LOAD C:\Users\saiju\AppData\Local\Temp\cco9Hmkd.ltrans1.ltrans.o
LOAD C:\Users\saiju\AppData\Local\Temp\cco9Hmkd.ltrans2.ltrans.o
LOAD C:\Users\saiju\AppData\Local\Temp\cco9Hmkd.ltrans3.ltrans.o
LOAD C:\Users\saiju\AppData\Local\Temp\cco9Hmkd.ltrans4.ltrans.o
LOAD C:\Users\saiju\AppData\Local\Temp\cco9Hmkd.ltrans5.ltrans.o
LOAD C:\Users\saiju\AppData\Local\Temp\cco9Hmkd.ltrans6.ltrans.o
LOAD C:\Users\saiju\AppData\Local\Temp\cco9Hmkd.ltrans7.ltrans.o
LOAD C:\Users\saiju\AppData\Local\Temp\cco9Hmkd.ltrans8.ltrans.o
LOAD C:\Users\saiju\AppData\Local\Temp\cco9Hmkd.ltrans9.ltrans.o
LOAD C:\Users\saiju\AppData\Local\Temp\cco9Hmkd.ltrans10.ltrans.o
LOAD C:\Users\saiju\AppData\Local\Temp\cco9Hmkd.ltrans11.ltrans.o
LOAD C:\Users\saiju\AppData\Local\Temp\cco9Hmkd.ltrans12.ltrans.o
LOAD C:\Users\saiju\AppData\Local\Temp\cco9Hmkd.ltrans13.ltrans.o
LOAD C:\Users\saiju\AppData\Local\Temp\cco9Hmkd.ltrans14.ltrans.o
LOAD C:\Users\saiju\AppData\Local\Temp\cco9Hmkd.ltrans15.ltrans.o
LOAD C:\Users\saiju\AppData\Local\Temp\cco9Hmkd.ltrans16.ltrans.o
LOAD C:\Users\saiju\AppData\Local\Temp\cco9Hmkd.ltrans17.ltrans.o
LOAD C:\Users\saiju\AppData\Local\Temp\cco9Hmkd.ltrans18.ltrans.o
LOAD C:\Users\saiju\AppData\Local\Temp\cco9Hmkd.ltrans19.ltrans.o
LOAD C:\Users\saiju\AppData\Local\Temp\cco9Hmkd.ltrans20.ltrans.o
LOAD C:\Users\saiju\AppData\Local\Temp\cco9Hmkd.ltrans21.ltrans.o
LOAD c:/mwstage/tools/ba-elf-ba2-r36379.w10/bin/../lib/gcc/ba-elf/4.7.4/../../../../ba-elf/lib/mcpu_jn51xx_sizeopt\libc.a
LOAD c:/mwstage/tools/ba-elf-ba2-r36379.w10/bin/../lib/gcc/ba-elf/4.7.4/mcpu_jn51xx_sizeopt\libgcc.a
LOAD c:/mwstage/tools/ba-elf-ba2-r36379.w10/bin/../lib/gcc/ba-elf/4.7.4/../../../../ba-elf/lib/mcpu_jn51xx_sizeopt\libc.a
LOAD objs_BLUE/slave.o
LOAD C:/MWSTAGE/MWSDK/TWENET/current/lib/libTWENET_BLUE.a
LOAD C:/MWSTAGE/MWSDK/TWENET/current/lib/libTWENEText_BLUE.a
LOAD C:/MWSTAGE/MWSDK/TWENET/current/lib/libTWENETutils_BLUE.a
LOAD C:/MWSTAGE/MWSDK/TWENET/current/lib/libTWENETstgs_BLUE.a
LOAD C:/MWSTAGE/MWSDK/TWENET/current/lib/libmwx_BLUE.a
LOAD C:/MWSTAGE/MWSDK/TWENET/current/lib/libEASTL_BLUE.a
START GROUP
LOAD C:/MWSTAGE/MWSDK/ChipLib/SW4063V1416/Components/Library\libAppApi_JN516x.a
LOAD C:/MWSTAGE/MWSDK/ChipLib/SW4063V1416/Components/Library\libMAC_JN516x.a
LOAD C:/MWSTAGE/MWSDK/ChipLib/SW4063V1416/Components/Library\libTimerServer_JN516x.a
LOAD C:/MWSTAGE/MWSDK/ChipLib/SW4063V1416/Components/Library\libTOF_JN516x.a
LOAD C:/MWSTAGE/MWSDK/ChipLib/SW4063V1416/Components/Library\libXcv_JN516x.a
LOAD C:/MWSTAGE/MWSDK/ChipLib/SW4063V1416/Components/Library\libAes_JN516x.a
LOAD C:/MWSTAGE/MWSDK/ChipLib/SW4063V1416/Components/Library\libHardwareApi_JN516x.a
LOAD C:/MWSTAGE/MWSDK/ChipLib/SW4063V1416/Components/Library\libMicroSpecific_JN516x.a
LOAD C:/MWSTAGE/MWSDK/ChipLib/SW4063V1416/Components/Library\libBoot_JN516x.a
LOAD C:/MWSTAGE/MWSDK/ChipLib/SW4063V1416/Components/Library\libPDM_EEPROM_JN516x_NO_RTOS.a
LOAD C:/MWSTAGE/MWSDK/TWENET/current/lib/libTWENET_BLUE.a
LOAD C:/MWSTAGE/MWSDK/TWENET/current/lib/libTWENEText_BLUE.a
LOAD C:/MWSTAGE/MWSDK/TWENET/current/lib/libTWENETutils_BLUE.a
LOAD C:/MWSTAGE/MWSDK/TWENET/current/lib/libTWENETstgs_BLUE.a
LOAD C:/MWSTAGE/MWSDK/TWENET/current/lib/libmwx_BLUE.a
LOAD C:/MWSTAGE/MWSDK/TWENET/current/lib/libEASTL_BLUE.a
END GROUP
LOAD c:/mwstage/tools/ba-elf-ba2-r36379.w10/bin/../lib/gcc/ba-elf/4.7.4/../../../../ba-elf/lib/mcpu_jn51xx_sizeopt\libstdc++.a
LOAD c:/mwstage/tools/ba-elf-ba2-r36379.w10/bin/../lib/gcc/ba-elf/4.7.4/../../../../ba-elf/lib/mcpu_jn51xx_sizeopt\libm.a
LOAD c:/mwstage/tools/ba-elf-ba2-r36379.w10/bin/../lib/gcc/ba-elf/4.7.4/../../../../ba-elf/lib/mcpu_jn51xx_sizeopt\libc.a
LOAD c:/mwstage/tools/ba-elf-ba2-r36379.w10/bin/../lib/gcc/ba-elf/4.7.4/mcpu_jn51xx_sizeopt\libgcc.a
LOAD c:/mwstage/tools/ba-elf-ba2-r36379.w10/bin/../lib/gcc/ba-elf/4.7.4/../../../../ba-elf/lib/mcpu_jn51xx_sizeopt\libc.a
                0x0000000000000800                _stack_size = 0x800
                0x0000000000080038                _exception_vsr_table = 0x80038
                0x0000000004000000                pSPIflashFncTable = 0x4000000
                0x0000000000000800                _stack_size = 0x800
                0x0000000000000044                restore_state = 0x44
                0x000000000000004a                bZSPIWaitWIPClear = 0x4a
                0x0000000000000050                u16ZSPIflashRDID = 0x50
                0x0000000000000056                u8SelectFlashChipType = 0x56
                0x000000000000005c                memcpy = 0x5c
                0x0000000000000066                vBootFlashProg = 0x66
                [0x0000000000000d16]                _minimum_heap_size = DEFINED (_minimum_heap_size)?_minimum_heap_size:0xd16
                0x0000000000000000                _SwConfig = (DEFINED (g_bSWConf_Debug) | (DEFINED (g_bSWConf_AltDebugPort) << 0x1))

.version        0x000000000007fffc        0x4
                0x000000000007fffc        0x4 LONG 0x4030008

.bir            0x0000000000080000       0x10
                0x0000000000080000                _flash_start = ABSOLUTE (.)
                0x0000000000080000                _flash_beg = ABSOLUTE (.)
                0x0000000000080000        0x4 LONG 0x12345678
                0x0000000000080004        0x4 LONG 0x11223344
                0x0000000000080008        0x4 LONG 0x55667788
                0x000000000008000c        0x1 BYTE 0x8
                0x000000000008000d        0x1 BYTE 0x1
                0x000000000008000e        0x2 SHORT 0x0

.flashheader    0x0000000000080010       0x28
                0x0000000000080010        0x4 LONG 0x0
                0x0000000000080014        0x4 LONG 0x0
                0x0000000000080018        0x4 LONG 0x0
                0x000000000008001c        0x2 SHORT 0x0
                0x000000000008001e        0x2 SHORT 0x0 ABSOLUTE (_SwConfig)
                0x0000000000080020                _enc_start = ABSOLUTE (.)
                0x0000000000080020        0x4 LONG 0xfd20 ABSOLUTE (_image_len)
                0x0000000000080024        0x4 LONG 0x8fd08 ABSOLUTE (_flash_data_start)
                0x0000000000080028        0x2 SHORT 0x13 ((ABSOLUTE (_ram_data_start) / 0x4) & 0xffff)
                0x000000000008002a        0x2 SHORT 0x6 ((ABSOLUTE (_ram_data_len) / 0x4) & 0xffff)
                0x000000000008002c        0x2 SHORT 0x19 ((ABSOLUTE (_bss_start) / 0x4) & 0xffff)
                0x000000000008002e        0x2 SHORT 0x57a ((ABSOLUTE (_bss_len) / 0x4) & 0xffff)
                0x0000000000080030        0x4 LONG 0x8c006 ABSOLUTE (AppWarmStart)
                0x0000000000080034        0x4 LONG 0x8c0d6 ABSOLUTE (AppColdStart)
                0x0000000000000000                _enc_offset = (_enc_start & 0xf)
                0x0000000000000044                PROVIDE (vException_BusError, restore_state)
                0x0000000000000044                PROVIDE (vException_UnalignedAccess, restore_state)
                0x0000000000000044                PROVIDE (vException_IllegalInstruction, restore_state)
                0x0000000000000044                PROVIDE (vException_SysCall, restore_state)
                0x0000000000000044                PROVIDE (vException_Trap, restore_state)
                0x0000000000000044                PROVIDE (vException_StackOverflow, restore_state)
                0x0000000000080038                . = ABSOLUTE (_exception_vsr_table)

.vsr_table      0x0000000000080038       0x18
                0x0000000000080038        0x4 LONG 0x44 ABSOLUTE (vException_BusError)
                0x000000000008003c        0x4 LONG 0x44 ABSOLUTE (vException_UnalignedAccess)
                0x0000000000080040        0x4 LONG 0x44 ABSOLUTE (vException_IllegalInstruction)
                0x0000000000080044        0x4 LONG 0x44 ABSOLUTE (vException_SysCall)
                0x0000000000080048        0x4 LONG 0x44 ABSOLUTE (vException_Trap)
                0x000000000008004c        0x4 LONG 0x44 ABSOLUTE (vException_StackOverflow)

.vsr_handlers   0x0000000000080050       0xaa
 *(.vsr_handlers)
 .vsr_handlers  0x0000000000080050       0xaa C:/MWSTAGE/MWSDK/ChipLib/SW4063V1416/Components/Library\libBoot_JN516x.a(ExceptionHandler.o)
                0x0000000000080050                _exception_external_interrupt
                0x00000000000800f8                _default_vsr_dummy

.rodata         0x0000000000080100      0x630
 *(.rodata*)
 .rodata.str1.1
                0x0000000000080100       0x6a C:\Users\saiju\AppData\Local\Temp\cco9Hmkd.ltrans0.ltrans.o
                                         0x6c (size before relaxing)
 .rodata        0x000000000008016a        0x5 C:\Users\saiju\AppData\Local\Temp\cco9Hmkd.ltrans0.ltrans.o
 .rodata        0x000000000008016f      0x131 C:\Users\saiju\AppData\Local\Temp\cco9Hmkd.ltrans1.ltrans.o
 .rodata.str1.1
                0x00000000000802a0        0xd C:\Users\saiju\AppData\Local\Temp\cco9Hmkd.ltrans2.ltrans.o
 .rodata        0x00000000000802ad       0x19 C:\Users\saiju\AppData\Local\Temp\cco9Hmkd.ltrans2.ltrans.o
                0x00000000000802ad                gbHighPowerMode
                0x00000000000802ae                gu8ModuleID
 .rodata        0x00000000000802c6        0x6 C:\Users\saiju\AppData\Local\Temp\cco9Hmkd.ltrans3.ltrans.o
                0x00000000000802c6                aeXcvPhyEvtToScanEvt.5394.14958
 .rodata        0x00000000000802cc       0x20 C:\Users\saiju\AppData\Local\Temp\cco9Hmkd.ltrans4.ltrans.o
                0x00000000000802cc                au32TimerBaseAddress
 .rodata        0x00000000000802ec        0x4 C:\Users\saiju\AppData\Local\Temp\cco9Hmkd.ltrans5.ltrans.o
 .rodata        0x00000000000802f0       0x10 C:\Users\saiju\AppData\Local\Temp\cco9Hmkd.ltrans6.ltrans.o
 .rodata.str1.1
                0x0000000000080300       0x12 C:\Users\saiju\AppData\Local\Temp\cco9Hmkd.ltrans7.ltrans.o
 *fill*         0x0000000000080312        0x6 00
 .rodata        0x0000000000080318       0x50 C:\Users\saiju\AppData\Local\Temp\cco9Hmkd.ltrans7.ltrans.o
 .rodata        0x0000000000080368       0x20 C:\Users\saiju\AppData\Local\Temp\cco9Hmkd.ltrans8.ltrans.o
 .rodata.str1.1
                0x0000000000080388       0x11 C:\Users\saiju\AppData\Local\Temp\cco9Hmkd.ltrans9.ltrans.o
                                         0x22 (size before relaxing)
 *fill*         0x0000000000080399        0x3 00
 .rodata        0x000000000008039c       0x38 C:\Users\saiju\AppData\Local\Temp\cco9Hmkd.ltrans9.ltrans.o
                0x000000000008039c                asStateFuncTbl.26442
 .rodata        0x00000000000803d4       0x9a C:\Users\saiju\AppData\Local\Temp\cco9Hmkd.ltrans10.ltrans.o
 .rodata.str1.1
                0x000000000008046e       0x88 C:\Users\saiju\AppData\Local\Temp\cco9Hmkd.ltrans11.ltrans.o
 *fill*         0x00000000000804f6        0x2 00
 .rodata        0x00000000000804f8       0x18 C:\Users\saiju\AppData\Local\Temp\cco9Hmkd.ltrans12.ltrans.o
 .rodata        0x0000000000080510       0xc0 C:\Users\saiju\AppData\Local\Temp\cco9Hmkd.ltrans13.ltrans.o
                0x0000000000080510                s_aprScanHandleEvt.14955
                0x0000000000080540                apvActionCalls
                0x00000000000805c8                psTamMacContext
                0x00000000000805cc                psTAMcontext
 .rodata        0x00000000000805d0        0x8 C:\Users\saiju\AppData\Local\Temp\cco9Hmkd.ltrans15.ltrans.o
                0x00000000000805d0                au32UartAddrOffset
 .rodata.str1.1
                0x00000000000805d8       0x11 C:\Users\saiju\AppData\Local\Temp\cco9Hmkd.ltrans18.ltrans.o
 *fill*         0x00000000000805e9        0x3 00
 .rodata        0x00000000000805ec       0x7c C:\Users\saiju\AppData\Local\Temp\cco9Hmkd.ltrans18.ltrans.o
                0x0000000000080620                u32MacLow_TOCOS
                0x0000000000080624                u32MacHigh_TOCOS
 .rodata.str1.1
                0x0000000000080668       0xa4 C:\Users\saiju\AppData\Local\Temp\cco9Hmkd.ltrans19.ltrans.o
 .rodata.str1.1
                0x000000000008070c        0xe C:\Users\saiju\AppData\Local\Temp\cco9Hmkd.ltrans20.ltrans.o
 .rodata.str1.1
                0x000000000008071a       0x16 C:\Users\saiju\AppData\Local\Temp\cco9Hmkd.ltrans21.ltrans.o

.text           0x0000000000080730     0xf5d7
 *(.text*)
 .text          0x0000000000080730      0xce5 C:\Users\saiju\AppData\Local\Temp\cco9Hmkd.ltrans0.ltrans.o
                0x0000000000080730                ToCoNet_vMain
 .text          0x0000000000081415      0xaee C:\Users\saiju\AppData\Local\Temp\cco9Hmkd.ltrans1.ltrans.o
                0x0000000000081415                mac_vLPBAdjustBeaconOffset
                0x0000000000081472                mac_u32LPBGetBeaconTimeout
                0x000000000008147b                eWEnDTmrExpiry.14596
                0x0000000000081486                eWEnDEdDone.14593
                0x00000000000814e1                eGenlDontCare.14590
                0x00000000000814e6                eGenlIllegal.14215
                0x00000000000814ed                u32GetTimer0
                0x00000000000814f4                vSetTimer0
                0x0000000000081503                _ZN3mwx2L112appdefs_crtpINS0_9NwkSimpleEE18_cbTweNet_vHwEventEPvmm.local.196
                0x0000000000081506                _ZN3mwx2L112appdefs_crtpINS0_9NwkSimpleEE17_cbTweNet_u8HwIntEPvmm.local.195
                0x000000000008150b                _out_fct.5933
                0x000000000008151d                _out_null.5939
                0x0000000000081520                vOutputStream.5804
                0x000000000008152c                _ZN3mwx2L110serial_jen7vOutputEcPv.local.193
                0x0000000000081553                vHandlerPatch.4917
                0x000000000008165e                _ZN3mwx2L112appdefs_crtpINS0_9NwkSimpleEE18_cbTweNet_vTxEventEPvRNS0_12packet_ev_txE.local.192
                0x0000000000081678                _ZN3mwx2L112appdefs_crtpINS0_9NwkSimpleEE19_cbTweNet_vNwkEventEPvRNS0_13packet_ev_nwkE.local.200
                0x0000000000081681                _ZN3mwx2L112appdefs_crtpINS0_9NwkSimpleEE15_cbTweNet_vMainEPv.local.201
                0x0000000000081684                vTACu32ToPayloadM
                0x000000000008169c                bTACframeInProgress
                0x00000000000816c6                bTACassessBeaconForPayload
                0x0000000000081717                bIsBbcSafeForTx
                0x000000000008174c                vTATwriteAclMaterialToHardware
                0x0000000000081771                vTATsetBLE
                0x00000000000817a8                vTATgetFramePayload
                0x00000000000817c5                eTATreadTXstatus
                0x000000000008180b                vTAHsetPhyStateDirect.part.0.19080
                0x0000000000081827                vMEMreturn
                0x0000000000081898                vTACinformOriginator
                0x00000000000818ba                pvMEMget
                0x00000000000818e6                vTAMDEdetermineNullState
                0x0000000000081900                vTAMCOupdatePendingList
                0x00000000000819d2                vTAMCOsetCoordinator
                0x00000000000819f8                vPhySetChannel
                0x0000000000081a11                eScanHandleEvt.part.0.14626
                0x0000000000081a3a                mac_eDcfmIndPost
                0x0000000000081a5b                mac_psDcfmIndGetBuf
                0x0000000000081a7c                vMLMErxEnableConfirm
                0x0000000000081aae                vMLMEcommStatus
                0x0000000000081b11                vMLMEcommStatusFromFrame
                0x0000000000081b55                vMLMEsyncLoss
                0x0000000000081b88                vPMICpostFailedAssocDcfm
                0x0000000000081bc0                vPMICassocReqTO_2.13043
                0x0000000000081bd7                MAC_vPibSetPanId
                0x0000000000081bf2                vHandleTofRequest.11149
                0x0000000000081bf5                vAppApiDefSetPrbsSeed
                0x0000000000081c19                mwx::L1::duplciate_checker::_node_ele_init(mwx::L1::duplciate_checker::_node_ele*)
                0x0000000000081c38                _ZN3mwx2L113serial_parserINS0_10alloc_heapIhEEEC1Ev.local.52
                0x0000000000081c5a                _ZN3mwx2L16twenetC1Ev.local.58
                0x0000000000081cf1                _ZN3mwx2L110serial_jenC1Eh.local.107
                0x0000000000081d21                _ZN3mwx2L115periph_analogueC1Ev.local.125
                0x0000000000081d4c                _ZN3mwx2L112appdefs_virt8on_eventEmRm.local.134
                0x0000000000081d64                _ZN3mwx2L112appdefs_virt18cbToCoNet_vHwEventEmm.local.136
                0x0000000000081d7c                _ZN3mwx2L112appdefs_virt18cbToCoNet_vTxEventERNS0_12packet_ev_txE.local.137
                0x0000000000081d94                _ZN3mwx2L112appdefs_virt19cbToCoNet_vNwkEventERNS0_13packet_ev_nwkE.local.139
                0x0000000000081dac                u8CCITT8
                0x0000000000081dd2                bAES_CCM_KeyReg
                0x0000000000081e11                bFifoPush.3622
                0x0000000000081e4a                vAppQApiPostMlme.3608
                0x0000000000081e69                vAppQApiPostMcps.3615
                0x0000000000081e84                pvFifoPull.3619
                0x0000000000081eab                psAppQApiGetMlmeBuffer.3605
                0x0000000000081eb3                psAppQApiGetMcpsBuffer.3612
                0x0000000000081ebb                _PRSEV_vProcessEvSingle
                0x0000000000081ec9                ToCoNet_vMacStart
                0x0000000000081ed6                PRSEV_vSetState
                0x0000000000081ee6                _ZN3mwx2L18_smplbufIhNS0_12alloc_attachIhEEE9push_backEOh.local.166
 .text.unlikely
                0x0000000000081f03       0x85 C:\Users\saiju\AppData\Local\Temp\cco9Hmkd.ltrans1.ltrans.o
                0x0000000000081f03                _ZN3mwx2L112appdefs_virt18cbToCoNet_vRxEventERNS0_9packet_rxE.local.138
                0x0000000000081f1b                _ZN3mwx2L110serial_jen5flushEv.local.147
                0x0000000000081f2a                _PRSEV_vProcessEvSingleH
                0x0000000000081f3a                _PRSEV_vProcessEv
                0x0000000000081f4a                PRSEV_u8Register
 .text          0x0000000000081f88      0x994 C:\Users\saiju\AppData\Local\Temp\cco9Hmkd.ltrans2.ltrans.o
                0x0000000000081f88                UART_vHandleUartInterrupt.5044
                0x000000000008200f                vAppQApiPostHwIntT.3601
                0x00000000000820e2                vRxChar.4942
                0x0000000000082133                TWETERM_iGetC.26784
                0x0000000000082196                vXCV_IntHandlerPhy
                0x0000000000082248                vScanHandleTimer.14212
                0x000000000008224d                bAES_CCM_EncodeKey
                0x00000000000822fa                _ZN3mwx2L114processev_crtpINS0_9NwkSimpleEE14vProcessEvCoreEP8_tsEvent7teEventm.local.199
                0x00000000000823ad                vXCV_IntHandlerBbc
                0x0000000000082450                vTAMCOint2Fired
                0x0000000000082471                _ZN3mwx2L110serial_jen13_set_baudrateEt.isra.2.6688
                0x0000000000082522                UART_vSetTxInterrupt
                0x000000000008256d                SERIAL_bTxChar
                0x0000000000082624                u8TAM_AES_WriteAuxilliarySecurityHeaderIntoBuffer
                0x0000000000082696                phy_ePibSet.part.1.16422
                0x00000000000826de                u32AHI_ReadIndexSectorBits.constprop.219
                0x000000000008273f                vTAIsetCapTime
                0x0000000000082760                vTAIsetRxEnableTime
                0x0000000000082781                vDoGoActive.20903
                0x00000000000827a3                vTAMRXEint2Fired
                0x00000000000827d9                vAHI_ApConfigure.part.0.24638.constprop.293
                0x000000000008280b                _ZN3mwx2L115periph_analogue5setupEbhPFvvE.local.124.constprop.231
                0x000000000008287c                vSetPHYfromMacValue.17737
                0x00000000000828ae                vTAMDEint1FiredWaitDR
                0x00000000000828bb                vTACsetPHYfromMacValue
                0x00000000000828dc                vTAMRXEsetReceiveForPibChange
 *fill*         0x000000000008291c        0x0 00
 .text          0x000000000008291c      0xb9c C:\Users\saiju\AppData\Local\Temp\cco9Hmkd.ltrans3.ltrans.o
                0x000000000008291c                TSV_eStop
                0x00000000000829bd                vTAStidyUpAfterFrameTX
                0x00000000000829da                eWChCChanChgd.14623
                0x0000000000082bca                eGenTmrExpiry.14908
                0x0000000000082c0c                eWEDTEdDone.14911
                0x0000000000082c30                MAC_vHandleMlmeReqRsp
                0x00000000000833e1                vTAMDEint1FiredTracking
                0x0000000000083451                vTAMDEint1FiredSyncReq
 .text          0x00000000000834b8      0xb26 C:\Users\saiju\AppData\Local\Temp\cco9Hmkd.ltrans4.ltrans.o
                0x0000000000083618                bAES_CCM_DecodeKey
                0x00000000000836d4                vHnd_E_STATE_RUNNING.26418
                0x000000000008391e                bTAM_AES_CCMstarPatch
                0x0000000000083a62                bTAM_AES_CCMstarPatch2006
                0x0000000000083b69                vWriteFrame.19439
                0x0000000000083d41                bTATsendFrame
                0x0000000000083d94                bSendDataRequest.17741
                0x0000000000083ea6                vTimerStart
                0x0000000000083fa0                _ZN3mwx2L112periph_timer10_on_wakeupEv.local.131
 .text          0x0000000000083fde      0x9e5 C:\Users\saiju\AppData\Local\Temp\cco9Hmkd.ltrans5.ltrans.o
                0x0000000000083fde                vTACintRXheader
                0x00000000000847d9                cbAppColdStart.part.32.7348
 *fill*         0x00000000000849c3        0x1 00
 .text          0x00000000000849c4      0x97c C:\Users\saiju\AppData\Local\Temp\cco9Hmkd.ltrans6.ltrans.o
                0x0000000000084a0d                vProcessEvCoreTx.26379
                0x0000000000084a92                mwx::L1::periph_analogue::ADC_handler(unsigned long, unsigned long)
                0x0000000000084ada                vMicroIntEnableOnly.constprop.316
                0x0000000000084b06                QUEUE__vAddItem.constprop.308
                0x0000000000084b38                _ToCoNet_bRfChChannel
                0x0000000000084bcd                ToCoNet_ChMgr_bCh_Reconfig
                0x0000000000084c35                ToCoNet_ChMgr_vCh_TxFin
                0x0000000000084c61                vHnd_E_STATE_WAIT_TX.26410
                0x0000000000084cd1                vHnd_E_STATE_IDLE.26402
                0x0000000000084d35                vAHI_ProtocolPower.constprop.315
                0x0000000000084d43                XCV_vCtor.constprop.313
                0x0000000000084ea8                bAHI_SetClockRate
                0x0000000000084fb3                vAHI_Sleep
                0x000000000008505b                vAHI_WakeTimerEnable.part.0.25610.constprop.298
                0x00000000000850a0                mac_vLPBStartTimer
                0x0000000000085185                _ZN3mwx2L16twenet5beginEv.local.112.constprop.276
                0x00000000000851ca                pinMode(unsigned char, mwx::L1::enum_wapper<PIN_MODE::eMWX_DIO_MODE, unsigned char>)
 .text.unlikely
                0x0000000000085340      0x24a C:\Users\saiju\AppData\Local\Temp\cco9Hmkd.ltrans6.ltrans.o
                0x0000000000085340                _ZN3mwx2L110twenet_mac8transmitERNS0_9packet_txE.local.32.constprop.307
 .text          0x000000000008558a     0x10ec C:\Users\saiju\AppData\Local\Temp\cco9Hmkd.ltrans7.ltrans.o
                0x0000000000086028                _vsnprintf.constprop.321
                0x000000000008663b                QUEUE__u8RemoveItem.part.1.5119
 .text          0x0000000000086676      0x9c4 C:\Users\saiju\AppData\Local\Temp\cco9Hmkd.ltrans8.ltrans.o
                0x000000000008686a                vTimerCallback.24946
                0x00000000000868e0                _ZN3mwx2L115periph_analogue10_adc_startEv.local.43.constprop.265
                0x00000000000869c9                u8HwEventHandler.2702
                0x0000000000086a71                vAHI_TimerEnable.part.1.25161.constprop.249
                0x0000000000086adc                bAES_CCMstar
                0x0000000000086ba8                pvHeap_Alloc
                0x0000000000086bab                operator new(unsigned long)
                0x0000000000086bce                _ZN3mwx2L114periph_twowireC1Eh.local.76
                0x0000000000086c0b                u32AHI_Init
                0x0000000000086ccd                vMicroIntRestoreState
                0x0000000000086cd9                vAHI_TickTimerIntEnable
                0x0000000000086d34                vAHI_TickTimerConfigure
                0x0000000000086d4f                vAHI_DoSetDataOut
                0x0000000000086d63                bAHI_DoEnableOutputs
                0x0000000000086d8c                u8AHI_WakeTimerFiredStatus
                0x0000000000086da0                vAHI_WakeTimerStop.part.3.25626
                0x0000000000086dc0                mac_vLPBStopTimer
                0x0000000000086dca                vAHI_UartSetClocksPerBit.part.18.25422
                0x0000000000086df1                vAHI_UartSetRTSCTS.part.15.25407
                0x0000000000086e18                vAHI_UartReset.part.4.25380
                0x0000000000086e50                vAHI_UartSetControl.part.2.25364
                0x0000000000086ea1                vAHI_UartSetBaudDivisor.part.1.25360
                0x0000000000086ee0                vAHI_TimerStop.part.7.25190
                0x0000000000086efe                vAHI_TimerDisable.part.2.25169
                0x0000000000086f21                vAHI_WatchdogStop
                0x0000000000086f38                vAHI_CpuDoze
                0x0000000000086f4b                _ZN3mwx2L120periph_pulse_counter10_on_wakeupEv.part.18.6722
                0x0000000000086fc1                u32AHI_DioWakeStatus
                0x0000000000086fd2                vAHI_DioWakeEdge
                0x0000000000086ff2                vAHI_DioSetPullup
                0x0000000000087012                vAHI_DioSetOutput
                0x0000000000087026                vAHI_DioSetDirection
 .text.unlikely
                0x000000000008703a       0x11 C:\Users\saiju\AppData\Local\Temp\cco9Hmkd.ltrans8.ltrans.o
                0x000000000008703a                vStartXtal32kExternalRc.24960
 .text          0x000000000008704b      0xbd0 C:\Users\saiju\AppData\Local\Temp\cco9Hmkd.ltrans9.ltrans.o
                0x000000000008704b                TSV_eStart
                0x000000000008712f                eTAStransmitRequest
                0x00000000000874ca                TSV_eOpen
                0x00000000000874d2                vAppApiDefRestoreMacSettings
                0x00000000000875a3                vAppApiDefSaveMacSettings
                0x0000000000087600                mac_vLPBSleep
                0x0000000000087644                pvAppApiDefGetMacAddrLocation
                0x000000000008764d                eAppApiDefPlmeGet
                0x000000000008769f                eAppApiDefPlmeSet
                0x00000000000876f8                vAppApiDefMcpsRequest
                0x0000000000087723                vHnd_E_STATE_PREPARE_TX.26397
 .text          0x0000000000087c1b      0xad4 C:\Users\saiju\AppData\Local\Temp\cco9Hmkd.ltrans10.ltrans.o
                0x0000000000087c1b                vAHI_IntHandlerAnalogPeriph
                0x0000000000087c3b                vTTIBLETimerExpired
                0x0000000000087c46                vACI_CmdWaitBusy
                0x0000000000087caa                vACI_OptimisedCcmStar
                0x0000000000087ec2                vTAIdisableInterrupt
                0x0000000000087edb                vUpdateRegisters.24209
                0x0000000000087f22                psRemove.part.0.24159
                0x0000000000087f51                vMAC_MISCpollConfirm
                0x0000000000087f82                MAC_u8AclFindInfo
                0x00000000000880ac                vTASretrieveSecurity
                0x00000000000880ce                MAC_bLookUpKeyDescriptor.21711
                0x0000000000088148                u8TSCframeIncrease
                0x0000000000088181                vTSCpostTransmitUpdate
                0x00000000000881b1                vCopyToDataFromMacAddr.21621
                0x00000000000881e4                bTSCgetOutgoingInfo
                0x00000000000882ed                vDoGoOff.20901
                0x0000000000088307                psTAQsearchFifo
                0x0000000000088350                bTAQremoveFromFifo
                0x000000000008838d                vTTITransactionTimerExpired
                0x00000000000883b6                vTAMinsertEvent
                0x000000000008841c                vTTITimer2Expired
                0x0000000000088420                vTTITimer1Expired
                0x0000000000088424                vTAM_TxRetryTimeout
                0x0000000000088428                vTACsetTxFrameDefaults
                0x000000000008844e                u8TACgetHeaderSize
                0x000000000008848b                bUpdateTime.19939
                0x00000000000884c6                vTACbuildBeacon
                0x00000000000886ce                u32TACpayloadToU32M
 .text          0x00000000000886ef      0x592 C:\Users\saiju\AppData\Local\Temp\cco9Hmkd.ltrans11.ltrans.o
                0x00000000000886ef                _ZN3mwx2L112appdefs_crtpINS0_9NwkSimpleEE18_cbTweNet_vRxEventEPvRNS0_9packet_rxE.local.197
                0x0000000000088c3d                eGenRxHdrDone.14606
                0x0000000000088c4d                vAppApiDefMlmeRequest
                0x0000000000088c78                pvAppApiDefGetMacHandle
 *fill*         0x0000000000088c81        0x3 00
 .text.unlikely
                0x0000000000088c84      0x304 C:\Users\saiju\AppData\Local\Temp\cco9Hmkd.ltrans11.ltrans.o
                0x0000000000088ca1                vProcessIncomingHwEvent.2871
 .text          0x0000000000088f88      0x95c C:\Users\saiju\AppData\Local\Temp\cco9Hmkd.ltrans12.ltrans.o
                0x0000000000088f88                vPMICassocReqTO_1.13036
                0x0000000000089010                vTAM_MCPSdataRequest
                0x0000000000089053                bTACcheckPANconflict
                0x000000000008910c                vTAMDEstartSync
                0x000000000008918b                eTAMselect
                0x00000000000892cc                MAC_pvCtor
                0x00000000000896e7                vDeterminePowerState.17861
                0x000000000008976b                vTAMDEint1FiredTrackingBeacon
                0x000000000008980b                vTAMDEint2FiredTrackingDR
                0x0000000000089830                vTAMDEframeTXtrackingDR
                0x0000000000089889                vTAMDEint2FiredPollActive
                0x00000000000898bd                vTAMDEreqTXnullTrackingCAP
                0x00000000000898d6                vTAM_TxRetryTimer
 .text          0x00000000000898e4      0x7e4 C:\Users\saiju\AppData\Local\Temp\cco9Hmkd.ltrans13.ltrans.o
                0x0000000000089cfe                vTAMCOframeRXcap
                0x0000000000089d10                vTAMCOframeRXgoingIdle
                0x0000000000089d26                vTAMCOframeRXnobeacon
                0x0000000000089d38                vTAMDEframeRX
                0x0000000000089d60                vTAMDEframeRXtrackingDR
                0x0000000000089da3                vTAMDEframePreSyncReq
                0x0000000000089dbb                eWCoRRxDone.14603
                0x0000000000089e65                eWBcnRxDone.14615
                0x000000000008a000                vTAMCOframeTXbeacon
 .text          0x000000000008a0c8      0x761 C:\Users\saiju\AppData\Local\Temp\cco9Hmkd.ltrans14.ltrans.o
                0x000000000008a0c8                vTAMRXEsetPhy
                0x000000000008a18b                vTAHsetPhyState
                0x000000000008a1bb                vMLMEbeaconNotify
                0x000000000008a31a                vMCPSframeReceived
                0x000000000008a3de                bAHI_ReadMACID
                0x000000000008a424                _ZL11digitalReadh.1828
                0x000000000008a43f                ToCoNet_vInit
                0x000000000008a782                vExpireHead.24164
                0x000000000008a7b2                fctprintf
                0x000000000008a7d4                _ZN3mwx2L111_printobj_1IhE9_do_printEPvPFvcS3_ES3_.local.194
                0x000000000008a7e8                MWX_DebugMsg
 .text.unlikely
                0x000000000008a829      0x187 C:\Users\saiju\AppData\Local\Temp\cco9Hmkd.ltrans14.ltrans.o
                0x000000000008a899                bStartXtal32k.24970
                0x000000000008a9a1                u32AppQApiInitInt_PATCH
 .text          0x000000000008a9b0      0x6a3 C:\Users\saiju\AppData\Local\Temp\cco9Hmkd.ltrans15.ltrans.o
                0x000000000008a9b0                vTAMCOreqTXinCAP
                0x000000000008a9d6                _ZN3mwx2L110serial_jen6_beginEv.part.25.6741
                0x000000000008ac5b                vTrySendFromDirectCAP.17194
                0x000000000008ac77                vTrySendFromDirectNoBeacon.17198
                0x000000000008aca4                vTAMCOint1Fired
                0x000000000008adc1                vTAMCOstartBeacon
                0x000000000008adfc                vStartStoreValues.17262
                0x000000000008aeb3                bStartCallback.17291
                0x000000000008aee2                vTAMCOint1FiredCAP
                0x000000000008af55                vTAMCOreqTXnoBeacon
                0x000000000008af67                vTrySendUnslotted.17739
                0x000000000008af82                bProcessBeaconRX.17744
 *fill*         0x000000000008b053        0x1 00
 .text          0x000000000008b054      0x888 C:\Users\saiju\AppData\Local\Temp\cco9Hmkd.ltrans16.ltrans.o
                0x000000000008b093                bSendSyncLoss.19874
                0x000000000008b0ab                bPollReqSent.23470
                0x000000000008b0c3                bMCPSframeTXcomplete.15643
                0x000000000008b118                bPMICdisassocReqSent.13032
                0x000000000008b193                MAC_vHandleMcpsReqRsp
                0x000000000008b220                bTASsendCommStatusInd
                0x000000000008b235                bAssocRespSent.13028
                0x000000000008b248                vTACcheckPollResponse
                0x000000000008b27d                vTAMDEframeRXsyncReq
                0x000000000008b4cc                vTAMDEint1FiredTrackingCAPgts
                0x000000000008b57f                eTACprocessFrameTXcomplete
                0x000000000008b6fd                eWONTTxDone.14609
                0x000000000008b72b                eWBRTTxDone.14612
                0x000000000008b749                vTAMCOframeTXgoingIdle
                0x000000000008b762                vTAMCOframeTXcap
                0x000000000008b786                vTAMCOframeTXnobeacon
                0x000000000008b79b                vTAMCOframeStarting
                0x000000000008b7b4                vTAMDEframeTXDEnull
                0x000000000008b7d7                vTAMDEframeTXtrackingCAPgts
                0x000000000008b803                bPMICassocReqSent.13024
                0x000000000008b885                bPMICassocReqPollSent.13039
 .text          0x000000000008b8dc      0x655 C:\Users\saiju\AppData\Local\Temp\cco9Hmkd.ltrans17.ltrans.o
                0x000000000008ba1f                vHnd_E_STATE_FINISH_TX_FAIL.26387
                0x000000000008bad6                vHnd_E_STATE_FINISH_TX_SUCCESS.26392
                0x000000000008bbe3                cbAppWarmStart.part.28.7127
                0x000000000008be37                _MWX_periph_init()
 .text          0x000000000008bf31      0x6e1 C:\Users\saiju\AppData\Local\Temp\cco9Hmkd.ltrans18.ltrans.o
                0x000000000008bf31                vPostDcfm.14599
                0x000000000008c006                AppWarmStart
                0x000000000008c0d6                AppColdStart
 .text          0x000000000008c612      0x5ce C:\Users\saiju\AppData\Local\Temp\cco9Hmkd.ltrans19.ltrans.o
                0x000000000008c612                u32AppApiDefInit
                0x000000000008c6c7                _ToCoNet_vMacInit
                0x000000000008c72d                _ToCoNet_vRfConfig
                0x000000000008c86f                mwx::L1::NwkSimple::on_create(unsigned long&)
                0x000000000008c8bf                _ZN3mwx2L123twenet_instance_manager3useINS0_9NwkSimpleEEERT_Rm.local.168.constprop.278
                0x000000000008ca2b                setup()
 *fill*         0x000000000008cbe0        0x0 00
 .text          0x000000000008cbe0      0x374 C:\Users\saiju\AppData\Local\Temp\cco9Hmkd.ltrans20.ltrans.o
                0x000000000008cbe0                SERIAL_vTxReady
                0x000000000008cc41                TWETERM_vFlush.26753
                0x000000000008ccf8                TWETERM_iPutS.26776
                0x000000000008cd1d                TWETERM_iPutC.26780
                0x000000000008cd2e                vTimerConfig
                0x000000000008cebf                MWX_Panic
                0x000000000008cf23                _ZN3mwx2L110serial_jen5writeEi.local.146
                0x000000000008cf32                _ZN3mwx2L16streamINS0_10serial_jenEE6_printEPKc.local.171
 .text.unlikely
                0x000000000008cf54      0x266 C:\Users\saiju\AppData\Local\Temp\cco9Hmkd.ltrans20.ltrans.o
                0x000000000008cfe0                _MWX_vOnSleep()
                0x000000000008d097                ToCoNet_vSleep.constprop.294
 .text          0x000000000008d1ba      0x157 C:\Users\saiju\AppData\Local\Temp\cco9Hmkd.ltrans21.ltrans.o
                0x000000000008d1ba                _ZN3mwx2L112appdefs_crtpINS0_9NwkSimpleEE9_on_eventEPvmRm.local.198
                0x000000000008d2a9                vProcessEvCoreMac
 .text.unlikely
                0x000000000008d311      0x435 C:\Users\saiju\AppData\Local\Temp\cco9Hmkd.ltrans21.ltrans.o
                0x000000000008d311                ToCoNet_vStart
 .text          0x000000000008d746       0x25 c:/mwstage/tools/ba-elf-ba2-r36379.w10/bin/../lib/gcc/ba-elf/4.7.4/../../../../ba-elf/lib/mcpu_jn51xx_sizeopt\libc.a(lib_a-memcmp.o)
                0x000000000008d746                memcmp
 .text          0x000000000008d76b       0x19 c:/mwstage/tools/ba-elf-ba2-r36379.w10/bin/../lib/gcc/ba-elf/4.7.4/../../../../ba-elf/lib/mcpu_jn51xx_sizeopt\libc.a(lib_a-memcpy.o)
 *fill*         0x000000000008d784        0x0 00
 .text          0x000000000008d784      0x204 c:/mwstage/tools/ba-elf-ba2-r36379.w10/bin/../lib/gcc/ba-elf/4.7.4/mcpu_jn51xx_sizeopt\libgcc.a(__udivsi3.o)
                0x000000000008d784                __udivsi3
 .text          0x000000000008d988       0x30 c:/mwstage/tools/ba-elf-ba2-r36379.w10/bin/../lib/gcc/ba-elf/4.7.4/mcpu_jn51xx_sizeopt\libgcc.a(__divsi3.o)
                0x000000000008d988                __divsi3
 .text          0x000000000008d9b8      0x1b0 c:/mwstage/tools/ba-elf-ba2-r36379.w10/bin/../lib/gcc/ba-elf/4.7.4/mcpu_jn51xx_sizeopt\libgcc.a(__umodsi3.o)
                0x000000000008d9b8                __umodsi3
 .text          0x000000000008db68       0x24 c:/mwstage/tools/ba-elf-ba2-r36379.w10/bin/../lib/gcc/ba-elf/4.7.4/mcpu_jn51xx_sizeopt\libgcc.a(__modsi3.o)
                0x000000000008db68                __modsi3
 .text          0x000000000008db8c       0x39 c:/mwstage/tools/ba-elf-ba2-r36379.w10/bin/../lib/gcc/ba-elf/4.7.4/mcpu_jn51xx_sizeopt\libgcc.a(_fixunsdfsi.o)
                0x000000000008db8c                __fixunsdfsi
 .text          0x000000000008dbc5      0x350 c:/mwstage/tools/ba-elf-ba2-r36379.w10/bin/../lib/gcc/ba-elf/4.7.4/mcpu_jn51xx_sizeopt\libgcc.a(_udivdi3.o)
                0x000000000008dbc5                __udivdi3
 .text          0x000000000008df15      0x312 c:/mwstage/tools/ba-elf-ba2-r36379.w10/bin/../lib/gcc/ba-elf/4.7.4/mcpu_jn51xx_sizeopt\libgcc.a(_umoddi3.o)
                0x000000000008df15                __umoddi3
 .text          0x000000000008e227      0x682 c:/mwstage/tools/ba-elf-ba2-r36379.w10/bin/../lib/gcc/ba-elf/4.7.4/mcpu_jn51xx_sizeopt\libgcc.a(adddf3.o)
                0x000000000008e227                __adddf3
 *fill*         0x000000000008e8a9        0x3 00
 .text          0x000000000008e8ac      0x5c8 c:/mwstage/tools/ba-elf-ba2-r36379.w10/bin/../lib/gcc/ba-elf/4.7.4/mcpu_jn51xx_sizeopt\libgcc.a(divdf3.o)
                0x000000000008e8ac                __divdf3
 .text          0x000000000008ee74       0x7f c:/mwstage/tools/ba-elf-ba2-r36379.w10/bin/../lib/gcc/ba-elf/4.7.4/mcpu_jn51xx_sizeopt\libgcc.a(eqdf2.o)
                0x000000000008ee74                __nedf2
                0x000000000008ee74                __eqdf2
 .text          0x000000000008eef3       0xca c:/mwstage/tools/ba-elf-ba2-r36379.w10/bin/../lib/gcc/ba-elf/4.7.4/mcpu_jn51xx_sizeopt\libgcc.a(gedf2.o)
                0x000000000008eef3                __gedf2
                0x000000000008eef3                __gtdf2
 .text          0x000000000008efbd       0xcb c:/mwstage/tools/ba-elf-ba2-r36379.w10/bin/../lib/gcc/ba-elf/4.7.4/mcpu_jn51xx_sizeopt\libgcc.a(ledf2.o)
                0x000000000008efbd                __ledf2
                0x000000000008efbd                __ltdf2
 .text          0x000000000008f088      0x488 c:/mwstage/tools/ba-elf-ba2-r36379.w10/bin/../lib/gcc/ba-elf/4.7.4/mcpu_jn51xx_sizeopt\libgcc.a(muldf3.o)
                0x000000000008f088                __muldf3
 .text          0x000000000008f510      0x693 c:/mwstage/tools/ba-elf-ba2-r36379.w10/bin/../lib/gcc/ba-elf/4.7.4/mcpu_jn51xx_sizeopt\libgcc.a(subdf3.o)
                0x000000000008f510                __subdf3
 .text          0x000000000008fba3       0x64 c:/mwstage/tools/ba-elf-ba2-r36379.w10/bin/../lib/gcc/ba-elf/4.7.4/mcpu_jn51xx_sizeopt\libgcc.a(fixdfsi.o)
                0x000000000008fba3                __fixdfsi
 .text          0x000000000008fc07       0x61 c:/mwstage/tools/ba-elf-ba2-r36379.w10/bin/../lib/gcc/ba-elf/4.7.4/mcpu_jn51xx_sizeopt\libgcc.a(floatsidf.o)
                0x000000000008fc07                __floatsidf
 .text          0x000000000008fc68       0x4f c:/mwstage/tools/ba-elf-ba2-r36379.w10/bin/../lib/gcc/ba-elf/4.7.4/mcpu_jn51xx_sizeopt\libgcc.a(floatunsidf.o)
                0x000000000008fc68                __floatunsidf
 .text          0x000000000008fcb7       0x27 C:/MWSTAGE/MWSDK/ChipLib/SW4063V1416/Components/Library\libHardwareApi_JN516x.a(AHI_Interrupt.o)
                0x000000000008fcb7                vAHI_InterruptSetPriority
                0x000000000008fcd5                vAHI_InterruptSetActivePriorityLevel
 .text.vMicroSyscall
                0x000000000008fcde       0x17 C:/MWSTAGE/MWSDK/ChipLib/SW4063V1416/Components/Library\libMicroSpecific_JN516x.a(MicroSyscall_ba.o)
                0x000000000008fcde                vMicroSyscall
 .text          0x000000000008fcf5       0x12 c:/mwstage/tools/ba-elf-ba2-r36379.w10/bin/../lib/gcc/ba-elf/4.7.4/../../../../ba-elf/lib/mcpu_jn51xx_sizeopt\libc.a(lib_a-memset.o)
                0x000000000008fcf5                memset
                0x000000000008fd07                _flash_end = ABSOLUTE (.)

.rela.dyn       0x000000000008fd08        0x0
 .rela.text     0x0000000000000000        0x0 C:\Users\saiju\AppData\Local\Temp\cco9Hmkd.ltrans0.ltrans.o
 .rela.text.unlikely
                0x0000000000000000        0x0 C:\Users\saiju\AppData\Local\Temp\cco9Hmkd.ltrans0.ltrans.o
 .rela.data     0x0000000000000000        0x0 C:\Users\saiju\AppData\Local\Temp\cco9Hmkd.ltrans0.ltrans.o
 .rela.rodata   0x0000000000000000        0x0 C:\Users\saiju\AppData\Local\Temp\cco9Hmkd.ltrans0.ltrans.o
                0x000000000400004c                . = ORIGIN (ram)

.data           0x000000000400004c       0x18 load address 0x000000000008fd08
                0x000000000400004c                _ram_data_start = ABSOLUTE (.)
 *(.data*)
 .data          0x000000000400004c        0x4 C:\Users\saiju\AppData\Local\Temp\cco9Hmkd.ltrans0.ltrans.o
 .data          0x0000000004000050        0x1 C:\Users\saiju\AppData\Local\Temp\cco9Hmkd.ltrans5.ltrans.o
                0x0000000004000050                _toconet_tx_u8_init_queue_flag
 *fill*         0x0000000004000051        0x3 00
 .data.initinboot
                0x0000000004000054        0x8 C:\Users\saiju\AppData\Local\Temp\cco9Hmkd.ltrans6.ltrans.o
 .data          0x000000000400005c        0x4 C:\Users\saiju\AppData\Local\Temp\cco9Hmkd.ltrans8.ltrans.o
                0x000000000400005c                u32HeapStart
 .data          0x0000000004000060        0x1 C:\Users\saiju\AppData\Local\Temp\cco9Hmkd.ltrans9.ltrans.o
                0x0000000004000060                u8TxWkrNow.26520
 .data          0x0000000004000061        0x1 C:\Users\saiju\AppData\Local\Temp\cco9Hmkd.ltrans12.ltrans.o
 .data.initinboot
                0x0000000004000062        0x1 C:\Users\saiju\AppData\Local\Temp\cco9Hmkd.ltrans12.ltrans.o
                0x0000000004000062                gMAC_u8MaxBuffers
 *(.data.*)
                0x0000000004000064                . = ALIGN (0x4)
 *fill*         0x0000000004000063        0x1 00
                0x0000000004000064                _ram_data_end = ABSOLUTE (.)

.bss            0x0000000004000064     0x15e8 load address 0x000000000008fd20
                0x0000000004000064                _bss_start = ABSOLUTE (.)
 *(.bss*)
 .bss           0x0000000004000064       0x80 C:\Users\saiju\AppData\Local\Temp\cco9Hmkd.ltrans0.ltrans.o
                0x0000000004000064                sMcpsIndQueue.3840
                0x0000000004000074                sMcpsIndBufferQueue.3838
                0x0000000004000084                sMlmeIndQueue.3841
                0x0000000004000094                sMlmeIndBufferQueue.3839
                0x00000000040000a4                sHwIndQueue.3842
                0x00000000040000b4                sHwIndBufferQueue.3843
                0x00000000040000c4                _u32_INT_adc_comp
                0x00000000040000c8                _u32_INT_ticktimer
                0x00000000040000cc                my_adrs
                0x00000000040000d0                _periph_availmap
 .bss           0x00000000040000e4        0xc C:\Users\saiju\AppData\Local\Temp\cco9Hmkd.ltrans1.ltrans.o
 .bss           0x00000000040000f0       0x20 C:\Users\saiju\AppData\Local\Temp\cco9Hmkd.ltrans2.ltrans.o
                0x00000000040000f0                sAppHousekeeping
                0x0000000004000108                prApAppCallback.24700
                0x000000000400010c                prAppHwCallback.3846
 .bss           0x0000000004000110       0x20 C:\Users\saiju\AppData\Local\Temp\cco9Hmkd.ltrans3.ltrans.o
                0x0000000004000110                sAssocSecurity.13653
                0x000000000400011c                bScanInProgress.14951
                0x000000000400011d                g_bJenieBackwardsCompatibilityMode
                0x0000000004000120                s_sTimerList
 .bss           0x0000000004000130        0xc C:\Users\saiju\AppData\Local\Temp\cco9Hmkd.ltrans4.ltrans.o
                0x0000000004000130                TxWorker_u8Num.26477
                0x0000000004000132                au16TimerSettings.25295
 .bss.dontinitinboot
                0x000000000400013c        0x1 C:\Users\saiju\AppData\Local\Temp\cco9Hmkd.ltrans4.ltrans.o
 *fill*         0x000000000400013d        0x3 00
 .bss           0x0000000004000140      0x618 C:\Users\saiju\AppData\Local\Temp\cco9Hmkd.ltrans5.ltrans.o
 .bss           0x0000000004000758       0x14 C:\Users\saiju\AppData\Local\Temp\cco9Hmkd.ltrans6.ltrans.o
                0x0000000004000758                bAccumulateModeFlag.24699
                0x000000000400075c                pvPostFunc.2573
                0x0000000004000760                u32PostArg.2572
                0x0000000004000764                evPost.2571
 .bss.dontinitinboot
                0x000000000400076c        0x8 C:\Users\saiju\AppData\Local\Temp\cco9Hmkd.ltrans6.ltrans.o
 .bss           0x0000000004000774        0x8 C:\Users\saiju\AppData\Local\Temp\cco9Hmkd.ltrans8.ltrans.o
 .bss.dontinitinboot
                0x000000000400077c        0x4 C:\Users\saiju\AppData\Local\Temp\cco9Hmkd.ltrans8.ltrans.o
 .bss           0x0000000004000780       0x28 C:\Users\saiju\AppData\Local\Temp\cco9Hmkd.ltrans9.ltrans.o
                0x0000000004000780                sCh_Context.3478
                0x0000000004000784                asTx.26476
 .bss.initinboot
                0x00000000040007a8        0x1 C:\Users\saiju\AppData\Local\Temp\cco9Hmkd.ltrans9.ltrans.o
 .bss           0x00000000040007a9        0x1 C:\Users\saiju\AppData\Local\Temp\cco9Hmkd.ltrans10.ltrans.o
                0x00000000040007a9                u8TAM_TxStatusOverride
 .bss           0x00000000040007aa        0x4 C:\Users\saiju\AppData\Local\Temp\cco9Hmkd.ltrans11.ltrans.o
 *fill*         0x00000000040007ae        0x2 00
 .bss.initinboot
                0x00000000040007b0        0x8 C:\Users\saiju\AppData\Local\Temp\cco9Hmkd.ltrans12.ltrans.o
                0x00000000040007b0                g_u32MacAddrLocation
                0x00000000040007b4                prvUserTxStartedCallback
 .bss           0x00000000040007b8      0x1b8 C:\Users\saiju\AppData\Local\Temp\cco9Hmkd.ltrans13.ltrans.o
                0x00000000040007b8                g_pvMac
                0x00000000040007bc                the_mac
                0x00000000040007d8                Buttons
                0x00000000040007e0                Timer4
                0x00000000040007e8                Timer3
                0x00000000040007f0                Timer2
                0x00000000040007f8                Timer1
                0x0000000004000800                Timer0
                0x0000000004000808                PulseCounter1
                0x000000000400080c                PulseCounter0
                0x0000000004000810                Analogue
                0x0000000004000828                SPI
                0x000000000400082c                Wire
                0x0000000004000844                SerialParser
                0x0000000004000880                Serial1
                0x00000000040008a0                Serial
                0x00000000040008c0                the_vnet2
                0x00000000040008c4                the_vnet
                0x00000000040008c8                the_vhw
                0x00000000040008cc                the_vsettings
                0x00000000040008d0                the_vapp
                0x00000000040008d4                the_twelite
                0x000000000400096c                txreq_stat
 .bss.initinboot
                0x0000000004000970      0x1c0 C:\Users\saiju\AppData\Local\Temp\cco9Hmkd.ltrans13.ltrans.o
                0x0000000004000970                g_sMac
 .bss           0x0000000004000b30      0x71c C:\Users\saiju\AppData\Local\Temp\cco9Hmkd.ltrans14.ltrans.o
                0x0000000004000b30                prSpiAppCallback.24934
                0x0000000004000b34                prSiAppCallback.26147
                0x0000000004000b38                prAppMcpsCallback.3844
                0x0000000004000b3c                prAppMlmeCallback.3845
                0x0000000004000b40                gbTimeOutFlag.25133
                0x0000000004000b41                bTxEventQueued.20769
                0x0000000004000b42                u8TxEventStatus.20770
 .bss.initinboot
                0x000000000400124c        0x4 C:\Users\saiju\AppData\Local\Temp\cco9Hmkd.ltrans14.ltrans.o
                0x000000000400124c                prSysCtrlAppCallback.25137
 .bss           0x0000000004001250       0xb0 C:\Users\saiju\AppData\Local\Temp\cco9Hmkd.ltrans15.ltrans.o
                0x0000000004001250                prUart1AppCallback.25601
                0x0000000004001254                prUart0AppCallback.25600
                0x0000000004001258                asUARTS.5086
                0x0000000004001278                sOpt.5093
                0x0000000004001288                asSerialPorts
 .bss           0x0000000004001300       0x40 C:\Users\saiju\AppData\Local\Temp\cco9Hmkd.ltrans16.ltrans.o
                0x0000000004001300                u8AssocResponsesInProgress.13652
                0x0000000004001304                g_sLP
 .bss           0x0000000004001340        0xc C:\Users\saiju\AppData\Local\Temp\cco9Hmkd.ltrans17.ltrans.o
                0x0000000004001340                _psSerial
 .bss           0x000000000400134c      0x118 C:\Users\saiju\AppData\Local\Temp\cco9Hmkd.ltrans18.ltrans.o
                0x000000000400134c                sContext.4911
                0x0000000004001378                sToCoNet_Modules
                0x00000000040013d0                _ZL5_vcbs.7500
                0x00000000040013e4                sToCoNet_AppContext
                0x0000000004001400                sToCoNet_Context
 .bss           0x0000000004001464       0x20 C:\Users\saiju\AppData\Local\Temp\cco9Hmkd.ltrans19.ltrans.o
                0x0000000004001464                g_sXcv
                0x0000000004001468                prMcpsRequest.10036
                0x000000000400146c                prMlmeRequest.10035
                0x0000000004001470                prOriginalHandler.4921
 .bss           0x0000000004001484       0x2c C:\Users\saiju\AppData\Local\Temp\cco9Hmkd.ltrans20.ltrans.o
                0x0000000004001484                sSerCmd_P3.5756
                0x0000000004001490                bIntEnableFlag.24697
                0x0000000004001494                apfTimerAppCallback.25346
                0x00000000040014a8                prTickTimeAppCallback
                0x00000000040014ac                _SERIAL_bmTxIntEnabled
 .bss           0x00000000040014b0      0x15c C:\Users\saiju\AppData\Local\Temp\cco9Hmkd.ltrans21.ltrans.o
                0x00000000040014b0                u8AppId_Pkt_head.4790
                0x00000000040014b4                u32AppId.4787
                0x00000000040014b8                u32MyAddr.4789
                0x00000000040014bc                bRxQueue_Init.4788
                0x00000000040014c0                psRxQueueList.4786
                0x00000000040014d4                asEventHandler.2559
                0x0000000004001574                sEvVars
                0x0000000004001590                u32TickCount_ms
                0x0000000004001594                au8Txdatabuff_idx_sTxQueue
                0x0000000004001598                u8TxBuffSiz_sTxQueue
                0x000000000400159c                sTxdatabuff_sTxQueue
                0x00000000040015a0                sTxQueue
                0x00000000040015bc                au8Rxdatabuff_idx_sRxQueue
                0x00000000040015c0                u8RxBuffSiz_sRxQueue
                0x00000000040015c4                sRxdatabuff_sRxQueue
                0x00000000040015c8                sRxQueue
                0x00000000040015e4                au8Rxdatabuff_idx_sRxQueueCmd
                0x00000000040015e8                u8RxBuffSiz_sRxQueueCmd
                0x00000000040015ec                sRxdatabuff_sRxQueueCmd
                0x00000000040015f0                sRxQueueCmd.3010
 .bss.dontinitinboot
                0x000000000400160c       0x40 C:/MWSTAGE/MWSDK/ChipLib/SW4063V1416/Components/Library\libBoot_JN516x.a(ExceptionHandler.o)
                0x000000000400160c                isr_handlers
 *(.bss.*)
 *(.scommon*)
 *(.scommon.*)
 *(COMMON)
                0x000000000400164c                . = ALIGN (0x4)
                0x000000000400164c                _bss_end = ABSOLUTE (.)

.heap           0x000000000400164c      0xd16 load address 0x0000000000091308
                0x000000000400164c                _heap_start = ABSOLUTE (.)
                0x0000000004002362                . = (. + _minimum_heap_size)
 *fill*         0x000000000400164c      0xd16 00

.stack          0x0000000004007800      0x800 load address 0x00000000000974bc
                0x0000000004007800                _heap_end = ABSOLUTE (.)
                0x0000000004007800                _stack_low_water_mark = ABSOLUTE (.)
                0x0000000004008000                . = (. + _stack_size)
 *fill*         0x0000000004007800      0x800 00

.test           0x000000000008fd20        0x1
                0x000000000008fd20        0x1 BYTE 0xff
                0x000000000008fd08                _flash_data_start = LOADADDR (.data)
                0x0000000000000018                _ram_data_len = (((_ram_data_end - _ram_data_start) + 0x3) & 0xfffffffffffffffc)
                0x00000000000015e8                _bss_len = (((_bss_end - _bss_start) + 0x3) & 0xfffffffffffffffc)
                0x000000000000fd20                _image_len = ((((_flash_end - _flash_start) + _ram_data_len) + 0x3) & 0xfffffffffffffffc)
                0x0000000004008000                _ram_top = (ABSOLUTE (ORIGIN (ram)) + 0x7fb4)
                0x0000000004008000                ram_top = (ABSOLUTE (ORIGIN (ram)) + 0x7fb4)
                0x0000000001001580                _app_ram_start = 0x1001580
                0x000000000400005c                PROVIDE (_heap_location, u32HeapStart)
                0x000000000400005c                PROVIDE (heap_location, u32HeapStart)
                0x00000000000874ca                TSV_eOpenVector = TSV_eOpen
                0x000000000008704b                TSV_eStartVector = TSV_eStart
                0x000000000008291c                TSV_eStopVector = TSV_eStop
                0x0000000000088c78                pvAppApiGetMacHandle = pvAppApiDefGetMacHandle
                0x000000000008c612                u32AppApiInit = u32AppApiDefInit
                0x0000000000088c4d                vAppApiMlmeRequest = vAppApiDefMlmeRequest
                0x00000000000876f8                vAppApiMcpsRequest = vAppApiDefMcpsRequest
                0x000000000008769f                eAppApiPlmeSet = eAppApiDefPlmeSet
                0x000000000008764d                eAppApiPlmeGet = eAppApiDefPlmeGet
                0x0000000000087644                pvAppApiGetMacAddrLocation = pvAppApiDefGetMacAddrLocation
                0x00000000000875a3                vAppApiSaveMacSettings = vAppApiDefSaveMacSettings
                0x00000000000874d2                vAppApiRestoreMacSettings = vAppApiDefRestoreMacSettings
OUTPUT(objs_BLUE/slave_BLUE_L1305_V0-1-0.elf elf32-ba)

.comment        0x0000000000000000       0x11
 .comment       0x0000000000000000       0x12 C:\Users\saiju\AppData\Local\Temp\cco9Hmkd.ltrans0.ltrans.o
 .comment       0x0000000000000000       0x12 C:\Users\saiju\AppData\Local\Temp\cco9Hmkd.ltrans1.ltrans.o
 .comment       0x0000000000000000       0x12 C:\Users\saiju\AppData\Local\Temp\cco9Hmkd.ltrans2.ltrans.o
 .comment       0x0000000000000000       0x12 C:\Users\saiju\AppData\Local\Temp\cco9Hmkd.ltrans3.ltrans.o
 .comment       0x0000000000000000       0x12 C:\Users\saiju\AppData\Local\Temp\cco9Hmkd.ltrans4.ltrans.o
 .comment       0x0000000000000000       0x12 C:\Users\saiju\AppData\Local\Temp\cco9Hmkd.ltrans5.ltrans.o
 .comment       0x0000000000000000       0x12 C:\Users\saiju\AppData\Local\Temp\cco9Hmkd.ltrans6.ltrans.o
 .comment       0x0000000000000000       0x12 C:\Users\saiju\AppData\Local\Temp\cco9Hmkd.ltrans7.ltrans.o
 .comment       0x0000000000000000       0x12 C:\Users\saiju\AppData\Local\Temp\cco9Hmkd.ltrans8.ltrans.o
 .comment       0x0000000000000000       0x12 C:\Users\saiju\AppData\Local\Temp\cco9Hmkd.ltrans9.ltrans.o
 .comment       0x0000000000000000       0x12 C:\Users\saiju\AppData\Local\Temp\cco9Hmkd.ltrans10.ltrans.o
 .comment       0x0000000000000000       0x12 C:\Users\saiju\AppData\Local\Temp\cco9Hmkd.ltrans11.ltrans.o
 .comment       0x0000000000000000       0x12 C:\Users\saiju\AppData\Local\Temp\cco9Hmkd.ltrans12.ltrans.o
 .comment       0x0000000000000000       0x12 C:\Users\saiju\AppData\Local\Temp\cco9Hmkd.ltrans13.ltrans.o
 .comment       0x0000000000000000       0x12 C:\Users\saiju\AppData\Local\Temp\cco9Hmkd.ltrans14.ltrans.o
 .comment       0x0000000000000000       0x12 C:\Users\saiju\AppData\Local\Temp\cco9Hmkd.ltrans15.ltrans.o
 .comment       0x0000000000000000       0x12 C:\Users\saiju\AppData\Local\Temp\cco9Hmkd.ltrans16.ltrans.o
 .comment       0x0000000000000000       0x12 C:\Users\saiju\AppData\Local\Temp\cco9Hmkd.ltrans17.ltrans.o
 .comment       0x0000000000000000       0x12 C:\Users\saiju\AppData\Local\Temp\cco9Hmkd.ltrans18.ltrans.o
 .comment       0x0000000000000000       0x12 C:\Users\saiju\AppData\Local\Temp\cco9Hmkd.ltrans19.ltrans.o
 .comment       0x0000000000000000       0x12 C:\Users\saiju\AppData\Local\Temp\cco9Hmkd.ltrans20.ltrans.o
 .comment       0x0000000000000000       0x12 C:\Users\saiju\AppData\Local\Temp\cco9Hmkd.ltrans21.ltrans.o
 .comment       0x0000000000000000       0x12 c:/mwstage/tools/ba-elf-ba2-r36379.w10/bin/../lib/gcc/ba-elf/4.7.4/../../../../ba-elf/lib/mcpu_jn51xx_sizeopt\libc.a(lib_a-memcmp.o)
 .comment       0x0000000000000000       0x12 c:/mwstage/tools/ba-elf-ba2-r36379.w10/bin/../lib/gcc/ba-elf/4.7.4/../../../../ba-elf/lib/mcpu_jn51xx_sizeopt\libc.a(lib_a-memcpy.o)
 .comment       0x0000000000000000       0x12 c:/mwstage/tools/ba-elf-ba2-r36379.w10/bin/../lib/gcc/ba-elf/4.7.4/mcpu_jn51xx_sizeopt\libgcc.a(_fixunsdfsi.o)
 .comment       0x0000000000000000       0x12 c:/mwstage/tools/ba-elf-ba2-r36379.w10/bin/../lib/gcc/ba-elf/4.7.4/mcpu_jn51xx_sizeopt\libgcc.a(_udivdi3.o)
 .comment       0x0000000000000000       0x12 c:/mwstage/tools/ba-elf-ba2-r36379.w10/bin/../lib/gcc/ba-elf/4.7.4/mcpu_jn51xx_sizeopt\libgcc.a(_umoddi3.o)
 .comment       0x0000000000000000       0x12 c:/mwstage/tools/ba-elf-ba2-r36379.w10/bin/../lib/gcc/ba-elf/4.7.4/mcpu_jn51xx_sizeopt\libgcc.a(adddf3.o)
 .comment       0x0000000000000000       0x12 c:/mwstage/tools/ba-elf-ba2-r36379.w10/bin/../lib/gcc/ba-elf/4.7.4/mcpu_jn51xx_sizeopt\libgcc.a(divdf3.o)
 .comment       0x0000000000000000       0x12 c:/mwstage/tools/ba-elf-ba2-r36379.w10/bin/../lib/gcc/ba-elf/4.7.4/mcpu_jn51xx_sizeopt\libgcc.a(eqdf2.o)
 .comment       0x0000000000000000       0x12 c:/mwstage/tools/ba-elf-ba2-r36379.w10/bin/../lib/gcc/ba-elf/4.7.4/mcpu_jn51xx_sizeopt\libgcc.a(gedf2.o)
 .comment       0x0000000000000000       0x12 c:/mwstage/tools/ba-elf-ba2-r36379.w10/bin/../lib/gcc/ba-elf/4.7.4/mcpu_jn51xx_sizeopt\libgcc.a(ledf2.o)
 .comment       0x0000000000000000       0x12 c:/mwstage/tools/ba-elf-ba2-r36379.w10/bin/../lib/gcc/ba-elf/4.7.4/mcpu_jn51xx_sizeopt\libgcc.a(muldf3.o)
 .comment       0x0000000000000000       0x12 c:/mwstage/tools/ba-elf-ba2-r36379.w10/bin/../lib/gcc/ba-elf/4.7.4/mcpu_jn51xx_sizeopt\libgcc.a(subdf3.o)
 .comment       0x0000000000000000       0x12 c:/mwstage/tools/ba-elf-ba2-r36379.w10/bin/../lib/gcc/ba-elf/4.7.4/mcpu_jn51xx_sizeopt\libgcc.a(fixdfsi.o)
 .comment       0x0000000000000000       0x12 c:/mwstage/tools/ba-elf-ba2-r36379.w10/bin/../lib/gcc/ba-elf/4.7.4/mcpu_jn51xx_sizeopt\libgcc.a(floatsidf.o)
 .comment       0x0000000000000000       0x12 c:/mwstage/tools/ba-elf-ba2-r36379.w10/bin/../lib/gcc/ba-elf/4.7.4/mcpu_jn51xx_sizeopt\libgcc.a(floatunsidf.o)
 .comment       0x0000000000000000       0x11 C:/MWSTAGE/MWSDK/ChipLib/SW4063V1416/Components/Library\libMicroSpecific_JN516x.a(MicroSyscall_ba.o)
                                         0x12 (size before relaxing)
 .comment       0x0000000000000000       0x12 c:/mwstage/tools/ba-elf-ba2-r36379.w10/bin/../lib/gcc/ba-elf/4.7.4/../../../../ba-elf/lib/mcpu_jn51xx_sizeopt\libc.a(lib_a-memset.o)

.debug_info     0x0000000000000000     0x3453
 .debug_info    0x0000000000000000       0xf3 c:/mwstage/tools/ba-elf-ba2-r36379.w10/bin/../lib/gcc/ba-elf/4.7.4/../../../../ba-elf/lib/mcpu_jn51xx_sizeopt\libc.a(lib_a-memcmp.o)
 .debug_info    0x00000000000000f3      0x106 c:/mwstage/tools/ba-elf-ba2-r36379.w10/bin/../lib/gcc/ba-elf/4.7.4/../../../../ba-elf/lib/mcpu_jn51xx_sizeopt\libc.a(lib_a-memcpy.o)
 .debug_info    0x00000000000001f9       0xb7 c:/mwstage/tools/ba-elf-ba2-r36379.w10/bin/../lib/gcc/ba-elf/4.7.4/mcpu_jn51xx_sizeopt\libgcc.a(__udivsi3.o)
 .debug_info    0x00000000000002b0       0xb7 c:/mwstage/tools/ba-elf-ba2-r36379.w10/bin/../lib/gcc/ba-elf/4.7.4/mcpu_jn51xx_sizeopt\libgcc.a(__divsi3.o)
 .debug_info    0x0000000000000367       0xb7 c:/mwstage/tools/ba-elf-ba2-r36379.w10/bin/../lib/gcc/ba-elf/4.7.4/mcpu_jn51xx_sizeopt\libgcc.a(__umodsi3.o)
 .debug_info    0x000000000000041e       0xb7 c:/mwstage/tools/ba-elf-ba2-r36379.w10/bin/../lib/gcc/ba-elf/4.7.4/mcpu_jn51xx_sizeopt\libgcc.a(__modsi3.o)
 .debug_info    0x00000000000004d5       0xd3 c:/mwstage/tools/ba-elf-ba2-r36379.w10/bin/../lib/gcc/ba-elf/4.7.4/mcpu_jn51xx_sizeopt\libgcc.a(_fixunsdfsi.o)
 .debug_info    0x00000000000005a8      0x648 c:/mwstage/tools/ba-elf-ba2-r36379.w10/bin/../lib/gcc/ba-elf/4.7.4/mcpu_jn51xx_sizeopt\libgcc.a(_udivdi3.o)
 .debug_info    0x0000000000000bf0      0x69d c:/mwstage/tools/ba-elf-ba2-r36379.w10/bin/../lib/gcc/ba-elf/4.7.4/mcpu_jn51xx_sizeopt\libgcc.a(_umoddi3.o)
 .debug_info    0x000000000000128d      0x4b2 c:/mwstage/tools/ba-elf-ba2-r36379.w10/bin/../lib/gcc/ba-elf/4.7.4/mcpu_jn51xx_sizeopt\libgcc.a(adddf3.o)
 .debug_info    0x000000000000173f      0x5c5 c:/mwstage/tools/ba-elf-ba2-r36379.w10/bin/../lib/gcc/ba-elf/4.7.4/mcpu_jn51xx_sizeopt\libgcc.a(divdf3.o)
 .debug_info    0x0000000000001d04      0x1e7 c:/mwstage/tools/ba-elf-ba2-r36379.w10/bin/../lib/gcc/ba-elf/4.7.4/mcpu_jn51xx_sizeopt\libgcc.a(eqdf2.o)
 .debug_info    0x0000000000001eeb      0x20b c:/mwstage/tools/ba-elf-ba2-r36379.w10/bin/../lib/gcc/ba-elf/4.7.4/mcpu_jn51xx_sizeopt\libgcc.a(gedf2.o)
 .debug_info    0x00000000000020f6      0x20b c:/mwstage/tools/ba-elf-ba2-r36379.w10/bin/../lib/gcc/ba-elf/4.7.4/mcpu_jn51xx_sizeopt\libgcc.a(ledf2.o)
 .debug_info    0x0000000000002301      0x5c7 c:/mwstage/tools/ba-elf-ba2-r36379.w10/bin/../lib/gcc/ba-elf/4.7.4/mcpu_jn51xx_sizeopt\libgcc.a(muldf3.o)
 .debug_info    0x00000000000028c8      0x4b2 c:/mwstage/tools/ba-elf-ba2-r36379.w10/bin/../lib/gcc/ba-elf/4.7.4/mcpu_jn51xx_sizeopt\libgcc.a(subdf3.o)
 .debug_info    0x0000000000002d7a      0x1b7 c:/mwstage/tools/ba-elf-ba2-r36379.w10/bin/../lib/gcc/ba-elf/4.7.4/mcpu_jn51xx_sizeopt\libgcc.a(fixdfsi.o)
 .debug_info    0x0000000000002f31      0x1d6 c:/mwstage/tools/ba-elf-ba2-r36379.w10/bin/../lib/gcc/ba-elf/4.7.4/mcpu_jn51xx_sizeopt\libgcc.a(floatsidf.o)
 .debug_info    0x0000000000003107      0x1cb c:/mwstage/tools/ba-elf-ba2-r36379.w10/bin/../lib/gcc/ba-elf/4.7.4/mcpu_jn51xx_sizeopt\libgcc.a(floatunsidf.o)
 .debug_info    0x00000000000032d2       0xaa C:/MWSTAGE/MWSDK/ChipLib/SW4063V1416/Components/Library\libBoot_JN516x.a(ExceptionHandler.o)
 .debug_info    0x000000000000337c       0xd7 c:/mwstage/tools/ba-elf-ba2-r36379.w10/bin/../lib/gcc/ba-elf/4.7.4/../../../../ba-elf/lib/mcpu_jn51xx_sizeopt\libc.a(lib_a-memset.o)

.debug_abbrev   0x0000000000000000     0x113e
 .debug_abbrev  0x0000000000000000       0x8e c:/mwstage/tools/ba-elf-ba2-r36379.w10/bin/../lib/gcc/ba-elf/4.7.4/../../../../ba-elf/lib/mcpu_jn51xx_sizeopt\libc.a(lib_a-memcmp.o)
 .debug_abbrev  0x000000000000008e       0xa4 c:/mwstage/tools/ba-elf-ba2-r36379.w10/bin/../lib/gcc/ba-elf/4.7.4/../../../../ba-elf/lib/mcpu_jn51xx_sizeopt\libc.a(lib_a-memcpy.o)
 .debug_abbrev  0x0000000000000132       0x14 c:/mwstage/tools/ba-elf-ba2-r36379.w10/bin/../lib/gcc/ba-elf/4.7.4/mcpu_jn51xx_sizeopt\libgcc.a(__udivsi3.o)
 .debug_abbrev  0x0000000000000146       0x14 c:/mwstage/tools/ba-elf-ba2-r36379.w10/bin/../lib/gcc/ba-elf/4.7.4/mcpu_jn51xx_sizeopt\libgcc.a(__divsi3.o)
 .debug_abbrev  0x000000000000015a       0x14 c:/mwstage/tools/ba-elf-ba2-r36379.w10/bin/../lib/gcc/ba-elf/4.7.4/mcpu_jn51xx_sizeopt\libgcc.a(__umodsi3.o)
 .debug_abbrev  0x000000000000016e       0x14 c:/mwstage/tools/ba-elf-ba2-r36379.w10/bin/../lib/gcc/ba-elf/4.7.4/mcpu_jn51xx_sizeopt\libgcc.a(__modsi3.o)
 .debug_abbrev  0x0000000000000182       0x60 c:/mwstage/tools/ba-elf-ba2-r36379.w10/bin/../lib/gcc/ba-elf/4.7.4/mcpu_jn51xx_sizeopt\libgcc.a(_fixunsdfsi.o)
 .debug_abbrev  0x00000000000001e2      0x15d c:/mwstage/tools/ba-elf-ba2-r36379.w10/bin/../lib/gcc/ba-elf/4.7.4/mcpu_jn51xx_sizeopt\libgcc.a(_udivdi3.o)
 .debug_abbrev  0x000000000000033f      0x175 c:/mwstage/tools/ba-elf-ba2-r36379.w10/bin/../lib/gcc/ba-elf/4.7.4/mcpu_jn51xx_sizeopt\libgcc.a(_umoddi3.o)
 .debug_abbrev  0x00000000000004b4      0x133 c:/mwstage/tools/ba-elf-ba2-r36379.w10/bin/../lib/gcc/ba-elf/4.7.4/mcpu_jn51xx_sizeopt\libgcc.a(adddf3.o)
 .debug_abbrev  0x00000000000005e7      0x12f c:/mwstage/tools/ba-elf-ba2-r36379.w10/bin/../lib/gcc/ba-elf/4.7.4/mcpu_jn51xx_sizeopt\libgcc.a(divdf3.o)
 .debug_abbrev  0x0000000000000716      0x128 c:/mwstage/tools/ba-elf-ba2-r36379.w10/bin/../lib/gcc/ba-elf/4.7.4/mcpu_jn51xx_sizeopt\libgcc.a(eqdf2.o)
 .debug_abbrev  0x000000000000083e      0x137 c:/mwstage/tools/ba-elf-ba2-r36379.w10/bin/../lib/gcc/ba-elf/4.7.4/mcpu_jn51xx_sizeopt\libgcc.a(gedf2.o)
 .debug_abbrev  0x0000000000000975      0x139 c:/mwstage/tools/ba-elf-ba2-r36379.w10/bin/../lib/gcc/ba-elf/4.7.4/mcpu_jn51xx_sizeopt\libgcc.a(ledf2.o)
 .debug_abbrev  0x0000000000000aae      0x141 c:/mwstage/tools/ba-elf-ba2-r36379.w10/bin/../lib/gcc/ba-elf/4.7.4/mcpu_jn51xx_sizeopt\libgcc.a(muldf3.o)
 .debug_abbrev  0x0000000000000bef      0x133 c:/mwstage/tools/ba-elf-ba2-r36379.w10/bin/../lib/gcc/ba-elf/4.7.4/mcpu_jn51xx_sizeopt\libgcc.a(subdf3.o)
 .debug_abbrev  0x0000000000000d22      0x12a c:/mwstage/tools/ba-elf-ba2-r36379.w10/bin/../lib/gcc/ba-elf/4.7.4/mcpu_jn51xx_sizeopt\libgcc.a(fixdfsi.o)
 .debug_abbrev  0x0000000000000e4c      0x128 c:/mwstage/tools/ba-elf-ba2-r36379.w10/bin/../lib/gcc/ba-elf/4.7.4/mcpu_jn51xx_sizeopt\libgcc.a(floatsidf.o)
 .debug_abbrev  0x0000000000000f74      0x128 c:/mwstage/tools/ba-elf-ba2-r36379.w10/bin/../lib/gcc/ba-elf/4.7.4/mcpu_jn51xx_sizeopt\libgcc.a(floatunsidf.o)
 .debug_abbrev  0x000000000000109c       0x14 C:/MWSTAGE/MWSDK/ChipLib/SW4063V1416/Components/Library\libBoot_JN516x.a(ExceptionHandler.o)
 .debug_abbrev  0x00000000000010b0       0x8e c:/mwstage/tools/ba-elf-ba2-r36379.w10/bin/../lib/gcc/ba-elf/4.7.4/../../../../ba-elf/lib/mcpu_jn51xx_sizeopt\libc.a(lib_a-memset.o)

.debug_loc      0x0000000000000000     0x599c
 .debug_loc     0x0000000000000000       0x73 c:/mwstage/tools/ba-elf-ba2-r36379.w10/bin/../lib/gcc/ba-elf/4.7.4/../../../../ba-elf/lib/mcpu_jn51xx_sizeopt\libc.a(lib_a-memcmp.o)
 .debug_loc     0x0000000000000073       0x39 c:/mwstage/tools/ba-elf-ba2-r36379.w10/bin/../lib/gcc/ba-elf/4.7.4/../../../../ba-elf/lib/mcpu_jn51xx_sizeopt\libc.a(lib_a-memcpy.o)
 .debug_loc     0x00000000000000ac       0x48 c:/mwstage/tools/ba-elf-ba2-r36379.w10/bin/../lib/gcc/ba-elf/4.7.4/mcpu_jn51xx_sizeopt\libgcc.a(_fixunsdfsi.o)
 .debug_loc     0x00000000000000f4      0xa7b c:/mwstage/tools/ba-elf-ba2-r36379.w10/bin/../lib/gcc/ba-elf/4.7.4/mcpu_jn51xx_sizeopt\libgcc.a(_udivdi3.o)
 .debug_loc     0x0000000000000b6f      0x985 c:/mwstage/tools/ba-elf-ba2-r36379.w10/bin/../lib/gcc/ba-elf/4.7.4/mcpu_jn51xx_sizeopt\libgcc.a(_umoddi3.o)
 .debug_loc     0x00000000000014f4     0x10f3 c:/mwstage/tools/ba-elf-ba2-r36379.w10/bin/../lib/gcc/ba-elf/4.7.4/mcpu_jn51xx_sizeopt\libgcc.a(adddf3.o)
 .debug_loc     0x00000000000025e7     0x117e c:/mwstage/tools/ba-elf-ba2-r36379.w10/bin/../lib/gcc/ba-elf/4.7.4/mcpu_jn51xx_sizeopt\libgcc.a(divdf3.o)
 .debug_loc     0x0000000000003765       0x83 c:/mwstage/tools/ba-elf-ba2-r36379.w10/bin/../lib/gcc/ba-elf/4.7.4/mcpu_jn51xx_sizeopt\libgcc.a(eqdf2.o)
 .debug_loc     0x00000000000037e8      0x154 c:/mwstage/tools/ba-elf-ba2-r36379.w10/bin/../lib/gcc/ba-elf/4.7.4/mcpu_jn51xx_sizeopt\libgcc.a(gedf2.o)
 .debug_loc     0x000000000000393c       0xe6 c:/mwstage/tools/ba-elf-ba2-r36379.w10/bin/../lib/gcc/ba-elf/4.7.4/mcpu_jn51xx_sizeopt\libgcc.a(ledf2.o)
 .debug_loc     0x0000000000003a22      0xa0e c:/mwstage/tools/ba-elf-ba2-r36379.w10/bin/../lib/gcc/ba-elf/4.7.4/mcpu_jn51xx_sizeopt\libgcc.a(muldf3.o)
 .debug_loc     0x0000000000004430     0x114e c:/mwstage/tools/ba-elf-ba2-r36379.w10/bin/../lib/gcc/ba-elf/4.7.4/mcpu_jn51xx_sizeopt\libgcc.a(subdf3.o)
 .debug_loc     0x000000000000557e       0xa8 c:/mwstage/tools/ba-elf-ba2-r36379.w10/bin/../lib/gcc/ba-elf/4.7.4/mcpu_jn51xx_sizeopt\libgcc.a(fixdfsi.o)
 .debug_loc     0x0000000000005626      0x1be c:/mwstage/tools/ba-elf-ba2-r36379.w10/bin/../lib/gcc/ba-elf/4.7.4/mcpu_jn51xx_sizeopt\libgcc.a(floatsidf.o)
 .debug_loc     0x00000000000057e4      0x179 c:/mwstage/tools/ba-elf-ba2-r36379.w10/bin/../lib/gcc/ba-elf/4.7.4/mcpu_jn51xx_sizeopt\libgcc.a(floatunsidf.o)
 .debug_loc     0x000000000000595d       0x3f c:/mwstage/tools/ba-elf-ba2-r36379.w10/bin/../lib/gcc/ba-elf/4.7.4/../../../../ba-elf/lib/mcpu_jn51xx_sizeopt\libc.a(lib_a-memset.o)

.debug_aranges  0x0000000000000000      0x2a0
 .debug_aranges
                0x0000000000000000       0x20 c:/mwstage/tools/ba-elf-ba2-r36379.w10/bin/../lib/gcc/ba-elf/4.7.4/../../../../ba-elf/lib/mcpu_jn51xx_sizeopt\libc.a(lib_a-memcmp.o)
 .debug_aranges
                0x0000000000000020       0x20 c:/mwstage/tools/ba-elf-ba2-r36379.w10/bin/../lib/gcc/ba-elf/4.7.4/../../../../ba-elf/lib/mcpu_jn51xx_sizeopt\libc.a(lib_a-memcpy.o)
 .debug_aranges
                0x0000000000000040       0x20 c:/mwstage/tools/ba-elf-ba2-r36379.w10/bin/../lib/gcc/ba-elf/4.7.4/mcpu_jn51xx_sizeopt\libgcc.a(__udivsi3.o)
 .debug_aranges
                0x0000000000000060       0x20 c:/mwstage/tools/ba-elf-ba2-r36379.w10/bin/../lib/gcc/ba-elf/4.7.4/mcpu_jn51xx_sizeopt\libgcc.a(__divsi3.o)
 .debug_aranges
                0x0000000000000080       0x20 c:/mwstage/tools/ba-elf-ba2-r36379.w10/bin/../lib/gcc/ba-elf/4.7.4/mcpu_jn51xx_sizeopt\libgcc.a(__umodsi3.o)
 .debug_aranges
                0x00000000000000a0       0x20 c:/mwstage/tools/ba-elf-ba2-r36379.w10/bin/../lib/gcc/ba-elf/4.7.4/mcpu_jn51xx_sizeopt\libgcc.a(__modsi3.o)
 .debug_aranges
                0x00000000000000c0       0x20 c:/mwstage/tools/ba-elf-ba2-r36379.w10/bin/../lib/gcc/ba-elf/4.7.4/mcpu_jn51xx_sizeopt\libgcc.a(_fixunsdfsi.o)
 .debug_aranges
                0x00000000000000e0       0x20 c:/mwstage/tools/ba-elf-ba2-r36379.w10/bin/../lib/gcc/ba-elf/4.7.4/mcpu_jn51xx_sizeopt\libgcc.a(_udivdi3.o)
 .debug_aranges
                0x0000000000000100       0x20 c:/mwstage/tools/ba-elf-ba2-r36379.w10/bin/../lib/gcc/ba-elf/4.7.4/mcpu_jn51xx_sizeopt\libgcc.a(_umoddi3.o)
 .debug_aranges
                0x0000000000000120       0x20 c:/mwstage/tools/ba-elf-ba2-r36379.w10/bin/../lib/gcc/ba-elf/4.7.4/mcpu_jn51xx_sizeopt\libgcc.a(adddf3.o)
 .debug_aranges
                0x0000000000000140       0x20 c:/mwstage/tools/ba-elf-ba2-r36379.w10/bin/../lib/gcc/ba-elf/4.7.4/mcpu_jn51xx_sizeopt\libgcc.a(divdf3.o)
 .debug_aranges
                0x0000000000000160       0x20 c:/mwstage/tools/ba-elf-ba2-r36379.w10/bin/../lib/gcc/ba-elf/4.7.4/mcpu_jn51xx_sizeopt\libgcc.a(eqdf2.o)
 .debug_aranges
                0x0000000000000180       0x20 c:/mwstage/tools/ba-elf-ba2-r36379.w10/bin/../lib/gcc/ba-elf/4.7.4/mcpu_jn51xx_sizeopt\libgcc.a(gedf2.o)
 .debug_aranges
                0x00000000000001a0       0x20 c:/mwstage/tools/ba-elf-ba2-r36379.w10/bin/../lib/gcc/ba-elf/4.7.4/mcpu_jn51xx_sizeopt\libgcc.a(ledf2.o)
 .debug_aranges
                0x00000000000001c0       0x20 c:/mwstage/tools/ba-elf-ba2-r36379.w10/bin/../lib/gcc/ba-elf/4.7.4/mcpu_jn51xx_sizeopt\libgcc.a(muldf3.o)
 .debug_aranges
                0x00000000000001e0       0x20 c:/mwstage/tools/ba-elf-ba2-r36379.w10/bin/../lib/gcc/ba-elf/4.7.4/mcpu_jn51xx_sizeopt\libgcc.a(subdf3.o)
 .debug_aranges
                0x0000000000000200       0x20 c:/mwstage/tools/ba-elf-ba2-r36379.w10/bin/../lib/gcc/ba-elf/4.7.4/mcpu_jn51xx_sizeopt\libgcc.a(fixdfsi.o)
 .debug_aranges
                0x0000000000000220       0x20 c:/mwstage/tools/ba-elf-ba2-r36379.w10/bin/../lib/gcc/ba-elf/4.7.4/mcpu_jn51xx_sizeopt\libgcc.a(floatsidf.o)
 .debug_aranges
                0x0000000000000240       0x20 c:/mwstage/tools/ba-elf-ba2-r36379.w10/bin/../lib/gcc/ba-elf/4.7.4/mcpu_jn51xx_sizeopt\libgcc.a(floatunsidf.o)
 .debug_aranges
                0x0000000000000260       0x20 C:/MWSTAGE/MWSDK/ChipLib/SW4063V1416/Components/Library\libBoot_JN516x.a(ExceptionHandler.o)
 .debug_aranges
                0x0000000000000280       0x20 c:/mwstage/tools/ba-elf-ba2-r36379.w10/bin/../lib/gcc/ba-elf/4.7.4/../../../../ba-elf/lib/mcpu_jn51xx_sizeopt\libc.a(lib_a-memset.o)

.debug_line     0x0000000000000000     0x2bd2
 .debug_line    0x0000000000000000      0x15a c:/mwstage/tools/ba-elf-ba2-r36379.w10/bin/../lib/gcc/ba-elf/4.7.4/../../../../ba-elf/lib/mcpu_jn51xx_sizeopt\libc.a(lib_a-memcmp.o)
 .debug_line    0x000000000000015a      0x14e c:/mwstage/tools/ba-elf-ba2-r36379.w10/bin/../lib/gcc/ba-elf/4.7.4/../../../../ba-elf/lib/mcpu_jn51xx_sizeopt\libc.a(lib_a-memcpy.o)
 .debug_line    0x00000000000002a8      0x47b c:/mwstage/tools/ba-elf-ba2-r36379.w10/bin/../lib/gcc/ba-elf/4.7.4/mcpu_jn51xx_sizeopt\libgcc.a(__udivsi3.o)
 .debug_line    0x0000000000000723       0xbb c:/mwstage/tools/ba-elf-ba2-r36379.w10/bin/../lib/gcc/ba-elf/4.7.4/mcpu_jn51xx_sizeopt\libgcc.a(__divsi3.o)
 .debug_line    0x00000000000007de      0x3c7 c:/mwstage/tools/ba-elf-ba2-r36379.w10/bin/../lib/gcc/ba-elf/4.7.4/mcpu_jn51xx_sizeopt\libgcc.a(__umodsi3.o)
 .debug_line    0x0000000000000ba5       0xa3 c:/mwstage/tools/ba-elf-ba2-r36379.w10/bin/../lib/gcc/ba-elf/4.7.4/mcpu_jn51xx_sizeopt\libgcc.a(__modsi3.o)
 .debug_line    0x0000000000000c48       0x9f c:/mwstage/tools/ba-elf-ba2-r36379.w10/bin/../lib/gcc/ba-elf/4.7.4/mcpu_jn51xx_sizeopt\libgcc.a(_fixunsdfsi.o)
 .debug_line    0x0000000000000ce7      0x1b7 c:/mwstage/tools/ba-elf-ba2-r36379.w10/bin/../lib/gcc/ba-elf/4.7.4/mcpu_jn51xx_sizeopt\libgcc.a(_udivdi3.o)
 .debug_line    0x0000000000000e9e      0x1b7 c:/mwstage/tools/ba-elf-ba2-r36379.w10/bin/../lib/gcc/ba-elf/4.7.4/mcpu_jn51xx_sizeopt\libgcc.a(_umoddi3.o)
 .debug_line    0x0000000000001055      0x63d c:/mwstage/tools/ba-elf-ba2-r36379.w10/bin/../lib/gcc/ba-elf/4.7.4/mcpu_jn51xx_sizeopt\libgcc.a(adddf3.o)
 .debug_line    0x0000000000001692      0x3b5 c:/mwstage/tools/ba-elf-ba2-r36379.w10/bin/../lib/gcc/ba-elf/4.7.4/mcpu_jn51xx_sizeopt\libgcc.a(divdf3.o)
 .debug_line    0x0000000000001a47       0xf1 c:/mwstage/tools/ba-elf-ba2-r36379.w10/bin/../lib/gcc/ba-elf/4.7.4/mcpu_jn51xx_sizeopt\libgcc.a(eqdf2.o)
 .debug_line    0x0000000000001b38      0x15f c:/mwstage/tools/ba-elf-ba2-r36379.w10/bin/../lib/gcc/ba-elf/4.7.4/mcpu_jn51xx_sizeopt\libgcc.a(gedf2.o)
 .debug_line    0x0000000000001c97      0x15f c:/mwstage/tools/ba-elf-ba2-r36379.w10/bin/../lib/gcc/ba-elf/4.7.4/mcpu_jn51xx_sizeopt\libgcc.a(ledf2.o)
 .debug_line    0x0000000000001df6      0x269 c:/mwstage/tools/ba-elf-ba2-r36379.w10/bin/../lib/gcc/ba-elf/4.7.4/mcpu_jn51xx_sizeopt\libgcc.a(muldf3.o)
 .debug_line    0x000000000000205f      0x656 c:/mwstage/tools/ba-elf-ba2-r36379.w10/bin/../lib/gcc/ba-elf/4.7.4/mcpu_jn51xx_sizeopt\libgcc.a(subdf3.o)
 .debug_line    0x00000000000026b5       0xc8 c:/mwstage/tools/ba-elf-ba2-r36379.w10/bin/../lib/gcc/ba-elf/4.7.4/mcpu_jn51xx_sizeopt\libgcc.a(fixdfsi.o)
 .debug_line    0x000000000000277d       0xbc c:/mwstage/tools/ba-elf-ba2-r36379.w10/bin/../lib/gcc/ba-elf/4.7.4/mcpu_jn51xx_sizeopt\libgcc.a(floatsidf.o)
 .debug_line    0x0000000000002839       0xbe c:/mwstage/tools/ba-elf-ba2-r36379.w10/bin/../lib/gcc/ba-elf/4.7.4/mcpu_jn51xx_sizeopt\libgcc.a(floatunsidf.o)
 .debug_line    0x00000000000028f7      0x197 C:/MWSTAGE/MWSDK/ChipLib/SW4063V1416/Components/Library\libBoot_JN516x.a(ExceptionHandler.o)
 .debug_line    0x0000000000002a8e      0x144 c:/mwstage/tools/ba-elf-ba2-r36379.w10/bin/../lib/gcc/ba-elf/4.7.4/../../../../ba-elf/lib/mcpu_jn51xx_sizeopt\libc.a(lib_a-memset.o)

.debug_str      0x0000000000000000      0x6be
 .debug_str     0x0000000000000000       0x49 c:/mwstage/tools/ba-elf-ba2-r36379.w10/bin/../lib/gcc/ba-elf/4.7.4/../../../../ba-elf/lib/mcpu_jn51xx_sizeopt\libc.a(lib_a-memcmp.o)
                                        0x155 (size before relaxing)
 .debug_str     0x0000000000000049       0x5d c:/mwstage/tools/ba-elf-ba2-r36379.w10/bin/../lib/gcc/ba-elf/4.7.4/../../../../ba-elf/lib/mcpu_jn51xx_sizeopt\libc.a(lib_a-memcpy.o)
                                        0x169 (size before relaxing)
 .debug_str     0x00000000000000a6       0xc5 c:/mwstage/tools/ba-elf-ba2-r36379.w10/bin/../lib/gcc/ba-elf/4.7.4/mcpu_jn51xx_sizeopt\libgcc.a(_fixunsdfsi.o)
                                        0x169 (size before relaxing)
 .debug_str     0x000000000000016b       0x7b c:/mwstage/tools/ba-elf-ba2-r36379.w10/bin/../lib/gcc/ba-elf/4.7.4/mcpu_jn51xx_sizeopt\libgcc.a(_udivdi3.o)
                                        0x1d7 (size before relaxing)
 .debug_str     0x00000000000001e6        0xa c:/mwstage/tools/ba-elf-ba2-r36379.w10/bin/../lib/gcc/ba-elf/4.7.4/mcpu_jn51xx_sizeopt\libgcc.a(_umoddi3.o)
                                        0x1d7 (size before relaxing)
 .debug_str     0x00000000000001f0       0xc6 c:/mwstage/tools/ba-elf-ba2-r36379.w10/bin/../lib/gcc/ba-elf/4.7.4/mcpu_jn51xx_sizeopt\libgcc.a(adddf3.o)
                                        0x1ba (size before relaxing)
 .debug_str     0x00000000000002b6       0x7a c:/mwstage/tools/ba-elf-ba2-r36379.w10/bin/../lib/gcc/ba-elf/4.7.4/mcpu_jn51xx_sizeopt\libgcc.a(divdf3.o)
                                        0x1f9 (size before relaxing)
 .debug_str     0x0000000000000330       0x3f c:/mwstage/tools/ba-elf-ba2-r36379.w10/bin/../lib/gcc/ba-elf/4.7.4/mcpu_jn51xx_sizeopt\libgcc.a(eqdf2.o)
                                        0x16e (size before relaxing)
 .debug_str     0x000000000000036f       0x57 c:/mwstage/tools/ba-elf-ba2-r36379.w10/bin/../lib/gcc/ba-elf/4.7.4/mcpu_jn51xx_sizeopt\libgcc.a(gedf2.o)
                                        0x186 (size before relaxing)
 .debug_str     0x00000000000003c6       0x3f c:/mwstage/tools/ba-elf-ba2-r36379.w10/bin/../lib/gcc/ba-elf/4.7.4/mcpu_jn51xx_sizeopt\libgcc.a(ledf2.o)
                                        0x186 (size before relaxing)
 .debug_str     0x0000000000000405       0x72 c:/mwstage/tools/ba-elf-ba2-r36379.w10/bin/../lib/gcc/ba-elf/4.7.4/mcpu_jn51xx_sizeopt\libgcc.a(muldf3.o)
                                        0x1eb (size before relaxing)
 .debug_str     0x0000000000000477       0x41 c:/mwstage/tools/ba-elf-ba2-r36379.w10/bin/../lib/gcc/ba-elf/4.7.4/mcpu_jn51xx_sizeopt\libgcc.a(subdf3.o)
                                        0x1ba (size before relaxing)
 .debug_str     0x00000000000004b8       0x4b c:/mwstage/tools/ba-elf-ba2-r36379.w10/bin/../lib/gcc/ba-elf/4.7.4/mcpu_jn51xx_sizeopt\libgcc.a(fixdfsi.o)
                                        0x17f (size before relaxing)
 .debug_str     0x0000000000000503       0x54 c:/mwstage/tools/ba-elf-ba2-r36379.w10/bin/../lib/gcc/ba-elf/4.7.4/mcpu_jn51xx_sizeopt\libgcc.a(floatsidf.o)
                                        0x188 (size before relaxing)
 .debug_str     0x0000000000000557       0x4b c:/mwstage/tools/ba-elf-ba2-r36379.w10/bin/../lib/gcc/ba-elf/4.7.4/mcpu_jn51xx_sizeopt\libgcc.a(floatunsidf.o)
                                        0x185 (size before relaxing)
 .debug_str     0x00000000000005a2      0x11c c:/mwstage/tools/ba-elf-ba2-r36379.w10/bin/../lib/gcc/ba-elf/4.7.4/../../../../ba-elf/lib/mcpu_jn51xx_sizeopt\libc.a(lib_a-memset.o)
                                        0x155 (size before relaxing)

.debug_frame    0x0000000000000000      0x24c
 .debug_frame   0x0000000000000000       0x20 c:/mwstage/tools/ba-elf-ba2-r36379.w10/bin/../lib/gcc/ba-elf/4.7.4/../../../../ba-elf/lib/mcpu_jn51xx_sizeopt\libc.a(lib_a-memcmp.o)
 .debug_frame   0x0000000000000020       0x20 c:/mwstage/tools/ba-elf-ba2-r36379.w10/bin/../lib/gcc/ba-elf/4.7.4/../../../../ba-elf/lib/mcpu_jn51xx_sizeopt\libc.a(lib_a-memcpy.o)
 .debug_frame   0x0000000000000040       0x2c c:/mwstage/tools/ba-elf-ba2-r36379.w10/bin/../lib/gcc/ba-elf/4.7.4/mcpu_jn51xx_sizeopt\libgcc.a(_fixunsdfsi.o)
 .debug_frame   0x000000000000006c       0x30 c:/mwstage/tools/ba-elf-ba2-r36379.w10/bin/../lib/gcc/ba-elf/4.7.4/mcpu_jn51xx_sizeopt\libgcc.a(adddf3.o)
 .debug_frame   0x000000000000009c       0x34 c:/mwstage/tools/ba-elf-ba2-r36379.w10/bin/../lib/gcc/ba-elf/4.7.4/mcpu_jn51xx_sizeopt\libgcc.a(divdf3.o)
 .debug_frame   0x00000000000000d0       0x30 c:/mwstage/tools/ba-elf-ba2-r36379.w10/bin/../lib/gcc/ba-elf/4.7.4/mcpu_jn51xx_sizeopt\libgcc.a(eqdf2.o)
 .debug_frame   0x0000000000000100       0x34 c:/mwstage/tools/ba-elf-ba2-r36379.w10/bin/../lib/gcc/ba-elf/4.7.4/mcpu_jn51xx_sizeopt\libgcc.a(gedf2.o)
 .debug_frame   0x0000000000000134       0x34 c:/mwstage/tools/ba-elf-ba2-r36379.w10/bin/../lib/gcc/ba-elf/4.7.4/mcpu_jn51xx_sizeopt\libgcc.a(ledf2.o)
 .debug_frame   0x0000000000000168       0x34 c:/mwstage/tools/ba-elf-ba2-r36379.w10/bin/../lib/gcc/ba-elf/4.7.4/mcpu_jn51xx_sizeopt\libgcc.a(muldf3.o)
 .debug_frame   0x000000000000019c       0x30 c:/mwstage/tools/ba-elf-ba2-r36379.w10/bin/../lib/gcc/ba-elf/4.7.4/mcpu_jn51xx_sizeopt\libgcc.a(subdf3.o)
 .debug_frame   0x00000000000001cc       0x20 c:/mwstage/tools/ba-elf-ba2-r36379.w10/bin/../lib/gcc/ba-elf/4.7.4/mcpu_jn51xx_sizeopt\libgcc.a(fixdfsi.o)
 .debug_frame   0x00000000000001ec       0x20 c:/mwstage/tools/ba-elf-ba2-r36379.w10/bin/../lib/gcc/ba-elf/4.7.4/mcpu_jn51xx_sizeopt\libgcc.a(floatsidf.o)
 .debug_frame   0x000000000000020c       0x20 c:/mwstage/tools/ba-elf-ba2-r36379.w10/bin/../lib/gcc/ba-elf/4.7.4/mcpu_jn51xx_sizeopt\libgcc.a(floatunsidf.o)
 .debug_frame   0x000000000000022c       0x20 c:/mwstage/tools/ba-elf-ba2-r36379.w10/bin/../lib/gcc/ba-elf/4.7.4/../../../../ba-elf/lib/mcpu_jn51xx_sizeopt\libc.a(lib_a-memset.o)

.debug_ranges   0x0000000000000000      0x558
 .debug_ranges  0x0000000000000000       0xa0 c:/mwstage/tools/ba-elf-ba2-r36379.w10/bin/../lib/gcc/ba-elf/4.7.4/mcpu_jn51xx_sizeopt\libgcc.a(_udivdi3.o)
 .debug_ranges  0x00000000000000a0       0x80 c:/mwstage/tools/ba-elf-ba2-r36379.w10/bin/../lib/gcc/ba-elf/4.7.4/mcpu_jn51xx_sizeopt\libgcc.a(_umoddi3.o)
 .debug_ranges  0x0000000000000120       0x80 c:/mwstage/tools/ba-elf-ba2-r36379.w10/bin/../lib/gcc/ba-elf/4.7.4/mcpu_jn51xx_sizeopt\libgcc.a(adddf3.o)
 .debug_ranges  0x00000000000001a0       0xb0 c:/mwstage/tools/ba-elf-ba2-r36379.w10/bin/../lib/gcc/ba-elf/4.7.4/mcpu_jn51xx_sizeopt\libgcc.a(divdf3.o)
 .debug_ranges  0x0000000000000250       0x38 c:/mwstage/tools/ba-elf-ba2-r36379.w10/bin/../lib/gcc/ba-elf/4.7.4/mcpu_jn51xx_sizeopt\libgcc.a(eqdf2.o)
 .debug_ranges  0x0000000000000288       0x58 c:/mwstage/tools/ba-elf-ba2-r36379.w10/bin/../lib/gcc/ba-elf/4.7.4/mcpu_jn51xx_sizeopt\libgcc.a(gedf2.o)
 .debug_ranges  0x00000000000002e0       0x40 c:/mwstage/tools/ba-elf-ba2-r36379.w10/bin/../lib/gcc/ba-elf/4.7.4/mcpu_jn51xx_sizeopt\libgcc.a(ledf2.o)
 .debug_ranges  0x0000000000000320      0x1a8 c:/mwstage/tools/ba-elf-ba2-r36379.w10/bin/../lib/gcc/ba-elf/4.7.4/mcpu_jn51xx_sizeopt\libgcc.a(muldf3.o)
 .debug_ranges  0x00000000000004c8       0x78 c:/mwstage/tools/ba-elf-ba2-r36379.w10/bin/../lib/gcc/ba-elf/4.7.4/mcpu_jn51xx_sizeopt\libgcc.a(subdf3.o)
 .debug_ranges  0x0000000000000540       0x18 c:/mwstage/tools/ba-elf-ba2-r36379.w10/bin/../lib/gcc/ba-elf/4.7.4/mcpu_jn51xx_sizeopt\libgcc.a(fixdfsi.o)
