Archive member included because of file (symbol)

C:/MWSTAGE/MWSDK/TWENET/current/lib/libTWENET_BLUE.a(ToCoNet_event.o)
                              objs_BLUE/zig_receive.o (symbol from plugin) (PRSEV_u8RegisterEx)
C:/MWSTAGE/MWSDK/TWENET/current/lib/libTWENET_BLUE.a(ToCoNet_main.o)
                              objs_BLUE/zig_receive.o (symbol from plugin) (sToCoNet_Context)
C:/MWSTAGE/MWSDK/TWENET/current/lib/libTWENET_BLUE.a(ToCoNet_utils.o)
                              ToCoNet_main.o (symbol from plugin) (ToCoNet_u32GetVersion)
C:/MWSTAGE/MWSDK/TWENET/current/lib/libTWENET_BLUE.a(ToCoNet_mod_Nwk_Common.o)
                              ToCoNet_main.o (symbol from plugin) (ToCoNet_vRxProc_Mod)
C:/MWSTAGE/MWSDK/TWENET/current/lib/libTWENET_BLUE.a(ToCoNet_mod_Channel_Mgr.o)
                              ToCoNet_main.o (symbol from plugin) (ToCoNet_ChMgr_bCh_Reconfig)
C:/MWSTAGE/MWSDK/TWENET/current/lib/libTWENET_BLUE.a(Version.o)
                              ToCoNet_utils.o (symbol from plugin) (au8ToCoNetVersionInfo)
C:/MWSTAGE/MWSDK/TWENET/current/lib/libTWENET_BLUE.a(AppQueueApi_ToCoNet.o)
                              ToCoNet_main.o (symbol from plugin) (_u32_INT_ticktimer)
C:/MWSTAGE/MWSDK/TWENET/current/lib/libTWENEText_BLUE.a(AppStart.o)
                              (AppColdStart)
C:/MWSTAGE/MWSDK/TWENET/current/lib/libTWENEText_BLUE.a(getMacAddr.o)
                              ToCoNet_main.o (symbol from plugin) (ToCoNet_u32GetSerialOnBoot)
C:/MWSTAGE/MWSDK/TWENET/current/lib/libTWENEText_BLUE.a(mac.o)
                              ToCoNet_main.o (symbol from plugin) (Mac_vInit)
C:/MWSTAGE/MWSDK/TWENET/current/lib/libTWENEText_BLUE.a(AES_CCM.o)
                              AppStart.o (symbol from plugin) (bAES_CCM_KeyReg)
C:/MWSTAGE/MWSDK/TWENET/current/lib/libTWENEText_BLUE.a(no_ack_handler.o)
                              AppStart.o (symbol from plugin) (vInstallNoAckHandler)
C:/MWSTAGE/MWSDK/TWENET/current/lib/libTWENEText_BLUE.a(Version.o)
                              ToCoNet_utils.o (symbol from plugin) (au8ToCoNetExtVersionInfo)
C:/MWSTAGE/MWSDK/TWENET/current/lib/libTWENETutils_BLUE.a(serial.o)
                              objs_BLUE/zig_receive.o (symbol from plugin) (SERIAL_bTxChar)
C:/MWSTAGE/MWSDK/TWENET/current/lib/libTWENETutils_BLUE.a(uart.o)
                              serial.o (symbol from plugin) (UART_vInit)
C:/MWSTAGE/MWSDK/TWENET/current/lib/libTWENETutils_BLUE.a(ByteQueue.o)
                              ToCoNet_main.o (symbol from plugin) (QUEUE__vInit)
C:/MWSTAGE/MWSDK/TWENET/current/lib/libTWENETutils_BLUE.a(ccitt8.o)
                              AppStart.o (symbol from plugin) (u8CCITT8)
C:/MWSTAGE/MWSDK/TWENET/current/lib/libTWENETutils_BLUE.a(utils.o)
                              ToCoNet_main.o (symbol from plugin) (vTimerConfig)
C:/MWSTAGE/MWSDK/TWENET/current/lib/libTWENETutils_BLUE.a(ccm.o)
                              AES_CCM.o (symbol from plugin) (ccm_init_and_key)
C:/MWSTAGE/MWSDK/TWENET/current/lib/libTWENETutils_BLUE.a(Version.o)
                              ToCoNet_utils.o (symbol from plugin) (au8ToCoNetUtilsVersionInfo)
C:/MWSTAGE/MWSDK/TWENET/current/lib/libTWENETutils_BLUE.a(aescrypt.o)
                              ccm.o (symbol from plugin) (aes_encrypt)
C:/MWSTAGE/MWSDK/TWENET/current/lib/libTWENETutils_BLUE.a(aeskey.o)
                              ccm.o (symbol from plugin) (aes_encrypt_key)
C:/MWSTAGE/MWSDK/TWENET/current/lib/libTWENETutils_BLUE.a(aestab.o)
                              aeskey.o (symbol from plugin) (t_im)
C:/MWSTAGE/MWSDK/TWENET/current/lib/libTWENETstgs_BLUE.a(tweinteractive.o)
                              objs_BLUE/zig_receive.o (symbol from plugin) (TWEINTRCT_bIsVerbose)
C:/MWSTAGE/MWSDK/TWENET/current/lib/libTWENETstgs_BLUE.a(tweprintf.o)
                              tweinteractive.o (symbol from plugin) (TWE_fprintf)
C:/MWSTAGE/MWSDK/TWENET/current/lib/libTWENETstgs_BLUE.a(twesercmd_plus3.o)
                              tweinteractive.o (symbol from plugin) (TWESERCMD_Plus3_u8Parse)
C:/MWSTAGE/MWSDK/TWENET/current/lib/libTWENETstgs_BLUE.a(tweserial.o)
                              tweinteractive.o (symbol from plugin) (_TWE_fputs)
C:/MWSTAGE/MWSDK/TWENET/current/lib/libTWENETstgs_BLUE.a(twesysutils.o)
                              objs_BLUE/zig_receive.o (symbol from plugin) (TWESYSUTL_vWaitPoll)
C:/MWSTAGE/MWSDK/TWENET/current/lib/libTWENETstgs_BLUE.a(printf.o)
                              objs_BLUE/zig_receive.o (symbol from plugin) (fctprintf)
C:/MWSTAGE/MWSDK/TWENET/current/lib/libTWENETstgs_BLUE.a(tweinputstring.o)
                              tweinteractive.o (symbol from plugin) (TWEINPSTR_vInit)
C:/MWSTAGE/MWSDK/TWENET/current/lib/libmwx_BLUE.a(mwx_debug.o)
                              objs_BLUE/zig_receive.o (symbol from plugin) (MWX_Panic)
C:/MWSTAGE/MWSDK/TWENET/current/lib/libmwx_BLUE.a(mwx_appcore.o)
                              ToCoNet_main.o (symbol from plugin) (cbToCoNet_vMain)
[...]
Memory Configuration

Name             Origin             Length             Attributes
flash            0x0000000000080000 0x0000000000028000
ram              0x000000000400004c 0x0000000000007fb4
*default*        0x0000000000000000 0xffffffffffffffff

Linker script and memory map

LOAD objs_BLUE/_mwx_version.o
LOAD C:\Users\saiju\AppData\Local\Temp\cc2ImLcP.ltrans0.ltrans.o
LOAD C:\Users\saiju\AppData\Local\Temp\cc2ImLcP.ltrans1.ltrans.o
LOAD C:\Users\saiju\AppData\Local\Temp\cc2ImLcP.ltrans2.ltrans.o
LOAD C:\Users\saiju\AppData\Local\Temp\cc2ImLcP.ltrans3.ltrans.o
LOAD C:\Users\saiju\AppData\Local\Temp\cc2ImLcP.ltrans4.ltrans.o
LOAD C:\Users\saiju\AppData\Local\Temp\cc2ImLcP.ltrans5.ltrans.o
LOAD C:\Users\saiju\AppData\Local\Temp\cc2ImLcP.ltrans6.ltrans.o
LOAD C:\Users\saiju\AppData\Local\Temp\cc2ImLcP.ltrans7.ltrans.o
LOAD C:\Users\saiju\AppData\Local\Temp\cc2ImLcP.ltrans8.ltrans.o
LOAD C:\Users\saiju\AppData\Local\Temp\cc2ImLcP.ltrans9.ltrans.o
LOAD C:\Users\saiju\AppData\Local\Temp\cc2ImLcP.ltrans10.ltrans.o
LOAD C:\Users\saiju\AppData\Local\Temp\cc2ImLcP.ltrans11.ltrans.o
LOAD C:\Users\saiju\AppData\Local\Temp\cc2ImLcP.ltrans12.ltrans.o
LOAD C:\Users\saiju\AppData\Local\Temp\cc2ImLcP.ltrans13.ltrans.o
LOAD C:\Users\saiju\AppData\Local\Temp\cc2ImLcP.ltrans14.ltrans.o
LOAD C:\Users\saiju\AppData\Local\Temp\cc2ImLcP.ltrans15.ltrans.o
LOAD C:\Users\saiju\AppData\Local\Temp\cc2ImLcP.ltrans16.ltrans.o
LOAD C:\Users\saiju\AppData\Local\Temp\cc2ImLcP.ltrans17.ltrans.o
LOAD C:\Users\saiju\AppData\Local\Temp\cc2ImLcP.ltrans18.ltrans.o
LOAD C:\Users\saiju\AppData\Local\Temp\cc2ImLcP.ltrans19.ltrans.o
LOAD c:/mwstage/tools/ba-elf-ba2-r36379.w10/bin/../lib/gcc/ba-elf/4.7.4/../../../../ba-elf/lib/mcpu_jn51xx_sizeopt\libc.a
LOAD c:/mwstage/tools/ba-elf-ba2-r36379.w10/bin/../lib/gcc/ba-elf/4.7.4/mcpu_jn51xx_sizeopt\libgcc.a
LOAD c:/mwstage/tools/ba-elf-ba2-r36379.w10/bin/../lib/gcc/ba-elf/4.7.4/../../../../ba-elf/lib/mcpu_jn51xx_sizeopt\libc.a
LOAD objs_BLUE/zig_receive.o
LOAD C:/MWSTAGE/MWSDK/TWENET/current/lib/libTWENET_BLUE.a
LOAD C:/MWSTAGE/MWSDK/TWENET/current/lib/libTWENEText_BLUE.a
LOAD C:/MWSTAGE/MWSDK/TWENET/current/lib/libTWENETutils_BLUE.a
LOAD C:/MWSTAGE/MWSDK/TWENET/current/lib/libTWENETstgs_BLUE.a
LOAD C:/MWSTAGE/MWSDK/TWENET/current/lib/libmwx_BLUE.a
LOAD C:/MWSTAGE/MWSDK/TWENET/current/lib/libEASTL_BLUE.a
START GROUP
LOAD C:/MWSTAGE/MWSDK/ChipLib/SW4063V1416/Components/Library\libAppApi_JN516x.a
LOAD C:/MWSTAGE/MWSDK/ChipLib/SW4063V1416/Components/Library\libMAC_JN516x.a
LOAD C:/MWSTAGE/MWSDK/ChipLib/SW4063V1416/Components/Library\libTimerServer_JN516x.a
LOAD C:/MWSTAGE/MWSDK/ChipLib/SW4063V1416/Components/Library\libTOF_JN516x.a
LOAD C:/MWSTAGE/MWSDK/ChipLib/SW4063V1416/Components/Library\libXcv_JN516x.a
LOAD C:/MWSTAGE/MWSDK/ChipLib/SW4063V1416/Components/Library\libAes_JN516x.a
LOAD C:/MWSTAGE/MWSDK/ChipLib/SW4063V1416/Components/Library\libHardwareApi_JN516x.a
LOAD C:/MWSTAGE/MWSDK/ChipLib/SW4063V1416/Components/Library\libMicroSpecific_JN516x.a
LOAD C:/MWSTAGE/MWSDK/ChipLib/SW4063V1416/Components/Library\libBoot_JN516x.a
LOAD C:/MWSTAGE/MWSDK/ChipLib/SW4063V1416/Components/Library\libPDM_EEPROM_JN516x_NO_RTOS.a
LOAD C:/MWSTAGE/MWSDK/TWENET/current/lib/libTWENET_BLUE.a
LOAD C:/MWSTAGE/MWSDK/TWENET/current/lib/libTWENEText_BLUE.a
LOAD C:/MWSTAGE/MWSDK/TWENET/current/lib/libTWENETutils_BLUE.a
LOAD C:/MWSTAGE/MWSDK/TWENET/current/lib/libTWENETstgs_BLUE.a
LOAD C:/MWSTAGE/MWSDK/TWENET/current/lib/libmwx_BLUE.a
LOAD C:/MWSTAGE/MWSDK/TWENET/current/lib/libEASTL_BLUE.a
END GROUP
LOAD c:/mwstage/tools/ba-elf-ba2-r36379.w10/bin/../lib/gcc/ba-elf/4.7.4/../../../../ba-elf/lib/mcpu_jn51xx_sizeopt\libstdc++.a
LOAD c:/mwstage/tools/ba-elf-ba2-r36379.w10/bin/../lib/gcc/ba-elf/4.7.4/../../../../ba-elf/lib/mcpu_jn51xx_sizeopt\libm.a
LOAD c:/mwstage/tools/ba-elf-ba2-r36379.w10/bin/../lib/gcc/ba-elf/4.7.4/../../../../ba-elf/lib/mcpu_jn51xx_sizeopt\libc.a
LOAD c:/mwstage/tools/ba-elf-ba2-r36379.w10/bin/../lib/gcc/ba-elf/4.7.4/mcpu_jn51xx_sizeopt\libgcc.a
LOAD c:/mwstage/tools/ba-elf-ba2-r36379.w10/bin/../lib/gcc/ba-elf/4.7.4/../../../../ba-elf/lib/mcpu_jn51xx_sizeopt\libc.a
                0x0000000000000800                _stack_size = 0x800
                0x0000000000080038                _exception_vsr_table = 0x80038
                0x0000000004000000                pSPIflashFncTable = 0x4000000
                0x0000000000000800                _stack_size = 0x800
                0x0000000000000044                restore_state = 0x44
                0x000000000000004a                bZSPIWaitWIPClear = 0x4a
                0x0000000000000050                u16ZSPIflashRDID = 0x50
                0x0000000000000056                u8SelectFlashChipType = 0x56
                0x000000000000005c                memcpy = 0x5c
                0x0000000000000066                vBootFlashProg = 0x66
                [0x0000000000000d16]                _minimum_heap_size = DEFINED (_minimum_heap_size)?_minimum_heap_size:0xd16
                0x0000000000000000                _SwConfig = (DEFINED (g_bSWConf_Debug) | (DEFINED (g_bSWConf_AltDebugPort) << 0x1))

.version        0x000000000007fffc        0x4
                0x000000000007fffc        0x4 LONG 0x4030008

.bir            0x0000000000080000       0x10
                0x0000000000080000                _flash_start = ABSOLUTE (.)
                0x0000000000080000                _flash_beg = ABSOLUTE (.)
                0x0000000000080000        0x4 LONG 0x12345678
                0x0000000000080004        0x4 LONG 0x11223344
                0x0000000000080008        0x4 LONG 0x55667788
                0x000000000008000c        0x1 BYTE 0x8
                0x000000000008000d        0x1 BYTE 0x1
                0x000000000008000e        0x2 SHORT 0x0

.flashheader    0x0000000000080010       0x28
                0x0000000000080010        0x4 LONG 0x0
                0x0000000000080014        0x4 LONG 0x0
                0x0000000000080018        0x4 LONG 0x0
                0x000000000008001c        0x2 SHORT 0x0
                0x000000000008001e        0x2 SHORT 0x0 ABSOLUTE (_SwConfig)
                0x0000000000080020                _enc_start = ABSOLUTE (.)
                0x0000000000080020        0x4 LONG 0xf708 ABSOLUTE (_image_len)
                0x0000000000080024        0x4 LONG 0x8f6f4 ABSOLUTE (_flash_data_start)
                0x0000000000080028        0x2 SHORT 0x13 ((ABSOLUTE (_ram_data_start) / 0x4) & 0xffff)
                0x000000000008002a        0x2 SHORT 0x5 ((ABSOLUTE (_ram_data_len) / 0x4) & 0xffff)
                0x000000000008002c        0x2 SHORT 0x18 ((ABSOLUTE (_bss_start) / 0x4) & 0xffff)
                0x000000000008002e        0x2 SHORT 0x57b ((ABSOLUTE (_bss_len) / 0x4) & 0xffff)
                0x0000000000080030        0x4 LONG 0x87338 ABSOLUTE (AppWarmStart)
                0x0000000000080034        0x4 LONG 0x87ce8 ABSOLUTE (AppColdStart)
                0x0000000000000000                _enc_offset = (_enc_start & 0xf)
                0x0000000000000044                PROVIDE (vException_BusError, restore_state)
                0x0000000000000044                PROVIDE (vException_UnalignedAccess, restore_state)
                0x0000000000000044                PROVIDE (vException_IllegalInstruction, restore_state)
                0x0000000000000044                PROVIDE (vException_SysCall, restore_state)
                0x0000000000000044                PROVIDE (vException_Trap, restore_state)
                0x0000000000000044                PROVIDE (vException_StackOverflow, restore_state)
                0x0000000000080038                . = ABSOLUTE (_exception_vsr_table)

.vsr_table      0x0000000000080038       0x18
                0x0000000000080038        0x4 LONG 0x44 ABSOLUTE (vException_BusError)
                0x000000000008003c        0x4 LONG 0x44 ABSOLUTE (vException_UnalignedAccess)
                0x0000000000080040        0x4 LONG 0x44 ABSOLUTE (vException_IllegalInstruction)
                0x0000000000080044        0x4 LONG 0x44 ABSOLUTE (vException_SysCall)
                0x0000000000080048        0x4 LONG 0x44 ABSOLUTE (vException_Trap)
                0x000000000008004c        0x4 LONG 0x44 ABSOLUTE (vException_StackOverflow)

.vsr_handlers   0x0000000000080050       0xaa
 *(.vsr_handlers)
 .vsr_handlers  0x0000000000080050       0xaa C:/MWSTAGE/MWSDK/ChipLib/SW4063V1416/Components/Library\libBoot_JN516x.a(ExceptionHandler.o)
                0x0000000000080050                _exception_external_interrupt
                0x00000000000800f8                _default_vsr_dummy

.rodata         0x0000000000080100      0x603
 *(.rodata*)
 .rodata.str1.1
                0x0000000000080100       0x2d C:\Users\saiju\AppData\Local\Temp\cc2ImLcP.ltrans0.ltrans.o
 .rodata        0x000000000008012d        0x5 C:\Users\saiju\AppData\Local\Temp\cc2ImLcP.ltrans0.ltrans.o
 *fill*         0x0000000000080132        0x2 00
 .rodata        0x0000000000080134       0xd4 C:\Users\saiju\AppData\Local\Temp\cc2ImLcP.ltrans1.ltrans.o
                0x0000000000080134                s_aprScanHandleEvt.14821
                0x0000000000080164                apvActionCalls
                0x00000000000801ec                aprLPBMacVectorRamTable
                0x0000000000080200                psTamMacContext
                0x0000000000080204                psTAMcontext
 .rodata        0x0000000000080208        0xc C:\Users\saiju\AppData\Local\Temp\cc2ImLcP.ltrans2.ltrans.o
 .rodata        0x0000000000080214       0x28 C:\Users\saiju\AppData\Local\Temp\cc2ImLcP.ltrans3.ltrans.o
                0x0000000000080214                au32TimerBaseAddress
                0x0000000000080228                CSWTCH.35.25160.25160
 .rodata        0x000000000008023c      0x131 C:\Users\saiju\AppData\Local\Temp\cc2ImLcP.ltrans4.ltrans.o
 *fill*         0x000000000008036d        0x3 00
 .rodata        0x0000000000080370        0xc C:\Users\saiju\AppData\Local\Temp\cc2ImLcP.ltrans5.ltrans.o
                0x0000000000080370                au32UartAddrOffset
 .rodata.str1.1
                0x000000000008037c       0x12 C:\Users\saiju\AppData\Local\Temp\cc2ImLcP.ltrans6.ltrans.o
 *fill*         0x000000000008038e        0x2 00
 .rodata        0x0000000000080390       0x60 C:\Users\saiju\AppData\Local\Temp\cc2ImLcP.ltrans6.ltrans.o
 .rodata.str1.1
                0x00000000000803f0        0xd C:\Users\saiju\AppData\Local\Temp\cc2ImLcP.ltrans7.ltrans.o
 .rodata        0x00000000000803fd       0x14 C:\Users\saiju\AppData\Local\Temp\cc2ImLcP.ltrans7.ltrans.o
 .rodata.str1.1
                0x0000000000080411        0xe C:\Users\saiju\AppData\Local\Temp\cc2ImLcP.ltrans8.ltrans.o
 .rodata        0x000000000008041f        0x5 C:\Users\saiju\AppData\Local\Temp\cc2ImLcP.ltrans8.ltrans.o
                0x000000000008041f                gbHighPowerMode
                0x0000000000080420                gu8ModuleID
 .rodata        0x0000000000080424        0xa C:\Users\saiju\AppData\Local\Temp\cc2ImLcP.ltrans9.ltrans.o
 .rodata        0x000000000008042e        0x6 C:\Users\saiju\AppData\Local\Temp\cc2ImLcP.ltrans10.ltrans.o
                0x000000000008042e                aeXcvPhyEvtToScanEvt.5394.14824
 .rodata.str1.1
                0x0000000000080434       0x11 C:\Users\saiju\AppData\Local\Temp\cc2ImLcP.ltrans11.ltrans.o
 *fill*         0x0000000000080445        0x3 00
 .rodata        0x0000000000080448       0x7c C:\Users\saiju\AppData\Local\Temp\cc2ImLcP.ltrans11.ltrans.o
                0x000000000008047c                u32MacLow_TOCOS
                0x0000000000080480                u32MacHigh_TOCOS
 .rodata.str1.1
                0x00000000000804c4       0x11 C:\Users\saiju\AppData\Local\Temp\cc2ImLcP.ltrans12.ltrans.o
                                         0x22 (size before relaxing)
 *fill*         0x00000000000804d5        0x3 00
 .rodata        0x00000000000804d8       0x38 C:\Users\saiju\AppData\Local\Temp\cc2ImLcP.ltrans12.ltrans.o
                0x00000000000804d8                asStateFuncTbl.26308
 .rodata.str1.1
                0x0000000000080510       0x88 C:\Users\saiju\AppData\Local\Temp\cc2ImLcP.ltrans13.ltrans.o
 .rodata        0x0000000000080598       0x9a C:\Users\saiju\AppData\Local\Temp\cc2ImLcP.ltrans15.ltrans.o
 *fill*         0x0000000000080632        0x2 00
 .rodata        0x0000000000080634       0x18 C:\Users\saiju\AppData\Local\Temp\cc2ImLcP.ltrans16.ltrans.o
 .rodata.str1.1
                0x000000000008064c       0xb7 C:\Users\saiju\AppData\Local\Temp\cc2ImLcP.ltrans17.ltrans.o

.text           0x0000000000080704     0xefef
 *(.text*)
 .text          0x0000000000080704      0xa7a C:\Users\saiju\AppData\Local\Temp\cc2ImLcP.ltrans0.ltrans.o
                0x0000000000080704                ToCoNet_vMain
 *fill*         0x000000000008117e        0x2 00
 .text          0x0000000000081180      0xba8 C:\Users\saiju\AppData\Local\Temp\cc2ImLcP.ltrans1.ltrans.o
                0x0000000000081180                eWBRTTxDone.14478
                0x000000000008119e                vTAMCOframeTXgoingIdle
                0x00000000000811b7                vTAMCOframeTXcap
                0x00000000000811dc                eWCoRRxDone.14469
                0x0000000000081286                eWBcnRxDone.14481
                0x0000000000081872                vTAMCOframeRXcap
                0x0000000000081884                vTAMCOframeRXgoingIdle
                0x000000000008189a                vTAMCOframeRXnobeacon
                0x00000000000818ac                vTAMDEframeRX
                0x00000000000818d5                vTAMDEframeRXtrackingDR
                0x0000000000081919                vTAMDEframePreSyncReq
                0x0000000000081932                vTAMCOframeTXbeacon
                0x00000000000819f9                vTAMDEframeRXsyncReq
                0x0000000000081c49                vTAMDEint1FiredTrackingCAPgts
                0x0000000000081cfa                eWONTTxDone.14475
 .text          0x0000000000081d28      0xae7 C:\Users\saiju\AppData\Local\Temp\cc2ImLcP.ltrans2.ltrans.o
                0x0000000000081d28                mac_vLPBStartTimer
                0x0000000000082033                vTimerCallback.24812
                0x000000000008203e                vProcessEvCoreTx.26245
                0x000000000008212e                vAHI_DoSetPullup.constprop.277
                0x000000000008214e                vAHI_DioWakeEnable.constprop.276
                0x0000000000082162                _ZN3mwx2L115periph_analogue10_adc_startEv.local.43.constprop.267
                0x000000000008224b                mwx::L1::periph_analogue::ADC_handler(unsigned long, unsigned long)
                0x0000000000082292                u8HwEventHandler.2568
                0x000000000008233a                vAHI_TimerEnable.part.1.25027.constprop.251
                0x00000000000823a5                bAES_CCMstar
                0x0000000000082471                pvHeap_Alloc
                0x0000000000082474                operator new(unsigned long)
                0x0000000000082497                u32AHI_Init
                0x0000000000082559                vMicroIntRestoreState
                0x0000000000082565                vAHI_DoSetDataOut
                0x0000000000082579                bAHI_DoEnableOutputs
                0x00000000000825a2                u8AHI_WakeTimerFiredStatus
                0x00000000000825b6                vAHI_WakeTimerStop.part.3.25492
                0x00000000000825d6                mac_vLPBStopTimer
                0x00000000000825e0                vAHI_UartSetClocksPerBit.part.18.25288
                0x0000000000082607                vAHI_UartSetRTSCTS.part.15.25273
                0x000000000008262e                vAHI_UartReset.part.4.25246
                0x0000000000082666                vAHI_UartSetControl.part.2.25230
                0x00000000000826b7                vAHI_UartSetBaudDivisor.part.1.25226
                0x00000000000826f6                vAHI_WatchdogStop
                0x000000000008270d                vAHI_CpuDoze
                0x0000000000082720                _ZN3mwx2L120periph_pulse_counter10_on_wakeupEv.part.18.6588
                0x0000000000082796                u32AHI_DioWakeStatus
                0x00000000000827a7                vAHI_DioWakeEdge
                0x00000000000827c7                vAHI_DioSetPullup
                0x00000000000827e7                vAHI_DioSetOutput
                0x00000000000827fb                vAHI_DioSetDirection
 .text.unlikely
                0x000000000008280f       0x11 C:\Users\saiju\AppData\Local\Temp\cc2ImLcP.ltrans2.ltrans.o
                0x000000000008280f                vStartXtal32kExternalRc.24826
 *fill*         0x0000000000082820        0x0 00
 .text          0x0000000000082820      0x4fc C:\Users\saiju\AppData\Local\Temp\cc2ImLcP.ltrans3.ltrans.o
                0x0000000000082820                TWETERM_iPutS.26642
                0x0000000000082845                TWETERM_iPutC.26646
                0x0000000000082856                vAppApiDefMlmeRequest
                0x0000000000082881                pvAppApiDefGetMacHandle
                0x000000000008288a                vTimerConfig
                0x0000000000082a95                cbAppWarmStart.part.28.6993
                0x0000000000082ce9                _ZN3mwx2L110serial_jen5writeEi.local.146
                0x0000000000082cf8                _ZN3mwx2L16streamINS0_10serial_jenEE6_printEPKc.local.170
 .text.unlikely
                0x0000000000082d1c      0x310 C:\Users\saiju\AppData\Local\Temp\cc2ImLcP.ltrans3.ltrans.o
                0x0000000000082d39                vProcessIncomingHwEvent.2737
 .text          0x000000000008302c      0xad0 C:\Users\saiju\AppData\Local\Temp\cc2ImLcP.ltrans4.ltrans.o
                0x000000000008302c                mac_vLPBAdjustBeaconOffset
                0x0000000000083089                mac_u32LPBGetBeaconTimeout
                0x0000000000083092                eWEnDTmrExpiry.14462
                0x000000000008309d                eWEnDEdDone.14459
                0x00000000000830f8                eGenlDontCare.14456
                0x00000000000830fd                eGenlIllegal.14081
                0x0000000000083104                u32GetTimer0
                0x000000000008310b                vSetTimer0
                0x000000000008311a                _ZN3mwx2L112appdefs_crtpINS0_9NwkSimpleEE18_cbTweNet_vHwEventEPvmm.local.192
                0x000000000008311d                _ZN3mwx2L112appdefs_crtpINS0_9NwkSimpleEE17_cbTweNet_u8HwIntEPvmm.local.191
                0x0000000000083122                _out_fct.5799
                0x0000000000083134                _out_null.5805
                0x0000000000083137                vOutputStream.5670
                0x0000000000083143                _ZN3mwx2L110serial_jen7vOutputEcPv.local.190
                0x000000000008316a                vHandlerPatch.4783
                0x00000000000831a1                _ZN3mwx2L112appdefs_crtpINS0_9NwkSimpleEE18_cbTweNet_vTxEventEPvRNS0_12packet_ev_txE.local.189
                0x00000000000831bb                _ZN3mwx2L112appdefs_crtpINS0_9NwkSimpleEE19_cbTweNet_vNwkEventEPvRNS0_13packet_ev_nwkE.local.197
                0x00000000000831c4                _ZN3mwx2L112appdefs_crtpINS0_9NwkSimpleEE15_cbTweNet_vMainEPv.local.198
                0x00000000000831c7                vTACu32ToPayloadM
                0x00000000000831df                bTACframeInProgress
                0x0000000000083209                bTACassessBeaconForPayload
                0x000000000008325a                bIsBbcSafeForTx
                0x000000000008328f                vTATwriteAclMaterialToHardware
                0x00000000000832b4                vTATsetBLE
                0x00000000000832eb                vTATgetFramePayload
                0x0000000000083308                eTATreadTXstatus
                0x000000000008334e                vTAHsetPhyStateDirect.part.0.18946
                0x000000000008336a                vMEMreturn
                0x00000000000833db                vTACinformOriginator
                0x00000000000833fd                pvMEMget
                0x0000000000083429                vTAMDEdetermineNullState
                0x0000000000083443                vTAMCOupdatePendingList
                0x0000000000083515                vTAMCOsetCoordinator
                0x000000000008353b                vPhySetChannel
                0x0000000000083554                eScanHandleEvt.part.0.14492
                0x000000000008357d                mac_eDcfmIndPost
                0x000000000008359e                mac_psDcfmIndGetBuf
                0x00000000000835bf                vMLMErxEnableConfirm
                0x00000000000835f1                vMLMEcommStatus
                0x0000000000083654                vMLMEcommStatusFromFrame
                0x0000000000083698                vMLMEsyncLoss
                0x00000000000836cb                vPMICpostFailedAssocDcfm
                0x0000000000083703                vPMICassocReqTO_2.12909
                0x000000000008371a                MAC_vPibSetPanId
                0x0000000000083735                vHandleTofRequest.11015
                0x0000000000083738                vAppApiDefSetPrbsSeed
                0x000000000008375c                mwx::L1::duplciate_checker::_node_ele_init(mwx::L1::duplciate_checker::_node_ele*)
                0x000000000008377b                _ZN3mwx2L113serial_parserINS0_10alloc_heapIhEEEC1Ev.local.52
                0x000000000008379d                _ZN3mwx2L16twenetC1Ev.local.58
                0x0000000000083834                _ZN3mwx2L110serial_jenC1Eh.local.107
                0x0000000000083864                _ZN3mwx2L115periph_analogueC1Ev.local.125
                0x000000000008388f                _ZN3mwx2L112appdefs_virt8on_eventEmRm.local.134
                0x00000000000838a7                _ZN3mwx2L112appdefs_virt18cbToCoNet_vHwEventEmm.local.136
                0x00000000000838bf                _ZN3mwx2L112appdefs_virt18cbToCoNet_vTxEventERNS0_12packet_ev_txE.local.137
                0x00000000000838d7                _ZN3mwx2L112appdefs_virt19cbToCoNet_vNwkEventERNS0_13packet_ev_nwkE.local.139
                0x00000000000838ef                u8CCITT8
                0x0000000000083915                bAES_CCM_KeyReg
                0x0000000000083954                bFifoPush.3488
                0x000000000008398d                vAppQApiPostMlme.3474
                0x00000000000839ac                vAppQApiPostMcps.3481
                0x00000000000839c7                pvFifoPull.3485
                0x00000000000839ee                psAppQApiGetMlmeBuffer.3471
                0x00000000000839f6                psAppQApiGetMcpsBuffer.3478
                0x00000000000839fe                PRSEV_vSetState
                0x0000000000083a0e                PRSEV_vProcessEv_core.2358
                0x0000000000083ab0                PRSEV_vProcessEvPost
                0x0000000000083ae2                _PRSEV_vProcessEvSingle
                0x0000000000083aef                ToCoNet_vMacStart
 .text.unlikely
                0x0000000000083afc       0x65 C:\Users\saiju\AppData\Local\Temp\cc2ImLcP.ltrans4.ltrans.o
                0x0000000000083afc                _ZN3mwx2L112appdefs_virt18cbToCoNet_vRxEventERNS0_9packet_rxE.local.138
                0x0000000000083b14                PRSEV_u8Register
                0x0000000000083b52                _PRSEV_vProcessEvSingleH
 .text          0x0000000000083b61      0xa82 C:\Users\saiju\AppData\Local\Temp\cc2ImLcP.ltrans5.ltrans.o
                0x0000000000083bac                vAHI_IntHandlerTickTimer
                0x0000000000083bf3                SERIAL_bTxChar
                0x0000000000083ca4                TWETERM_vFlush.26619
                0x0000000000083d22                vTACintRXheader
                0x000000000008451d                eGenRxHdrDone.14472
                0x000000000008452d                vHnd_E_STATE_FINISH_TX_FAIL.26253
 *fill*         0x00000000000845e3        0x1 00
 .text          0x00000000000845e4      0xe28 C:\Users\saiju\AppData\Local\Temp\cc2ImLcP.ltrans6.ltrans.o
                0x00000000000847f1                _ftoa.5873.constprop.316
                0x0000000000084b4a                _ntoa_long_long.5847.constprop.313
                0x0000000000084c1f                _ntoa_long.5835.constprop.318
                0x0000000000084cec                bAHI_SetClockRate
                0x0000000000084df7                vMicroIntEnableOnly.constprop.304
                0x0000000000084e23                QUEUE__u8RemoveItem.part.1.4985
                0x0000000000084e5e                QUEUE__vAddItem.constprop.296
                0x0000000000084e90                vRxChar.4808
                0x0000000000084ee1                _ToCoNet_bRfChChannel
                0x0000000000084f76                ToCoNet_ChMgr_bCh_Reconfig
                0x0000000000084fde                ToCoNet_ChMgr_vCh_TxFin
                0x000000000008500a                vHnd_E_STATE_WAIT_TX.26276
                0x000000000008507a                vHnd_E_STATE_IDLE.26268
                0x00000000000850de                vAHI_ProtocolPower.constprop.303
                0x00000000000850ec                XCV_vCtor.constprop.301
                0x0000000000085251                _ZN3mwx2L16twenet5beginEv.local.112.constprop.278
                0x0000000000085296                pinMode(unsigned char, mwx::L1::enum_wapper<PIN_MODE::eMWX_DIO_MODE, unsigned char>)
 .text.unlikely
                0x000000000008540c       0x45 C:\Users\saiju\AppData\Local\Temp\cc2ImLcP.ltrans6.ltrans.o
                0x000000000008540c                vAHI_MemoryHold.24926
 .text          0x0000000000085451      0x7b7 C:\Users\saiju\AppData\Local\Temp\cc2ImLcP.ltrans7.ltrans.o
                0x0000000000085451                UART_vHandleUartInterrupt.4910
                0x00000000000854d8                bAES_CCM_EncodeKey
                0x0000000000085585                _ZN3mwx2L114processev_crtpINS0_9NwkSimpleEE14vProcessEvCoreEP8_tsEvent7teEventm.local.195
                0x0000000000085638                vXCV_IntHandlerBbc
                0x00000000000856db                vTAIsetRxEnableTime
                0x00000000000856fc                _ZN3mwx2L115periph_analogue5setupEbhPFvvE.local.124.constprop.231
                0x0000000000085796                bAHI_ReadMACID
                0x00000000000857dc                vMLMEbeaconNotify
                0x000000000008593a                _ZL11digitalReadh.1713
                0x0000000000085955                vTAMRXEsetPhy
                0x0000000000085a18                vTAHsetPhyState
                0x0000000000085a48                vTAMCOint2Fired
                0x0000000000085a68                vSetPHYfromMacValue.17603
                0x0000000000085a9a                vTAMDEint1FiredWaitDR
                0x0000000000085aa7                vTACsetPHYfromMacValue
                0x0000000000085ac8                vTAMRXEsetReceiveForPibChange
                0x0000000000085b08                _ZN3mwx2L114periph_twowireC1Eh.local.76
                0x0000000000085b45                vMCPSframeReceived
 .text.unlikely
                0x0000000000085c08      0x181 C:\Users\saiju\AppData\Local\Temp\cc2ImLcP.ltrans7.ltrans.o
                0x0000000000085c81                bStartXtal32k.24836
 .text          0x0000000000085d89      0x965 C:\Users\saiju\AppData\Local\Temp\cc2ImLcP.ltrans8.ltrans.o
                0x0000000000085d89                vHnd_E_STATE_RUNNING.26284
                0x0000000000085fd3                SERIAL_vTxReady
                0x000000000008606d                vAppQApiPostHwIntT.3467
                0x0000000000086140                TWETERM_iGetC.26650
                0x00000000000861a3                vXCV_IntHandlerPhy
                0x0000000000086255                vScanHandleTimer.14078
                0x000000000008625a                MWX_Panic
                0x00000000000862be                cbAppColdStart.part.32.7214
                0x00000000000864a8                _ZN3mwx2L110serial_jen13_set_baudrateEt.isra.2.6554
                0x0000000000086559                u8TAM_AES_WriteAuxilliarySecurityHeaderIntoBuffer
                0x00000000000865cb                phy_ePibSet.part.1.16288
                0x0000000000086613                u32AHI_ReadIndexSectorBits.constprop.219
                0x0000000000086674                vTAIsetCapTime
                0x0000000000086695                vDoGoActive.20769
                0x00000000000866b8                vTAMRXEint2Fired
 .text          0x00000000000866ee      0xb76 C:\Users\saiju\AppData\Local\Temp\cc2ImLcP.ltrans9.ltrans.o
                0x00000000000866ee                cbToCoNet_vTxEvent
                0x0000000000086831                vHnd_E_STATE_FINISH_TX_SUCCESS.26258
                0x00000000000868c3                bTAM_AES_CCMstarPatch
                0x0000000000086a07                bTAM_AES_CCMstarPatch2006
                0x0000000000086ce6                bTATsendFrame
                0x0000000000086d39                vTrySendFromDirectCAP.17060
                0x0000000000086d54                vTrySendFromDirectNoBeacon.17064
                0x0000000000086d7f                vTAMCOint1Fired
                0x0000000000086e9b                vTAMCOstartBeacon
                0x0000000000086ed6                vStartStoreValues.17128
                0x0000000000086f8d                bStartCallback.17157
                0x0000000000086fbc                vTAMCOint1FiredCAP
                0x000000000008702f                vTAMCOreqTXnoBeacon
                0x0000000000087041                vTAMCOreqTXinCAP
                0x0000000000087067                vTrySendUnslotted.17605
                0x0000000000087081                bSendDataRequest.17607
                0x0000000000087193                bProcessBeaconRX.17610
 .text          0x0000000000087264      0xa84 C:\Users\saiju\AppData\Local\Temp\cc2ImLcP.ltrans10.ltrans.o
                0x0000000000087264                vPostDcfm.14465
                0x0000000000087338                AppWarmStart
                0x0000000000087408                vSetNextChannel.14513
                0x0000000000087461                MAC_vHandleMlmeReqRsp
                0x0000000000087c11                vTAMDEint1FiredTracking
                0x0000000000087c81                vTAMDEint1FiredSyncReq
 .text          0x0000000000087ce8      0x53c C:\Users\saiju\AppData\Local\Temp\cc2ImLcP.ltrans11.ltrans.o
                0x0000000000087ce8                AppColdStart
 .text.unlikely
                0x0000000000088224      0x43b C:\Users\saiju\AppData\Local\Temp\cc2ImLcP.ltrans11.ltrans.o
                0x0000000000088224                ToCoNet_vStart
 .text          0x000000000008865f      0xc4a C:\Users\saiju\AppData\Local\Temp\cc2ImLcP.ltrans12.ltrans.o
                0x000000000008865f                TSV_eStart
                0x0000000000088743                eTAStransmitRequest
                0x0000000000088ade                TSV_eOpen
                0x0000000000088ae6                vAppApiDefRestoreMacSettings
                0x0000000000088bb7                vAppApiDefSaveMacSettings
                0x0000000000088c14                mac_vLPBSleep
                0x0000000000088cd2                pvAppApiDefGetMacAddrLocation
                0x0000000000088cdb                eAppApiDefPlmeGet
                0x0000000000088d2d                eAppApiDefPlmeSet
                0x0000000000088d86                vAppApiDefMcpsRequest
                0x0000000000088db1                vHnd_E_STATE_PREPARE_TX.26263
 .text          0x00000000000892a9      0xaad C:\Users\saiju\AppData\Local\Temp\cc2ImLcP.ltrans13.ltrans.o
                0x00000000000892a9                ToCoNet_vInit
                0x00000000000895ec                vExpireHead.24030
                0x000000000008961c                fctprintf
                0x000000000008963e                _ZN3mwx2L111_printobj_1IhE9_do_printEPvPFvcS3_ES3_.local.196
                0x0000000000089652                MWX_DebugMsg
                0x0000000000089693                _ZN3mwx2L112appdefs_crtpINS0_9NwkSimpleEE18_cbTweNet_vRxEventEPvRNS0_9packet_rxE.local.193
 .text.unlikely
                0x0000000000089d56        0xf C:\Users\saiju\AppData\Local\Temp\cc2ImLcP.ltrans13.ltrans.o
                0x0000000000089d56                u32AppQApiInitInt_PATCH
 .text          0x0000000000089d65      0x72e C:\Users\saiju\AppData\Local\Temp\cc2ImLcP.ltrans14.ltrans.o
                0x0000000000089d65                bAES_CCM_DecodeKey
                0x000000000008a0a6                u8Write802_15_4HeaderIntoBuffer.22776
                0x000000000008a206                _ZN3mwx2L110serial_jen10_on_wakeupEv.part.27.6732
                0x000000000008a280                _MWX_periph_init()
                0x000000000008a37a                vTimerStart
 .text          0x000000000008a493      0xad4 C:\Users\saiju\AppData\Local\Temp\cc2ImLcP.ltrans15.ltrans.o
                0x000000000008a493                vAHI_IntHandlerAnalogPeriph
                0x000000000008a4b3                vTTIBLETimerExpired
                0x000000000008a4be                vACI_CmdWaitBusy
                0x000000000008a522                vACI_OptimisedCcmStar
                0x000000000008a73a                vTAIdisableInterrupt
                0x000000000008a753                vUpdateRegisters.24075
                0x000000000008a79a                psRemove.part.0.24025
                0x000000000008a7c9                vMAC_MISCpollConfirm
                0x000000000008a7fa                MAC_u8AclFindInfo
                0x000000000008a924                vTASretrieveSecurity
                0x000000000008a946                MAC_bLookUpKeyDescriptor.21577
                0x000000000008a9c0                u8TSCframeIncrease
                0x000000000008a9f9                vTSCpostTransmitUpdate
                0x000000000008aa29                vCopyToDataFromMacAddr.21487
                0x000000000008aa5c                bTSCgetOutgoingInfo
                0x000000000008ab65                vDoGoOff.20767
                0x000000000008ab7f                psTAQsearchFifo
                0x000000000008abc8                bTAQremoveFromFifo
                0x000000000008ac05                vTTITransactionTimerExpired
                0x000000000008ac2e                vTAMinsertEvent
                0x000000000008ac94                vTTITimer2Expired
                0x000000000008ac98                vTTITimer1Expired
                0x000000000008ac9c                vTAM_TxRetryTimeout
                0x000000000008aca0                vTACsetTxFrameDefaults
                0x000000000008acc6                u8TACgetHeaderSize
                0x000000000008ad03                bUpdateTime.19805
                0x000000000008ad3e                vTACbuildBeacon
                0x000000000008af46                u32TACpayloadToU32M
 *fill*         0x000000000008af67        0x1 00
 .text          0x000000000008af68      0x95c C:\Users\saiju\AppData\Local\Temp\cc2ImLcP.ltrans16.ltrans.o
                0x000000000008af68                vPMICassocReqTO_1.12902
                0x000000000008aff0                vTAM_MCPSdataRequest
                0x000000000008b033                bTACcheckPANconflict
                0x000000000008b0ec                vTAMDEstartSync
                0x000000000008b16b                eTAMselect
                0x000000000008b2ac                MAC_pvCtor
                0x000000000008b6c7                vDeterminePowerState.17727
                0x000000000008b74b                vTAMDEint1FiredTrackingBeacon
                0x000000000008b7eb                vTAMDEint2FiredTrackingDR
                0x000000000008b810                vTAMDEframeTXtrackingDR
                0x000000000008b869                vTAMDEint2FiredPollActive
                0x000000000008b89d                vTAMDEreqTXnullTrackingCAP
                0x000000000008b8b6                vTAM_TxRetryTimer
 .text          0x000000000008b8c4      0x6f7 C:\Users\saiju\AppData\Local\Temp\cc2ImLcP.ltrans17.ltrans.o
                0x000000000008b8c4                u32AppApiDefInit
                0x000000000008b979                _ToCoNet_vMacInit
                0x000000000008bb20                vProcessEvCoreMac
                0x000000000008bcc6                setup()
 *fill*         0x000000000008bfbb        0x1 00
 .text          0x000000000008bfbc      0x780 C:\Users\saiju\AppData\Local\Temp\cc2ImLcP.ltrans18.ltrans.o
                0x000000000008bfbc                eGenTmrExpiry.14774
                0x000000000008bffe                eWEDTEdDone.14777
                0x000000000008c022                TSV_eStop
                0x000000000008c0e1                bPMICdisassocReqSent.12898
                0x000000000008c19b                MAC_vHandleMcpsReqRsp
                0x000000000008c228                bMCPSframeTXcomplete.15509
                0x000000000008c27d                bSendSyncLoss.19740
                0x000000000008c295                bPollReqSent.23336
                0x000000000008c2ad                bTASsendCommStatusInd
                0x000000000008c2c2                bAssocRespSent.12894
                0x000000000008c2d5                eTACprocessFrameTXcomplete
                0x000000000008c451                vTAMCOframeTXnobeacon
                0x000000000008c466                vTAMCOframeStarting
                0x000000000008c47f                vTAMDEframeTXDEnull
                0x000000000008c4a2                vTAMDEframeTXtrackingCAPgts
                0x000000000008c4ce                bPMICassocReqSent.12890
                0x000000000008c550                bPMICassocReqPollSent.12905
                0x000000000008c5a4                eWChCChanChgd.14489
 .text          0x000000000008c73c      0x9be C:\Users\saiju\AppData\Local\Temp\cc2ImLcP.ltrans19.ltrans.o
                0x000000000008c73c                _etoa.5893.constprop.314
                0x000000000008cae7                _vsnprintf.constprop.312
 .text          0x000000000008d0fa       0x25 c:/mwstage/tools/ba-elf-ba2-r36379.w10/bin/../lib/gcc/ba-elf/4.7.4/../../../../ba-elf/lib/mcpu_jn51xx_sizeopt\libc.a(lib_a-memcmp.o)
                0x000000000008d0fa                memcmp
 .text          0x000000000008d11f       0x19 c:/mwstage/tools/ba-elf-ba2-r36379.w10/bin/../lib/gcc/ba-elf/4.7.4/../../../../ba-elf/lib/mcpu_jn51xx_sizeopt\libc.a(lib_a-memcpy.o)
 *fill*         0x000000000008d138        0x0 00
 .text          0x000000000008d138      0x204 c:/mwstage/tools/ba-elf-ba2-r36379.w10/bin/../lib/gcc/ba-elf/4.7.4/mcpu_jn51xx_sizeopt\libgcc.a(__udivsi3.o)
                0x000000000008d138                __udivsi3
 .text          0x000000000008d33c       0x30 c:/mwstage/tools/ba-elf-ba2-r36379.w10/bin/../lib/gcc/ba-elf/4.7.4/mcpu_jn51xx_sizeopt\libgcc.a(__divsi3.o)
                0x000000000008d33c                __divsi3
 .text          0x000000000008d36c      0x1b0 c:/mwstage/tools/ba-elf-ba2-r36379.w10/bin/../lib/gcc/ba-elf/4.7.4/mcpu_jn51xx_sizeopt\libgcc.a(__umodsi3.o)
                0x000000000008d36c                __umodsi3
 .text          0x000000000008d51c       0x24 c:/mwstage/tools/ba-elf-ba2-r36379.w10/bin/../lib/gcc/ba-elf/4.7.4/mcpu_jn51xx_sizeopt\libgcc.a(__modsi3.o)
                0x000000000008d51c                __modsi3
 .text          0x000000000008d540       0x39 c:/mwstage/tools/ba-elf-ba2-r36379.w10/bin/../lib/gcc/ba-elf/4.7.4/mcpu_jn51xx_sizeopt\libgcc.a(_fixunsdfsi.o)
                0x000000000008d540                __fixunsdfsi
 .text          0x000000000008d579      0x350 c:/mwstage/tools/ba-elf-ba2-r36379.w10/bin/../lib/gcc/ba-elf/4.7.4/mcpu_jn51xx_sizeopt\libgcc.a(_udivdi3.o)
                0x000000000008d579                __udivdi3
 .text          0x000000000008d8c9      0x312 c:/mwstage/tools/ba-elf-ba2-r36379.w10/bin/../lib/gcc/ba-elf/4.7.4/mcpu_jn51xx_sizeopt\libgcc.a(_umoddi3.o)
                0x000000000008d8c9                __umoddi3
 .text          0x000000000008dbdb      0x682 c:/mwstage/tools/ba-elf-ba2-r36379.w10/bin/../lib/gcc/ba-elf/4.7.4/mcpu_jn51xx_sizeopt\libgcc.a(adddf3.o)
                0x000000000008dbdb                __adddf3
 *fill*         0x000000000008e25d        0x3 00
 .text          0x000000000008e260      0x5c8 c:/mwstage/tools/ba-elf-ba2-r36379.w10/bin/../lib/gcc/ba-elf/4.7.4/mcpu_jn51xx_sizeopt\libgcc.a(divdf3.o)
                0x000000000008e260                __divdf3
 .text          0x000000000008e828       0x7f c:/mwstage/tools/ba-elf-ba2-r36379.w10/bin/../lib/gcc/ba-elf/4.7.4/mcpu_jn51xx_sizeopt\libgcc.a(eqdf2.o)
                0x000000000008e828                __nedf2
                0x000000000008e828                __eqdf2
 .text          0x000000000008e8a7       0xca c:/mwstage/tools/ba-elf-ba2-r36379.w10/bin/../lib/gcc/ba-elf/4.7.4/mcpu_jn51xx_sizeopt\libgcc.a(gedf2.o)
                0x000000000008e8a7                __gedf2
                0x000000000008e8a7                __gtdf2
 .text          0x000000000008e971       0xcb c:/mwstage/tools/ba-elf-ba2-r36379.w10/bin/../lib/gcc/ba-elf/4.7.4/mcpu_jn51xx_sizeopt\libgcc.a(ledf2.o)
                0x000000000008e971                __ledf2
                0x000000000008e971                __ltdf2
 .text          0x000000000008ea3c      0x488 c:/mwstage/tools/ba-elf-ba2-r36379.w10/bin/../lib/gcc/ba-elf/4.7.4/mcpu_jn51xx_sizeopt\libgcc.a(muldf3.o)
                0x000000000008ea3c                __muldf3
 .text          0x000000000008eec4      0x693 c:/mwstage/tools/ba-elf-ba2-r36379.w10/bin/../lib/gcc/ba-elf/4.7.4/mcpu_jn51xx_sizeopt\libgcc.a(subdf3.o)
                0x000000000008eec4                __subdf3
 .text          0x000000000008f557       0x64 c:/mwstage/tools/ba-elf-ba2-r36379.w10/bin/../lib/gcc/ba-elf/4.7.4/mcpu_jn51xx_sizeopt\libgcc.a(fixdfsi.o)
                0x000000000008f557                __fixdfsi
 .text          0x000000000008f5bb       0x61 c:/mwstage/tools/ba-elf-ba2-r36379.w10/bin/../lib/gcc/ba-elf/4.7.4/mcpu_jn51xx_sizeopt\libgcc.a(floatsidf.o)
                0x000000000008f5bb                __floatsidf
 .text          0x000000000008f61c       0x4f c:/mwstage/tools/ba-elf-ba2-r36379.w10/bin/../lib/gcc/ba-elf/4.7.4/mcpu_jn51xx_sizeopt\libgcc.a(floatunsidf.o)
                0x000000000008f61c                __floatunsidf
 .text          0x000000000008f66b       0x27 C:/MWSTAGE/MWSDK/ChipLib/SW4063V1416/Components/Library\libHardwareApi_JN516x.a(AHI_Interrupt.o)
                0x000000000008f66b                vAHI_InterruptSetPriority
                0x000000000008f689                vAHI_InterruptSetActivePriorityLevel
 .text.vMicroSyscall
                0x000000000008f692       0x17 C:/MWSTAGE/MWSDK/ChipLib/SW4063V1416/Components/Library\libMicroSpecific_JN516x.a(MicroSyscall_ba.o)
                0x000000000008f692                vMicroSyscall
 .text          0x000000000008f6a9       0x12 c:/mwstage/tools/ba-elf-ba2-r36379.w10/bin/../lib/gcc/ba-elf/4.7.4/../../../../ba-elf/lib/mcpu_jn51xx_sizeopt\libc.a(lib_a-memset.o)
                0x000000000008f6a9                memset
 .text          0x000000000008f6bb       0x38 c:/mwstage/tools/ba-elf-ba2-r36379.w10/bin/../lib/gcc/ba-elf/4.7.4/../../../../ba-elf/lib/mcpu_jn51xx_sizeopt\libc.a(lib_a-strncmp.o)
                0x000000000008f6bb                strncmp
                0x000000000008f6f3                _flash_end = ABSOLUTE (.)

.rela.dyn       0x000000000008f6f4        0x0
 .rela.text     0x0000000000000000        0x0 C:\Users\saiju\AppData\Local\Temp\cc2ImLcP.ltrans0.ltrans.o
 .rela.rodata   0x0000000000000000        0x0 C:\Users\saiju\AppData\Local\Temp\cc2ImLcP.ltrans0.ltrans.o
 .rela.data     0x0000000000000000        0x0 C:\Users\saiju\AppData\Local\Temp\cc2ImLcP.ltrans0.ltrans.o
 .rela.text.unlikely
                0x0000000000000000        0x0 C:\Users\saiju\AppData\Local\Temp\cc2ImLcP.ltrans0.ltrans.o
                0x000000000400004c                . = ORIGIN (ram)

.data           0x000000000400004c       0x14 load address 0x000000000008f6f4
                0x000000000400004c                _ram_data_start = ABSOLUTE (.)
 *(.data*)
 .data          0x000000000400004c        0x2 C:\Users\saiju\AppData\Local\Temp\cc2ImLcP.ltrans0.ltrans.o
 *fill*         0x000000000400004e        0x2 00
 .data          0x0000000004000050        0x4 C:\Users\saiju\AppData\Local\Temp\cc2ImLcP.ltrans2.ltrans.o
                0x0000000004000050                u32HeapStart
 .data.initinboot
                0x0000000004000054        0x8 C:\Users\saiju\AppData\Local\Temp\cc2ImLcP.ltrans6.ltrans.o
 .data          0x000000000400005c        0x1 C:\Users\saiju\AppData\Local\Temp\cc2ImLcP.ltrans8.ltrans.o
                0x000000000400005c                _toconet_tx_u8_init_queue_flag
 .data          0x000000000400005d        0x1 C:\Users\saiju\AppData\Local\Temp\cc2ImLcP.ltrans12.ltrans.o
                0x000000000400005d                u8TxWkrNow.26386
 .data          0x000000000400005e        0x1 C:\Users\saiju\AppData\Local\Temp\cc2ImLcP.ltrans16.ltrans.o
 .data.initinboot
                0x000000000400005f        0x1 C:\Users\saiju\AppData\Local\Temp\cc2ImLcP.ltrans16.ltrans.o
                0x000000000400005f                gMAC_u8MaxBuffers
 *(.data.*)
                0x0000000004000060                . = ALIGN (0x4)
                0x0000000004000060                _ram_data_end = ABSOLUTE (.)

.bss            0x0000000004000060     0x15ec load address 0x000000000008f708
                0x0000000004000060                _bss_start = ABSOLUTE (.)
 *(.bss*)
 .bss           0x0000000004000060       0x80 C:\Users\saiju\AppData\Local\Temp\cc2ImLcP.ltrans0.ltrans.o
                0x0000000004000060                sMcpsIndQueue.3706
                0x0000000004000070                sMcpsIndBufferQueue.3704
                0x0000000004000080                sMlmeIndQueue.3707
                0x0000000004000090                sMlmeIndBufferQueue.3705
                0x00000000040000a0                sHwIndQueue.3708
                0x00000000040000b0                sHwIndBufferQueue.3709
                0x00000000040000c0                _u32_INT_adc_comp
                0x00000000040000c4                _u32_INT_ticktimer
                0x00000000040000c8                the_vsettings
                0x00000000040000cc                _periph_availmap
 .bss           0x00000000040000e0       0x40 C:\Users\saiju\AppData\Local\Temp\cc2ImLcP.ltrans1.ltrans.o
                0x00000000040000e0                g_sLP
                0x000000000400011c                g_pvMac
 .bss.initinboot
                0x0000000004000120      0x1c0 C:\Users\saiju\AppData\Local\Temp\cc2ImLcP.ltrans1.ltrans.o
                0x0000000004000120                g_sMac
 .bss           0x00000000040002e0        0x8 C:\Users\saiju\AppData\Local\Temp\cc2ImLcP.ltrans2.ltrans.o
 .bss.dontinitinboot
                0x00000000040002e8        0x4 C:\Users\saiju\AppData\Local\Temp\cc2ImLcP.ltrans2.ltrans.o
 .bss           0x00000000040002ec      0x118 C:\Users\saiju\AppData\Local\Temp\cc2ImLcP.ltrans3.ltrans.o
                0x00000000040002ec                sSerCmd_P3.5622
                0x00000000040002f8                apfTimerAppCallback.25212
                0x000000000400030c                prTickTimeAppCallback
                0x0000000004000310                au16TimerSettings.25161
                0x000000000400031c                the_mac
                0x0000000004000338                Timer4
                0x0000000004000340                Timer3
                0x0000000004000348                Timer2
                0x0000000004000350                Timer1
                0x0000000004000358                Timer0
                0x0000000004000360                Analogue
                0x0000000004000378                SPI
                0x000000000400037c                Wire
                0x0000000004000394                SerialParser
                0x00000000040003d0                Serial1
                0x00000000040003f0                Buttons
                0x00000000040003f8                PulseCounter1
                0x00000000040003fc                PulseCounter0
 .bss           0x0000000004000404        0xc C:\Users\saiju\AppData\Local\Temp\cc2ImLcP.ltrans4.ltrans.o
 .bss           0x0000000004000410       0x64 C:\Users\saiju\AppData\Local\Temp\cc2ImLcP.ltrans5.ltrans.o
                0x0000000004000410                asUARTS.4952
                0x0000000004000430                _SERIAL_bmTxIntEnabled
                0x0000000004000434                asSerialPorts
 .bss           0x0000000004000474        0x2 C:\Users\saiju\AppData\Local\Temp\cc2ImLcP.ltrans6.ltrans.o
 *fill*         0x0000000004000476        0x2 00
 .bss.dontinitinboot
                0x0000000004000478        0x8 C:\Users\saiju\AppData\Local\Temp\cc2ImLcP.ltrans6.ltrans.o
 .bss           0x0000000004000480       0x24 C:\Users\saiju\AppData\Local\Temp\cc2ImLcP.ltrans7.ltrans.o
                0x0000000004000480                bTxEventQueued.20635
                0x0000000004000481                u8TxEventStatus.20636
                0x0000000004000482                gbTimeOutFlag.24999
                0x0000000004000484                sAppHousekeeping
                0x000000000400049c                prApAppCallback.24566
                0x00000000040004a0                bIntEnableFlag.24563
 .bss           0x00000000040004a4      0x618 C:\Users\saiju\AppData\Local\Temp\cc2ImLcP.ltrans8.ltrans.o
                0x00000000040004a4                prAppHwCallback.3712
                0x00000000040004a8                TxWorker_u8Num.26343
 .bss.dontinitinboot
                0x0000000004000abc        0x1 C:\Users\saiju\AppData\Local\Temp\cc2ImLcP.ltrans9.ltrans.o
                0x0000000004000abc                u8SecurityMode.22803
 *fill*         0x0000000004000abd        0x3 00
 .bss           0x0000000004000ac0       0x90 C:\Users\saiju\AppData\Local\Temp\cc2ImLcP.ltrans10.ltrans.o
                0x0000000004000ac0                _ZL5_vcbs.7366
                0x0000000004000ad4                sToCoNet_AppContext
                0x0000000004000af0                sToCoNet_Context
                0x0000000004000b38                sAssocSecurity.13519
                0x0000000004000b44                g_bJenieBackwardsCompatibilityMode
 .bss           0x0000000004000b50      0x28c C:\Users\saiju\AppData\Local\Temp\cc2ImLcP.ltrans11.ltrans.o
                0x0000000004000b50                u8AppId_Pkt_head.4656
                0x0000000004000b54                u32AppId.4653
                0x0000000004000b58                u32MyAddr.4655
                0x0000000004000b5c                bRxQueue_Init.4654
                0x0000000004000b60                psRxQueueList.4652
                0x0000000004000b74                asEventHandler.2425
                0x0000000004000c14                sEvVars
                0x0000000004000c30                u32TickCount_ms
                0x0000000004000c34                au8Txdatabuff_idx_sTxQueue
                0x0000000004000c38                u8TxBuffSiz_sTxQueue
                0x0000000004000c3c                sTxdatabuff_sTxQueue
                0x0000000004000c40                sTxQueue
                0x0000000004000c5c                au8Rxdatabuff_idx_sRxQueue
                0x0000000004000c60                u8RxBuffSiz_sRxQueue
                0x0000000004000c64                sRxdatabuff_sRxQueue
                0x0000000004000c68                sRxQueue
                0x0000000004000c84                au8Rxdatabuff_idx_sRxQueueCmd
                0x0000000004000c88                u8RxBuffSiz_sRxQueueCmd
                0x0000000004000c8c                sRxdatabuff_sRxQueueCmd
                0x0000000004000c90                sRxQueueCmd.2876
                0x0000000004000cac                sContext.4777
                0x0000000004000cd8                the_twelite
                0x0000000004000d70                sToCoNet_Modules
 .bss           0x0000000004000ddc       0x38 C:\Users\saiju\AppData\Local\Temp\cc2ImLcP.ltrans12.ltrans.o
                0x0000000004000ddc                sCh_Context.3344
                0x0000000004000de0                the_vhw
                0x0000000004000de4                the_vnet2
                0x0000000004000de8                the_vnet
                0x0000000004000dec                the_vapp
                0x0000000004000df0                asTx.26342
 .bss.initinboot
                0x0000000004000e14        0x1 C:\Users\saiju\AppData\Local\Temp\cc2ImLcP.ltrans12.ltrans.o
 *fill*         0x0000000004000e15        0x3 00
 .bss           0x0000000004000e18      0x728 C:\Users\saiju\AppData\Local\Temp\cc2ImLcP.ltrans13.ltrans.o
                0x0000000004000e18                pvPostFunc.2439
                0x0000000004000e1c                u32PostArg.2438
                0x0000000004000e20                evPost.2437
                0x0000000004000e24                prSpiAppCallback.24800
                0x0000000004000e28                prSiAppCallback.26013
                0x0000000004000e2c                prAppMcpsCallback.3710
                0x0000000004000e30                prAppMlmeCallback.3711
 .bss.initinboot
                0x0000000004001540        0x4 C:\Users\saiju\AppData\Local\Temp\cc2ImLcP.ltrans13.ltrans.o
                0x0000000004001540                prSysCtrlAppCallback.25003
 .bss           0x0000000004001544       0x64 C:\Users\saiju\AppData\Local\Temp\cc2ImLcP.ltrans14.ltrans.o
                0x0000000004001544                prUart1AppCallback.25467
                0x0000000004001548                prUart0AppCallback.25466
                0x000000000400154c                sOpt.4959
                0x000000000400155c                _psSerial
 .bss           0x00000000040015a8        0x1 C:\Users\saiju\AppData\Local\Temp\cc2ImLcP.ltrans15.ltrans.o
                0x00000000040015a8                u8TAM_TxStatusOverride
 *fill*         0x00000000040015a9        0x3 00
 .bss.initinboot
                0x00000000040015ac        0x8 C:\Users\saiju\AppData\Local\Temp\cc2ImLcP.ltrans16.ltrans.o
                0x00000000040015ac                g_u32MacAddrLocation
                0x00000000040015b0                prvUserTxStartedCallback
 .bss           0x00000000040015b4       0x44 C:\Users\saiju\AppData\Local\Temp\cc2ImLcP.ltrans17.ltrans.o
                0x00000000040015b4                g_sXcv
                0x00000000040015b8                prMcpsRequest.9902
                0x00000000040015bc                prMlmeRequest.9901
                0x00000000040015c0                prOriginalHandler.4787
                0x00000000040015c4                Serial
 .bss           0x00000000040015f8       0x14 C:\Users\saiju\AppData\Local\Temp\cc2ImLcP.ltrans18.ltrans.o
                0x00000000040015f8                s_sTimerList
                0x0000000004001608                u8AssocResponsesInProgress.13518
 .bss.dontinitinboot
                0x000000000400160c       0x40 C:/MWSTAGE/MWSDK/ChipLib/SW4063V1416/Components/Library\libBoot_JN516x.a(ExceptionHandler.o)
                0x000000000400160c                isr_handlers
 *(.bss.*)
 *(.scommon*)
 *(.scommon.*)
 *(COMMON)
                0x000000000400164c                . = ALIGN (0x4)
                0x000000000400164c                _bss_end = ABSOLUTE (.)

.heap           0x000000000400164c      0xd16 load address 0x0000000000090cf4
                0x000000000400164c                _heap_start = ABSOLUTE (.)
                0x0000000004002362                . = (. + _minimum_heap_size)
 *fill*         0x000000000400164c      0xd16 00

.stack          0x0000000004007800      0x800 load address 0x0000000000096ea8
                0x0000000004007800                _heap_end = ABSOLUTE (.)
                0x0000000004007800                _stack_low_water_mark = ABSOLUTE (.)
                0x0000000004008000                . = (. + _stack_size)
 *fill*         0x0000000004007800      0x800 00

.test           0x000000000008f708        0x1
                0x000000000008f708        0x1 BYTE 0xff
                0x000000000008f6f4                _flash_data_start = LOADADDR (.data)
                0x0000000000000014                _ram_data_len = (((_ram_data_end - _ram_data_start) + 0x3) & 0xfffffffffffffffc)
                0x00000000000015ec                _bss_len = (((_bss_end - _bss_start) + 0x3) & 0xfffffffffffffffc)
                0x000000000000f708                _image_len = ((((_flash_end - _flash_start) + _ram_data_len) + 0x3) & 0xfffffffffffffffc)
                0x0000000004008000                _ram_top = (ABSOLUTE (ORIGIN (ram)) + 0x7fb4)
                0x0000000004008000                ram_top = (ABSOLUTE (ORIGIN (ram)) + 0x7fb4)
                0x0000000001001580                _app_ram_start = 0x1001580
                0x0000000004000050                PROVIDE (_heap_location, u32HeapStart)
                0x0000000004000050                PROVIDE (heap_location, u32HeapStart)
                0x0000000000088ade                TSV_eOpenVector = TSV_eOpen
                0x000000000008865f                TSV_eStartVector = TSV_eStart
                0x000000000008c022                TSV_eStopVector = TSV_eStop
                0x0000000000082881                pvAppApiGetMacHandle = pvAppApiDefGetMacHandle
                0x000000000008b8c4                u32AppApiInit = u32AppApiDefInit
                0x0000000000082856                vAppApiMlmeRequest = vAppApiDefMlmeRequest
                0x0000000000088d86                vAppApiMcpsRequest = vAppApiDefMcpsRequest
                0x0000000000088d2d                eAppApiPlmeSet = eAppApiDefPlmeSet
                0x0000000000088cdb                eAppApiPlmeGet = eAppApiDefPlmeGet
                0x0000000000088cd2                pvAppApiGetMacAddrLocation = pvAppApiDefGetMacAddrLocation
                0x0000000000088bb7                vAppApiSaveMacSettings = vAppApiDefSaveMacSettings
                0x0000000000088ae6                vAppApiRestoreMacSettings = vAppApiDefRestoreMacSettings
OUTPUT(objs_BLUE/zig_receive_BLUE_L1305_V0-1-0.elf elf32-ba)

.comment        0x0000000000000000       0x11
 .comment       0x0000000000000000       0x12 C:\Users\saiju\AppData\Local\Temp\cc2ImLcP.ltrans0.ltrans.o
 .comment       0x0000000000000000       0x12 C:\Users\saiju\AppData\Local\Temp\cc2ImLcP.ltrans1.ltrans.o
 .comment       0x0000000000000000       0x12 C:\Users\saiju\AppData\Local\Temp\cc2ImLcP.ltrans2.ltrans.o
 .comment       0x0000000000000000       0x12 C:\Users\saiju\AppData\Local\Temp\cc2ImLcP.ltrans3.ltrans.o
 .comment       0x0000000000000000       0x12 C:\Users\saiju\AppData\Local\Temp\cc2ImLcP.ltrans4.ltrans.o
 .comment       0x0000000000000000       0x12 C:\Users\saiju\AppData\Local\Temp\cc2ImLcP.ltrans5.ltrans.o
 .comment       0x0000000000000000       0x12 C:\Users\saiju\AppData\Local\Temp\cc2ImLcP.ltrans6.ltrans.o
 .comment       0x0000000000000000       0x12 C:\Users\saiju\AppData\Local\Temp\cc2ImLcP.ltrans7.ltrans.o
 .comment       0x0000000000000000       0x12 C:\Users\saiju\AppData\Local\Temp\cc2ImLcP.ltrans8.ltrans.o
 .comment       0x0000000000000000       0x12 C:\Users\saiju\AppData\Local\Temp\cc2ImLcP.ltrans9.ltrans.o
 .comment       0x0000000000000000       0x12 C:\Users\saiju\AppData\Local\Temp\cc2ImLcP.ltrans10.ltrans.o
 .comment       0x0000000000000000       0x12 C:\Users\saiju\AppData\Local\Temp\cc2ImLcP.ltrans11.ltrans.o
 .comment       0x0000000000000000       0x12 C:\Users\saiju\AppData\Local\Temp\cc2ImLcP.ltrans12.ltrans.o
 .comment       0x0000000000000000       0x12 C:\Users\saiju\AppData\Local\Temp\cc2ImLcP.ltrans13.ltrans.o
 .comment       0x0000000000000000       0x12 C:\Users\saiju\AppData\Local\Temp\cc2ImLcP.ltrans14.ltrans.o
 .comment       0x0000000000000000       0x12 C:\Users\saiju\AppData\Local\Temp\cc2ImLcP.ltrans15.ltrans.o
 .comment       0x0000000000000000       0x12 C:\Users\saiju\AppData\Local\Temp\cc2ImLcP.ltrans16.ltrans.o
 .comment       0x0000000000000000       0x12 C:\Users\saiju\AppData\Local\Temp\cc2ImLcP.ltrans17.ltrans.o
 .comment       0x0000000000000000       0x12 C:\Users\saiju\AppData\Local\Temp\cc2ImLcP.ltrans18.ltrans.o
 .comment       0x0000000000000000       0x12 C:\Users\saiju\AppData\Local\Temp\cc2ImLcP.ltrans19.ltrans.o
 .comment       0x0000000000000000       0x12 c:/mwstage/tools/ba-elf-ba2-r36379.w10/bin/../lib/gcc/ba-elf/4.7.4/../../../../ba-elf/lib/mcpu_jn51xx_sizeopt\libc.a(lib_a-memcmp.o)
 .comment       0x0000000000000000       0x12 c:/mwstage/tools/ba-elf-ba2-r36379.w10/bin/../lib/gcc/ba-elf/4.7.4/../../../../ba-elf/lib/mcpu_jn51xx_sizeopt\libc.a(lib_a-memcpy.o)
 .comment       0x0000000000000000       0x12 c:/mwstage/tools/ba-elf-ba2-r36379.w10/bin/../lib/gcc/ba-elf/4.7.4/mcpu_jn51xx_sizeopt\libgcc.a(_fixunsdfsi.o)
 .comment       0x0000000000000000       0x12 c:/mwstage/tools/ba-elf-ba2-r36379.w10/bin/../lib/gcc/ba-elf/4.7.4/mcpu_jn51xx_sizeopt\libgcc.a(_udivdi3.o)
 .comment       0x0000000000000000       0x12 c:/mwstage/tools/ba-elf-ba2-r36379.w10/bin/../lib/gcc/ba-elf/4.7.4/mcpu_jn51xx_sizeopt\libgcc.a(_umoddi3.o)
 .comment       0x0000000000000000       0x12 c:/mwstage/tools/ba-elf-ba2-r36379.w10/bin/../lib/gcc/ba-elf/4.7.4/mcpu_jn51xx_sizeopt\libgcc.a(adddf3.o)
 .comment       0x0000000000000000       0x12 c:/mwstage/tools/ba-elf-ba2-r36379.w10/bin/../lib/gcc/ba-elf/4.7.4/mcpu_jn51xx_sizeopt\libgcc.a(divdf3.o)
 .comment       0x0000000000000000       0x12 c:/mwstage/tools/ba-elf-ba2-r36379.w10/bin/../lib/gcc/ba-elf/4.7.4/mcpu_jn51xx_sizeopt\libgcc.a(eqdf2.o)
 .comment       0x0000000000000000       0x12 c:/mwstage/tools/ba-elf-ba2-r36379.w10/bin/../lib/gcc/ba-elf/4.7.4/mcpu_jn51xx_sizeopt\libgcc.a(gedf2.o)
 .comment       0x0000000000000000       0x12 c:/mwstage/tools/ba-elf-ba2-r36379.w10/bin/../lib/gcc/ba-elf/4.7.4/mcpu_jn51xx_sizeopt\libgcc.a(ledf2.o)
 .comment       0x0000000000000000       0x12 c:/mwstage/tools/ba-elf-ba2-r36379.w10/bin/../lib/gcc/ba-elf/4.7.4/mcpu_jn51xx_sizeopt\libgcc.a(muldf3.o)
 .comment       0x0000000000000000       0x12 c:/mwstage/tools/ba-elf-ba2-r36379.w10/bin/../lib/gcc/ba-elf/4.7.4/mcpu_jn51xx_sizeopt\libgcc.a(subdf3.o)
 .comment       0x0000000000000000       0x12 c:/mwstage/tools/ba-elf-ba2-r36379.w10/bin/../lib/gcc/ba-elf/4.7.4/mcpu_jn51xx_sizeopt\libgcc.a(fixdfsi.o)
 .comment       0x0000000000000000       0x12 c:/mwstage/tools/ba-elf-ba2-r36379.w10/bin/../lib/gcc/ba-elf/4.7.4/mcpu_jn51xx_sizeopt\libgcc.a(floatsidf.o)
 .comment       0x0000000000000000       0x12 c:/mwstage/tools/ba-elf-ba2-r36379.w10/bin/../lib/gcc/ba-elf/4.7.4/mcpu_jn51xx_sizeopt\libgcc.a(floatunsidf.o)
 .comment       0x0000000000000000       0x11 C:/MWSTAGE/MWSDK/ChipLib/SW4063V1416/Components/Library\libMicroSpecific_JN516x.a(MicroSyscall_ba.o)
                                         0x12 (size before relaxing)
 .comment       0x0000000000000000       0x12 c:/mwstage/tools/ba-elf-ba2-r36379.w10/bin/../lib/gcc/ba-elf/4.7.4/../../../../ba-elf/lib/mcpu_jn51xx_sizeopt\libc.a(lib_a-memset.o)
 .comment       0x0000000000000000       0x12 c:/mwstage/tools/ba-elf-ba2-r36379.w10/bin/../lib/gcc/ba-elf/4.7.4/../../../../ba-elf/lib/mcpu_jn51xx_sizeopt\libc.a(lib_a-strncmp.o)

.debug_info     0x0000000000000000     0x3526
 .debug_info    0x0000000000000000       0xf3 c:/mwstage/tools/ba-elf-ba2-r36379.w10/bin/../lib/gcc/ba-elf/4.7.4/../../../../ba-elf/lib/mcpu_jn51xx_sizeopt\libc.a(lib_a-memcmp.o)
 .debug_info    0x00000000000000f3      0x106 c:/mwstage/tools/ba-elf-ba2-r36379.w10/bin/../lib/gcc/ba-elf/4.7.4/../../../../ba-elf/lib/mcpu_jn51xx_sizeopt\libc.a(lib_a-memcpy.o)
 .debug_info    0x00000000000001f9       0xb7 c:/mwstage/tools/ba-elf-ba2-r36379.w10/bin/../lib/gcc/ba-elf/4.7.4/mcpu_jn51xx_sizeopt\libgcc.a(__udivsi3.o)
 .debug_info    0x00000000000002b0       0xb7 c:/mwstage/tools/ba-elf-ba2-r36379.w10/bin/../lib/gcc/ba-elf/4.7.4/mcpu_jn51xx_sizeopt\libgcc.a(__divsi3.o)
 .debug_info    0x0000000000000367       0xb7 c:/mwstage/tools/ba-elf-ba2-r36379.w10/bin/../lib/gcc/ba-elf/4.7.4/mcpu_jn51xx_sizeopt\libgcc.a(__umodsi3.o)
 .debug_info    0x000000000000041e       0xb7 c:/mwstage/tools/ba-elf-ba2-r36379.w10/bin/../lib/gcc/ba-elf/4.7.4/mcpu_jn51xx_sizeopt\libgcc.a(__modsi3.o)
 .debug_info    0x00000000000004d5       0xd3 c:/mwstage/tools/ba-elf-ba2-r36379.w10/bin/../lib/gcc/ba-elf/4.7.4/mcpu_jn51xx_sizeopt\libgcc.a(_fixunsdfsi.o)
 .debug_info    0x00000000000005a8      0x648 c:/mwstage/tools/ba-elf-ba2-r36379.w10/bin/../lib/gcc/ba-elf/4.7.4/mcpu_jn51xx_sizeopt\libgcc.a(_udivdi3.o)
 .debug_info    0x0000000000000bf0      0x69d c:/mwstage/tools/ba-elf-ba2-r36379.w10/bin/../lib/gcc/ba-elf/4.7.4/mcpu_jn51xx_sizeopt\libgcc.a(_umoddi3.o)
 .debug_info    0x000000000000128d      0x4b2 c:/mwstage/tools/ba-elf-ba2-r36379.w10/bin/../lib/gcc/ba-elf/4.7.4/mcpu_jn51xx_sizeopt\libgcc.a(adddf3.o)
 .debug_info    0x000000000000173f      0x5c5 c:/mwstage/tools/ba-elf-ba2-r36379.w10/bin/../lib/gcc/ba-elf/4.7.4/mcpu_jn51xx_sizeopt\libgcc.a(divdf3.o)
 .debug_info    0x0000000000001d04      0x1e7 c:/mwstage/tools/ba-elf-ba2-r36379.w10/bin/../lib/gcc/ba-elf/4.7.4/mcpu_jn51xx_sizeopt\libgcc.a(eqdf2.o)
 .debug_info    0x0000000000001eeb      0x20b c:/mwstage/tools/ba-elf-ba2-r36379.w10/bin/../lib/gcc/ba-elf/4.7.4/mcpu_jn51xx_sizeopt\libgcc.a(gedf2.o)
 .debug_info    0x00000000000020f6      0x20b c:/mwstage/tools/ba-elf-ba2-r36379.w10/bin/../lib/gcc/ba-elf/4.7.4/mcpu_jn51xx_sizeopt\libgcc.a(ledf2.o)
 .debug_info    0x0000000000002301      0x5c7 c:/mwstage/tools/ba-elf-ba2-r36379.w10/bin/../lib/gcc/ba-elf/4.7.4/mcpu_jn51xx_sizeopt\libgcc.a(muldf3.o)
 .debug_info    0x00000000000028c8      0x4b2 c:/mwstage/tools/ba-elf-ba2-r36379.w10/bin/../lib/gcc/ba-elf/4.7.4/mcpu_jn51xx_sizeopt\libgcc.a(subdf3.o)
 .debug_info    0x0000000000002d7a      0x1b7 c:/mwstage/tools/ba-elf-ba2-r36379.w10/bin/../lib/gcc/ba-elf/4.7.4/mcpu_jn51xx_sizeopt\libgcc.a(fixdfsi.o)
 .debug_info    0x0000000000002f31      0x1d6 c:/mwstage/tools/ba-elf-ba2-r36379.w10/bin/../lib/gcc/ba-elf/4.7.4/mcpu_jn51xx_sizeopt\libgcc.a(floatsidf.o)
 .debug_info    0x0000000000003107      0x1cb c:/mwstage/tools/ba-elf-ba2-r36379.w10/bin/../lib/gcc/ba-elf/4.7.4/mcpu_jn51xx_sizeopt\libgcc.a(floatunsidf.o)
 .debug_info    0x00000000000032d2       0xaa C:/MWSTAGE/MWSDK/ChipLib/SW4063V1416/Components/Library\libBoot_JN516x.a(ExceptionHandler.o)
 .debug_info    0x000000000000337c       0xd7 c:/mwstage/tools/ba-elf-ba2-r36379.w10/bin/../lib/gcc/ba-elf/4.7.4/../../../../ba-elf/lib/mcpu_jn51xx_sizeopt\libc.a(lib_a-memset.o)
 .debug_info    0x0000000000003453       0xd3 c:/mwstage/tools/ba-elf-ba2-r36379.w10/bin/../lib/gcc/ba-elf/4.7.4/../../../../ba-elf/lib/mcpu_jn51xx_sizeopt\libc.a(lib_a-strncmp.o)

.debug_abbrev   0x0000000000000000     0x11ae
 .debug_abbrev  0x0000000000000000       0x8e c:/mwstage/tools/ba-elf-ba2-r36379.w10/bin/../lib/gcc/ba-elf/4.7.4/../../../../ba-elf/lib/mcpu_jn51xx_sizeopt\libc.a(lib_a-memcmp.o)
 .debug_abbrev  0x000000000000008e       0xa4 c:/mwstage/tools/ba-elf-ba2-r36379.w10/bin/../lib/gcc/ba-elf/4.7.4/../../../../ba-elf/lib/mcpu_jn51xx_sizeopt\libc.a(lib_a-memcpy.o)
 .debug_abbrev  0x0000000000000132       0x14 c:/mwstage/tools/ba-elf-ba2-r36379.w10/bin/../lib/gcc/ba-elf/4.7.4/mcpu_jn51xx_sizeopt\libgcc.a(__udivsi3.o)
 .debug_abbrev  0x0000000000000146       0x14 c:/mwstage/tools/ba-elf-ba2-r36379.w10/bin/../lib/gcc/ba-elf/4.7.4/mcpu_jn51xx_sizeopt\libgcc.a(__divsi3.o)
 .debug_abbrev  0x000000000000015a       0x14 c:/mwstage/tools/ba-elf-ba2-r36379.w10/bin/../lib/gcc/ba-elf/4.7.4/mcpu_jn51xx_sizeopt\libgcc.a(__umodsi3.o)
 .debug_abbrev  0x000000000000016e       0x14 c:/mwstage/tools/ba-elf-ba2-r36379.w10/bin/../lib/gcc/ba-elf/4.7.4/mcpu_jn51xx_sizeopt\libgcc.a(__modsi3.o)
 .debug_abbrev  0x0000000000000182       0x60 c:/mwstage/tools/ba-elf-ba2-r36379.w10/bin/../lib/gcc/ba-elf/4.7.4/mcpu_jn51xx_sizeopt\libgcc.a(_fixunsdfsi.o)
 .debug_abbrev  0x00000000000001e2      0x15d c:/mwstage/tools/ba-elf-ba2-r36379.w10/bin/../lib/gcc/ba-elf/4.7.4/mcpu_jn51xx_sizeopt\libgcc.a(_udivdi3.o)
 .debug_abbrev  0x000000000000033f      0x175 c:/mwstage/tools/ba-elf-ba2-r36379.w10/bin/../lib/gcc/ba-elf/4.7.4/mcpu_jn51xx_sizeopt\libgcc.a(_umoddi3.o)
 .debug_abbrev  0x00000000000004b4      0x133 c:/mwstage/tools/ba-elf-ba2-r36379.w10/bin/../lib/gcc/ba-elf/4.7.4/mcpu_jn51xx_sizeopt\libgcc.a(adddf3.o)
 .debug_abbrev  0x00000000000005e7      0x12f c:/mwstage/tools/ba-elf-ba2-r36379.w10/bin/../lib/gcc/ba-elf/4.7.4/mcpu_jn51xx_sizeopt\libgcc.a(divdf3.o)
 .debug_abbrev  0x0000000000000716      0x128 c:/mwstage/tools/ba-elf-ba2-r36379.w10/bin/../lib/gcc/ba-elf/4.7.4/mcpu_jn51xx_sizeopt\libgcc.a(eqdf2.o)
 .debug_abbrev  0x000000000000083e      0x137 c:/mwstage/tools/ba-elf-ba2-r36379.w10/bin/../lib/gcc/ba-elf/4.7.4/mcpu_jn51xx_sizeopt\libgcc.a(gedf2.o)
 .debug_abbrev  0x0000000000000975      0x139 c:/mwstage/tools/ba-elf-ba2-r36379.w10/bin/../lib/gcc/ba-elf/4.7.4/mcpu_jn51xx_sizeopt\libgcc.a(ledf2.o)
 .debug_abbrev  0x0000000000000aae      0x141 c:/mwstage/tools/ba-elf-ba2-r36379.w10/bin/../lib/gcc/ba-elf/4.7.4/mcpu_jn51xx_sizeopt\libgcc.a(muldf3.o)
 .debug_abbrev  0x0000000000000bef      0x133 c:/mwstage/tools/ba-elf-ba2-r36379.w10/bin/../lib/gcc/ba-elf/4.7.4/mcpu_jn51xx_sizeopt\libgcc.a(subdf3.o)
 .debug_abbrev  0x0000000000000d22      0x12a c:/mwstage/tools/ba-elf-ba2-r36379.w10/bin/../lib/gcc/ba-elf/4.7.4/mcpu_jn51xx_sizeopt\libgcc.a(fixdfsi.o)
 .debug_abbrev  0x0000000000000e4c      0x128 c:/mwstage/tools/ba-elf-ba2-r36379.w10/bin/../lib/gcc/ba-elf/4.7.4/mcpu_jn51xx_sizeopt\libgcc.a(floatsidf.o)
 .debug_abbrev  0x0000000000000f74      0x128 c:/mwstage/tools/ba-elf-ba2-r36379.w10/bin/../lib/gcc/ba-elf/4.7.4/mcpu_jn51xx_sizeopt\libgcc.a(floatunsidf.o)
 .debug_abbrev  0x000000000000109c       0x14 C:/MWSTAGE/MWSDK/ChipLib/SW4063V1416/Components/Library\libBoot_JN516x.a(ExceptionHandler.o)
 .debug_abbrev  0x00000000000010b0       0x8e c:/mwstage/tools/ba-elf-ba2-r36379.w10/bin/../lib/gcc/ba-elf/4.7.4/../../../../ba-elf/lib/mcpu_jn51xx_sizeopt\libc.a(lib_a-memset.o)
 .debug_abbrev  0x000000000000113e       0x70 c:/mwstage/tools/ba-elf-ba2-r36379.w10/bin/../lib/gcc/ba-elf/4.7.4/../../../../ba-elf/lib/mcpu_jn51xx_sizeopt\libc.a(lib_a-strncmp.o)

.debug_loc      0x0000000000000000     0x59f6
 .debug_loc     0x0000000000000000       0x73 c:/mwstage/tools/ba-elf-ba2-r36379.w10/bin/../lib/gcc/ba-elf/4.7.4/../../../../ba-elf/lib/mcpu_jn51xx_sizeopt\libc.a(lib_a-memcmp.o)
 .debug_loc     0x0000000000000073       0x39 c:/mwstage/tools/ba-elf-ba2-r36379.w10/bin/../lib/gcc/ba-elf/4.7.4/../../../../ba-elf/lib/mcpu_jn51xx_sizeopt\libc.a(lib_a-memcpy.o)
 .debug_loc     0x00000000000000ac       0x48 c:/mwstage/tools/ba-elf-ba2-r36379.w10/bin/../lib/gcc/ba-elf/4.7.4/mcpu_jn51xx_sizeopt\libgcc.a(_fixunsdfsi.o)
 .debug_loc     0x00000000000000f4      0xa7b c:/mwstage/tools/ba-elf-ba2-r36379.w10/bin/../lib/gcc/ba-elf/4.7.4/mcpu_jn51xx_sizeopt\libgcc.a(_udivdi3.o)
 .debug_loc     0x0000000000000b6f      0x985 c:/mwstage/tools/ba-elf-ba2-r36379.w10/bin/../lib/gcc/ba-elf/4.7.4/mcpu_jn51xx_sizeopt\libgcc.a(_umoddi3.o)
 .debug_loc     0x00000000000014f4     0x10f3 c:/mwstage/tools/ba-elf-ba2-r36379.w10/bin/../lib/gcc/ba-elf/4.7.4/mcpu_jn51xx_sizeopt\libgcc.a(adddf3.o)
 .debug_loc     0x00000000000025e7     0x117e c:/mwstage/tools/ba-elf-ba2-r36379.w10/bin/../lib/gcc/ba-elf/4.7.4/mcpu_jn51xx_sizeopt\libgcc.a(divdf3.o)
 .debug_loc     0x0000000000003765       0x83 c:/mwstage/tools/ba-elf-ba2-r36379.w10/bin/../lib/gcc/ba-elf/4.7.4/mcpu_jn51xx_sizeopt\libgcc.a(eqdf2.o)
 .debug_loc     0x00000000000037e8      0x154 c:/mwstage/tools/ba-elf-ba2-r36379.w10/bin/../lib/gcc/ba-elf/4.7.4/mcpu_jn51xx_sizeopt\libgcc.a(gedf2.o)
 .debug_loc     0x000000000000393c       0xe6 c:/mwstage/tools/ba-elf-ba2-r36379.w10/bin/../lib/gcc/ba-elf/4.7.4/mcpu_jn51xx_sizeopt\libgcc.a(ledf2.o)
 .debug_loc     0x0000000000003a22      0xa0e c:/mwstage/tools/ba-elf-ba2-r36379.w10/bin/../lib/gcc/ba-elf/4.7.4/mcpu_jn51xx_sizeopt\libgcc.a(muldf3.o)
 .debug_loc     0x0000000000004430     0x114e c:/mwstage/tools/ba-elf-ba2-r36379.w10/bin/../lib/gcc/ba-elf/4.7.4/mcpu_jn51xx_sizeopt\libgcc.a(subdf3.o)
 .debug_loc     0x000000000000557e       0xa8 c:/mwstage/tools/ba-elf-ba2-r36379.w10/bin/../lib/gcc/ba-elf/4.7.4/mcpu_jn51xx_sizeopt\libgcc.a(fixdfsi.o)
 .debug_loc     0x0000000000005626      0x1be c:/mwstage/tools/ba-elf-ba2-r36379.w10/bin/../lib/gcc/ba-elf/4.7.4/mcpu_jn51xx_sizeopt\libgcc.a(floatsidf.o)
 .debug_loc     0x00000000000057e4      0x179 c:/mwstage/tools/ba-elf-ba2-r36379.w10/bin/../lib/gcc/ba-elf/4.7.4/mcpu_jn51xx_sizeopt\libgcc.a(floatunsidf.o)
 .debug_loc     0x000000000000595d       0x3f c:/mwstage/tools/ba-elf-ba2-r36379.w10/bin/../lib/gcc/ba-elf/4.7.4/../../../../ba-elf/lib/mcpu_jn51xx_sizeopt\libc.a(lib_a-memset.o)
 .debug_loc     0x000000000000599c       0x5a c:/mwstage/tools/ba-elf-ba2-r36379.w10/bin/../lib/gcc/ba-elf/4.7.4/../../../../ba-elf/lib/mcpu_jn51xx_sizeopt\libc.a(lib_a-strncmp.o)

.debug_aranges  0x0000000000000000      0x2c0
 .debug_aranges
                0x0000000000000000       0x20 c:/mwstage/tools/ba-elf-ba2-r36379.w10/bin/../lib/gcc/ba-elf/4.7.4/../../../../ba-elf/lib/mcpu_jn51xx_sizeopt\libc.a(lib_a-memcmp.o)
 .debug_aranges
                0x0000000000000020       0x20 c:/mwstage/tools/ba-elf-ba2-r36379.w10/bin/../lib/gcc/ba-elf/4.7.4/../../../../ba-elf/lib/mcpu_jn51xx_sizeopt\libc.a(lib_a-memcpy.o)
 .debug_aranges
                0x0000000000000040       0x20 c:/mwstage/tools/ba-elf-ba2-r36379.w10/bin/../lib/gcc/ba-elf/4.7.4/mcpu_jn51xx_sizeopt\libgcc.a(__udivsi3.o)
 .debug_aranges
                0x0000000000000060       0x20 c:/mwstage/tools/ba-elf-ba2-r36379.w10/bin/../lib/gcc/ba-elf/4.7.4/mcpu_jn51xx_sizeopt\libgcc.a(__divsi3.o)
 .debug_aranges
                0x0000000000000080       0x20 c:/mwstage/tools/ba-elf-ba2-r36379.w10/bin/../lib/gcc/ba-elf/4.7.4/mcpu_jn51xx_sizeopt\libgcc.a(__umodsi3.o)
 .debug_aranges
                0x00000000000000a0       0x20 c:/mwstage/tools/ba-elf-ba2-r36379.w10/bin/../lib/gcc/ba-elf/4.7.4/mcpu_jn51xx_sizeopt\libgcc.a(__modsi3.o)
 .debug_aranges
                0x00000000000000c0       0x20 c:/mwstage/tools/ba-elf-ba2-r36379.w10/bin/../lib/gcc/ba-elf/4.7.4/mcpu_jn51xx_sizeopt\libgcc.a(_fixunsdfsi.o)
 .debug_aranges
                0x00000000000000e0       0x20 c:/mwstage/tools/ba-elf-ba2-r36379.w10/bin/../lib/gcc/ba-elf/4.7.4/mcpu_jn51xx_sizeopt\libgcc.a(_udivdi3.o)
 .debug_aranges
                0x0000000000000100       0x20 c:/mwstage/tools/ba-elf-ba2-r36379.w10/bin/../lib/gcc/ba-elf/4.7.4/mcpu_jn51xx_sizeopt\libgcc.a(_umoddi3.o)
 .debug_aranges
                0x0000000000000120       0x20 c:/mwstage/tools/ba-elf-ba2-r36379.w10/bin/../lib/gcc/ba-elf/4.7.4/mcpu_jn51xx_sizeopt\libgcc.a(adddf3.o)
 .debug_aranges
                0x0000000000000140       0x20 c:/mwstage/tools/ba-elf-ba2-r36379.w10/bin/../lib/gcc/ba-elf/4.7.4/mcpu_jn51xx_sizeopt\libgcc.a(divdf3.o)
 .debug_aranges
                0x0000000000000160       0x20 c:/mwstage/tools/ba-elf-ba2-r36379.w10/bin/../lib/gcc/ba-elf/4.7.4/mcpu_jn51xx_sizeopt\libgcc.a(eqdf2.o)
 .debug_aranges
                0x0000000000000180       0x20 c:/mwstage/tools/ba-elf-ba2-r36379.w10/bin/../lib/gcc/ba-elf/4.7.4/mcpu_jn51xx_sizeopt\libgcc.a(gedf2.o)
 .debug_aranges
                0x00000000000001a0       0x20 c:/mwstage/tools/ba-elf-ba2-r36379.w10/bin/../lib/gcc/ba-elf/4.7.4/mcpu_jn51xx_sizeopt\libgcc.a(ledf2.o)
 .debug_aranges
                0x00000000000001c0       0x20 c:/mwstage/tools/ba-elf-ba2-r36379.w10/bin/../lib/gcc/ba-elf/4.7.4/mcpu_jn51xx_sizeopt\libgcc.a(muldf3.o)
 .debug_aranges
                0x00000000000001e0       0x20 c:/mwstage/tools/ba-elf-ba2-r36379.w10/bin/../lib/gcc/ba-elf/4.7.4/mcpu_jn51xx_sizeopt\libgcc.a(subdf3.o)
 .debug_aranges
                0x0000000000000200       0x20 c:/mwstage/tools/ba-elf-ba2-r36379.w10/bin/../lib/gcc/ba-elf/4.7.4/mcpu_jn51xx_sizeopt\libgcc.a(fixdfsi.o)
 .debug_aranges
                0x0000000000000220       0x20 c:/mwstage/tools/ba-elf-ba2-r36379.w10/bin/../lib/gcc/ba-elf/4.7.4/mcpu_jn51xx_sizeopt\libgcc.a(floatsidf.o)
 .debug_aranges
                0x0000000000000240       0x20 c:/mwstage/tools/ba-elf-ba2-r36379.w10/bin/../lib/gcc/ba-elf/4.7.4/mcpu_jn51xx_sizeopt\libgcc.a(floatunsidf.o)
 .debug_aranges
                0x0000000000000260       0x20 C:/MWSTAGE/MWSDK/ChipLib/SW4063V1416/Components/Library\libBoot_JN516x.a(ExceptionHandler.o)
 .debug_aranges
                0x0000000000000280       0x20 c:/mwstage/tools/ba-elf-ba2-r36379.w10/bin/../lib/gcc/ba-elf/4.7.4/../../../../ba-elf/lib/mcpu_jn51xx_sizeopt\libc.a(lib_a-memset.o)
 .debug_aranges
                0x00000000000002a0       0x20 c:/mwstage/tools/ba-elf-ba2-r36379.w10/bin/../lib/gcc/ba-elf/4.7.4/../../../../ba-elf/lib/mcpu_jn51xx_sizeopt\libc.a(lib_a-strncmp.o)

.debug_line     0x0000000000000000     0x2d38
 .debug_line    0x0000000000000000      0x15a c:/mwstage/tools/ba-elf-ba2-r36379.w10/bin/../lib/gcc/ba-elf/4.7.4/../../../../ba-elf/lib/mcpu_jn51xx_sizeopt\libc.a(lib_a-memcmp.o)
 .debug_line    0x000000000000015a      0x14e c:/mwstage/tools/ba-elf-ba2-r36379.w10/bin/../lib/gcc/ba-elf/4.7.4/../../../../ba-elf/lib/mcpu_jn51xx_sizeopt\libc.a(lib_a-memcpy.o)
 .debug_line    0x00000000000002a8      0x47b c:/mwstage/tools/ba-elf-ba2-r36379.w10/bin/../lib/gcc/ba-elf/4.7.4/mcpu_jn51xx_sizeopt\libgcc.a(__udivsi3.o)
 .debug_line    0x0000000000000723       0xbb c:/mwstage/tools/ba-elf-ba2-r36379.w10/bin/../lib/gcc/ba-elf/4.7.4/mcpu_jn51xx_sizeopt\libgcc.a(__divsi3.o)
 .debug_line    0x00000000000007de      0x3c7 c:/mwstage/tools/ba-elf-ba2-r36379.w10/bin/../lib/gcc/ba-elf/4.7.4/mcpu_jn51xx_sizeopt\libgcc.a(__umodsi3.o)
 .debug_line    0x0000000000000ba5       0xa3 c:/mwstage/tools/ba-elf-ba2-r36379.w10/bin/../lib/gcc/ba-elf/4.7.4/mcpu_jn51xx_sizeopt\libgcc.a(__modsi3.o)
 .debug_line    0x0000000000000c48       0x9f c:/mwstage/tools/ba-elf-ba2-r36379.w10/bin/../lib/gcc/ba-elf/4.7.4/mcpu_jn51xx_sizeopt\libgcc.a(_fixunsdfsi.o)
 .debug_line    0x0000000000000ce7      0x1b7 c:/mwstage/tools/ba-elf-ba2-r36379.w10/bin/../lib/gcc/ba-elf/4.7.4/mcpu_jn51xx_sizeopt\libgcc.a(_udivdi3.o)
 .debug_line    0x0000000000000e9e      0x1b7 c:/mwstage/tools/ba-elf-ba2-r36379.w10/bin/../lib/gcc/ba-elf/4.7.4/mcpu_jn51xx_sizeopt\libgcc.a(_umoddi3.o)
 .debug_line    0x0000000000001055      0x63d c:/mwstage/tools/ba-elf-ba2-r36379.w10/bin/../lib/gcc/ba-elf/4.7.4/mcpu_jn51xx_sizeopt\libgcc.a(adddf3.o)
 .debug_line    0x0000000000001692      0x3b5 c:/mwstage/tools/ba-elf-ba2-r36379.w10/bin/../lib/gcc/ba-elf/4.7.4/mcpu_jn51xx_sizeopt\libgcc.a(divdf3.o)
 .debug_line    0x0000000000001a47       0xf1 c:/mwstage/tools/ba-elf-ba2-r36379.w10/bin/../lib/gcc/ba-elf/4.7.4/mcpu_jn51xx_sizeopt\libgcc.a(eqdf2.o)
 .debug_line    0x0000000000001b38      0x15f c:/mwstage/tools/ba-elf-ba2-r36379.w10/bin/../lib/gcc/ba-elf/4.7.4/mcpu_jn51xx_sizeopt\libgcc.a(gedf2.o)
 .debug_line    0x0000000000001c97      0x15f c:/mwstage/tools/ba-elf-ba2-r36379.w10/bin/../lib/gcc/ba-elf/4.7.4/mcpu_jn51xx_sizeopt\libgcc.a(ledf2.o)
 .debug_line    0x0000000000001df6      0x269 c:/mwstage/tools/ba-elf-ba2-r36379.w10/bin/../lib/gcc/ba-elf/4.7.4/mcpu_jn51xx_sizeopt\libgcc.a(muldf3.o)
 .debug_line    0x000000000000205f      0x656 c:/mwstage/tools/ba-elf-ba2-r36379.w10/bin/../lib/gcc/ba-elf/4.7.4/mcpu_jn51xx_sizeopt\libgcc.a(subdf3.o)
 .debug_line    0x00000000000026b5       0xc8 c:/mwstage/tools/ba-elf-ba2-r36379.w10/bin/../lib/gcc/ba-elf/4.7.4/mcpu_jn51xx_sizeopt\libgcc.a(fixdfsi.o)
 .debug_line    0x000000000000277d       0xbc c:/mwstage/tools/ba-elf-ba2-r36379.w10/bin/../lib/gcc/ba-elf/4.7.4/mcpu_jn51xx_sizeopt\libgcc.a(floatsidf.o)
 .debug_line    0x0000000000002839       0xbe c:/mwstage/tools/ba-elf-ba2-r36379.w10/bin/../lib/gcc/ba-elf/4.7.4/mcpu_jn51xx_sizeopt\libgcc.a(floatunsidf.o)
 .debug_line    0x00000000000028f7      0x197 C:/MWSTAGE/MWSDK/ChipLib/SW4063V1416/Components/Library\libBoot_JN516x.a(ExceptionHandler.o)
 .debug_line    0x0000000000002a8e      0x144 c:/mwstage/tools/ba-elf-ba2-r36379.w10/bin/../lib/gcc/ba-elf/4.7.4/../../../../ba-elf/lib/mcpu_jn51xx_sizeopt\libc.a(lib_a-memset.o)
 .debug_line    0x0000000000002bd2      0x166 c:/mwstage/tools/ba-elf-ba2-r36379.w10/bin/../lib/gcc/ba-elf/4.7.4/../../../../ba-elf/lib/mcpu_jn51xx_sizeopt\libc.a(lib_a-strncmp.o)

.debug_str      0x0000000000000000      0x709
 .debug_str     0x0000000000000000       0x49 c:/mwstage/tools/ba-elf-ba2-r36379.w10/bin/../lib/gcc/ba-elf/4.7.4/../../../../ba-elf/lib/mcpu_jn51xx_sizeopt\libc.a(lib_a-memcmp.o)
                                        0x155 (size before relaxing)
 .debug_str     0x0000000000000049       0x5d c:/mwstage/tools/ba-elf-ba2-r36379.w10/bin/../lib/gcc/ba-elf/4.7.4/../../../../ba-elf/lib/mcpu_jn51xx_sizeopt\libc.a(lib_a-memcpy.o)
                                        0x169 (size before relaxing)
 .debug_str     0x00000000000000a6       0xc5 c:/mwstage/tools/ba-elf-ba2-r36379.w10/bin/../lib/gcc/ba-elf/4.7.4/mcpu_jn51xx_sizeopt\libgcc.a(_fixunsdfsi.o)
                                        0x169 (size before relaxing)
 .debug_str     0x000000000000016b       0x7b c:/mwstage/tools/ba-elf-ba2-r36379.w10/bin/../lib/gcc/ba-elf/4.7.4/mcpu_jn51xx_sizeopt\libgcc.a(_udivdi3.o)
                                        0x1d7 (size before relaxing)
 .debug_str     0x00000000000001e6        0xa c:/mwstage/tools/ba-elf-ba2-r36379.w10/bin/../lib/gcc/ba-elf/4.7.4/mcpu_jn51xx_sizeopt\libgcc.a(_umoddi3.o)
                                        0x1d7 (size before relaxing)
 .debug_str     0x00000000000001f0       0xc6 c:/mwstage/tools/ba-elf-ba2-r36379.w10/bin/../lib/gcc/ba-elf/4.7.4/mcpu_jn51xx_sizeopt\libgcc.a(adddf3.o)
                                        0x1ba (size before relaxing)
 .debug_str     0x00000000000002b6       0x7a c:/mwstage/tools/ba-elf-ba2-r36379.w10/bin/../lib/gcc/ba-elf/4.7.4/mcpu_jn51xx_sizeopt\libgcc.a(divdf3.o)
                                        0x1f9 (size before relaxing)
 .debug_str     0x0000000000000330       0x3f c:/mwstage/tools/ba-elf-ba2-r36379.w10/bin/../lib/gcc/ba-elf/4.7.4/mcpu_jn51xx_sizeopt\libgcc.a(eqdf2.o)
                                        0x16e (size before relaxing)
 .debug_str     0x000000000000036f       0x57 c:/mwstage/tools/ba-elf-ba2-r36379.w10/bin/../lib/gcc/ba-elf/4.7.4/mcpu_jn51xx_sizeopt\libgcc.a(gedf2.o)
                                        0x186 (size before relaxing)
 .debug_str     0x00000000000003c6       0x3f c:/mwstage/tools/ba-elf-ba2-r36379.w10/bin/../lib/gcc/ba-elf/4.7.4/mcpu_jn51xx_sizeopt\libgcc.a(ledf2.o)
                                        0x186 (size before relaxing)
 .debug_str     0x0000000000000405       0x72 c:/mwstage/tools/ba-elf-ba2-r36379.w10/bin/../lib/gcc/ba-elf/4.7.4/mcpu_jn51xx_sizeopt\libgcc.a(muldf3.o)
                                        0x1eb (size before relaxing)
 .debug_str     0x0000000000000477       0x41 c:/mwstage/tools/ba-elf-ba2-r36379.w10/bin/../lib/gcc/ba-elf/4.7.4/mcpu_jn51xx_sizeopt\libgcc.a(subdf3.o)
                                        0x1ba (size before relaxing)
 .debug_str     0x00000000000004b8       0x4b c:/mwstage/tools/ba-elf-ba2-r36379.w10/bin/../lib/gcc/ba-elf/4.7.4/mcpu_jn51xx_sizeopt\libgcc.a(fixdfsi.o)
                                        0x17f (size before relaxing)
 .debug_str     0x0000000000000503       0x54 c:/mwstage/tools/ba-elf-ba2-r36379.w10/bin/../lib/gcc/ba-elf/4.7.4/mcpu_jn51xx_sizeopt\libgcc.a(floatsidf.o)
                                        0x188 (size before relaxing)
 .debug_str     0x0000000000000557       0x4b c:/mwstage/tools/ba-elf-ba2-r36379.w10/bin/../lib/gcc/ba-elf/4.7.4/mcpu_jn51xx_sizeopt\libgcc.a(floatunsidf.o)
                                        0x185 (size before relaxing)
 .debug_str     0x00000000000005a2      0x11c c:/mwstage/tools/ba-elf-ba2-r36379.w10/bin/../lib/gcc/ba-elf/4.7.4/../../../../ba-elf/lib/mcpu_jn51xx_sizeopt\libc.a(lib_a-memset.o)
                                        0x155 (size before relaxing)
 .debug_str     0x00000000000006be       0x4b c:/mwstage/tools/ba-elf-ba2-r36379.w10/bin/../lib/gcc/ba-elf/4.7.4/../../../../ba-elf/lib/mcpu_jn51xx_sizeopt\libc.a(lib_a-strncmp.o)
                                        0x157 (size before relaxing)

.debug_frame    0x0000000000000000      0x26c
 .debug_frame   0x0000000000000000       0x20 c:/mwstage/tools/ba-elf-ba2-r36379.w10/bin/../lib/gcc/ba-elf/4.7.4/../../../../ba-elf/lib/mcpu_jn51xx_sizeopt\libc.a(lib_a-memcmp.o)
 .debug_frame   0x0000000000000020       0x20 c:/mwstage/tools/ba-elf-ba2-r36379.w10/bin/../lib/gcc/ba-elf/4.7.4/../../../../ba-elf/lib/mcpu_jn51xx_sizeopt\libc.a(lib_a-memcpy.o)
 .debug_frame   0x0000000000000040       0x2c c:/mwstage/tools/ba-elf-ba2-r36379.w10/bin/../lib/gcc/ba-elf/4.7.4/mcpu_jn51xx_sizeopt\libgcc.a(_fixunsdfsi.o)
 .debug_frame   0x000000000000006c       0x30 c:/mwstage/tools/ba-elf-ba2-r36379.w10/bin/../lib/gcc/ba-elf/4.7.4/mcpu_jn51xx_sizeopt\libgcc.a(adddf3.o)
 .debug_frame   0x000000000000009c       0x34 c:/mwstage/tools/ba-elf-ba2-r36379.w10/bin/../lib/gcc/ba-elf/4.7.4/mcpu_jn51xx_sizeopt\libgcc.a(divdf3.o)
 .debug_frame   0x00000000000000d0       0x30 c:/mwstage/tools/ba-elf-ba2-r36379.w10/bin/../lib/gcc/ba-elf/4.7.4/mcpu_jn51xx_sizeopt\libgcc.a(eqdf2.o)
 .debug_frame   0x0000000000000100       0x34 c:/mwstage/tools/ba-elf-ba2-r36379.w10/bin/../lib/gcc/ba-elf/4.7.4/mcpu_jn51xx_sizeopt\libgcc.a(gedf2.o)
 .debug_frame   0x0000000000000134       0x34 c:/mwstage/tools/ba-elf-ba2-r36379.w10/bin/../lib/gcc/ba-elf/4.7.4/mcpu_jn51xx_sizeopt\libgcc.a(ledf2.o)
 .debug_frame   0x0000000000000168       0x34 c:/mwstage/tools/ba-elf-ba2-r36379.w10/bin/../lib/gcc/ba-elf/4.7.4/mcpu_jn51xx_sizeopt\libgcc.a(muldf3.o)
 .debug_frame   0x000000000000019c       0x30 c:/mwstage/tools/ba-elf-ba2-r36379.w10/bin/../lib/gcc/ba-elf/4.7.4/mcpu_jn51xx_sizeopt\libgcc.a(subdf3.o)
 .debug_frame   0x00000000000001cc       0x20 c:/mwstage/tools/ba-elf-ba2-r36379.w10/bin/../lib/gcc/ba-elf/4.7.4/mcpu_jn51xx_sizeopt\libgcc.a(fixdfsi.o)
 .debug_frame   0x00000000000001ec       0x20 c:/mwstage/tools/ba-elf-ba2-r36379.w10/bin/../lib/gcc/ba-elf/4.7.4/mcpu_jn51xx_sizeopt\libgcc.a(floatsidf.o)
 .debug_frame   0x000000000000020c       0x20 c:/mwstage/tools/ba-elf-ba2-r36379.w10/bin/../lib/gcc/ba-elf/4.7.4/mcpu_jn51xx_sizeopt\libgcc.a(floatunsidf.o)
 .debug_frame   0x000000000000022c       0x20 c:/mwstage/tools/ba-elf-ba2-r36379.w10/bin/../lib/gcc/ba-elf/4.7.4/../../../../ba-elf/lib/mcpu_jn51xx_sizeopt\libc.a(lib_a-memset.o)
 .debug_frame   0x000000000000024c       0x20 c:/mwstage/tools/ba-elf-ba2-r36379.w10/bin/../lib/gcc/ba-elf/4.7.4/../../../../ba-elf/lib/mcpu_jn51xx_sizeopt\libc.a(lib_a-strncmp.o)

.debug_ranges   0x0000000000000000      0x558
 .debug_ranges  0x0000000000000000       0xa0 c:/mwstage/tools/ba-elf-ba2-r36379.w10/bin/../lib/gcc/ba-elf/4.7.4/mcpu_jn51xx_sizeopt\libgcc.a(_udivdi3.o)
 .debug_ranges  0x00000000000000a0       0x80 c:/mwstage/tools/ba-elf-ba2-r36379.w10/bin/../lib/gcc/ba-elf/4.7.4/mcpu_jn51xx_sizeopt\libgcc.a(_umoddi3.o)
 .debug_ranges  0x0000000000000120       0x80 c:/mwstage/tools/ba-elf-ba2-r36379.w10/bin/../lib/gcc/ba-elf/4.7.4/mcpu_jn51xx_sizeopt\libgcc.a(adddf3.o)
 .debug_ranges  0x00000000000001a0       0xb0 c:/mwstage/tools/ba-elf-ba2-r36379.w10/bin/../lib/gcc/ba-elf/4.7.4/mcpu_jn51xx_sizeopt\libgcc.a(divdf3.o)
 .debug_ranges  0x0000000000000250       0x38 c:/mwstage/tools/ba-elf-ba2-r36379.w10/bin/../lib/gcc/ba-elf/4.7.4/mcpu_jn51xx_sizeopt\libgcc.a(eqdf2.o)
 .debug_ranges  0x0000000000000288       0x58 c:/mwstage/tools/ba-elf-ba2-r36379.w10/bin/../lib/gcc/ba-elf/4.7.4/mcpu_jn51xx_sizeopt\libgcc.a(gedf2.o)
 .debug_ranges  0x00000000000002e0       0x40 c:/mwstage/tools/ba-elf-ba2-r36379.w10/bin/../lib/gcc/ba-elf/4.7.4/mcpu_jn51xx_sizeopt\libgcc.a(ledf2.o)
 .debug_ranges  0x0000000000000320      0x1a8 c:/mwstage/tools/ba-elf-ba2-r36379.w10/bin/../lib/gcc/ba-elf/4.7.4/mcpu_jn51xx_sizeopt\libgcc.a(muldf3.o)
 .debug_ranges  0x00000000000004c8       0x78 c:/mwstage/tools/ba-elf-ba2-r36379.w10/bin/../lib/gcc/ba-elf/4.7.4/mcpu_jn51xx_sizeopt\libgcc.a(subdf3.o)
 .debug_ranges  0x0000000000000540       0x18 c:/mwstage/tools/ba-elf-ba2-r36379.w10/bin/../lib/gcc/ba-elf/4.7.4/mcpu_jn51xx_sizeopt\libgcc.a(fixdfsi.o)
