Archive member included because of file (symbol)

C:/MWSTAGE/MWSDK/TWENET/current/lib/libTWENET_BLUE.a(ToCoNet_event.o)
                              objs_BLUE/zig_send.o (symbol from plugin) (PRSEV_u8RegisterEx)
C:/MWSTAGE/MWSDK/TWENET/current/lib/libTWENET_BLUE.a(ToCoNet_main.o)
                              ToCoNet_event.o (symbol from plugin) (u32TickCount_ms)
C:/MWSTAGE/MWSDK/TWENET/current/lib/libTWENET_BLUE.a(ToCoNet_utils.o)
                              ToCoNet_main.o (symbol from plugin) (ToCoNet_u32GetVersion)
C:/MWSTAGE/MWSDK/TWENET/current/lib/libTWENET_BLUE.a(ToCoNet_mod_Nwk_Common.o)
                              ToCoNet_main.o (symbol from plugin) (ToCoNet_vRxProc_Mod)
C:/MWSTAGE/MWSDK/TWENET/current/lib/libTWENET_BLUE.a(ToCoNet_mod_Channel_Mgr.o)
                              ToCoNet_main.o (symbol from plugin) (ToCoNet_ChMgr_bCh_Reconfig)
C:/MWSTAGE/MWSDK/TWENET/current/lib/libTWENET_BLUE.a(Version.o)
                              ToCoNet_utils.o (symbol from plugin) (au8ToCoNetVersionInfo)
C:/MWSTAGE/MWSDK/TWENET/current/lib/libTWENET_BLUE.a(AppQueueApi_ToCoNet.o)
                              ToCoNet_main.o (symbol from plugin) (_u32_INT_ticktimer)
C:/MWSTAGE/MWSDK/TWENET/current/lib/libTWENEText_BLUE.a(AppStart.o)
                              (AppColdStart)
C:/MWSTAGE/MWSDK/TWENET/current/lib/libTWENEText_BLUE.a(getMacAddr.o)
                              ToCoNet_main.o (symbol from plugin) (ToCoNet_u32GetSerialOnBoot)
C:/MWSTAGE/MWSDK/TWENET/current/lib/libTWENEText_BLUE.a(mac.o)
                              ToCoNet_main.o (symbol from plugin) (Mac_vInit)
C:/MWSTAGE/MWSDK/TWENET/current/lib/libTWENEText_BLUE.a(AES_CCM.o)
                              AppStart.o (symbol from plugin) (bAES_CCM_KeyReg)
C:/MWSTAGE/MWSDK/TWENET/current/lib/libTWENEText_BLUE.a(no_ack_handler.o)
                              AppStart.o (symbol from plugin) (vInstallNoAckHandler)
C:/MWSTAGE/MWSDK/TWENET/current/lib/libTWENEText_BLUE.a(Version.o)
                              ToCoNet_utils.o (symbol from plugin) (au8ToCoNetExtVersionInfo)
C:/MWSTAGE/MWSDK/TWENET/current/lib/libTWENETutils_BLUE.a(serial.o)
                              objs_BLUE/zig_send.o (symbol from plugin) (SERIAL_bTxChar)
C:/MWSTAGE/MWSDK/TWENET/current/lib/libTWENETutils_BLUE.a(uart.o)
                              serial.o (symbol from plugin) (UART_vInit)
C:/MWSTAGE/MWSDK/TWENET/current/lib/libTWENETutils_BLUE.a(ByteQueue.o)
                              ToCoNet_main.o (symbol from plugin) (QUEUE__vInit)
C:/MWSTAGE/MWSDK/TWENET/current/lib/libTWENETutils_BLUE.a(ccitt8.o)
                              AppStart.o (symbol from plugin) (u8CCITT8)
C:/MWSTAGE/MWSDK/TWENET/current/lib/libTWENETutils_BLUE.a(utils.o)
                              ToCoNet_main.o (symbol from plugin) (vTimerConfig)
C:/MWSTAGE/MWSDK/TWENET/current/lib/libTWENETutils_BLUE.a(ccm.o)
                              AES_CCM.o (symbol from plugin) (ccm_init_and_key)
C:/MWSTAGE/MWSDK/TWENET/current/lib/libTWENETutils_BLUE.a(Version.o)
                              ToCoNet_utils.o (symbol from plugin) (au8ToCoNetUtilsVersionInfo)
C:/MWSTAGE/MWSDK/TWENET/current/lib/libTWENETutils_BLUE.a(aescrypt.o)
                              ccm.o (symbol from plugin) (aes_encrypt)
C:/MWSTAGE/MWSDK/TWENET/current/lib/libTWENETutils_BLUE.a(aeskey.o)
                              ccm.o (symbol from plugin) (aes_encrypt_key)
C:/MWSTAGE/MWSDK/TWENET/current/lib/libTWENETutils_BLUE.a(aestab.o)
                              aeskey.o (symbol from plugin) (t_im)
C:/MWSTAGE/MWSDK/TWENET/current/lib/libTWENETstgs_BLUE.a(tweinteractive.o)
                              objs_BLUE/zig_send.o (symbol from plugin) (TWEINTRCT_bIsVerbose)
C:/MWSTAGE/MWSDK/TWENET/current/lib/libTWENETstgs_BLUE.a(tweprintf.o)
                              tweinteractive.o (symbol from plugin) (TWE_fprintf)
C:/MWSTAGE/MWSDK/TWENET/current/lib/libTWENETstgs_BLUE.a(twesercmd_plus3.o)
                              tweinteractive.o (symbol from plugin) (TWESERCMD_Plus3_u8Parse)
C:/MWSTAGE/MWSDK/TWENET/current/lib/libTWENETstgs_BLUE.a(tweserial.o)
                              tweinteractive.o (symbol from plugin) (_TWE_fputs)
C:/MWSTAGE/MWSDK/TWENET/current/lib/libTWENETstgs_BLUE.a(printf.o)
                              objs_BLUE/zig_send.o (symbol from plugin) (fctprintf)
C:/MWSTAGE/MWSDK/TWENET/current/lib/libTWENETstgs_BLUE.a(tweinputstring.o)
                              tweinteractive.o (symbol from plugin) (TWEINPSTR_vInit)
C:/MWSTAGE/MWSDK/TWENET/current/lib/libmwx_BLUE.a(mwx_debug.o)
                              objs_BLUE/zig_send.o (symbol from plugin) (MWX_Panic)
C:/MWSTAGE/MWSDK/TWENET/current/lib/libmwx_BLUE.a(mwx_appcore.o)
                              ToCoNet_main.o (symbol from plugin) (cbToCoNet_vMain)
C:/MWSTAGE/MWSDK/TWENET/current/lib/libmwx_BLUE.a(mwx_memory.o)
                              objs_BLUE/zig_send.o (symbol from plugin) (operator new(unsigned long))
[...]
Memory Configuration

Name             Origin             Length             Attributes
flash            0x0000000000080000 0x0000000000028000
ram              0x000000000400004c 0x0000000000007fb4
*default*        0x0000000000000000 0xffffffffffffffff

Linker script and memory map

LOAD objs_BLUE/_mwx_version.o
LOAD C:\Users\saiju\AppData\Local\Temp\ccovpBvI.ltrans0.ltrans.o
LOAD C:\Users\saiju\AppData\Local\Temp\ccovpBvI.ltrans1.ltrans.o
LOAD C:\Users\saiju\AppData\Local\Temp\ccovpBvI.ltrans2.ltrans.o
LOAD C:\Users\saiju\AppData\Local\Temp\ccovpBvI.ltrans3.ltrans.o
LOAD C:\Users\saiju\AppData\Local\Temp\ccovpBvI.ltrans4.ltrans.o
LOAD C:\Users\saiju\AppData\Local\Temp\ccovpBvI.ltrans5.ltrans.o
LOAD C:\Users\saiju\AppData\Local\Temp\ccovpBvI.ltrans6.ltrans.o
LOAD C:\Users\saiju\AppData\Local\Temp\ccovpBvI.ltrans7.ltrans.o
LOAD C:\Users\saiju\AppData\Local\Temp\ccovpBvI.ltrans8.ltrans.o
LOAD C:\Users\saiju\AppData\Local\Temp\ccovpBvI.ltrans9.ltrans.o
LOAD C:\Users\saiju\AppData\Local\Temp\ccovpBvI.ltrans10.ltrans.o
LOAD C:\Users\saiju\AppData\Local\Temp\ccovpBvI.ltrans11.ltrans.o
LOAD C:\Users\saiju\AppData\Local\Temp\ccovpBvI.ltrans12.ltrans.o
LOAD C:\Users\saiju\AppData\Local\Temp\ccovpBvI.ltrans13.ltrans.o
LOAD C:\Users\saiju\AppData\Local\Temp\ccovpBvI.ltrans14.ltrans.o
LOAD C:\Users\saiju\AppData\Local\Temp\ccovpBvI.ltrans15.ltrans.o
LOAD C:\Users\saiju\AppData\Local\Temp\ccovpBvI.ltrans16.ltrans.o
LOAD C:\Users\saiju\AppData\Local\Temp\ccovpBvI.ltrans17.ltrans.o
LOAD C:\Users\saiju\AppData\Local\Temp\ccovpBvI.ltrans18.ltrans.o
LOAD C:\Users\saiju\AppData\Local\Temp\ccovpBvI.ltrans19.ltrans.o
LOAD C:\Users\saiju\AppData\Local\Temp\ccovpBvI.ltrans20.ltrans.o
LOAD c:/mwstage/tools/ba-elf-ba2-r36379.w10/bin/../lib/gcc/ba-elf/4.7.4/../../../../ba-elf/lib/mcpu_jn51xx_sizeopt\libc.a
LOAD c:/mwstage/tools/ba-elf-ba2-r36379.w10/bin/../lib/gcc/ba-elf/4.7.4/mcpu_jn51xx_sizeopt\libgcc.a
LOAD c:/mwstage/tools/ba-elf-ba2-r36379.w10/bin/../lib/gcc/ba-elf/4.7.4/../../../../ba-elf/lib/mcpu_jn51xx_sizeopt\libc.a
LOAD objs_BLUE/zig_send.o
LOAD C:/MWSTAGE/MWSDK/TWENET/current/lib/libTWENET_BLUE.a
LOAD C:/MWSTAGE/MWSDK/TWENET/current/lib/libTWENEText_BLUE.a
LOAD C:/MWSTAGE/MWSDK/TWENET/current/lib/libTWENETutils_BLUE.a
LOAD C:/MWSTAGE/MWSDK/TWENET/current/lib/libTWENETstgs_BLUE.a
LOAD C:/MWSTAGE/MWSDK/TWENET/current/lib/libmwx_BLUE.a
LOAD C:/MWSTAGE/MWSDK/TWENET/current/lib/libEASTL_BLUE.a
START GROUP
LOAD C:/MWSTAGE/MWSDK/ChipLib/SW4063V1416/Components/Library\libAppApi_JN516x.a
LOAD C:/MWSTAGE/MWSDK/ChipLib/SW4063V1416/Components/Library\libMAC_JN516x.a
LOAD C:/MWSTAGE/MWSDK/ChipLib/SW4063V1416/Components/Library\libTimerServer_JN516x.a
LOAD C:/MWSTAGE/MWSDK/ChipLib/SW4063V1416/Components/Library\libTOF_JN516x.a
LOAD C:/MWSTAGE/MWSDK/ChipLib/SW4063V1416/Components/Library\libXcv_JN516x.a
LOAD C:/MWSTAGE/MWSDK/ChipLib/SW4063V1416/Components/Library\libAes_JN516x.a
LOAD C:/MWSTAGE/MWSDK/ChipLib/SW4063V1416/Components/Library\libHardwareApi_JN516x.a
LOAD C:/MWSTAGE/MWSDK/ChipLib/SW4063V1416/Components/Library\libMicroSpecific_JN516x.a
LOAD C:/MWSTAGE/MWSDK/ChipLib/SW4063V1416/Components/Library\libBoot_JN516x.a
LOAD C:/MWSTAGE/MWSDK/ChipLib/SW4063V1416/Components/Library\libPDM_EEPROM_JN516x_NO_RTOS.a
LOAD C:/MWSTAGE/MWSDK/TWENET/current/lib/libTWENET_BLUE.a
LOAD C:/MWSTAGE/MWSDK/TWENET/current/lib/libTWENEText_BLUE.a
LOAD C:/MWSTAGE/MWSDK/TWENET/current/lib/libTWENETutils_BLUE.a
LOAD C:/MWSTAGE/MWSDK/TWENET/current/lib/libTWENETstgs_BLUE.a
LOAD C:/MWSTAGE/MWSDK/TWENET/current/lib/libmwx_BLUE.a
LOAD C:/MWSTAGE/MWSDK/TWENET/current/lib/libEASTL_BLUE.a
END GROUP
LOAD c:/mwstage/tools/ba-elf-ba2-r36379.w10/bin/../lib/gcc/ba-elf/4.7.4/../../../../ba-elf/lib/mcpu_jn51xx_sizeopt\libstdc++.a
LOAD c:/mwstage/tools/ba-elf-ba2-r36379.w10/bin/../lib/gcc/ba-elf/4.7.4/../../../../ba-elf/lib/mcpu_jn51xx_sizeopt\libm.a
LOAD c:/mwstage/tools/ba-elf-ba2-r36379.w10/bin/../lib/gcc/ba-elf/4.7.4/../../../../ba-elf/lib/mcpu_jn51xx_sizeopt\libc.a
LOAD c:/mwstage/tools/ba-elf-ba2-r36379.w10/bin/../lib/gcc/ba-elf/4.7.4/mcpu_jn51xx_sizeopt\libgcc.a
LOAD c:/mwstage/tools/ba-elf-ba2-r36379.w10/bin/../lib/gcc/ba-elf/4.7.4/../../../../ba-elf/lib/mcpu_jn51xx_sizeopt\libc.a
                0x0000000000000800                _stack_size = 0x800
                0x0000000000080038                _exception_vsr_table = 0x80038
                0x0000000004000000                pSPIflashFncTable = 0x4000000
                0x0000000000000800                _stack_size = 0x800
                0x0000000000000044                restore_state = 0x44
                0x000000000000004a                bZSPIWaitWIPClear = 0x4a
                0x0000000000000050                u16ZSPIflashRDID = 0x50
                0x0000000000000056                u8SelectFlashChipType = 0x56
                0x000000000000005c                memcpy = 0x5c
                0x0000000000000066                vBootFlashProg = 0x66
                [0x0000000000000d16]                _minimum_heap_size = DEFINED (_minimum_heap_size)?_minimum_heap_size:0xd16
                0x0000000000000000                _SwConfig = (DEFINED (g_bSWConf_Debug) | (DEFINED (g_bSWConf_AltDebugPort) << 0x1))

.version        0x000000000007fffc        0x4
                0x000000000007fffc        0x4 LONG 0x4030008

.bir            0x0000000000080000       0x10
                0x0000000000080000                _flash_start = ABSOLUTE (.)
                0x0000000000080000                _flash_beg = ABSOLUTE (.)
                0x0000000000080000        0x4 LONG 0x12345678
                0x0000000000080004        0x4 LONG 0x11223344
                0x0000000000080008        0x4 LONG 0x55667788
                0x000000000008000c        0x1 BYTE 0x8
                0x000000000008000d        0x1 BYTE 0x1
                0x000000000008000e        0x2 SHORT 0x0

.flashheader    0x0000000000080010       0x28
                0x0000000000080010        0x4 LONG 0x0
                0x0000000000080014        0x4 LONG 0x0
                0x0000000000080018        0x4 LONG 0x0
                0x000000000008001c        0x2 SHORT 0x0
                0x000000000008001e        0x2 SHORT 0x0 ABSOLUTE (_SwConfig)
                0x0000000000080020                _enc_start = ABSOLUTE (.)
                0x0000000000080020        0x4 LONG 0xfc78 ABSOLUTE (_image_len)
                0x0000000000080024        0x4 LONG 0x8fc60 ABSOLUTE (_flash_data_start)
                0x0000000000080028        0x2 SHORT 0x13 ((ABSOLUTE (_ram_data_start) / 0x4) & 0xffff)
                0x000000000008002a        0x2 SHORT 0x6 ((ABSOLUTE (_ram_data_len) / 0x4) & 0xffff)
                0x000000000008002c        0x2 SHORT 0x19 ((ABSOLUTE (_bss_start) / 0x4) & 0xffff)
                0x000000000008002e        0x2 SHORT 0x57a ((ABSOLUTE (_bss_len) / 0x4) & 0xffff)
                0x0000000000080030        0x4 LONG 0x8ba99 ABSOLUTE (AppWarmStart)
                0x0000000000080034        0x4 LONG 0x8bb69 ABSOLUTE (AppColdStart)
                0x0000000000000000                _enc_offset = (_enc_start & 0xf)
                0x0000000000000044                PROVIDE (vException_BusError, restore_state)
                0x0000000000000044                PROVIDE (vException_UnalignedAccess, restore_state)
                0x0000000000000044                PROVIDE (vException_IllegalInstruction, restore_state)
                0x0000000000000044                PROVIDE (vException_SysCall, restore_state)
                0x0000000000000044                PROVIDE (vException_Trap, restore_state)
                0x0000000000000044                PROVIDE (vException_StackOverflow, restore_state)
                0x0000000000080038                . = ABSOLUTE (_exception_vsr_table)

.vsr_table      0x0000000000080038       0x18
                0x0000000000080038        0x4 LONG 0x44 ABSOLUTE (vException_BusError)
                0x000000000008003c        0x4 LONG 0x44 ABSOLUTE (vException_UnalignedAccess)
                0x0000000000080040        0x4 LONG 0x44 ABSOLUTE (vException_IllegalInstruction)
                0x0000000000080044        0x4 LONG 0x44 ABSOLUTE (vException_SysCall)
                0x0000000000080048        0x4 LONG 0x44 ABSOLUTE (vException_Trap)
                0x000000000008004c        0x4 LONG 0x44 ABSOLUTE (vException_StackOverflow)

.vsr_handlers   0x0000000000080050       0xaa
 *(.vsr_handlers)
 .vsr_handlers  0x0000000000080050       0xaa C:/MWSTAGE/MWSDK/ChipLib/SW4063V1416/Components/Library\libBoot_JN516x.a(ExceptionHandler.o)
                0x0000000000080050                _exception_external_interrupt
                0x00000000000800f8                _default_vsr_dummy

.rodata         0x0000000000080100      0x652
 *(.rodata*)
 .rodata        0x0000000000080100      0x1cb C:\Users\saiju\AppData\Local\Temp\ccovpBvI.ltrans0.ltrans.o
 .rodata.str1.1
                0x00000000000802cb        0xe C:\Users\saiju\AppData\Local\Temp\ccovpBvI.ltrans2.ltrans.o
 *fill*         0x00000000000802d9        0x3 00
 .rodata        0x00000000000802dc       0x14 C:\Users\saiju\AppData\Local\Temp\ccovpBvI.ltrans2.ltrans.o
                0x00000000000802dc                au32TimerBaseAddress
 .rodata        0x00000000000802f0        0xc C:\Users\saiju\AppData\Local\Temp\ccovpBvI.ltrans3.ltrans.o
                0x00000000000802f0                au32UartAddrOffset
 .rodata        0x00000000000802fc        0x6 C:\Users\saiju\AppData\Local\Temp\ccovpBvI.ltrans4.ltrans.o
                0x00000000000802fc                aeXcvPhyEvtToScanEvt.5394.14858
 *fill*         0x0000000000080302        0x2 00
 .rodata        0x0000000000080304       0x44 C:\Users\saiju\AppData\Local\Temp\ccovpBvI.ltrans5.ltrans.o
                0x0000000000080304                aeTimerInterruptDeviceIDlut.25247
                0x0000000000080318                CSWTCH.35.25194.25194
 .rodata.str1.1
                0x0000000000080348       0x12 C:\Users\saiju\AppData\Local\Temp\ccovpBvI.ltrans6.ltrans.o
 *fill*         0x000000000008035a        0x6 00
 .rodata        0x0000000000080360       0x50 C:\Users\saiju\AppData\Local\Temp\ccovpBvI.ltrans6.ltrans.o
 .rodata.str1.1
                0x0000000000000000        0xe C:\Users\saiju\AppData\Local\Temp\ccovpBvI.ltrans7.ltrans.o
 .rodata        0x00000000000803b0        0x5 C:\Users\saiju\AppData\Local\Temp\ccovpBvI.ltrans7.ltrans.o
                0x00000000000803b0                gbHighPowerMode
                0x00000000000803b1                gu8ModuleID
 .rodata.str1.1
                0x00000000000803b5       0x11 C:\Users\saiju\AppData\Local\Temp\ccovpBvI.ltrans8.ltrans.o
 .rodata.str1.1
                0x00000000000803c6      0x103 C:\Users\saiju\AppData\Local\Temp\ccovpBvI.ltrans9.ltrans.o
                                        0x105 (size before relaxing)
 .rodata        0x00000000000804c9        0x5 C:\Users\saiju\AppData\Local\Temp\ccovpBvI.ltrans9.ltrans.o
 .rodata.str1.1
                0x00000000000804ce        0xd C:\Users\saiju\AppData\Local\Temp\ccovpBvI.ltrans10.ltrans.o
 .rodata        0x00000000000804db       0x14 C:\Users\saiju\AppData\Local\Temp\ccovpBvI.ltrans10.ltrans.o
 .rodata        0x00000000000804ef        0xa C:\Users\saiju\AppData\Local\Temp\ccovpBvI.ltrans11.ltrans.o
 *fill*         0x00000000000804f9        0x3 00
 .rodata        0x00000000000804fc       0x1c C:\Users\saiju\AppData\Local\Temp\ccovpBvI.ltrans12.ltrans.o
                0x00000000000804fc                psTamXcvContext
 .rodata.str1.1
                0x0000000000080518       0x11 C:\Users\saiju\AppData\Local\Temp\ccovpBvI.ltrans13.ltrans.o
                                         0x22 (size before relaxing)
 *fill*         0x0000000000080529        0x3 00
 .rodata        0x000000000008052c       0x38 C:\Users\saiju\AppData\Local\Temp\ccovpBvI.ltrans13.ltrans.o
                0x000000000008052c                asStateFuncTbl.26342
 .rodata.str1.1
                0x0000000000080564       0x88 C:\Users\saiju\AppData\Local\Temp\ccovpBvI.ltrans14.ltrans.o
 .rodata        0x00000000000805ec       0xc0 C:\Users\saiju\AppData\Local\Temp\ccovpBvI.ltrans15.ltrans.o
                0x00000000000805ec                s_aprScanHandleEvt.14855
                0x000000000008061c                apvActionCalls
                0x00000000000806a4                psTamMacContext
                0x00000000000806a8                psTAMcontext
 .rodata.str1.1
                0x00000000000806ac       0x11 C:\Users\saiju\AppData\Local\Temp\ccovpBvI.ltrans17.ltrans.o
 *fill*         0x00000000000806bd        0x3 00
 .rodata        0x00000000000806c0       0x7c C:\Users\saiju\AppData\Local\Temp\ccovpBvI.ltrans17.ltrans.o
                0x00000000000806f4                u32MacLow_TOCOS
                0x00000000000806f8                u32MacHigh_TOCOS
 .rodata.str1.1
                0x000000000008073c       0x16 C:\Users\saiju\AppData\Local\Temp\ccovpBvI.ltrans20.ltrans.o

.text           0x0000000000080754     0xf50b
 *(.text*)
 .text          0x0000000000080754      0xcaf C:\Users\saiju\AppData\Local\Temp\ccovpBvI.ltrans0.ltrans.o
                0x0000000000080754                mac_vLPBAdjustBeaconOffset
                0x00000000000807b1                mac_u32LPBGetBeaconTimeout
                0x00000000000807ba                eWEnDTmrExpiry.14496
                0x00000000000807c5                eWEnDEdDone.14493
                0x0000000000080820                eGenlDontCare.14490
                0x0000000000080825                eGenlIllegal.14115
                0x000000000008082c                u32GetTimer0
                0x0000000000080833                vSetTimer0
                0x0000000000080842                _ZN3mwx2L112appdefs_crtpINS0_9NwkSimpleEE18_cbTweNet_vHwEventEPvmm.local.196
                0x0000000000080845                _ZN3mwx2L112appdefs_crtpINS0_9NwkSimpleEE17_cbTweNet_u8HwIntEPvmm.local.195
                0x000000000008084a                _out_fct.5833
                0x000000000008085c                _out_null.5839
                0x000000000008085f                vOutputStream.5752
                0x000000000008086b                _ZN3mwx2L110serial_jen7vOutputEcPv.local.193
                0x0000000000080892                vHandlerPatch.4865
                0x000000000008099d                _ZN3mwx2L112appdefs_crtpINS0_9NwkSimpleEE18_cbTweNet_vTxEventEPvRNS0_12packet_ev_txE.local.192
                0x00000000000809b7                _ZN3mwx2L112appdefs_crtpINS0_9NwkSimpleEE19_cbTweNet_vNwkEventEPvRNS0_13packet_ev_nwkE.local.200
                0x00000000000809c0                _ZN3mwx2L112appdefs_crtpINS0_9NwkSimpleEE15_cbTweNet_vMainEPv.local.201
                0x00000000000809c3                vCopyToDataFromMacAddr.21521
                0x00000000000809f6                psTAQsearchFifo
                0x0000000000080a3f                bTAQremoveFromFifo
                0x0000000000080a7c                vTAMinsertEvent
                0x0000000000080ae2                vTAM_TxRetryTimeout
                0x0000000000080ae6                vTACsetTxFrameDefaults
                0x0000000000080b0c                u8TACgetHeaderSize
                0x0000000000080b49                u32TACpayloadToU32M
                0x0000000000080b6a                vTACu32ToPayloadM
                0x0000000000080b82                bTACframeInProgress
                0x0000000000080bac                bTACassessBeaconForPayload
                0x0000000000080bfd                bIsBbcSafeForTx
                0x0000000000080c32                vTATwriteAclMaterialToHardware
                0x0000000000080c57                vTATsetBLE
                0x0000000000080c8e                vTATgetFramePayload
                0x0000000000080cab                eTATreadTXstatus
                0x0000000000080cf1                vTAHsetPhyStateDirect.part.0.18980
                0x0000000000080d0d                vDoGoOff.20801
                0x0000000000080d27                vMEMreturn
                0x0000000000080d98                vTACinformOriginator
                0x0000000000080dba                pvMEMget
                0x0000000000080de6                vTAMDEdetermineNullState
                0x0000000000080e00                vTAMCOupdatePendingList
                0x0000000000080ed2                vTAMCOsetCoordinator
                0x0000000000080ef8                vPhySetChannel
                0x0000000000080f11                eScanHandleEvt.part.0.14526
                0x0000000000080f3a                mac_eDcfmIndPost
                0x0000000000080f5b                mac_psDcfmIndGetBuf
                0x0000000000080f7c                vMLMErxEnableConfirm
                0x0000000000080fae                vMLMEcommStatus
                0x0000000000081011                vMLMEcommStatusFromFrame
                0x0000000000081055                vMLMEsyncLoss
                0x0000000000081088                vPMICpostFailedAssocDcfm
                0x00000000000810c0                vPMICassocReqTO_2.12943
                0x00000000000810d7                MAC_vPibSetPanId
                0x00000000000810f2                vHandleTofRequest.11049
                0x00000000000810f5                vAppApiDefSetPrbsSeed
                0x0000000000081119                mwx::L1::duplciate_checker::_node_ele_init(mwx::L1::duplciate_checker::_node_ele*)
                0x0000000000081138                _ZN3mwx2L113serial_parserINS0_10alloc_heapIhEEEC1Ev.local.52
                0x000000000008115a                _ZN3mwx2L16twenetC1Ev.local.58
                0x00000000000811f1                _ZN3mwx2L110serial_jenC1Eh.local.107
                0x0000000000081221                _ZN3mwx2L115periph_analogueC1Ev.local.125
                0x000000000008124c                _ZN3mwx2L112appdefs_virt8on_eventEmRm.local.134
                0x0000000000081264                _ZN3mwx2L112appdefs_virt18cbToCoNet_vHwEventEmm.local.136
                0x000000000008127c                _ZN3mwx2L112appdefs_virt18cbToCoNet_vTxEventERNS0_12packet_ev_txE.local.137
                0x0000000000081294                _ZN3mwx2L112appdefs_virt19cbToCoNet_vNwkEventERNS0_13packet_ev_nwkE.local.139
                0x00000000000812ac                u8CCITT8
                0x00000000000812d2                bAES_CCM_KeyReg
                0x0000000000081311                bFifoPush.3570
                0x000000000008134a                vAppQApiPostMlme.3556
                0x0000000000081369                vAppQApiPostMcps.3563
                0x0000000000081384                pvFifoPull.3567
                0x00000000000813ab                psAppQApiGetMlmeBuffer.3553
                0x00000000000813b3                psAppQApiGetMcpsBuffer.3560
                0x00000000000813bb                _PRSEV_vProcessEvSingle
                0x00000000000813c9                ToCoNet_vMacStart
                0x00000000000813d6                PRSEV_vSetState
                0x00000000000813e6                _ZN3mwx2L18_smplbufIhNS0_12alloc_attachIhEEE9push_backEOh.local.166
 .text.unlikely
                0x0000000000081403       0x85 C:\Users\saiju\AppData\Local\Temp\ccovpBvI.ltrans0.ltrans.o
                0x0000000000081403                _ZN3mwx2L112appdefs_virt18cbToCoNet_vRxEventERNS0_9packet_rxE.local.138
                0x000000000008141b                _ZN3mwx2L110serial_jen5flushEv.local.147
                0x000000000008142a                _PRSEV_vProcessEvSingleH
                0x000000000008143a                _PRSEV_vProcessEv
                0x000000000008144a                PRSEV_u8Register
 .text          0x0000000000081488      0xcaf C:\Users\saiju\AppData\Local\Temp\ccovpBvI.ltrans1.ltrans.o
                0x0000000000081488                vAHI_IntHandlerUart1
                0x00000000000814b3                vAHI_IntHandlerUart0
                0x00000000000814de                vAHI_IntHandlerTimer4
                0x00000000000814ff                vAHI_IntHandlerTimer3
                0x0000000000081520                vAHI_IntHandlerTimer1
                0x0000000000081540                vAHI_IntHandlerTimer0
                0x0000000000081561                vTimerCallback.24846
                0x000000000008156c                vAHI_IntHandlerSpiMaster
                0x0000000000081592                vAHI_IntHandlerAnalogPeriph
                0x00000000000815b2                vTTIBLETimerExpired
                0x00000000000815bd                vTTITimer2Expired
                0x00000000000815c2                vTTITimer1Expired
                0x00000000000815c7                vTTITransactionTimerExpired
                0x00000000000815f0                vAHI_WakeTimerStop.part.3.25526
                0x0000000000081610                vAHI_UartSetClocksPerBit.part.18.25322
                0x0000000000081637                vAHI_UartSetRTSCTS.part.15.25307
                0x000000000008165e                vAHI_UartReset.part.4.25280
                0x0000000000081696                vAHI_UartSetControl.part.2.25264
                0x00000000000816e7                vAHI_UartSetBaudDivisor.part.1.25260
                0x0000000000081726                vAHI_TimerStop.part.7.25090
                0x0000000000081744                vAHI_TimerDisable.part.2.25069
                0x0000000000081767                vAHI_WatchdogStop
                0x000000000008177e                vAHI_CpuDoze
                0x0000000000081791                _ZN3mwx2L120periph_pulse_counter10_on_wakeupEv.part.18.6622
                0x0000000000081807                u32AHI_DioWakeStatus
                0x0000000000081818                vAHI_DioWakeEdge
                0x0000000000081838                vAHI_DioSetPullup
                0x0000000000081858                vAHI_DioSetOutput
                0x000000000008186c                vAHI_DioSetDirection
                0x0000000000081880                vACI_CmdWaitBusy
                0x00000000000818e4                vACI_OptimisedCcmStar
                0x0000000000081afc                vTAIdisableInterrupt
                0x0000000000081b15                vUpdateRegisters.24109
                0x0000000000081b5c                psRemove.part.0.24059
                0x0000000000081b8b                vMAC_MISCpollConfirm
                0x0000000000081bbc                MAC_u8AclFindInfo
                0x0000000000081ce6                vTASretrieveSecurity
                0x0000000000081d08                MAC_bLookUpKeyDescriptor.21611
                0x0000000000081d82                bTSCgetOutgoingInfo
                0x0000000000081e8b                u8TSCframeIncrease
                0x0000000000081ec4                bUpdateTime.19839
                0x0000000000081eff                vTACbuildBeacon
                0x0000000000082107                vTSCpostTransmitUpdate
 .text.unlikely
                0x0000000000082137       0x11 C:\Users\saiju\AppData\Local\Temp\ccovpBvI.ltrans1.ltrans.o
                0x0000000000082137                vStartXtal32kExternalRc.24860
 .text          0x0000000000082148      0x764 C:\Users\saiju\AppData\Local\Temp\ccovpBvI.ltrans2.ltrans.o
                0x0000000000082148                vHnd_E_STATE_RUNNING.26318
                0x0000000000082392                SERIAL_vTxReady
                0x00000000000823f3                _ZN3mwx2L110serial_jen6_beginEv.part.25.6641
                0x0000000000082678                vTimerConfig
                0x0000000000082807                _ZN3mwx2L112periph_timer10_on_wakeupEv.local.131
                0x0000000000082845                MWX_Panic
 .text.unlikely
                0x00000000000828ac      0x178 C:\Users\saiju\AppData\Local\Temp\ccovpBvI.ltrans2.ltrans.o
                0x000000000008291c                bStartXtal32k.24870
 .text          0x0000000000082a24      0xacd C:\Users\saiju\AppData\Local\Temp\ccovpBvI.ltrans3.ltrans.o
                0x0000000000082a6f                SERIAL_bTxChar
                0x0000000000082b20                TWETERM_vFlush.26653
                0x0000000000082b9e                vTACintRXheader
                0x0000000000083399                eGenRxHdrDone.14506
                0x00000000000833a9                vHnd_E_STATE_FINISH_TX_FAIL.26287
                0x000000000008345f                vHnd_E_STATE_FINISH_TX_SUCCESS.26292
 *fill*         0x00000000000834f1        0x3 00
 .text          0x00000000000834f4      0xb9c C:\Users\saiju\AppData\Local\Temp\ccovpBvI.ltrans4.ltrans.o
                0x00000000000834f4                TSV_eStop
                0x0000000000083595                vTAStidyUpAfterFrameTX
                0x00000000000835b2                eWChCChanChgd.14523
                0x00000000000837a2                eGenTmrExpiry.14808
                0x00000000000837e4                eWEDTEdDone.14811
                0x0000000000083808                MAC_vHandleMlmeReqRsp
                0x0000000000083fb9                vTAMDEint1FiredTracking
                0x0000000000084029                vTAMDEint1FiredSyncReq
 .text          0x0000000000084090      0xb30 C:\Users\saiju\AppData\Local\Temp\ccovpBvI.ltrans5.ltrans.o
                0x00000000000841f7                vProcessEvCoreTx.26279
                0x00000000000842e7                mac_vLPBStopTimer
                0x00000000000842f2                bAHI_SetClockRate
                0x00000000000843fd                vAHI_WakeTimerEnable.part.0.25510.constprop.297
                0x0000000000084442                mac_vLPBStartTimer
                0x0000000000084527                _ZN3mwx2L16twenet5beginEv.local.112.constprop.276
                0x000000000008456c                _ZN3mwx2L115periph_analogue10_adc_startEv.local.43.constprop.265
                0x0000000000084655                mwx::L1::periph_analogue::ADC_handler(unsigned long, unsigned long)
                0x000000000008469c                u8HwEventHandler.2650
                0x0000000000084744                vAHI_TimerEnable.part.1.25061.constprop.249
                0x00000000000847af                bAES_CCMstar
                0x000000000008487b                pvHeap_Alloc
                0x000000000008487e                operator new(unsigned long)
                0x00000000000848a1                _ZN3mwx2L114periph_twowireC1Eh.local.76
                0x00000000000848de                u32AHI_Init
                0x00000000000849a0                vMicroIntRestoreState
                0x00000000000849ac                vAHI_TickTimerIntEnable
                0x0000000000084a07                vAHI_TickTimerConfigure
                0x0000000000084a22                vAHI_DoSetDataOut
                0x0000000000084a36                pinMode(unsigned char, mwx::L1::enum_wapper<PIN_MODE::eMWX_DIO_MODE, unsigned char>)
                0x0000000000084bab                u8AHI_WakeTimerFiredStatus
 .text          0x0000000000084bc0      0xc60 C:\Users\saiju\AppData\Local\Temp\ccovpBvI.ltrans6.ltrans.o
                0x0000000000084db8                bAES_CCM_DecodeKey
                0x0000000000084e74                _ftoa.5907.constprop.322
                0x00000000000851cd                _ntoa_long_long.5881.constprop.319
                0x00000000000852a2                _ntoa_long.5869.constprop.324
                0x000000000008536f                vMicroIntEnableOnly.constprop.313
                0x000000000008539b                QUEUE__u8RemoveItem.part.1.5067
                0x00000000000853d6                QUEUE__vAddItem.constprop.305
                0x0000000000085408                _ToCoNet_bRfChChannel
                0x000000000008549d                ToCoNet_ChMgr_bCh_Reconfig
                0x0000000000085505                ToCoNet_ChMgr_vCh_TxFin
                0x0000000000085531                vHnd_E_STATE_WAIT_TX.26310
                0x00000000000855a1                vHnd_E_STATE_IDLE.26302
                0x0000000000085605                vAHI_ProtocolPower.constprop.312
                0x0000000000085613                XCV_vCtor.constprop.310
                0x0000000000085778                vAHI_Sleep
 .text.unlikely
                0x0000000000085820      0x24a C:\Users\saiju\AppData\Local\Temp\ccovpBvI.ltrans6.ltrans.o
                0x0000000000085865                _ZN3mwx2L110twenet_mac8transmitERNS0_9packet_txE.local.32.constprop.304
 .text          0x0000000000085a6a      0x6a7 C:\Users\saiju\AppData\Local\Temp\ccovpBvI.ltrans7.ltrans.o
                0x0000000000085a6a                vAppQApiPostHwIntT.3549
                0x0000000000085b3d                TWETERM_iGetC.26684
                0x0000000000085ba0                vRxChar.4890
                0x0000000000085bf1                vXCV_IntHandlerPhy
                0x0000000000085ca3                vScanHandleTimer.14112
                0x0000000000085ca8                TWE_fprintf.constprop.282
                0x0000000000085ce1                cbAppColdStart.part.32.7248
                0x0000000000085ecb                _ZN3mwx2L110serial_jen13_set_baudrateEt.isra.2.6588
                0x0000000000085f7c                u8TAM_AES_WriteAuxilliarySecurityHeaderIntoBuffer
                0x0000000000085fee                phy_ePibSet.part.1.16322
                0x0000000000086036                u32AHI_ReadIndexSectorBits.constprop.219
                0x0000000000086097                vTAIsetCapTime
                0x00000000000860b8                vDoGoActive.20803
                0x00000000000860db                vTAMRXEint2Fired
 .text.unlikely
                0x0000000000086111      0x266 C:\Users\saiju\AppData\Local\Temp\ccovpBvI.ltrans7.ltrans.o
                0x000000000008619d                _MWX_vOnSleep()
                0x0000000000086254                ToCoNet_vSleep.constprop.293
 .text          0x0000000000086377      0x9a3 C:\Users\saiju\AppData\Local\Temp\ccovpBvI.ltrans8.ltrans.o
                0x0000000000086377                ToCoNet_vMain
 .text          0x0000000000086d1a      0x3e9 C:\Users\saiju\AppData\Local\Temp\ccovpBvI.ltrans9.ltrans.o
                0x0000000000086d1a                _ToCoNet_vMacInit
                0x0000000000086d80                _ToCoNet_vRfConfig
                0x0000000000086ec1                mwx::L1::NwkSimple::on_create(unsigned long&)
                0x000000000008707d                setup()
 .text.unlikely
                0x0000000000087103      0x3a1 C:\Users\saiju\AppData\Local\Temp\ccovpBvI.ltrans9.ltrans.o
                0x0000000000087103                transmit()
 .text          0x00000000000874a4      0xaf8 C:\Users\saiju\AppData\Local\Temp\ccovpBvI.ltrans10.ltrans.o
                0x00000000000874a4                UART_vHandleUartInterrupt.4992
                0x000000000008752b                _ZN3mwx2L114processev_crtpINS0_9NwkSimpleEE14vProcessEvCoreEP8_tsEvent7teEventm.local.199
                0x00000000000875de                vXCV_IntHandlerBbc
                0x0000000000087681                vTAIsetRxEnableTime
                0x00000000000876a2                vAHI_ApConfigure.part.0.24538.constprop.292
                0x00000000000876d4                _ZN3mwx2L115periph_analogue5setupEbhPFvvE.local.124.constprop.231
                0x0000000000087745                vTAMRXEsetPhy
                0x0000000000087808                vTAHsetPhyState
                0x0000000000087838                vTAMCOint2Fired
                0x0000000000087858                vSetPHYfromMacValue.17637
                0x000000000008788a                vTAMDEint1FiredWaitDR
                0x0000000000087897                vTACsetPHYfromMacValue
                0x00000000000878b8                vTAMRXEsetReceiveForPibChange
                0x00000000000878f8                vMLMEbeaconNotify
                0x0000000000087a56                vMCPSframeReceived
                0x0000000000087b19                vTimerStart
                0x0000000000087c13                bAHI_ReadMACID
                0x0000000000087c59                ToCoNet_vInit
 .text.unlikely
                0x0000000000087f9c        0xf C:\Users\saiju\AppData\Local\Temp\ccovpBvI.ltrans10.ltrans.o
                0x0000000000087f9c                u32AppQApiInitInt_PATCH
 .text          0x0000000000087fab      0xae4 C:\Users\saiju\AppData\Local\Temp\ccovpBvI.ltrans11.ltrans.o
                0x0000000000087fab                cbToCoNet_vTxEvent
                0x00000000000880ee                bTAM_AES_CCMstarPatch
                0x0000000000088232                bTAM_AES_CCMstarPatch2006
                0x0000000000088511                bTATsendFrame
                0x0000000000088564                vTrySendFromDirectCAP.17094
                0x000000000008857f                vTrySendFromDirectNoBeacon.17098
                0x00000000000885aa                vTAMCOint1Fired
                0x00000000000886c6                vTAMCOstartBeacon
                0x0000000000088701                vStartStoreValues.17162
                0x00000000000887b8                bStartCallback.17191
                0x00000000000887e7                vTAMCOint1FiredCAP
                0x000000000008885a                vTAMCOreqTXnoBeacon
                0x000000000008886c                vTAMCOreqTXinCAP
                0x0000000000088892                vTrySendUnslotted.17639
                0x00000000000888ac                bSendDataRequest.17641
                0x00000000000889be                bProcessBeaconRX.17644
 *fill*         0x0000000000088a8f        0x1 00
 .text          0x0000000000088a90      0xa10 C:\Users\saiju\AppData\Local\Temp\ccovpBvI.ltrans12.ltrans.o
                0x0000000000088a90                vPMICassocReqTO_1.12936
                0x0000000000088b18                vTAM_MCPSdataRequest
                0x0000000000088b5b                bTACcheckPANconflict
                0x0000000000088c14                vTAMDEstartSync
                0x0000000000088c93                eTAMselect
                0x0000000000088dd4                MAC_pvCtor
                0x00000000000891ef                u32AppApiDefInit
                0x00000000000892a4                vDeterminePowerState.17761
                0x0000000000089328                vTAMDEint1FiredTrackingBeacon
                0x00000000000893c8                vTAMDEint2FiredTrackingDR
                0x00000000000893ed                vTAMDEframeTXtrackingDR
                0x0000000000089446                vTAMDEint2FiredPollActive
                0x000000000008947a                vTAMDEreqTXnullTrackingCAP
                0x0000000000089493                vTAM_TxRetryTimer
 .text          0x00000000000894a0      0xbd0 C:\Users\saiju\AppData\Local\Temp\ccovpBvI.ltrans13.ltrans.o
                0x00000000000894a0                TSV_eStart
                0x0000000000089584                eTAStransmitRequest
                0x000000000008991f                TSV_eOpen
                0x0000000000089927                vAppApiDefRestoreMacSettings
                0x00000000000899f8                vAppApiDefSaveMacSettings
                0x0000000000089a55                mac_vLPBSleep
                0x0000000000089a99                pvAppApiDefGetMacAddrLocation
                0x0000000000089aa2                eAppApiDefPlmeGet
                0x0000000000089af4                eAppApiDefPlmeSet
                0x0000000000089b4d                vAppApiDefMcpsRequest
                0x0000000000089b78                vHnd_E_STATE_PREPARE_TX.26297
 .text          0x000000000008a070      0x5e8 C:\Users\saiju\AppData\Local\Temp\ccovpBvI.ltrans14.ltrans.o
                0x000000000008a070                _ZN3mwx2L112appdefs_crtpINS0_9NwkSimpleEE18_cbTweNet_vRxEventEPvRNS0_9packet_rxE.local.197
                0x000000000008a5be                TWETERM_iPutS.26676
                0x000000000008a5e3                TWETERM_iPutC.26680
                0x000000000008a5f4                vAppApiDefMlmeRequest
                0x000000000008a61f                pvAppApiDefGetMacHandle
                0x000000000008a628                _ZN3mwx2L110serial_jen5writeEi.local.146
                0x000000000008a637                _ZN3mwx2L16streamINS0_10serial_jenEE6_printEPKc.local.171
 .text.unlikely
                0x000000000008a658      0x304 C:\Users\saiju\AppData\Local\Temp\ccovpBvI.ltrans14.ltrans.o
                0x000000000008a675                vProcessIncomingHwEvent.2819
 .text          0x000000000008a95c      0x7e4 C:\Users\saiju\AppData\Local\Temp\ccovpBvI.ltrans15.ltrans.o
                0x000000000008ad76                vTAMCOframeRXcap
                0x000000000008ad88                vTAMCOframeRXgoingIdle
                0x000000000008ad9e                vTAMCOframeRXnobeacon
                0x000000000008adb0                vTAMDEframeRX
                0x000000000008add8                vTAMDEframeRXtrackingDR
                0x000000000008ae1b                vTAMDEframePreSyncReq
                0x000000000008ae33                eWCoRRxDone.14503
                0x000000000008aedd                eWBcnRxDone.14515
                0x000000000008b078                vTAMCOframeTXbeacon
 .text          0x000000000008b140      0x884 C:\Users\saiju\AppData\Local\Temp\ccovpBvI.ltrans16.ltrans.o
                0x000000000008b17f                bSendSyncLoss.19774
                0x000000000008b197                bPollReqSent.23370
                0x000000000008b1af                bMCPSframeTXcomplete.15543
                0x000000000008b204                bPMICdisassocReqSent.12932
                0x000000000008b27f                MAC_vHandleMcpsReqRsp
                0x000000000008b30c                bTASsendCommStatusInd
                0x000000000008b321                bAssocRespSent.12928
                0x000000000008b334                vTACcheckPollResponse
                0x000000000008b368                vTAMDEframeRXsyncReq
                0x000000000008b5b7                vTAMDEint1FiredTrackingCAPgts
                0x000000000008b668                eTACprocessFrameTXcomplete
                0x000000000008b7e5                eWONTTxDone.14509
                0x000000000008b813                eWBRTTxDone.14512
                0x000000000008b831                vTAMCOframeTXgoingIdle
                0x000000000008b84a                vTAMCOframeTXcap
                0x000000000008b86e                vTAMCOframeTXnobeacon
                0x000000000008b883                vTAMCOframeStarting
                0x000000000008b89c                vTAMDEframeTXDEnull
                0x000000000008b8bf                vTAMDEframeTXtrackingCAPgts
                0x000000000008b8eb                bPMICassocReqSent.12924
                0x000000000008b96d                bPMICassocReqPollSent.12939
 .text          0x000000000008b9c4      0x6e1 C:\Users\saiju\AppData\Local\Temp\ccovpBvI.ltrans17.ltrans.o
                0x000000000008b9c4                vPostDcfm.14499
                0x000000000008ba99                AppWarmStart
                0x000000000008bb69                AppColdStart
 .text          0x000000000008c0a5      0xa65 C:\Users\saiju\AppData\Local\Temp\ccovpBvI.ltrans18.ltrans.o
                0x000000000008c0a5                vExpireHead.24064
                0x000000000008c0d5                _etoa.5927.constprop.320
                0x000000000008c480                _vsnprintf.constprop.318
                0x000000000008ca93                fctprintf
                0x000000000008cab5                _ZN3mwx2L111_printobj_1IhE9_do_printEPvPFvcS3_ES3_.local.194
                0x000000000008cac9                MWX_DebugMsg
 .text.unlikely
                0x000000000008cb0a       0x31 C:\Users\saiju\AppData\Local\Temp\ccovpBvI.ltrans18.ltrans.o
                0x000000000008cb0a                _ZN3mwx2L19_printobj8do_printEPFvcPvES2_.local.191.constprop.287
 .text          0x000000000008cb3b      0x5d6 C:\Users\saiju\AppData\Local\Temp\ccovpBvI.ltrans19.ltrans.o
                0x000000000008cbb6                bAES_CCM_EncodeKey
                0x000000000008cc63                u8Write802_15_4HeaderIntoBuffer.22810
                0x000000000008cdc3                cbAppWarmStart.part.28.7027
                0x000000000008d017                _MWX_periph_init()
 .text          0x000000000008d111      0x157 C:\Users\saiju\AppData\Local\Temp\ccovpBvI.ltrans20.ltrans.o
                0x000000000008d111                _ZN3mwx2L112appdefs_crtpINS0_9NwkSimpleEE9_on_eventEPvmRm.local.198
                0x000000000008d200                vProcessEvCoreMac
 .text.unlikely
                0x000000000008d268      0x435 C:\Users\saiju\AppData\Local\Temp\ccovpBvI.ltrans20.ltrans.o
                0x000000000008d268                ToCoNet_vStart
 .text          0x000000000008d69d       0x25 c:/mwstage/tools/ba-elf-ba2-r36379.w10/bin/../lib/gcc/ba-elf/4.7.4/../../../../ba-elf/lib/mcpu_jn51xx_sizeopt\libc.a(lib_a-memcmp.o)
                0x000000000008d69d                memcmp
 .text          0x000000000008d6c2       0x19 c:/mwstage/tools/ba-elf-ba2-r36379.w10/bin/../lib/gcc/ba-elf/4.7.4/../../../../ba-elf/lib/mcpu_jn51xx_sizeopt\libc.a(lib_a-memcpy.o)
 *fill*         0x000000000008d6db        0x1 00
 .text          0x000000000008d6dc      0x204 c:/mwstage/tools/ba-elf-ba2-r36379.w10/bin/../lib/gcc/ba-elf/4.7.4/mcpu_jn51xx_sizeopt\libgcc.a(__udivsi3.o)
                0x000000000008d6dc                __udivsi3
 .text          0x000000000008d8e0       0x30 c:/mwstage/tools/ba-elf-ba2-r36379.w10/bin/../lib/gcc/ba-elf/4.7.4/mcpu_jn51xx_sizeopt\libgcc.a(__divsi3.o)
                0x000000000008d8e0                __divsi3
 .text          0x000000000008d910      0x1b0 c:/mwstage/tools/ba-elf-ba2-r36379.w10/bin/../lib/gcc/ba-elf/4.7.4/mcpu_jn51xx_sizeopt\libgcc.a(__umodsi3.o)
                0x000000000008d910                __umodsi3
 .text          0x000000000008dac0       0x24 c:/mwstage/tools/ba-elf-ba2-r36379.w10/bin/../lib/gcc/ba-elf/4.7.4/mcpu_jn51xx_sizeopt\libgcc.a(__modsi3.o)
                0x000000000008dac0                __modsi3
 .text          0x000000000008dae4       0x39 c:/mwstage/tools/ba-elf-ba2-r36379.w10/bin/../lib/gcc/ba-elf/4.7.4/mcpu_jn51xx_sizeopt\libgcc.a(_fixunsdfsi.o)
                0x000000000008dae4                __fixunsdfsi
 .text          0x000000000008db1d      0x350 c:/mwstage/tools/ba-elf-ba2-r36379.w10/bin/../lib/gcc/ba-elf/4.7.4/mcpu_jn51xx_sizeopt\libgcc.a(_udivdi3.o)
                0x000000000008db1d                __udivdi3
 .text          0x000000000008de6d      0x312 c:/mwstage/tools/ba-elf-ba2-r36379.w10/bin/../lib/gcc/ba-elf/4.7.4/mcpu_jn51xx_sizeopt\libgcc.a(_umoddi3.o)
                0x000000000008de6d                __umoddi3
 .text          0x000000000008e17f      0x682 c:/mwstage/tools/ba-elf-ba2-r36379.w10/bin/../lib/gcc/ba-elf/4.7.4/mcpu_jn51xx_sizeopt\libgcc.a(adddf3.o)
                0x000000000008e17f                __adddf3
 *fill*         0x000000000008e801        0x3 00
 .text          0x000000000008e804      0x5c8 c:/mwstage/tools/ba-elf-ba2-r36379.w10/bin/../lib/gcc/ba-elf/4.7.4/mcpu_jn51xx_sizeopt\libgcc.a(divdf3.o)
                0x000000000008e804                __divdf3
 .text          0x000000000008edcc       0x7f c:/mwstage/tools/ba-elf-ba2-r36379.w10/bin/../lib/gcc/ba-elf/4.7.4/mcpu_jn51xx_sizeopt\libgcc.a(eqdf2.o)
                0x000000000008edcc                __nedf2
                0x000000000008edcc                __eqdf2
 .text          0x000000000008ee4b       0xca c:/mwstage/tools/ba-elf-ba2-r36379.w10/bin/../lib/gcc/ba-elf/4.7.4/mcpu_jn51xx_sizeopt\libgcc.a(gedf2.o)
                0x000000000008ee4b                __gedf2
                0x000000000008ee4b                __gtdf2
 .text          0x000000000008ef15       0xcb c:/mwstage/tools/ba-elf-ba2-r36379.w10/bin/../lib/gcc/ba-elf/4.7.4/mcpu_jn51xx_sizeopt\libgcc.a(ledf2.o)
                0x000000000008ef15                __ledf2
                0x000000000008ef15                __ltdf2
 .text          0x000000000008efe0      0x488 c:/mwstage/tools/ba-elf-ba2-r36379.w10/bin/../lib/gcc/ba-elf/4.7.4/mcpu_jn51xx_sizeopt\libgcc.a(muldf3.o)
                0x000000000008efe0                __muldf3
 .text          0x000000000008f468      0x693 c:/mwstage/tools/ba-elf-ba2-r36379.w10/bin/../lib/gcc/ba-elf/4.7.4/mcpu_jn51xx_sizeopt\libgcc.a(subdf3.o)
                0x000000000008f468                __subdf3
 .text          0x000000000008fafb       0x64 c:/mwstage/tools/ba-elf-ba2-r36379.w10/bin/../lib/gcc/ba-elf/4.7.4/mcpu_jn51xx_sizeopt\libgcc.a(fixdfsi.o)
                0x000000000008fafb                __fixdfsi
 .text          0x000000000008fb5f       0x61 c:/mwstage/tools/ba-elf-ba2-r36379.w10/bin/../lib/gcc/ba-elf/4.7.4/mcpu_jn51xx_sizeopt\libgcc.a(floatsidf.o)
                0x000000000008fb5f                __floatsidf
 .text          0x000000000008fbc0       0x4f c:/mwstage/tools/ba-elf-ba2-r36379.w10/bin/../lib/gcc/ba-elf/4.7.4/mcpu_jn51xx_sizeopt\libgcc.a(floatunsidf.o)
                0x000000000008fbc0                __floatunsidf
 .text          0x000000000008fc0f       0x27 C:/MWSTAGE/MWSDK/ChipLib/SW4063V1416/Components/Library\libHardwareApi_JN516x.a(AHI_Interrupt.o)
                0x000000000008fc0f                vAHI_InterruptSetPriority
                0x000000000008fc2d                vAHI_InterruptSetActivePriorityLevel
 .text.vMicroSyscall
                0x000000000008fc36       0x17 C:/MWSTAGE/MWSDK/ChipLib/SW4063V1416/Components/Library\libMicroSpecific_JN516x.a(MicroSyscall_ba.o)
                0x000000000008fc36                vMicroSyscall
 .text          0x000000000008fc4d       0x12 c:/mwstage/tools/ba-elf-ba2-r36379.w10/bin/../lib/gcc/ba-elf/4.7.4/../../../../ba-elf/lib/mcpu_jn51xx_sizeopt\libc.a(lib_a-memset.o)
                0x000000000008fc4d                memset
                0x000000000008fc5f                _flash_end = ABSOLUTE (.)

.rela.dyn       0x000000000008fc60        0x0
 .rela.text     0x0000000000000000        0x0 C:\Users\saiju\AppData\Local\Temp\ccovpBvI.ltrans0.ltrans.o
 .rela.text.unlikely
                0x0000000000000000        0x0 C:\Users\saiju\AppData\Local\Temp\ccovpBvI.ltrans0.ltrans.o
 .rela.data     0x0000000000000000        0x0 C:\Users\saiju\AppData\Local\Temp\ccovpBvI.ltrans0.ltrans.o
 .rela.rodata   0x0000000000000000        0x0 C:\Users\saiju\AppData\Local\Temp\ccovpBvI.ltrans0.ltrans.o
                0x000000000400004c                . = ORIGIN (ram)

.data           0x000000000400004c       0x18 load address 0x000000000008fc60
                0x000000000400004c                _ram_data_start = ABSOLUTE (.)
 *(.data*)
 .data          0x000000000400004c        0x4 C:\Users\saiju\AppData\Local\Temp\ccovpBvI.ltrans5.ltrans.o
                0x000000000400004c                u32HeapStart
 .data.initinboot
                0x0000000004000050        0x8 C:\Users\saiju\AppData\Local\Temp\ccovpBvI.ltrans6.ltrans.o
 .data          0x0000000004000058        0x1 C:\Users\saiju\AppData\Local\Temp\ccovpBvI.ltrans7.ltrans.o
                0x0000000004000058                _toconet_tx_u8_init_queue_flag
 *fill*         0x0000000004000059        0x1 00
 .data          0x000000000400005a        0x4 C:\Users\saiju\AppData\Local\Temp\ccovpBvI.ltrans8.ltrans.o
 .data          0x000000000400005e        0x1 C:\Users\saiju\AppData\Local\Temp\ccovpBvI.ltrans12.ltrans.o
 .data.initinboot
                0x000000000400005f        0x1 C:\Users\saiju\AppData\Local\Temp\ccovpBvI.ltrans12.ltrans.o
                0x000000000400005f                gMAC_u8MaxBuffers
 .data          0x0000000004000060        0x1 C:\Users\saiju\AppData\Local\Temp\ccovpBvI.ltrans13.ltrans.o
                0x0000000004000060                u8TxWkrNow.26420
 *(.data.*)
                0x0000000004000064                . = ALIGN (0x4)
 *fill*         0x0000000004000061        0x3 00
                0x0000000004000064                _ram_data_end = ABSOLUTE (.)

.bss            0x0000000004000064     0x15e8 load address 0x000000000008fc78
                0x0000000004000064                _bss_start = ABSOLUTE (.)
 *(.bss*)
 .bss           0x0000000004000064        0xc C:\Users\saiju\AppData\Local\Temp\ccovpBvI.ltrans0.ltrans.o
 .bss           0x0000000004000070       0x80 C:\Users\saiju\AppData\Local\Temp\ccovpBvI.ltrans2.ltrans.o
                0x0000000004000070                prTickTimeAppCallback
                0x0000000004000074                TxWorker_u8Num.26377
                0x0000000004000078                apfTimerAppCallback.25246
                0x000000000400008c                au16TimerSettings.25195
                0x0000000004000096                gbTimeOutFlag.25033
                0x0000000004000098                prUart1AppCallback.25501
                0x000000000400009c                prUart0AppCallback.25500
                0x00000000040000a0                sOpt.5041
 .bss           0x00000000040000f0       0x64 C:\Users\saiju\AppData\Local\Temp\ccovpBvI.ltrans3.ltrans.o
                0x00000000040000f0                asUARTS.5034
                0x0000000004000110                _SERIAL_bmTxIntEnabled
                0x0000000004000114                asSerialPorts
 .bss           0x0000000004000154       0x20 C:\Users\saiju\AppData\Local\Temp\ccovpBvI.ltrans4.ltrans.o
                0x0000000004000154                sAssocSecurity.13553
                0x0000000004000160                bScanInProgress.14851
                0x0000000004000161                g_bJenieBackwardsCompatibilityMode
                0x0000000004000164                s_sTimerList
 .bss           0x0000000004000174        0x8 C:\Users\saiju\AppData\Local\Temp\ccovpBvI.ltrans5.ltrans.o
 .bss.dontinitinboot
                0x000000000400017c        0x4 C:\Users\saiju\AppData\Local\Temp\ccovpBvI.ltrans5.ltrans.o
 .bss           0x0000000004000180       0x10 C:\Users\saiju\AppData\Local\Temp\ccovpBvI.ltrans6.ltrans.o
                0x0000000004000180                pvPostFunc.2521
                0x0000000004000184                u32PostArg.2520
                0x0000000004000188                evPost.2519
 .bss.dontinitinboot
                0x0000000004000190        0x8 C:\Users\saiju\AppData\Local\Temp\ccovpBvI.ltrans6.ltrans.o
 .bss           0x0000000004000198      0x618 C:\Users\saiju\AppData\Local\Temp\ccovpBvI.ltrans7.ltrans.o
                0x0000000004000198                prAppHwCallback.3794
                0x000000000400019c                bIntEnableFlag.24597
 .bss           0x00000000040007b0       0x7c C:\Users\saiju\AppData\Local\Temp\ccovpBvI.ltrans8.ltrans.o
                0x00000000040007b0                sMcpsIndQueue.3788
                0x00000000040007c0                sMcpsIndBufferQueue.3786
                0x00000000040007d0                sMlmeIndQueue.3789
                0x00000000040007e0                sMlmeIndBufferQueue.3787
                0x00000000040007f0                sHwIndQueue.3790
                0x0000000004000800                sHwIndBufferQueue.3791
                0x0000000004000810                _u32_INT_adc_comp
                0x0000000004000814                _u32_INT_ticktimer
                0x0000000004000818                se_data
                0x000000000400081c                _periph_availmap
 .bss           0x000000000400082c       0x18 C:\Users\saiju\AppData\Local\Temp\ccovpBvI.ltrans9.ltrans.o
                0x000000000400082c                prOriginalHandler.4869
 .bss           0x0000000004000844      0x738 C:\Users\saiju\AppData\Local\Temp\ccovpBvI.ltrans10.ltrans.o
                0x0000000004000844                prSpiAppCallback.24834
                0x0000000004000848                prSiAppCallback.26047
                0x000000000400084c                prAppMcpsCallback.3792
                0x0000000004000850                prAppMlmeCallback.3793
                0x0000000004000854                bTxEventQueued.20669
                0x0000000004000855                u8TxEventStatus.20670
                0x0000000004000858                sAppHousekeeping
                0x0000000004000870                prApAppCallback.24600
 .bss.initinboot
                0x0000000004000f7c        0x4 C:\Users\saiju\AppData\Local\Temp\ccovpBvI.ltrans10.ltrans.o
                0x0000000004000f7c                prSysCtrlAppCallback.25037
 .bss.dontinitinboot
                0x0000000004000f80        0x1 C:\Users\saiju\AppData\Local\Temp\ccovpBvI.ltrans11.ltrans.o
                0x0000000004000f80                u8SecurityMode.22837
 *fill*         0x0000000004000f81        0x3 00
 .bss           0x0000000004000f84        0xc C:\Users\saiju\AppData\Local\Temp\ccovpBvI.ltrans12.ltrans.o
                0x0000000004000f84                g_sXcv
                0x0000000004000f88                prMcpsRequest.9936
                0x0000000004000f8c                prMlmeRequest.9935
 .bss.initinboot
                0x0000000004000f90        0x8 C:\Users\saiju\AppData\Local\Temp\ccovpBvI.ltrans12.ltrans.o
                0x0000000004000f90                g_u32MacAddrLocation
                0x0000000004000f94                prvUserTxStartedCallback
 .bss           0x0000000004000f98       0x28 C:\Users\saiju\AppData\Local\Temp\ccovpBvI.ltrans13.ltrans.o
                0x0000000004000f98                sCh_Context.3426
                0x0000000004000f9c                asTx.26376
 .bss.initinboot
                0x0000000004000fc0        0x1 C:\Users\saiju\AppData\Local\Temp\ccovpBvI.ltrans13.ltrans.o
 *fill*         0x0000000004000fc1        0x3 00
 .bss           0x0000000004000fc4       0x10 C:\Users\saiju\AppData\Local\Temp\ccovpBvI.ltrans14.ltrans.o
                0x0000000004000fc4                sSerCmd_P3.5704
 .bss           0x0000000004000fd4      0x1b8 C:\Users\saiju\AppData\Local\Temp\ccovpBvI.ltrans15.ltrans.o
                0x0000000004000fd4                g_pvMac
                0x0000000004000fd8                the_mac
                0x0000000004000ff4                Buttons
                0x0000000004000ffc                Timer4
                0x0000000004001004                Timer3
                0x000000000400100c                Timer2
                0x0000000004001014                Timer1
                0x000000000400101c                Timer0
                0x0000000004001024                PulseCounter1
                0x0000000004001028                PulseCounter0
                0x000000000400102c                Analogue
                0x0000000004001044                SPI
                0x0000000004001048                Wire
                0x0000000004001060                SerialParser
                0x000000000400109c                Serial1
                0x00000000040010bc                Serial
                0x00000000040010dc                the_vnet2
                0x00000000040010e0                the_vnet
                0x00000000040010e4                the_vhw
                0x00000000040010e8                the_vsettings
                0x00000000040010ec                the_vapp
                0x00000000040010f0                the_twelite
                0x0000000004001188                txreq_stat
 .bss.initinboot
                0x000000000400118c      0x1c0 C:\Users\saiju\AppData\Local\Temp\ccovpBvI.ltrans15.ltrans.o
                0x000000000400118c                g_sMac
 .bss           0x000000000400134c       0x40 C:\Users\saiju\AppData\Local\Temp\ccovpBvI.ltrans16.ltrans.o
                0x000000000400134c                u8AssocResponsesInProgress.13552
                0x0000000004001350                g_sLP
 .bss           0x000000000400138c      0x118 C:\Users\saiju\AppData\Local\Temp\ccovpBvI.ltrans17.ltrans.o
                0x000000000400138c                sContext.4859
                0x00000000040013b8                sToCoNet_Modules
                0x0000000004001410                _ZL5_vcbs.7400
                0x0000000004001424                sToCoNet_AppContext
                0x0000000004001440                sToCoNet_Context
 .bss           0x00000000040014a4        0xc C:\Users\saiju\AppData\Local\Temp\ccovpBvI.ltrans19.ltrans.o
                0x00000000040014a4                _psSerial
 .bss           0x00000000040014b0      0x15c C:\Users\saiju\AppData\Local\Temp\ccovpBvI.ltrans20.ltrans.o
                0x00000000040014b0                u8AppId_Pkt_head.4738
                0x00000000040014b4                u32AppId.4735
                0x00000000040014b8                u32MyAddr.4737
                0x00000000040014bc                bRxQueue_Init.4736
                0x00000000040014c0                psRxQueueList.4734
                0x00000000040014d4                asEventHandler.2507
                0x0000000004001574                sEvVars
                0x0000000004001590                u32TickCount_ms
                0x0000000004001594                au8Txdatabuff_idx_sTxQueue
                0x0000000004001598                u8TxBuffSiz_sTxQueue
                0x000000000400159c                sTxdatabuff_sTxQueue
                0x00000000040015a0                sTxQueue
                0x00000000040015bc                au8Rxdatabuff_idx_sRxQueue
                0x00000000040015c0                u8RxBuffSiz_sRxQueue
                0x00000000040015c4                sRxdatabuff_sRxQueue
                0x00000000040015c8                sRxQueue
                0x00000000040015e4                au8Rxdatabuff_idx_sRxQueueCmd
                0x00000000040015e8                u8RxBuffSiz_sRxQueueCmd
                0x00000000040015ec                sRxdatabuff_sRxQueueCmd
                0x00000000040015f0                sRxQueueCmd.2958
 .bss.dontinitinboot
                0x000000000400160c       0x40 C:/MWSTAGE/MWSDK/ChipLib/SW4063V1416/Components/Library\libBoot_JN516x.a(ExceptionHandler.o)
                0x000000000400160c                isr_handlers
 *(.bss.*)
 *(.scommon*)
 *(.scommon.*)
 *(COMMON)
                0x000000000400164c                . = ALIGN (0x4)
                0x000000000400164c                _bss_end = ABSOLUTE (.)

.heap           0x000000000400164c      0xd16 load address 0x0000000000091260
                0x000000000400164c                _heap_start = ABSOLUTE (.)
                0x0000000004002362                . = (. + _minimum_heap_size)
 *fill*         0x000000000400164c      0xd16 00

.stack          0x0000000004007800      0x800 load address 0x0000000000097414
                0x0000000004007800                _heap_end = ABSOLUTE (.)
                0x0000000004007800                _stack_low_water_mark = ABSOLUTE (.)
                0x0000000004008000                . = (. + _stack_size)
 *fill*         0x0000000004007800      0x800 00

.test           0x000000000008fc78        0x1
                0x000000000008fc78        0x1 BYTE 0xff
                0x000000000008fc60                _flash_data_start = LOADADDR (.data)
                0x0000000000000018                _ram_data_len = (((_ram_data_end - _ram_data_start) + 0x3) & 0xfffffffffffffffc)
                0x00000000000015e8                _bss_len = (((_bss_end - _bss_start) + 0x3) & 0xfffffffffffffffc)
                0x000000000000fc78                _image_len = ((((_flash_end - _flash_start) + _ram_data_len) + 0x3) & 0xfffffffffffffffc)
                0x0000000004008000                _ram_top = (ABSOLUTE (ORIGIN (ram)) + 0x7fb4)
                0x0000000004008000                ram_top = (ABSOLUTE (ORIGIN (ram)) + 0x7fb4)
                0x0000000001001580                _app_ram_start = 0x1001580
                0x000000000400004c                PROVIDE (_heap_location, u32HeapStart)
                0x000000000400004c                PROVIDE (heap_location, u32HeapStart)
                0x000000000008991f                TSV_eOpenVector = TSV_eOpen
                0x00000000000894a0                TSV_eStartVector = TSV_eStart
                0x00000000000834f4                TSV_eStopVector = TSV_eStop
                0x000000000008a61f                pvAppApiGetMacHandle = pvAppApiDefGetMacHandle
                0x00000000000891ef                u32AppApiInit = u32AppApiDefInit
                0x000000000008a5f4                vAppApiMlmeRequest = vAppApiDefMlmeRequest
                0x0000000000089b4d                vAppApiMcpsRequest = vAppApiDefMcpsRequest
                0x0000000000089af4                eAppApiPlmeSet = eAppApiDefPlmeSet
                0x0000000000089aa2                eAppApiPlmeGet = eAppApiDefPlmeGet
                0x0000000000089a99                pvAppApiGetMacAddrLocation = pvAppApiDefGetMacAddrLocation
                0x00000000000899f8                vAppApiSaveMacSettings = vAppApiDefSaveMacSettings
                0x0000000000089927                vAppApiRestoreMacSettings = vAppApiDefRestoreMacSettings
OUTPUT(objs_BLUE/zig_send_BLUE_L1305_V0-1-0.elf elf32-ba)

.comment        0x0000000000000000       0x11
 .comment       0x0000000000000000       0x12 C:\Users\saiju\AppData\Local\Temp\ccovpBvI.ltrans0.ltrans.o
 .comment       0x0000000000000000       0x12 C:\Users\saiju\AppData\Local\Temp\ccovpBvI.ltrans1.ltrans.o
 .comment       0x0000000000000000       0x12 C:\Users\saiju\AppData\Local\Temp\ccovpBvI.ltrans2.ltrans.o
 .comment       0x0000000000000000       0x12 C:\Users\saiju\AppData\Local\Temp\ccovpBvI.ltrans3.ltrans.o
 .comment       0x0000000000000000       0x12 C:\Users\saiju\AppData\Local\Temp\ccovpBvI.ltrans4.ltrans.o
 .comment       0x0000000000000000       0x12 C:\Users\saiju\AppData\Local\Temp\ccovpBvI.ltrans5.ltrans.o
 .comment       0x0000000000000000       0x12 C:\Users\saiju\AppData\Local\Temp\ccovpBvI.ltrans6.ltrans.o
 .comment       0x0000000000000000       0x12 C:\Users\saiju\AppData\Local\Temp\ccovpBvI.ltrans7.ltrans.o
 .comment       0x0000000000000000       0x12 C:\Users\saiju\AppData\Local\Temp\ccovpBvI.ltrans8.ltrans.o
 .comment       0x0000000000000000       0x12 C:\Users\saiju\AppData\Local\Temp\ccovpBvI.ltrans9.ltrans.o
 .comment       0x0000000000000000       0x12 C:\Users\saiju\AppData\Local\Temp\ccovpBvI.ltrans10.ltrans.o
 .comment       0x0000000000000000       0x12 C:\Users\saiju\AppData\Local\Temp\ccovpBvI.ltrans11.ltrans.o
 .comment       0x0000000000000000       0x12 C:\Users\saiju\AppData\Local\Temp\ccovpBvI.ltrans12.ltrans.o
 .comment       0x0000000000000000       0x12 C:\Users\saiju\AppData\Local\Temp\ccovpBvI.ltrans13.ltrans.o
 .comment       0x0000000000000000       0x12 C:\Users\saiju\AppData\Local\Temp\ccovpBvI.ltrans14.ltrans.o
 .comment       0x0000000000000000       0x12 C:\Users\saiju\AppData\Local\Temp\ccovpBvI.ltrans15.ltrans.o
 .comment       0x0000000000000000       0x12 C:\Users\saiju\AppData\Local\Temp\ccovpBvI.ltrans16.ltrans.o
 .comment       0x0000000000000000       0x12 C:\Users\saiju\AppData\Local\Temp\ccovpBvI.ltrans17.ltrans.o
 .comment       0x0000000000000000       0x12 C:\Users\saiju\AppData\Local\Temp\ccovpBvI.ltrans18.ltrans.o
 .comment       0x0000000000000000       0x12 C:\Users\saiju\AppData\Local\Temp\ccovpBvI.ltrans19.ltrans.o
 .comment       0x0000000000000000       0x12 C:\Users\saiju\AppData\Local\Temp\ccovpBvI.ltrans20.ltrans.o
 .comment       0x0000000000000000       0x12 c:/mwstage/tools/ba-elf-ba2-r36379.w10/bin/../lib/gcc/ba-elf/4.7.4/../../../../ba-elf/lib/mcpu_jn51xx_sizeopt\libc.a(lib_a-memcmp.o)
 .comment       0x0000000000000000       0x12 c:/mwstage/tools/ba-elf-ba2-r36379.w10/bin/../lib/gcc/ba-elf/4.7.4/../../../../ba-elf/lib/mcpu_jn51xx_sizeopt\libc.a(lib_a-memcpy.o)
 .comment       0x0000000000000000       0x12 c:/mwstage/tools/ba-elf-ba2-r36379.w10/bin/../lib/gcc/ba-elf/4.7.4/mcpu_jn51xx_sizeopt\libgcc.a(_fixunsdfsi.o)
 .comment       0x0000000000000000       0x12 c:/mwstage/tools/ba-elf-ba2-r36379.w10/bin/../lib/gcc/ba-elf/4.7.4/mcpu_jn51xx_sizeopt\libgcc.a(_udivdi3.o)
 .comment       0x0000000000000000       0x12 c:/mwstage/tools/ba-elf-ba2-r36379.w10/bin/../lib/gcc/ba-elf/4.7.4/mcpu_jn51xx_sizeopt\libgcc.a(_umoddi3.o)
 .comment       0x0000000000000000       0x12 c:/mwstage/tools/ba-elf-ba2-r36379.w10/bin/../lib/gcc/ba-elf/4.7.4/mcpu_jn51xx_sizeopt\libgcc.a(adddf3.o)
 .comment       0x0000000000000000       0x12 c:/mwstage/tools/ba-elf-ba2-r36379.w10/bin/../lib/gcc/ba-elf/4.7.4/mcpu_jn51xx_sizeopt\libgcc.a(divdf3.o)
 .comment       0x0000000000000000       0x12 c:/mwstage/tools/ba-elf-ba2-r36379.w10/bin/../lib/gcc/ba-elf/4.7.4/mcpu_jn51xx_sizeopt\libgcc.a(eqdf2.o)
 .comment       0x0000000000000000       0x12 c:/mwstage/tools/ba-elf-ba2-r36379.w10/bin/../lib/gcc/ba-elf/4.7.4/mcpu_jn51xx_sizeopt\libgcc.a(gedf2.o)
 .comment       0x0000000000000000       0x12 c:/mwstage/tools/ba-elf-ba2-r36379.w10/bin/../lib/gcc/ba-elf/4.7.4/mcpu_jn51xx_sizeopt\libgcc.a(ledf2.o)
 .comment       0x0000000000000000       0x12 c:/mwstage/tools/ba-elf-ba2-r36379.w10/bin/../lib/gcc/ba-elf/4.7.4/mcpu_jn51xx_sizeopt\libgcc.a(muldf3.o)
 .comment       0x0000000000000000       0x12 c:/mwstage/tools/ba-elf-ba2-r36379.w10/bin/../lib/gcc/ba-elf/4.7.4/mcpu_jn51xx_sizeopt\libgcc.a(subdf3.o)
 .comment       0x0000000000000000       0x12 c:/mwstage/tools/ba-elf-ba2-r36379.w10/bin/../lib/gcc/ba-elf/4.7.4/mcpu_jn51xx_sizeopt\libgcc.a(fixdfsi.o)
 .comment       0x0000000000000000       0x12 c:/mwstage/tools/ba-elf-ba2-r36379.w10/bin/../lib/gcc/ba-elf/4.7.4/mcpu_jn51xx_sizeopt\libgcc.a(floatsidf.o)
 .comment       0x0000000000000000       0x12 c:/mwstage/tools/ba-elf-ba2-r36379.w10/bin/../lib/gcc/ba-elf/4.7.4/mcpu_jn51xx_sizeopt\libgcc.a(floatunsidf.o)
 .comment       0x0000000000000000       0x11 C:/MWSTAGE/MWSDK/ChipLib/SW4063V1416/Components/Library\libMicroSpecific_JN516x.a(MicroSyscall_ba.o)
                                         0x12 (size before relaxing)
 .comment       0x0000000000000000       0x12 c:/mwstage/tools/ba-elf-ba2-r36379.w10/bin/../lib/gcc/ba-elf/4.7.4/../../../../ba-elf/lib/mcpu_jn51xx_sizeopt\libc.a(lib_a-memset.o)

.debug_info     0x0000000000000000     0x3453
 .debug_info    0x0000000000000000       0xf3 c:/mwstage/tools/ba-elf-ba2-r36379.w10/bin/../lib/gcc/ba-elf/4.7.4/../../../../ba-elf/lib/mcpu_jn51xx_sizeopt\libc.a(lib_a-memcmp.o)
 .debug_info    0x00000000000000f3      0x106 c:/mwstage/tools/ba-elf-ba2-r36379.w10/bin/../lib/gcc/ba-elf/4.7.4/../../../../ba-elf/lib/mcpu_jn51xx_sizeopt\libc.a(lib_a-memcpy.o)
 .debug_info    0x00000000000001f9       0xb7 c:/mwstage/tools/ba-elf-ba2-r36379.w10/bin/../lib/gcc/ba-elf/4.7.4/mcpu_jn51xx_sizeopt\libgcc.a(__udivsi3.o)
 .debug_info    0x00000000000002b0       0xb7 c:/mwstage/tools/ba-elf-ba2-r36379.w10/bin/../lib/gcc/ba-elf/4.7.4/mcpu_jn51xx_sizeopt\libgcc.a(__divsi3.o)
 .debug_info    0x0000000000000367       0xb7 c:/mwstage/tools/ba-elf-ba2-r36379.w10/bin/../lib/gcc/ba-elf/4.7.4/mcpu_jn51xx_sizeopt\libgcc.a(__umodsi3.o)
 .debug_info    0x000000000000041e       0xb7 c:/mwstage/tools/ba-elf-ba2-r36379.w10/bin/../lib/gcc/ba-elf/4.7.4/mcpu_jn51xx_sizeopt\libgcc.a(__modsi3.o)
 .debug_info    0x00000000000004d5       0xd3 c:/mwstage/tools/ba-elf-ba2-r36379.w10/bin/../lib/gcc/ba-elf/4.7.4/mcpu_jn51xx_sizeopt\libgcc.a(_fixunsdfsi.o)
 .debug_info    0x00000000000005a8      0x648 c:/mwstage/tools/ba-elf-ba2-r36379.w10/bin/../lib/gcc/ba-elf/4.7.4/mcpu_jn51xx_sizeopt\libgcc.a(_udivdi3.o)
 .debug_info    0x0000000000000bf0      0x69d c:/mwstage/tools/ba-elf-ba2-r36379.w10/bin/../lib/gcc/ba-elf/4.7.4/mcpu_jn51xx_sizeopt\libgcc.a(_umoddi3.o)
 .debug_info    0x000000000000128d      0x4b2 c:/mwstage/tools/ba-elf-ba2-r36379.w10/bin/../lib/gcc/ba-elf/4.7.4/mcpu_jn51xx_sizeopt\libgcc.a(adddf3.o)
 .debug_info    0x000000000000173f      0x5c5 c:/mwstage/tools/ba-elf-ba2-r36379.w10/bin/../lib/gcc/ba-elf/4.7.4/mcpu_jn51xx_sizeopt\libgcc.a(divdf3.o)
 .debug_info    0x0000000000001d04      0x1e7 c:/mwstage/tools/ba-elf-ba2-r36379.w10/bin/../lib/gcc/ba-elf/4.7.4/mcpu_jn51xx_sizeopt\libgcc.a(eqdf2.o)
 .debug_info    0x0000000000001eeb      0x20b c:/mwstage/tools/ba-elf-ba2-r36379.w10/bin/../lib/gcc/ba-elf/4.7.4/mcpu_jn51xx_sizeopt\libgcc.a(gedf2.o)
 .debug_info    0x00000000000020f6      0x20b c:/mwstage/tools/ba-elf-ba2-r36379.w10/bin/../lib/gcc/ba-elf/4.7.4/mcpu_jn51xx_sizeopt\libgcc.a(ledf2.o)
 .debug_info    0x0000000000002301      0x5c7 c:/mwstage/tools/ba-elf-ba2-r36379.w10/bin/../lib/gcc/ba-elf/4.7.4/mcpu_jn51xx_sizeopt\libgcc.a(muldf3.o)
 .debug_info    0x00000000000028c8      0x4b2 c:/mwstage/tools/ba-elf-ba2-r36379.w10/bin/../lib/gcc/ba-elf/4.7.4/mcpu_jn51xx_sizeopt\libgcc.a(subdf3.o)
 .debug_info    0x0000000000002d7a      0x1b7 c:/mwstage/tools/ba-elf-ba2-r36379.w10/bin/../lib/gcc/ba-elf/4.7.4/mcpu_jn51xx_sizeopt\libgcc.a(fixdfsi.o)
 .debug_info    0x0000000000002f31      0x1d6 c:/mwstage/tools/ba-elf-ba2-r36379.w10/bin/../lib/gcc/ba-elf/4.7.4/mcpu_jn51xx_sizeopt\libgcc.a(floatsidf.o)
 .debug_info    0x0000000000003107      0x1cb c:/mwstage/tools/ba-elf-ba2-r36379.w10/bin/../lib/gcc/ba-elf/4.7.4/mcpu_jn51xx_sizeopt\libgcc.a(floatunsidf.o)
 .debug_info    0x00000000000032d2       0xaa C:/MWSTAGE/MWSDK/ChipLib/SW4063V1416/Components/Library\libBoot_JN516x.a(ExceptionHandler.o)
 .debug_info    0x000000000000337c       0xd7 c:/mwstage/tools/ba-elf-ba2-r36379.w10/bin/../lib/gcc/ba-elf/4.7.4/../../../../ba-elf/lib/mcpu_jn51xx_sizeopt\libc.a(lib_a-memset.o)

.debug_abbrev   0x0000000000000000     0x113e
 .debug_abbrev  0x0000000000000000       0x8e c:/mwstage/tools/ba-elf-ba2-r36379.w10/bin/../lib/gcc/ba-elf/4.7.4/../../../../ba-elf/lib/mcpu_jn51xx_sizeopt\libc.a(lib_a-memcmp.o)
 .debug_abbrev  0x000000000000008e       0xa4 c:/mwstage/tools/ba-elf-ba2-r36379.w10/bin/../lib/gcc/ba-elf/4.7.4/../../../../ba-elf/lib/mcpu_jn51xx_sizeopt\libc.a(lib_a-memcpy.o)
 .debug_abbrev  0x0000000000000132       0x14 c:/mwstage/tools/ba-elf-ba2-r36379.w10/bin/../lib/gcc/ba-elf/4.7.4/mcpu_jn51xx_sizeopt\libgcc.a(__udivsi3.o)
 .debug_abbrev  0x0000000000000146       0x14 c:/mwstage/tools/ba-elf-ba2-r36379.w10/bin/../lib/gcc/ba-elf/4.7.4/mcpu_jn51xx_sizeopt\libgcc.a(__divsi3.o)
 .debug_abbrev  0x000000000000015a       0x14 c:/mwstage/tools/ba-elf-ba2-r36379.w10/bin/../lib/gcc/ba-elf/4.7.4/mcpu_jn51xx_sizeopt\libgcc.a(__umodsi3.o)
 .debug_abbrev  0x000000000000016e       0x14 c:/mwstage/tools/ba-elf-ba2-r36379.w10/bin/../lib/gcc/ba-elf/4.7.4/mcpu_jn51xx_sizeopt\libgcc.a(__modsi3.o)
 .debug_abbrev  0x0000000000000182       0x60 c:/mwstage/tools/ba-elf-ba2-r36379.w10/bin/../lib/gcc/ba-elf/4.7.4/mcpu_jn51xx_sizeopt\libgcc.a(_fixunsdfsi.o)
 .debug_abbrev  0x00000000000001e2      0x15d c:/mwstage/tools/ba-elf-ba2-r36379.w10/bin/../lib/gcc/ba-elf/4.7.4/mcpu_jn51xx_sizeopt\libgcc.a(_udivdi3.o)
 .debug_abbrev  0x000000000000033f      0x175 c:/mwstage/tools/ba-elf-ba2-r36379.w10/bin/../lib/gcc/ba-elf/4.7.4/mcpu_jn51xx_sizeopt\libgcc.a(_umoddi3.o)
 .debug_abbrev  0x00000000000004b4      0x133 c:/mwstage/tools/ba-elf-ba2-r36379.w10/bin/../lib/gcc/ba-elf/4.7.4/mcpu_jn51xx_sizeopt\libgcc.a(adddf3.o)
 .debug_abbrev  0x00000000000005e7      0x12f c:/mwstage/tools/ba-elf-ba2-r36379.w10/bin/../lib/gcc/ba-elf/4.7.4/mcpu_jn51xx_sizeopt\libgcc.a(divdf3.o)
 .debug_abbrev  0x0000000000000716      0x128 c:/mwstage/tools/ba-elf-ba2-r36379.w10/bin/../lib/gcc/ba-elf/4.7.4/mcpu_jn51xx_sizeopt\libgcc.a(eqdf2.o)
 .debug_abbrev  0x000000000000083e      0x137 c:/mwstage/tools/ba-elf-ba2-r36379.w10/bin/../lib/gcc/ba-elf/4.7.4/mcpu_jn51xx_sizeopt\libgcc.a(gedf2.o)
 .debug_abbrev  0x0000000000000975      0x139 c:/mwstage/tools/ba-elf-ba2-r36379.w10/bin/../lib/gcc/ba-elf/4.7.4/mcpu_jn51xx_sizeopt\libgcc.a(ledf2.o)
 .debug_abbrev  0x0000000000000aae      0x141 c:/mwstage/tools/ba-elf-ba2-r36379.w10/bin/../lib/gcc/ba-elf/4.7.4/mcpu_jn51xx_sizeopt\libgcc.a(muldf3.o)
 .debug_abbrev  0x0000000000000bef      0x133 c:/mwstage/tools/ba-elf-ba2-r36379.w10/bin/../lib/gcc/ba-elf/4.7.4/mcpu_jn51xx_sizeopt\libgcc.a(subdf3.o)
 .debug_abbrev  0x0000000000000d22      0x12a c:/mwstage/tools/ba-elf-ba2-r36379.w10/bin/../lib/gcc/ba-elf/4.7.4/mcpu_jn51xx_sizeopt\libgcc.a(fixdfsi.o)
 .debug_abbrev  0x0000000000000e4c      0x128 c:/mwstage/tools/ba-elf-ba2-r36379.w10/bin/../lib/gcc/ba-elf/4.7.4/mcpu_jn51xx_sizeopt\libgcc.a(floatsidf.o)
 .debug_abbrev  0x0000000000000f74      0x128 c:/mwstage/tools/ba-elf-ba2-r36379.w10/bin/../lib/gcc/ba-elf/4.7.4/mcpu_jn51xx_sizeopt\libgcc.a(floatunsidf.o)
 .debug_abbrev  0x000000000000109c       0x14 C:/MWSTAGE/MWSDK/ChipLib/SW4063V1416/Components/Library\libBoot_JN516x.a(ExceptionHandler.o)
 .debug_abbrev  0x00000000000010b0       0x8e c:/mwstage/tools/ba-elf-ba2-r36379.w10/bin/../lib/gcc/ba-elf/4.7.4/../../../../ba-elf/lib/mcpu_jn51xx_sizeopt\libc.a(lib_a-memset.o)

.debug_loc      0x0000000000000000     0x599c
 .debug_loc     0x0000000000000000       0x73 c:/mwstage/tools/ba-elf-ba2-r36379.w10/bin/../lib/gcc/ba-elf/4.7.4/../../../../ba-elf/lib/mcpu_jn51xx_sizeopt\libc.a(lib_a-memcmp.o)
 .debug_loc     0x0000000000000073       0x39 c:/mwstage/tools/ba-elf-ba2-r36379.w10/bin/../lib/gcc/ba-elf/4.7.4/../../../../ba-elf/lib/mcpu_jn51xx_sizeopt\libc.a(lib_a-memcpy.o)
 .debug_loc     0x00000000000000ac       0x48 c:/mwstage/tools/ba-elf-ba2-r36379.w10/bin/../lib/gcc/ba-elf/4.7.4/mcpu_jn51xx_sizeopt\libgcc.a(_fixunsdfsi.o)
 .debug_loc     0x00000000000000f4      0xa7b c:/mwstage/tools/ba-elf-ba2-r36379.w10/bin/../lib/gcc/ba-elf/4.7.4/mcpu_jn51xx_sizeopt\libgcc.a(_udivdi3.o)
 .debug_loc     0x0000000000000b6f      0x985 c:/mwstage/tools/ba-elf-ba2-r36379.w10/bin/../lib/gcc/ba-elf/4.7.4/mcpu_jn51xx_sizeopt\libgcc.a(_umoddi3.o)
 .debug_loc     0x00000000000014f4     0x10f3 c:/mwstage/tools/ba-elf-ba2-r36379.w10/bin/../lib/gcc/ba-elf/4.7.4/mcpu_jn51xx_sizeopt\libgcc.a(adddf3.o)
 .debug_loc     0x00000000000025e7     0x117e c:/mwstage/tools/ba-elf-ba2-r36379.w10/bin/../lib/gcc/ba-elf/4.7.4/mcpu_jn51xx_sizeopt\libgcc.a(divdf3.o)
 .debug_loc     0x0000000000003765       0x83 c:/mwstage/tools/ba-elf-ba2-r36379.w10/bin/../lib/gcc/ba-elf/4.7.4/mcpu_jn51xx_sizeopt\libgcc.a(eqdf2.o)
 .debug_loc     0x00000000000037e8      0x154 c:/mwstage/tools/ba-elf-ba2-r36379.w10/bin/../lib/gcc/ba-elf/4.7.4/mcpu_jn51xx_sizeopt\libgcc.a(gedf2.o)
 .debug_loc     0x000000000000393c       0xe6 c:/mwstage/tools/ba-elf-ba2-r36379.w10/bin/../lib/gcc/ba-elf/4.7.4/mcpu_jn51xx_sizeopt\libgcc.a(ledf2.o)
 .debug_loc     0x0000000000003a22      0xa0e c:/mwstage/tools/ba-elf-ba2-r36379.w10/bin/../lib/gcc/ba-elf/4.7.4/mcpu_jn51xx_sizeopt\libgcc.a(muldf3.o)
 .debug_loc     0x0000000000004430     0x114e c:/mwstage/tools/ba-elf-ba2-r36379.w10/bin/../lib/gcc/ba-elf/4.7.4/mcpu_jn51xx_sizeopt\libgcc.a(subdf3.o)
 .debug_loc     0x000000000000557e       0xa8 c:/mwstage/tools/ba-elf-ba2-r36379.w10/bin/../lib/gcc/ba-elf/4.7.4/mcpu_jn51xx_sizeopt\libgcc.a(fixdfsi.o)
 .debug_loc     0x0000000000005626      0x1be c:/mwstage/tools/ba-elf-ba2-r36379.w10/bin/../lib/gcc/ba-elf/4.7.4/mcpu_jn51xx_sizeopt\libgcc.a(floatsidf.o)
 .debug_loc     0x00000000000057e4      0x179 c:/mwstage/tools/ba-elf-ba2-r36379.w10/bin/../lib/gcc/ba-elf/4.7.4/mcpu_jn51xx_sizeopt\libgcc.a(floatunsidf.o)
 .debug_loc     0x000000000000595d       0x3f c:/mwstage/tools/ba-elf-ba2-r36379.w10/bin/../lib/gcc/ba-elf/4.7.4/../../../../ba-elf/lib/mcpu_jn51xx_sizeopt\libc.a(lib_a-memset.o)

.debug_aranges  0x0000000000000000      0x2a0
 .debug_aranges
                0x0000000000000000       0x20 c:/mwstage/tools/ba-elf-ba2-r36379.w10/bin/../lib/gcc/ba-elf/4.7.4/../../../../ba-elf/lib/mcpu_jn51xx_sizeopt\libc.a(lib_a-memcmp.o)
 .debug_aranges
                0x0000000000000020       0x20 c:/mwstage/tools/ba-elf-ba2-r36379.w10/bin/../lib/gcc/ba-elf/4.7.4/../../../../ba-elf/lib/mcpu_jn51xx_sizeopt\libc.a(lib_a-memcpy.o)
 .debug_aranges
                0x0000000000000040       0x20 c:/mwstage/tools/ba-elf-ba2-r36379.w10/bin/../lib/gcc/ba-elf/4.7.4/mcpu_jn51xx_sizeopt\libgcc.a(__udivsi3.o)
 .debug_aranges
                0x0000000000000060       0x20 c:/mwstage/tools/ba-elf-ba2-r36379.w10/bin/../lib/gcc/ba-elf/4.7.4/mcpu_jn51xx_sizeopt\libgcc.a(__divsi3.o)
 .debug_aranges
                0x0000000000000080       0x20 c:/mwstage/tools/ba-elf-ba2-r36379.w10/bin/../lib/gcc/ba-elf/4.7.4/mcpu_jn51xx_sizeopt\libgcc.a(__umodsi3.o)
 .debug_aranges
                0x00000000000000a0       0x20 c:/mwstage/tools/ba-elf-ba2-r36379.w10/bin/../lib/gcc/ba-elf/4.7.4/mcpu_jn51xx_sizeopt\libgcc.a(__modsi3.o)
 .debug_aranges
                0x00000000000000c0       0x20 c:/mwstage/tools/ba-elf-ba2-r36379.w10/bin/../lib/gcc/ba-elf/4.7.4/mcpu_jn51xx_sizeopt\libgcc.a(_fixunsdfsi.o)
 .debug_aranges
                0x00000000000000e0       0x20 c:/mwstage/tools/ba-elf-ba2-r36379.w10/bin/../lib/gcc/ba-elf/4.7.4/mcpu_jn51xx_sizeopt\libgcc.a(_udivdi3.o)
 .debug_aranges
                0x0000000000000100       0x20 c:/mwstage/tools/ba-elf-ba2-r36379.w10/bin/../lib/gcc/ba-elf/4.7.4/mcpu_jn51xx_sizeopt\libgcc.a(_umoddi3.o)
 .debug_aranges
                0x0000000000000120       0x20 c:/mwstage/tools/ba-elf-ba2-r36379.w10/bin/../lib/gcc/ba-elf/4.7.4/mcpu_jn51xx_sizeopt\libgcc.a(adddf3.o)
 .debug_aranges
                0x0000000000000140       0x20 c:/mwstage/tools/ba-elf-ba2-r36379.w10/bin/../lib/gcc/ba-elf/4.7.4/mcpu_jn51xx_sizeopt\libgcc.a(divdf3.o)
 .debug_aranges
                0x0000000000000160       0x20 c:/mwstage/tools/ba-elf-ba2-r36379.w10/bin/../lib/gcc/ba-elf/4.7.4/mcpu_jn51xx_sizeopt\libgcc.a(eqdf2.o)
 .debug_aranges
                0x0000000000000180       0x20 c:/mwstage/tools/ba-elf-ba2-r36379.w10/bin/../lib/gcc/ba-elf/4.7.4/mcpu_jn51xx_sizeopt\libgcc.a(gedf2.o)
 .debug_aranges
                0x00000000000001a0       0x20 c:/mwstage/tools/ba-elf-ba2-r36379.w10/bin/../lib/gcc/ba-elf/4.7.4/mcpu_jn51xx_sizeopt\libgcc.a(ledf2.o)
 .debug_aranges
                0x00000000000001c0       0x20 c:/mwstage/tools/ba-elf-ba2-r36379.w10/bin/../lib/gcc/ba-elf/4.7.4/mcpu_jn51xx_sizeopt\libgcc.a(muldf3.o)
 .debug_aranges
                0x00000000000001e0       0x20 c:/mwstage/tools/ba-elf-ba2-r36379.w10/bin/../lib/gcc/ba-elf/4.7.4/mcpu_jn51xx_sizeopt\libgcc.a(subdf3.o)
 .debug_aranges
                0x0000000000000200       0x20 c:/mwstage/tools/ba-elf-ba2-r36379.w10/bin/../lib/gcc/ba-elf/4.7.4/mcpu_jn51xx_sizeopt\libgcc.a(fixdfsi.o)
 .debug_aranges
                0x0000000000000220       0x20 c:/mwstage/tools/ba-elf-ba2-r36379.w10/bin/../lib/gcc/ba-elf/4.7.4/mcpu_jn51xx_sizeopt\libgcc.a(floatsidf.o)
 .debug_aranges
                0x0000000000000240       0x20 c:/mwstage/tools/ba-elf-ba2-r36379.w10/bin/../lib/gcc/ba-elf/4.7.4/mcpu_jn51xx_sizeopt\libgcc.a(floatunsidf.o)
 .debug_aranges
                0x0000000000000260       0x20 C:/MWSTAGE/MWSDK/ChipLib/SW4063V1416/Components/Library\libBoot_JN516x.a(ExceptionHandler.o)
 .debug_aranges
                0x0000000000000280       0x20 c:/mwstage/tools/ba-elf-ba2-r36379.w10/bin/../lib/gcc/ba-elf/4.7.4/../../../../ba-elf/lib/mcpu_jn51xx_sizeopt\libc.a(lib_a-memset.o)

.debug_line     0x0000000000000000     0x2bd2
 .debug_line    0x0000000000000000      0x15a c:/mwstage/tools/ba-elf-ba2-r36379.w10/bin/../lib/gcc/ba-elf/4.7.4/../../../../ba-elf/lib/mcpu_jn51xx_sizeopt\libc.a(lib_a-memcmp.o)
 .debug_line    0x000000000000015a      0x14e c:/mwstage/tools/ba-elf-ba2-r36379.w10/bin/../lib/gcc/ba-elf/4.7.4/../../../../ba-elf/lib/mcpu_jn51xx_sizeopt\libc.a(lib_a-memcpy.o)
 .debug_line    0x00000000000002a8      0x47b c:/mwstage/tools/ba-elf-ba2-r36379.w10/bin/../lib/gcc/ba-elf/4.7.4/mcpu_jn51xx_sizeopt\libgcc.a(__udivsi3.o)
 .debug_line    0x0000000000000723       0xbb c:/mwstage/tools/ba-elf-ba2-r36379.w10/bin/../lib/gcc/ba-elf/4.7.4/mcpu_jn51xx_sizeopt\libgcc.a(__divsi3.o)
 .debug_line    0x00000000000007de      0x3c7 c:/mwstage/tools/ba-elf-ba2-r36379.w10/bin/../lib/gcc/ba-elf/4.7.4/mcpu_jn51xx_sizeopt\libgcc.a(__umodsi3.o)
 .debug_line    0x0000000000000ba5       0xa3 c:/mwstage/tools/ba-elf-ba2-r36379.w10/bin/../lib/gcc/ba-elf/4.7.4/mcpu_jn51xx_sizeopt\libgcc.a(__modsi3.o)
 .debug_line    0x0000000000000c48       0x9f c:/mwstage/tools/ba-elf-ba2-r36379.w10/bin/../lib/gcc/ba-elf/4.7.4/mcpu_jn51xx_sizeopt\libgcc.a(_fixunsdfsi.o)
 .debug_line    0x0000000000000ce7      0x1b7 c:/mwstage/tools/ba-elf-ba2-r36379.w10/bin/../lib/gcc/ba-elf/4.7.4/mcpu_jn51xx_sizeopt\libgcc.a(_udivdi3.o)
 .debug_line    0x0000000000000e9e      0x1b7 c:/mwstage/tools/ba-elf-ba2-r36379.w10/bin/../lib/gcc/ba-elf/4.7.4/mcpu_jn51xx_sizeopt\libgcc.a(_umoddi3.o)
 .debug_line    0x0000000000001055      0x63d c:/mwstage/tools/ba-elf-ba2-r36379.w10/bin/../lib/gcc/ba-elf/4.7.4/mcpu_jn51xx_sizeopt\libgcc.a(adddf3.o)
 .debug_line    0x0000000000001692      0x3b5 c:/mwstage/tools/ba-elf-ba2-r36379.w10/bin/../lib/gcc/ba-elf/4.7.4/mcpu_jn51xx_sizeopt\libgcc.a(divdf3.o)
 .debug_line    0x0000000000001a47       0xf1 c:/mwstage/tools/ba-elf-ba2-r36379.w10/bin/../lib/gcc/ba-elf/4.7.4/mcpu_jn51xx_sizeopt\libgcc.a(eqdf2.o)
 .debug_line    0x0000000000001b38      0x15f c:/mwstage/tools/ba-elf-ba2-r36379.w10/bin/../lib/gcc/ba-elf/4.7.4/mcpu_jn51xx_sizeopt\libgcc.a(gedf2.o)
 .debug_line    0x0000000000001c97      0x15f c:/mwstage/tools/ba-elf-ba2-r36379.w10/bin/../lib/gcc/ba-elf/4.7.4/mcpu_jn51xx_sizeopt\libgcc.a(ledf2.o)
 .debug_line    0x0000000000001df6      0x269 c:/mwstage/tools/ba-elf-ba2-r36379.w10/bin/../lib/gcc/ba-elf/4.7.4/mcpu_jn51xx_sizeopt\libgcc.a(muldf3.o)
 .debug_line    0x000000000000205f      0x656 c:/mwstage/tools/ba-elf-ba2-r36379.w10/bin/../lib/gcc/ba-elf/4.7.4/mcpu_jn51xx_sizeopt\libgcc.a(subdf3.o)
 .debug_line    0x00000000000026b5       0xc8 c:/mwstage/tools/ba-elf-ba2-r36379.w10/bin/../lib/gcc/ba-elf/4.7.4/mcpu_jn51xx_sizeopt\libgcc.a(fixdfsi.o)
 .debug_line    0x000000000000277d       0xbc c:/mwstage/tools/ba-elf-ba2-r36379.w10/bin/../lib/gcc/ba-elf/4.7.4/mcpu_jn51xx_sizeopt\libgcc.a(floatsidf.o)
 .debug_line    0x0000000000002839       0xbe c:/mwstage/tools/ba-elf-ba2-r36379.w10/bin/../lib/gcc/ba-elf/4.7.4/mcpu_jn51xx_sizeopt\libgcc.a(floatunsidf.o)
 .debug_line    0x00000000000028f7      0x197 C:/MWSTAGE/MWSDK/ChipLib/SW4063V1416/Components/Library\libBoot_JN516x.a(ExceptionHandler.o)
 .debug_line    0x0000000000002a8e      0x144 c:/mwstage/tools/ba-elf-ba2-r36379.w10/bin/../lib/gcc/ba-elf/4.7.4/../../../../ba-elf/lib/mcpu_jn51xx_sizeopt\libc.a(lib_a-memset.o)

.debug_str      0x0000000000000000      0x6be
 .debug_str     0x0000000000000000       0x49 c:/mwstage/tools/ba-elf-ba2-r36379.w10/bin/../lib/gcc/ba-elf/4.7.4/../../../../ba-elf/lib/mcpu_jn51xx_sizeopt\libc.a(lib_a-memcmp.o)
                                        0x155 (size before relaxing)
 .debug_str     0x0000000000000049       0x5d c:/mwstage/tools/ba-elf-ba2-r36379.w10/bin/../lib/gcc/ba-elf/4.7.4/../../../../ba-elf/lib/mcpu_jn51xx_sizeopt\libc.a(lib_a-memcpy.o)
                                        0x169 (size before relaxing)
 .debug_str     0x00000000000000a6       0xc5 c:/mwstage/tools/ba-elf-ba2-r36379.w10/bin/../lib/gcc/ba-elf/4.7.4/mcpu_jn51xx_sizeopt\libgcc.a(_fixunsdfsi.o)
                                        0x169 (size before relaxing)
 .debug_str     0x000000000000016b       0x7b c:/mwstage/tools/ba-elf-ba2-r36379.w10/bin/../lib/gcc/ba-elf/4.7.4/mcpu_jn51xx_sizeopt\libgcc.a(_udivdi3.o)
                                        0x1d7 (size before relaxing)
 .debug_str     0x00000000000001e6        0xa c:/mwstage/tools/ba-elf-ba2-r36379.w10/bin/../lib/gcc/ba-elf/4.7.4/mcpu_jn51xx_sizeopt\libgcc.a(_umoddi3.o)
                                        0x1d7 (size before relaxing)
 .debug_str     0x00000000000001f0       0xc6 c:/mwstage/tools/ba-elf-ba2-r36379.w10/bin/../lib/gcc/ba-elf/4.7.4/mcpu_jn51xx_sizeopt\libgcc.a(adddf3.o)
                                        0x1ba (size before relaxing)
 .debug_str     0x00000000000002b6       0x7a c:/mwstage/tools/ba-elf-ba2-r36379.w10/bin/../lib/gcc/ba-elf/4.7.4/mcpu_jn51xx_sizeopt\libgcc.a(divdf3.o)
                                        0x1f9 (size before relaxing)
 .debug_str     0x0000000000000330       0x3f c:/mwstage/tools/ba-elf-ba2-r36379.w10/bin/../lib/gcc/ba-elf/4.7.4/mcpu_jn51xx_sizeopt\libgcc.a(eqdf2.o)
                                        0x16e (size before relaxing)
 .debug_str     0x000000000000036f       0x57 c:/mwstage/tools/ba-elf-ba2-r36379.w10/bin/../lib/gcc/ba-elf/4.7.4/mcpu_jn51xx_sizeopt\libgcc.a(gedf2.o)
                                        0x186 (size before relaxing)
 .debug_str     0x00000000000003c6       0x3f c:/mwstage/tools/ba-elf-ba2-r36379.w10/bin/../lib/gcc/ba-elf/4.7.4/mcpu_jn51xx_sizeopt\libgcc.a(ledf2.o)
                                        0x186 (size before relaxing)
 .debug_str     0x0000000000000405       0x72 c:/mwstage/tools/ba-elf-ba2-r36379.w10/bin/../lib/gcc/ba-elf/4.7.4/mcpu_jn51xx_sizeopt\libgcc.a(muldf3.o)
                                        0x1eb (size before relaxing)
 .debug_str     0x0000000000000477       0x41 c:/mwstage/tools/ba-elf-ba2-r36379.w10/bin/../lib/gcc/ba-elf/4.7.4/mcpu_jn51xx_sizeopt\libgcc.a(subdf3.o)
                                        0x1ba (size before relaxing)
 .debug_str     0x00000000000004b8       0x4b c:/mwstage/tools/ba-elf-ba2-r36379.w10/bin/../lib/gcc/ba-elf/4.7.4/mcpu_jn51xx_sizeopt\libgcc.a(fixdfsi.o)
                                        0x17f (size before relaxing)
 .debug_str     0x0000000000000503       0x54 c:/mwstage/tools/ba-elf-ba2-r36379.w10/bin/../lib/gcc/ba-elf/4.7.4/mcpu_jn51xx_sizeopt\libgcc.a(floatsidf.o)
                                        0x188 (size before relaxing)
 .debug_str     0x0000000000000557       0x4b c:/mwstage/tools/ba-elf-ba2-r36379.w10/bin/../lib/gcc/ba-elf/4.7.4/mcpu_jn51xx_sizeopt\libgcc.a(floatunsidf.o)
                                        0x185 (size before relaxing)
 .debug_str     0x00000000000005a2      0x11c c:/mwstage/tools/ba-elf-ba2-r36379.w10/bin/../lib/gcc/ba-elf/4.7.4/../../../../ba-elf/lib/mcpu_jn51xx_sizeopt\libc.a(lib_a-memset.o)
                                        0x155 (size before relaxing)

.debug_frame    0x0000000000000000      0x24c
 .debug_frame   0x0000000000000000       0x20 c:/mwstage/tools/ba-elf-ba2-r36379.w10/bin/../lib/gcc/ba-elf/4.7.4/../../../../ba-elf/lib/mcpu_jn51xx_sizeopt\libc.a(lib_a-memcmp.o)
 .debug_frame   0x0000000000000020       0x20 c:/mwstage/tools/ba-elf-ba2-r36379.w10/bin/../lib/gcc/ba-elf/4.7.4/../../../../ba-elf/lib/mcpu_jn51xx_sizeopt\libc.a(lib_a-memcpy.o)
 .debug_frame   0x0000000000000040       0x2c c:/mwstage/tools/ba-elf-ba2-r36379.w10/bin/../lib/gcc/ba-elf/4.7.4/mcpu_jn51xx_sizeopt\libgcc.a(_fixunsdfsi.o)
 .debug_frame   0x000000000000006c       0x30 c:/mwstage/tools/ba-elf-ba2-r36379.w10/bin/../lib/gcc/ba-elf/4.7.4/mcpu_jn51xx_sizeopt\libgcc.a(adddf3.o)
 .debug_frame   0x000000000000009c       0x34 c:/mwstage/tools/ba-elf-ba2-r36379.w10/bin/../lib/gcc/ba-elf/4.7.4/mcpu_jn51xx_sizeopt\libgcc.a(divdf3.o)
 .debug_frame   0x00000000000000d0       0x30 c:/mwstage/tools/ba-elf-ba2-r36379.w10/bin/../lib/gcc/ba-elf/4.7.4/mcpu_jn51xx_sizeopt\libgcc.a(eqdf2.o)
 .debug_frame   0x0000000000000100       0x34 c:/mwstage/tools/ba-elf-ba2-r36379.w10/bin/../lib/gcc/ba-elf/4.7.4/mcpu_jn51xx_sizeopt\libgcc.a(gedf2.o)
 .debug_frame   0x0000000000000134       0x34 c:/mwstage/tools/ba-elf-ba2-r36379.w10/bin/../lib/gcc/ba-elf/4.7.4/mcpu_jn51xx_sizeopt\libgcc.a(ledf2.o)
 .debug_frame   0x0000000000000168       0x34 c:/mwstage/tools/ba-elf-ba2-r36379.w10/bin/../lib/gcc/ba-elf/4.7.4/mcpu_jn51xx_sizeopt\libgcc.a(muldf3.o)
 .debug_frame   0x000000000000019c       0x30 c:/mwstage/tools/ba-elf-ba2-r36379.w10/bin/../lib/gcc/ba-elf/4.7.4/mcpu_jn51xx_sizeopt\libgcc.a(subdf3.o)
 .debug_frame   0x00000000000001cc       0x20 c:/mwstage/tools/ba-elf-ba2-r36379.w10/bin/../lib/gcc/ba-elf/4.7.4/mcpu_jn51xx_sizeopt\libgcc.a(fixdfsi.o)
 .debug_frame   0x00000000000001ec       0x20 c:/mwstage/tools/ba-elf-ba2-r36379.w10/bin/../lib/gcc/ba-elf/4.7.4/mcpu_jn51xx_sizeopt\libgcc.a(floatsidf.o)
 .debug_frame   0x000000000000020c       0x20 c:/mwstage/tools/ba-elf-ba2-r36379.w10/bin/../lib/gcc/ba-elf/4.7.4/mcpu_jn51xx_sizeopt\libgcc.a(floatunsidf.o)
 .debug_frame   0x000000000000022c       0x20 c:/mwstage/tools/ba-elf-ba2-r36379.w10/bin/../lib/gcc/ba-elf/4.7.4/../../../../ba-elf/lib/mcpu_jn51xx_sizeopt\libc.a(lib_a-memset.o)

.debug_ranges   0x0000000000000000      0x558
 .debug_ranges  0x0000000000000000       0xa0 c:/mwstage/tools/ba-elf-ba2-r36379.w10/bin/../lib/gcc/ba-elf/4.7.4/mcpu_jn51xx_sizeopt\libgcc.a(_udivdi3.o)
 .debug_ranges  0x00000000000000a0       0x80 c:/mwstage/tools/ba-elf-ba2-r36379.w10/bin/../lib/gcc/ba-elf/4.7.4/mcpu_jn51xx_sizeopt\libgcc.a(_umoddi3.o)
 .debug_ranges  0x0000000000000120       0x80 c:/mwstage/tools/ba-elf-ba2-r36379.w10/bin/../lib/gcc/ba-elf/4.7.4/mcpu_jn51xx_sizeopt\libgcc.a(adddf3.o)
 .debug_ranges  0x00000000000001a0       0xb0 c:/mwstage/tools/ba-elf-ba2-r36379.w10/bin/../lib/gcc/ba-elf/4.7.4/mcpu_jn51xx_sizeopt\libgcc.a(divdf3.o)
 .debug_ranges  0x0000000000000250       0x38 c:/mwstage/tools/ba-elf-ba2-r36379.w10/bin/../lib/gcc/ba-elf/4.7.4/mcpu_jn51xx_sizeopt\libgcc.a(eqdf2.o)
 .debug_ranges  0x0000000000000288       0x58 c:/mwstage/tools/ba-elf-ba2-r36379.w10/bin/../lib/gcc/ba-elf/4.7.4/mcpu_jn51xx_sizeopt\libgcc.a(gedf2.o)
 .debug_ranges  0x00000000000002e0       0x40 c:/mwstage/tools/ba-elf-ba2-r36379.w10/bin/../lib/gcc/ba-elf/4.7.4/mcpu_jn51xx_sizeopt\libgcc.a(ledf2.o)
 .debug_ranges  0x0000000000000320      0x1a8 c:/mwstage/tools/ba-elf-ba2-r36379.w10/bin/../lib/gcc/ba-elf/4.7.4/mcpu_jn51xx_sizeopt\libgcc.a(muldf3.o)
 .debug_ranges  0x00000000000004c8       0x78 c:/mwstage/tools/ba-elf-ba2-r36379.w10/bin/../lib/gcc/ba-elf/4.7.4/mcpu_jn51xx_sizeopt\libgcc.a(subdf3.o)
 .debug_ranges  0x0000000000000540       0x18 c:/mwstage/tools/ba-elf-ba2-r36379.w10/bin/../lib/gcc/ba-elf/4.7.4/mcpu_jn51xx_sizeopt\libgcc.a(fixdfsi.o)
