Archive member included because of file (symbol)

C:/MWSTAGE/MWSDK/TWENET/current/lib/libTWENEText_BLUE.a(AppStart.o)
                              (AppColdStart)
C:/MWSTAGE/MWSDK/TWENET/current/lib/libTWENEText_BLUE.a(mac.o)
                              AppStart.o (symbol from plugin) (Mac_vSetRetry)
C:/MWSTAGE/MWSDK/TWENET/current/lib/libTWENEText_BLUE.a(AES_CCM.o)
                              AppStart.o (symbol from plugin) (bAES_CCM_KeyReg)
C:/MWSTAGE/MWSDK/TWENET/current/lib/libTWENEText_BLUE.a(no_ack_handler.o)
                              AppStart.o (symbol from plugin) (vInstallNoAckHandler)
C:/MWSTAGE/MWSDK/TWENET/current/lib/libTWENETutils_BLUE.a(serial.o)
                              objs_BLUE/wireless_test.o (symbol from plugin) (SERIAL_bTxChar)
C:/MWSTAGE/MWSDK/TWENET/current/lib/libTWENETutils_BLUE.a(uart.o)
                              serial.o (symbol from plugin) (UART_vInit)
C:/MWSTAGE/MWSDK/TWENET/current/lib/libTWENETutils_BLUE.a(ByteQueue.o)
                              serial.o (symbol from plugin) (QUEUE__vInit)
C:/MWSTAGE/MWSDK/TWENET/current/lib/libTWENETutils_BLUE.a(ccitt8.o)
                              AppStart.o (symbol from plugin) (u8CCITT8)
C:/MWSTAGE/MWSDK/TWENET/current/lib/libTWENETutils_BLUE.a(utils.o)
                              objs_BLUE/wireless_test.o (symbol from plugin) (vTimerConfig)
C:/MWSTAGE/MWSDK/TWENET/current/lib/libTWENETutils_BLUE.a(ccm.o)
                              AES_CCM.o (symbol from plugin) (ccm_init_and_key)
C:/MWSTAGE/MWSDK/TWENET/current/lib/libTWENETutils_BLUE.a(aescrypt.o)
                              ccm.o (symbol from plugin) (aes_encrypt)
C:/MWSTAGE/MWSDK/TWENET/current/lib/libTWENETutils_BLUE.a(aeskey.o)
                              ccm.o (symbol from plugin) (aes_encrypt_key)
C:/MWSTAGE/MWSDK/TWENET/current/lib/libTWENETutils_BLUE.a(aestab.o)
                              aeskey.o (symbol from plugin) (t_im)
C:/MWSTAGE/MWSDK/TWENET/current/lib/libTWENETstgs_BLUE.a(tweinteractive.o)
                              objs_BLUE/wireless_test.o (symbol from plugin) (TWEINTRCT_bIsVerbose)
C:/MWSTAGE/MWSDK/TWENET/current/lib/libTWENETstgs_BLUE.a(tweprintf.o)
                              tweinteractive.o (symbol from plugin) (TWE_fprintf)
C:/MWSTAGE/MWSDK/TWENET/current/lib/libTWENETstgs_BLUE.a(twesercmd_plus3.o)
                              tweinteractive.o (symbol from plugin) (TWESERCMD_Plus3_u8Parse)
C:/MWSTAGE/MWSDK/TWENET/current/lib/libTWENETstgs_BLUE.a(tweserial.o)
                              tweinteractive.o (symbol from plugin) (_TWE_fputs)
C:/MWSTAGE/MWSDK/TWENET/current/lib/libTWENETstgs_BLUE.a(tweserial_jen.o)
                              objs_BLUE/wireless_test.o (symbol from plugin) (TWETERM_vInitJen)
C:/MWSTAGE/MWSDK/TWENET/current/lib/libTWENETstgs_BLUE.a(printf.o)
                              objs_BLUE/wireless_test.o (symbol from plugin) (fctprintf)
C:/MWSTAGE/MWSDK/TWENET/current/lib/libTWENETstgs_BLUE.a(tweinputstring.o)
                              tweinteractive.o (symbol from plugin) (TWEINPSTR_vInit)
C:/MWSTAGE/MWSDK/TWENET/current/lib/libmwx_BLUE.a(mwx_appcore.o)
                              objs_BLUE/wireless_test.o (symbol from plugin) (_periph_availmap)
C:/MWSTAGE/MWSDK/TWENET/current/lib/libmwx_BLUE.a(mwx_memory.o)
                              objs_BLUE/wireless_test.o (symbol from plugin) (operator new(unsigned long))
C:/MWSTAGE/MWSDK/TWENET/current/lib/libmwx_BLUE.a(mwx_periph_dio.o)
                              objs_BLUE/wireless_test.o (symbol from plugin) (pinMode(unsigned char, mwx::L1::enum_wapper<PIN_MODE::eMWX_DIO_MODE, unsigned char>))
C:/MWSTAGE/MWSDK/TWENET/current/lib/libmwx_BLUE.a(mwx_periph_buttons.o)
                              mwx_appcore.o (symbol from plugin) (mwx::L1::periph_buttons::begin(unsigned long, unsigned char, unsigned short))
C:/MWSTAGE/MWSDK/TWENET/current/lib/libmwx_BLUE.a(mwx_periph_analogue.o)
                              mwx_appcore.o (symbol from plugin) (mwx::L1::periph_analogue::ADC_handler(unsigned long, unsigned long))
C:/MWSTAGE/MWSDK/TWENET/current/lib/libmwx_BLUE.a(mwx_stgs_standard.o)
                              objs_BLUE/_mwx_version.o (symbol from plugin) (INTRCT_USER_APP_ID)
C:/MWSTAGE/MWSDK/ChipLib/SW4063V1416/Components/Library\libAppApi_JN516x.a(AppApi.o)
                              (pvAppApiDefGetMacHandle)
C:/MWSTAGE/MWSDK/ChipLib/SW4063V1416/Components/Library\libAppApi_JN516x.a(AppApiSleep.o)
                              (vAppApiDefSaveMacSettings)
C:/MWSTAGE/MWSDK/ChipLib/SW4063V1416/Components/Library\libMAC_JN516x.a(mac_main.o)
                              AppApi.o (symbol from plugin) (MAC_pvCtor)
C:/MWSTAGE/MWSDK/ChipLib/SW4063V1416/Components/Library\libMAC_JN516x.a(mac_mcps.o)
                              AppApi.o (symbol from plugin) (MAC_vHandleMcpsReqRsp)
C:/MWSTAGE/MWSDK/ChipLib/SW4063V1416/Components/Library\libMAC_JN516x.a(mac_mlme.o)
                              AppApi.o (symbol from plugin) (MAC_vHandleMlmeReqRsp)
[...]
Memory Configuration

Name             Origin             Length             Attributes
flash            0x0000000000080000 0x0000000000028000
ram              0x000000000400004c 0x0000000000007fb4
*default*        0x0000000000000000 0xffffffffffffffff

Linker script and memory map

LOAD objs_BLUE/_mwx_version.o
LOAD C:\Users\saiju\AppData\Local\Temp\ccw31jbO.ltrans0.ltrans.o
LOAD C:\Users\saiju\AppData\Local\Temp\ccw31jbO.ltrans1.ltrans.o
LOAD C:\Users\saiju\AppData\Local\Temp\ccw31jbO.ltrans2.ltrans.o
LOAD C:\Users\saiju\AppData\Local\Temp\ccw31jbO.ltrans3.ltrans.o
LOAD C:\Users\saiju\AppData\Local\Temp\ccw31jbO.ltrans4.ltrans.o
LOAD C:\Users\saiju\AppData\Local\Temp\ccw31jbO.ltrans5.ltrans.o
LOAD C:\Users\saiju\AppData\Local\Temp\ccw31jbO.ltrans6.ltrans.o
LOAD C:\Users\saiju\AppData\Local\Temp\ccw31jbO.ltrans7.ltrans.o
LOAD C:\Users\saiju\AppData\Local\Temp\ccw31jbO.ltrans8.ltrans.o
LOAD C:\Users\saiju\AppData\Local\Temp\ccw31jbO.ltrans9.ltrans.o
LOAD C:\Users\saiju\AppData\Local\Temp\ccw31jbO.ltrans10.ltrans.o
LOAD C:\Users\saiju\AppData\Local\Temp\ccw31jbO.ltrans11.ltrans.o
LOAD C:\Users\saiju\AppData\Local\Temp\ccw31jbO.ltrans12.ltrans.o
LOAD C:\Users\saiju\AppData\Local\Temp\ccw31jbO.ltrans13.ltrans.o
LOAD C:\Users\saiju\AppData\Local\Temp\ccw31jbO.ltrans14.ltrans.o
LOAD C:\Users\saiju\AppData\Local\Temp\ccw31jbO.ltrans15.ltrans.o
LOAD C:\Users\saiju\AppData\Local\Temp\ccw31jbO.ltrans16.ltrans.o
LOAD C:\Users\saiju\AppData\Local\Temp\ccw31jbO.ltrans17.ltrans.o
LOAD c:/mwstage/tools/ba-elf-ba2-r36379.w10/bin/../lib/gcc/ba-elf/4.7.4/../../../../ba-elf/lib/mcpu_jn51xx_sizeopt\libc.a
LOAD c:/mwstage/tools/ba-elf-ba2-r36379.w10/bin/../lib/gcc/ba-elf/4.7.4/mcpu_jn51xx_sizeopt\libgcc.a
LOAD c:/mwstage/tools/ba-elf-ba2-r36379.w10/bin/../lib/gcc/ba-elf/4.7.4/../../../../ba-elf/lib/mcpu_jn51xx_sizeopt\libc.a
LOAD objs_BLUE/wireless_test.o
LOAD C:/MWSTAGE/MWSDK/TWENET/current/lib/libTWENET_BLUE.a
LOAD C:/MWSTAGE/MWSDK/TWENET/current/lib/libTWENEText_BLUE.a
LOAD C:/MWSTAGE/MWSDK/TWENET/current/lib/libTWENETutils_BLUE.a
LOAD C:/MWSTAGE/MWSDK/TWENET/current/lib/libTWENETstgs_BLUE.a
LOAD C:/MWSTAGE/MWSDK/TWENET/current/lib/libmwx_BLUE.a
LOAD C:/MWSTAGE/MWSDK/TWENET/current/lib/libEASTL_BLUE.a
START GROUP
LOAD C:/MWSTAGE/MWSDK/ChipLib/SW4063V1416/Components/Library\libAppApi_JN516x.a
LOAD C:/MWSTAGE/MWSDK/ChipLib/SW4063V1416/Components/Library\libMAC_JN516x.a
LOAD C:/MWSTAGE/MWSDK/ChipLib/SW4063V1416/Components/Library\libTimerServer_JN516x.a
LOAD C:/MWSTAGE/MWSDK/ChipLib/SW4063V1416/Components/Library\libTOF_JN516x.a
LOAD C:/MWSTAGE/MWSDK/ChipLib/SW4063V1416/Components/Library\libXcv_JN516x.a
LOAD C:/MWSTAGE/MWSDK/ChipLib/SW4063V1416/Components/Library\libAes_JN516x.a
LOAD C:/MWSTAGE/MWSDK/ChipLib/SW4063V1416/Components/Library\libHardwareApi_JN516x.a
LOAD C:/MWSTAGE/MWSDK/ChipLib/SW4063V1416/Components/Library\libMicroSpecific_JN516x.a
LOAD C:/MWSTAGE/MWSDK/ChipLib/SW4063V1416/Components/Library\libBoot_JN516x.a
LOAD C:/MWSTAGE/MWSDK/ChipLib/SW4063V1416/Components/Library\libPDM_EEPROM_JN516x_NO_RTOS.a
LOAD C:/MWSTAGE/MWSDK/TWENET/current/lib/libTWENET_BLUE.a
LOAD C:/MWSTAGE/MWSDK/TWENET/current/lib/libTWENEText_BLUE.a
LOAD C:/MWSTAGE/MWSDK/TWENET/current/lib/libTWENETutils_BLUE.a
LOAD C:/MWSTAGE/MWSDK/TWENET/current/lib/libTWENETstgs_BLUE.a
LOAD C:/MWSTAGE/MWSDK/TWENET/current/lib/libmwx_BLUE.a
LOAD C:/MWSTAGE/MWSDK/TWENET/current/lib/libEASTL_BLUE.a
END GROUP
LOAD c:/mwstage/tools/ba-elf-ba2-r36379.w10/bin/../lib/gcc/ba-elf/4.7.4/../../../../ba-elf/lib/mcpu_jn51xx_sizeopt\libstdc++.a
LOAD c:/mwstage/tools/ba-elf-ba2-r36379.w10/bin/../lib/gcc/ba-elf/4.7.4/../../../../ba-elf/lib/mcpu_jn51xx_sizeopt\libm.a
LOAD c:/mwstage/tools/ba-elf-ba2-r36379.w10/bin/../lib/gcc/ba-elf/4.7.4/../../../../ba-elf/lib/mcpu_jn51xx_sizeopt\libc.a
LOAD c:/mwstage/tools/ba-elf-ba2-r36379.w10/bin/../lib/gcc/ba-elf/4.7.4/mcpu_jn51xx_sizeopt\libgcc.a
LOAD c:/mwstage/tools/ba-elf-ba2-r36379.w10/bin/../lib/gcc/ba-elf/4.7.4/../../../../ba-elf/lib/mcpu_jn51xx_sizeopt\libc.a
                0x0000000000000800                _stack_size = 0x800
                0x0000000000080038                _exception_vsr_table = 0x80038
                0x0000000004000000                pSPIflashFncTable = 0x4000000
                0x0000000000000800                _stack_size = 0x800
                0x0000000000000044                restore_state = 0x44
                0x000000000000004a                bZSPIWaitWIPClear = 0x4a
                0x0000000000000050                u16ZSPIflashRDID = 0x50
                0x0000000000000056                u8SelectFlashChipType = 0x56
                0x000000000000005c                memcpy = 0x5c
                0x0000000000000066                vBootFlashProg = 0x66
                [0x0000000000000d16]                _minimum_heap_size = DEFINED (_minimum_heap_size)?_minimum_heap_size:0xd16
                0x0000000000000000                _SwConfig = (DEFINED (g_bSWConf_Debug) | (DEFINED (g_bSWConf_AltDebugPort) << 0x1))

.version        0x000000000007fffc        0x4
                0x000000000007fffc        0x4 LONG 0x4030008

.bir            0x0000000000080000       0x10
                0x0000000000080000                _flash_start = ABSOLUTE (.)
                0x0000000000080000                _flash_beg = ABSOLUTE (.)
                0x0000000000080000        0x4 LONG 0x12345678
                0x0000000000080004        0x4 LONG 0x11223344
                0x0000000000080008        0x4 LONG 0x55667788
                0x000000000008000c        0x1 BYTE 0x8
                0x000000000008000d        0x1 BYTE 0x1
                0x000000000008000e        0x2 SHORT 0x0

.flashheader    0x0000000000080010       0x28
                0x0000000000080010        0x4 LONG 0x0
                0x0000000000080014        0x4 LONG 0x0
                0x0000000000080018        0x4 LONG 0x0
                0x000000000008001c        0x2 SHORT 0x0
                0x000000000008001e        0x2 SHORT 0x0 ABSOLUTE (_SwConfig)
                0x0000000000080020                _enc_start = ABSOLUTE (.)
                0x0000000000080020        0x4 LONG 0xe744 ABSOLUTE (_image_len)
                0x0000000000080024        0x4 LONG 0x8e72c ABSOLUTE (_flash_data_start)
                0x0000000000080028        0x2 SHORT 0x13 ((ABSOLUTE (_ram_data_start) / 0x4) & 0xffff)
                0x000000000008002a        0x2 SHORT 0x6 ((ABSOLUTE (_ram_data_len) / 0x4) & 0xffff)
                0x000000000008002c        0x2 SHORT 0x19 ((ABSOLUTE (_bss_start) / 0x4) & 0xffff)
                0x000000000008002e        0x2 SHORT 0x577 ((ABSOLUTE (_bss_len) / 0x4) & 0xffff)
                0x0000000000080030        0x4 LONG 0x86bd8 ABSOLUTE (AppWarmStart)
                0x0000000000080034        0x4 LONG 0x8618a ABSOLUTE (AppColdStart)
                0x0000000000000000                _enc_offset = (_enc_start & 0xf)
                0x0000000000000044                PROVIDE (vException_BusError, restore_state)
                0x0000000000000044                PROVIDE (vException_UnalignedAccess, restore_state)
                0x0000000000000044                PROVIDE (vException_IllegalInstruction, restore_state)
                0x0000000000000044                PROVIDE (vException_SysCall, restore_state)
                0x0000000000000044                PROVIDE (vException_Trap, restore_state)
                0x0000000000000044                PROVIDE (vException_StackOverflow, restore_state)
                0x0000000000080038                . = ABSOLUTE (_exception_vsr_table)

.vsr_table      0x0000000000080038       0x18
                0x0000000000080038        0x4 LONG 0x44 ABSOLUTE (vException_BusError)
                0x000000000008003c        0x4 LONG 0x44 ABSOLUTE (vException_UnalignedAccess)
                0x0000000000080040        0x4 LONG 0x44 ABSOLUTE (vException_IllegalInstruction)
                0x0000000000080044        0x4 LONG 0x44 ABSOLUTE (vException_SysCall)
                0x0000000000080048        0x4 LONG 0x44 ABSOLUTE (vException_Trap)
                0x000000000008004c        0x4 LONG 0x44 ABSOLUTE (vException_StackOverflow)

.vsr_handlers   0x0000000000080050       0xaa
 *(.vsr_handlers)
 .vsr_handlers  0x0000000000080050       0xaa C:/MWSTAGE/MWSDK/ChipLib/SW4063V1416/Components/Library\libBoot_JN516x.a(ExceptionHandler.o)
                0x0000000000080050                _exception_external_interrupt
                0x00000000000800f8                _default_vsr_dummy

.rodata         0x0000000000080100      0x4b0
 *(.rodata*)
 .rodata        0x0000000000080100      0x1cb C:\Users\saiju\AppData\Local\Temp\ccw31jbO.ltrans0.ltrans.o
 *fill*         0x00000000000802cb        0x1 00
 .rodata        0x00000000000802cc       0x1c C:\Users\saiju\AppData\Local\Temp\ccw31jbO.ltrans1.ltrans.o
                0x00000000000802cc                psTamXcvContext
 .rodata        0x00000000000802e8        0x5 C:\Users\saiju\AppData\Local\Temp\ccw31jbO.ltrans2.ltrans.o
                0x00000000000802e8                gbHighPowerMode
                0x00000000000802e9                gu8ModuleID
 *fill*         0x00000000000802ed        0x3 00
 .rodata        0x00000000000802f0       0xd4 C:\Users\saiju\AppData\Local\Temp\ccw31jbO.ltrans3.ltrans.o
                0x00000000000802f0                s_aprScanHandleEvt.11760
                0x0000000000080320                apvActionCalls
                0x00000000000803a8                aprLPBMacVectorRamTable
                0x00000000000803bc                psTamMacContext
                0x00000000000803c0                psTAMcontext
 .rodata.str1.1
                0x00000000000803c4       0x12 C:\Users\saiju\AppData\Local\Temp\ccw31jbO.ltrans4.ltrans.o
 *fill*         0x00000000000803d6        0x2 00
 .rodata        0x00000000000803d8       0x50 C:\Users\saiju\AppData\Local\Temp\ccw31jbO.ltrans4.ltrans.o
 .rodata.str1.1
                0x0000000000080428       0x22 C:\Users\saiju\AppData\Local\Temp\ccw31jbO.ltrans5.ltrans.o
 *fill*         0x000000000008044a        0x2 00
 .rodata        0x000000000008044c       0x38 C:\Users\saiju\AppData\Local\Temp\ccw31jbO.ltrans5.ltrans.o
                0x000000000008044c                asStateFuncTbl.24220
 .rodata        0x0000000000080484       0x15 C:\Users\saiju\AppData\Local\Temp\ccw31jbO.ltrans6.ltrans.o
 .rodata.str1.1
                0x0000000000080499       0x11 C:\Users\saiju\AppData\Local\Temp\ccw31jbO.ltrans7.ltrans.o
 *fill*         0x00000000000804aa        0x2 00
 .rodata        0x00000000000804ac       0x7c C:\Users\saiju\AppData\Local\Temp\ccw31jbO.ltrans7.ltrans.o
                0x00000000000804e0                u32MacLow_TOCOS
                0x00000000000804e4                u32MacHigh_TOCOS
 .rodata        0x0000000000080528        0x6 C:\Users\saiju\AppData\Local\Temp\ccw31jbO.ltrans8.ltrans.o
                0x0000000000080528                aeXcvPhyEvtToScanEvt.5394.11763
 .rodata        0x000000000008052e        0x4 C:\Users\saiju\AppData\Local\Temp\ccw31jbO.ltrans9.ltrans.o
 .rodata.str1.1
                0x0000000000080532        0x5 C:\Users\saiju\AppData\Local\Temp\ccw31jbO.ltrans10.ltrans.o
                                         0x16 (size before relaxing)
 .rodata        0x0000000000080537        0xa C:\Users\saiju\AppData\Local\Temp\ccw31jbO.ltrans11.ltrans.o
 .rodata        0x0000000000080541       0x14 C:\Users\saiju\AppData\Local\Temp\ccw31jbO.ltrans12.ltrans.o
 *fill*         0x0000000000080555        0x3 00
 .rodata        0x0000000000080558        0x4 C:\Users\saiju\AppData\Local\Temp\ccw31jbO.ltrans13.ltrans.o
 .rodata.str1.1
                0x000000000008055c       0x1d C:\Users\saiju\AppData\Local\Temp\ccw31jbO.ltrans15.ltrans.o
 .rodata        0x0000000000080579        0x5 C:\Users\saiju\AppData\Local\Temp\ccw31jbO.ltrans15.ltrans.o
 *fill*         0x000000000008057e        0x2 00
 .rodata        0x0000000000080580       0x30 C:\Users\saiju\AppData\Local\Temp\ccw31jbO.ltrans16.ltrans.o
                0x0000000000080580                au32UartAddrOffset
                0x0000000000080588                au32TimerBaseAddress
                0x000000000008059c                CSWTCH.35.22013.22013

.text           0x00000000000805b0     0xe17b
 *(.text*)
 .text          0x00000000000805b0     0x1168 C:\Users\saiju\AppData\Local\Temp\ccw31jbO.ltrans0.ltrans.o
                0x00000000000805b0                vTTIBLETimerExpired
                0x00000000000805bb                mac_vLPBAdjustBeaconOffset
                0x0000000000080618                mac_u32LPBGetBeaconTimeout
                0x0000000000080621                eWEnDTmrExpiry.11401
                0x000000000008062c                eWEnDEdDone.11398
                0x0000000000080687                eGenlDontCare.11395
                0x000000000008068c                eGenlIllegal.11020
                0x0000000000080693                u32GetTimer0
                0x000000000008069a                vSetTimer0
                0x00000000000806a9                _out_fct.3929
                0x00000000000806bb                _out_null.3935
                0x00000000000806be                _ZN3mwx2L110serial_jen7vOutputEcPv.local.127
                0x00000000000806e5                vHandlerPatch.2890
                0x000000000008071c                vACI_CmdWaitBusy
                0x0000000000080729                vEcbEncodeStripe.21324
                0x0000000000080780                vTAIdisableInterrupt
                0x0000000000080799                vUpdateRegisters.21014
                0x00000000000807e0                psRemove.part.0.20964
                0x000000000008080f                MAC_u8AclFindInfo
                0x0000000000080939                vTASretrieveSecurity
                0x000000000008095b                MAC_bLookUpKeyDescriptor.18516
                0x00000000000809d5                u8TSCframeIncrease
                0x0000000000080a0e                vCopyToDataFromMacAddr.18426
                0x0000000000080a41                bTSCgetOutgoingInfo
                0x0000000000080b4a                psTAQsearchFifo
                0x0000000000080b93                bTAQremoveFromFifo
                0x0000000000080bd0                vTAMinsertEvent
                0x0000000000080c36                vTTITimer2Expired
                0x0000000000080c3a                vTTITimer1Expired
                0x0000000000080c3e                vTAM_TxRetryTimeout
                0x0000000000080c42                vTACsetTxFrameDefaults
                0x0000000000080c68                u8TACgetHeaderSize
                0x0000000000080ca5                bUpdateTime.16744
                0x0000000000080ce0                u32TACpayloadToU32M
                0x0000000000080d01                vTACu32ToPayloadM
                0x0000000000080d19                vTACbuildBeacon
                0x0000000000080f21                bTACframeInProgress
                0x0000000000080f4b                bTACassessBeaconForPayload
                0x0000000000080f9c                bIsBbcSafeForTx
                0x0000000000080fd1                vTATwriteAclMaterialToHardware
                0x0000000000080ff6                vTATsetBLE
                0x000000000008102d                vTATgetFramePayload
                0x000000000008104a                eTATreadTXstatus
                0x0000000000081090                vTAHsetPhyStateDirect.part.0.15885
                0x00000000000810ac                vDoGoOff.17706
                0x00000000000810c6                vMEMreturn
                0x0000000000081137                vTACinformOriginator
                0x0000000000081159                vTTITransactionTimerExpired
                0x0000000000081181                pvMEMget
                0x00000000000811ad                vTAMDEdetermineNullState
                0x00000000000811c7                vTAMCOupdatePendingList
                0x0000000000081299                vTAMCOsetCoordinator
                0x00000000000812bf                vPhySetChannel
                0x00000000000812d8                eScanHandleEvt.part.0.11431
                0x0000000000081301                mac_eDcfmIndPost
                0x0000000000081322                mac_psDcfmIndGetBuf
                0x0000000000081343                vMAC_MISCpollConfirm
                0x0000000000081373                vMLMErxEnableConfirm
                0x00000000000813a5                vMLMEcommStatus
                0x0000000000081408                vMLMEcommStatusFromFrame
                0x000000000008144c                vTSCpostTransmitUpdate
                0x000000000008147b                vMLMEsyncLoss
                0x00000000000814ae                vPMICpostFailedAssocDcfm
                0x00000000000814e6                vPMICassocReqTO_2.9848
                0x00000000000814fd                MAC_vPibSetPanId
                0x0000000000081518                vHandleTofRequest.7954
                0x000000000008151b                vAppApiDefSetPrbsSeed
                0x000000000008153f                _ZN3mwx2L113serial_parserINS0_10alloc_heapIhEEEC1Ev.local.16
                0x0000000000081561                _ZN3mwx2L16twenetC1Ev.local.22
                0x00000000000815f8                _ZN3mwx2L110serial_jenC1Eh.local.71
                0x0000000000081628                _ZN3mwx2L115periph_analogueC1Ev.local.89
                0x0000000000081653                _ZN3mwx2L112appdefs_virt8on_eventEmRm.local.98
                0x000000000008166b                _ZN3mwx2L112appdefs_virt18cbToCoNet_vHwEventEmm.local.100
                0x0000000000081683                _ZN3mwx2L112appdefs_virt18cbToCoNet_vTxEventERNS0_12packet_ev_txE.local.101
                0x000000000008169b                _ZN3mwx2L112appdefs_virt19cbToCoNet_vNwkEventERNS0_13packet_ev_nwkE.local.103
                0x00000000000816b3                u8CCITT8
                0x00000000000816d9                bAES_CCM_KeyReg
 .text.unlikely
                0x0000000000081718       0x18 C:\Users\saiju\AppData\Local\Temp\ccw31jbO.ltrans0.ltrans.o
                0x0000000000081718                _ZN3mwx2L112appdefs_virt18cbToCoNet_vRxEventERNS0_9packet_rxE.local.102
 *fill*         0x0000000000081730        0x0 00
 .text          0x0000000000081730      0xabc C:\Users\saiju\AppData\Local\Temp\ccw31jbO.ltrans1.ltrans.o
                0x0000000000081730                vPMICassocReqTO_1.9841
                0x00000000000817b8                vTAMDEstartSync
                0x0000000000081837                eTAMselect
                0x0000000000081978                MAC_pvCtor
                0x0000000000081d93                u32AppApiDefInit
                0x0000000000081e48                _ToCoNet_vMacInit
                0x0000000000081eae                _ToCoNet_vRfConfig
                0x0000000000081fef                vDeterminePowerState.14666
                0x0000000000082073                vTAMDEint1FiredTrackingBeacon
                0x0000000000082113                vTAMDEint2FiredTrackingDR
                0x0000000000082138                vTAMDEframeTXtrackingDR
                0x0000000000082191                vTAMDEint2FiredPollActive
                0x00000000000821c5                vTAMDEreqTXnullTrackingCAP
                0x00000000000821de                vTAM_TxRetryTimer
 .text          0x00000000000821ec      0x931 C:\Users\saiju\AppData\Local\Temp\ccw31jbO.ltrans2.ltrans.o
                0x00000000000821ec                vHnd_E_STATE_RUNNING.24196
                0x0000000000082436                SERIAL_vTxReady
                0x0000000000082497                vAppQApiPostHwIntT.23128
                0x000000000008256a                vRxChar.2911
                0x00000000000825bb                vXCV_IntHandlerPhy
                0x000000000008266d                vScanHandleTimer.11017
                0x0000000000082672                vTAMRXEint2Fired
                0x00000000000826a8                cbAppColdStart.part.32.5302
                0x0000000000082892                ToCoNet_vMacStart
                0x00000000000828ab                SERIAL_i16RxChar
                0x000000000008290e                TWETERM_iGetC.3876
                0x0000000000082930                _ZN3mwx2L110serial_jen13_set_baudrateEt.isra.2.4642
                0x00000000000829e1                u8TAM_AES_WriteAuxilliarySecurityHeaderIntoBuffer
                0x0000000000082a53                phy_ePibSet.part.1.13227
                0x0000000000082a9b                u32AHI_ReadIndexSectorBits.constprop.156
                0x0000000000082afc                vTAIsetCapTime
 .text.unlikely
                0x0000000000082b1d       0x79 C:\Users\saiju\AppData\Local\Temp\ccw31jbO.ltrans2.ltrans.o
                0x0000000000082b1d                Delay.21683.constprop.181
 *fill*         0x0000000000082b96        0x2 00
 .text          0x0000000000082b98      0xba4 C:\Users\saiju\AppData\Local\Temp\ccw31jbO.ltrans3.ltrans.o
                0x0000000000082b98                eWBRTTxDone.11417
                0x0000000000082bb6                vTAMCOframeTXgoingIdle
                0x0000000000082bcf                vTAMCOframeTXcap
                0x0000000000082bf3                eWCoRRxDone.11408
                0x0000000000082c9d                eWBcnRxDone.11420
                0x000000000008328a                vTAMCOframeRXcap
                0x000000000008329c                vTAMCOframeRXgoingIdle
                0x00000000000832b2                vTAMCOframeRXnobeacon
                0x00000000000832c4                vTAMDEframeRX
                0x00000000000832ec                vTAMDEframeRXtrackingDR
                0x000000000008332f                vTAMDEframePreSyncReq
                0x0000000000083347                vTAMCOframeTXbeacon
                0x000000000008340e                vTAMDEframeRXsyncReq
                0x000000000008365d                vTAMDEint1FiredTrackingCAPgts
                0x000000000008370e                eWONTTxDone.11414
 .text          0x000000000008373c     0x113b C:\Users\saiju\AppData\Local\Temp\ccw31jbO.ltrans4.ltrans.o
                0x00000000000841da                vExpireHead.20969
                0x000000000008420a                fctprintf
                0x00000000000847f5                _ZN3mwx2L111_printobj_1IhE9_do_printEPvPFvcS3_ES3_.local.128
                0x000000000008480a                QUEUE__u8RemoveItem.part.1.3088
                0x0000000000084845                QUEUE__vAddItem.constprop.221
 .text          0x0000000000084877      0xd46 C:\Users\saiju\AppData\Local\Temp\ccw31jbO.ltrans5.ltrans.o
                0x0000000000084877                TSV_eStart
                0x000000000008495b                eTAStransmitRequest
                0x0000000000084cf6                vTAM_MCPSdataRequest
                0x0000000000084d39                bTACcheckPANconflict
                0x0000000000084df2                TSV_eOpen
                0x0000000000084dfa                vAppApiDefRestoreMacSettings
                0x0000000000084ecb                vAppApiDefSaveMacSettings
                0x0000000000084f28                mac_vLPBSleep
                0x0000000000084fe6                pvAppApiDefGetMacAddrLocation
                0x0000000000084fef                eAppApiDefPlmeGet
                0x0000000000085041                eAppApiDefPlmeSet
                0x000000000008509a                vAppApiDefMcpsRequest
                0x00000000000850c5                vHnd_E_STATE_PREPARE_TX.24175
 .text          0x00000000000855bd      0xb21 C:\Users\saiju\AppData\Local\Temp\ccw31jbO.ltrans6.ltrans.o
                0x00000000000855d2                mac_vLPBStartTimer
                0x00000000000856e9                vMicroIntEnableOnly.constprop.229
                0x0000000000085715                _ToCoNet_bRfChChannel
                0x00000000000857aa                ToCoNet_ChMgr_bCh_Reconfig
                0x0000000000085812                ToCoNet_ChMgr_vCh_TxFin
                0x000000000008583e                vHnd_E_STATE_WAIT_TX.24188
                0x00000000000858ae                vHnd_E_STATE_IDLE.24180
                0x0000000000085912                vAHI_TimerEnable.part.1.21880.constprop.212
                0x000000000008597d                vTimerStart
                0x0000000000085a96                vAHI_DoSetPullup.constprop.206
                0x0000000000085ab6                vAHI_DioWakeEnable.constprop.205
                0x0000000000085aca                bAHI_SetClockRate
                0x0000000000085bd5                XCV_vCtor.constprop.184
                0x0000000000085d3a                _ZN3mwx2L115periph_analogue10_adc_startEv.local.7.constprop.176
                0x0000000000085e23                mwx::L1::periph_analogue::ADC_handler(unsigned long, unsigned long)
                0x0000000000085e6a                u8HwEventHandler.23514
                0x0000000000085f12                _ZN3mwx2L16twenet5beginEv.local.76.constprop.154
                0x0000000000085f57                vAHI_ProtocolPower.constprop.146
                0x0000000000085f65                bAES_CCMstar
                0x0000000000086031                bAES_CCM_EncodeKey
 .text.unlikely
                0x00000000000860de       0x45 C:\Users\saiju\AppData\Local\Temp\ccw31jbO.ltrans6.ltrans.o
                0x00000000000860de                vAHI_MemoryHold.21779
 .text          0x0000000000086123      0x5a3 C:\Users\saiju\AppData\Local\Temp\ccw31jbO.ltrans7.ltrans.o
                0x0000000000086123                vProcessEvCoreMac
                0x000000000008618a                AppColdStart
 .text.unlikely
                0x00000000000866c6      0x43b C:\Users\saiju\AppData\Local\Temp\ccw31jbO.ltrans7.ltrans.o
                0x00000000000866c6                ToCoNet_vStart
 *fill*         0x0000000000086b01        0x3 00
 .text          0x0000000000086b04      0xa84 C:\Users\saiju\AppData\Local\Temp\ccw31jbO.ltrans8.ltrans.o
                0x0000000000086b04                vPostDcfm.11404
                0x0000000000086bd8                AppWarmStart
                0x0000000000086ca8                vSetNextChannel.11452
                0x0000000000086d01                MAC_vHandleMlmeReqRsp
                0x00000000000874b1                vTAMDEint1FiredTracking
                0x0000000000087521                vTAMDEint1FiredSyncReq
 .text          0x0000000000087588      0x9ef C:\Users\saiju\AppData\Local\Temp\ccw31jbO.ltrans9.ltrans.o
                0x0000000000087588                vAHI_IntHandlerTickTimer
                0x00000000000875cf                vTACintRXheader
                0x0000000000087dca                eGenRxHdrDone.11411
                0x0000000000087dda                vHnd_E_STATE_FINISH_TX_FAIL.24165
                0x0000000000087e95                vHnd_E_STATE_FINISH_TX_SUCCESS.24170
                0x0000000000087f2c                UART_vSetTxInterrupt
 .text          0x0000000000087f77      0x9a0 C:\Users\saiju\AppData\Local\Temp\ccw31jbO.ltrans10.ltrans.o
                0x0000000000087f77                ToCoNet_vMain
 .text          0x0000000000088917      0xae4 C:\Users\saiju\AppData\Local\Temp\ccw31jbO.ltrans11.ltrans.o
                0x0000000000088917                cbToCoNet_vTxEvent
                0x0000000000088a5a                bTAM_AES_CCMstarPatch
                0x0000000000088b9e                bTAM_AES_CCMstarPatch2006
                0x0000000000088e7d                bTATsendFrame
                0x0000000000088ed0                vTrySendFromDirectCAP.13999
                0x0000000000088eeb                vTrySendFromDirectNoBeacon.14003
                0x0000000000088f16                vTAMCOint1Fired
                0x0000000000089032                vTAMCOstartBeacon
                0x000000000008906d                vStartStoreValues.14067
                0x0000000000089124                bStartCallback.14096
                0x0000000000089153                vTAMCOint1FiredCAP
                0x00000000000891c6                vTAMCOreqTXnoBeacon
                0x00000000000891d8                vTAMCOreqTXinCAP
                0x00000000000891fe                vTrySendUnslotted.14544
                0x0000000000089218                bSendDataRequest.14546
                0x000000000008932a                bProcessBeaconRX.14549
 .text          0x00000000000893fb      0x9da C:\Users\saiju\AppData\Local\Temp\ccw31jbO.ltrans12.ltrans.o
                0x00000000000893fb                UART_vHandleUartInterrupt.3013
                0x0000000000089482                vXCV_IntHandlerBbc
                0x0000000000089525                vTAIsetRxEnableTime
                0x0000000000089546                vDoGoActive.17708
                0x0000000000089568                _ZN3mwx2L115periph_analogue5setupEbhPFvvE.local.88.constprop.172
                0x0000000000089602                bAHI_ReadMACID
                0x0000000000089648                vMLMEbeaconNotify
                0x00000000000897a7                vMCPSframeReceived
                0x000000000008986b                _ZN3mwx2L110serial_jen5setupEtt.part.24.4690
                0x00000000000898a2                vTAMRXEsetPhy
                0x0000000000089965                vTAHsetPhyState
                0x0000000000089995                vTAMCOint2Fired
                0x00000000000899b5                vSetPHYfromMacValue.14542
                0x00000000000899e7                vTAMDEint1FiredWaitDR
                0x00000000000899f4                vTACsetPHYfromMacValue
                0x0000000000089a15                vTAMRXEsetReceiveForPibChange
                0x0000000000089a55                _ZN3mwx2L114periph_twowireC1Eh.local.40
                0x0000000000089a92                ToCoNet_vInit
 .text.unlikely
                0x0000000000089dd5        0xf C:\Users\saiju\AppData\Local\Temp\ccw31jbO.ltrans12.ltrans.o
                0x0000000000089dd5                u32AppQApiInitInt_PATCH
 .text          0x0000000000089de4      0xa53 C:\Users\saiju\AppData\Local\Temp\ccw31jbO.ltrans13.ltrans.o
                0x0000000000089ff8                vTimerCallback.21665
                0x000000000008a06e                PRSEV_vSetState
                0x000000000008a07e                vProcessEvCoreTx.24157
                0x000000000008a103                PRSEV_vProcessEv_core.24847
                0x000000000008a1a5                PRSEV_vProcessEvPost
                0x000000000008a1d7                bFifoPush.23149
                0x000000000008a210                vAppQApiPostMlme.23135
                0x000000000008a22f                vAppQApiPostMcps.23142
                0x000000000008a24a                pvFifoPull.23146
                0x000000000008a271                psAppQApiGetMlmeBuffer.23132
                0x000000000008a279                psAppQApiGetMcpsBuffer.23139
                0x000000000008a281                pvHeap_Alloc
                0x000000000008a284                operator new(unsigned long)
                0x000000000008a2a7                u32AHI_Init
                0x000000000008a369                vMicroIntRestoreState
                0x000000000008a375                vAHI_DoSetDataOut
                0x000000000008a389                bAHI_DoEnableOutputs
                0x000000000008a3b2                u8AHI_WakeTimerFiredStatus
                0x000000000008a3c6                vAHI_WakeTimerStop.part.3.22345
                0x000000000008a3e6                mac_vLPBStopTimer
                0x000000000008a3f0                vAHI_UartSetClocksPerBit.part.18.22141
                0x000000000008a417                vAHI_UartSetRTSCTS.part.15.22126
                0x000000000008a43e                vAHI_UartReset.part.4.22099
                0x000000000008a476                vAHI_UartSetControl.part.2.22083
                0x000000000008a4c7                vAHI_UartSetBaudDivisor.part.1.22079
                0x000000000008a506                vAHI_WatchdogStop
                0x000000000008a51d                vAHI_CpuDoze
                0x000000000008a530                _ZN3mwx2L120periph_pulse_counter10_on_wakeupEv.part.18.4676
                0x000000000008a5a6                u32AHI_DioWakeStatus
                0x000000000008a5b7                vAHI_DioWakeEdge
                0x000000000008a5d7                vAHI_DioSetPullup
                0x000000000008a5f7                vAHI_DioSetOutput
                0x000000000008a60b                vAHI_DioSetDirection
                0x000000000008a61f                vACI_OptimisedCcmStar
 .text.unlikely
                0x000000000008a837       0x5f C:\Users\saiju\AppData\Local\Temp\ccw31jbO.ltrans13.ltrans.o
                0x000000000008a837                PRSEV_u8Register
                0x000000000008a875                _PRSEV_vProcessEvSingleH
                0x000000000008a885                vStartXtal32kExternalRc.21679
 .text          0x000000000008a896      0x5c9 C:\Users\saiju\AppData\Local\Temp\ccw31jbO.ltrans14.ltrans.o
                0x000000000008a896                bAES_CCM_DecodeKey
                0x000000000008abd7                u8Write802_15_4HeaderIntoBuffer.19715
                0x000000000008ad37                _ZN3mwx2L110serial_jen5beginEmh.part.26.4805
                0x000000000008adb5                _ZN3mwx2L110serial_jen10_on_wakeupEv.part.27.4820
                0x000000000008ade0                _MWX_periph_init()
 .text.unlikely
                0x000000000008ae5f      0x108 C:\Users\saiju\AppData\Local\Temp\ccw31jbO.ltrans14.ltrans.o
                0x000000000008ae5f                bStartXtal32k.21689
 .text          0x000000000008af67      0x185 C:\Users\saiju\AppData\Local\Temp\ccw31jbO.ltrans15.ltrans.o
                0x000000000008af67                vAppApiDefMlmeRequest
                0x000000000008af92                pvAppApiDefGetMacHandle
                0x000000000008af9b                setup()
 *fill*         0x000000000008b0ec        0x0 00
 .text.unlikely
                0x000000000008b0ec      0x318 C:\Users\saiju\AppData\Local\Temp\ccw31jbO.ltrans15.ltrans.o
                0x000000000008b109                vProcessIncomingHwEvent.23683
 .text          0x000000000008b404      0x5e0 C:\Users\saiju\AppData\Local\Temp\ccw31jbO.ltrans16.ltrans.o
                0x000000000008b404                SERIAL_bTxChar
                0x000000000008b4b5                TWETERM_iPutS.3868
                0x000000000008b4da                TWETERM_iPutC.3872
                0x000000000008b4eb                TWETERM_vFlush.3845
                0x000000000008b569                vTimerConfig
                0x000000000008b737                _ZN3mwx2L112periph_timer6_startEv.part.8.4658
                0x000000000008b781                cbAppWarmStart.part.28.5081
                0x000000000008b9d5                _ZN3mwx2L110serial_jen5writeEi.local.110
 .text          0x000000000008b9e4      0x784 C:\Users\saiju\AppData\Local\Temp\ccw31jbO.ltrans17.ltrans.o
                0x000000000008b9e4                eGenTmrExpiry.11713
                0x000000000008ba26                eWEDTEdDone.11716
                0x000000000008ba4a                TSV_eStop
                0x000000000008bb09                bPMICdisassocReqSent.9837
                0x000000000008bbc3                MAC_vHandleMcpsReqRsp
                0x000000000008bc50                bMCPSframeTXcomplete.12448
                0x000000000008bca5                bSendSyncLoss.16679
                0x000000000008bcbd                bPollReqSent.20275
                0x000000000008bcd5                bTASsendCommStatusInd
                0x000000000008bcea                bAssocRespSent.9833
                0x000000000008bcfd                eTACprocessFrameTXcomplete
                0x000000000008be79                vTAMCOframeTXnobeacon
                0x000000000008be8f                vTAMCOframeStarting
                0x000000000008bea8                vTAMDEframeTXDEnull
                0x000000000008becd                vTAMDEframeTXtrackingCAPgts
                0x000000000008befb                bPMICassocReqSent.9829
                0x000000000008bf7d                bPMICassocReqPollSent.9844
                0x000000000008bfd1                eWChCChanChgd.11428
 .text          0x000000000008c168       0x25 c:/mwstage/tools/ba-elf-ba2-r36379.w10/bin/../lib/gcc/ba-elf/4.7.4/../../../../ba-elf/lib/mcpu_jn51xx_sizeopt\libc.a(lib_a-memcmp.o)
                0x000000000008c168                memcmp
 .text          0x000000000008c18d       0x19 c:/mwstage/tools/ba-elf-ba2-r36379.w10/bin/../lib/gcc/ba-elf/4.7.4/../../../../ba-elf/lib/mcpu_jn51xx_sizeopt\libc.a(lib_a-memcpy.o)
 *fill*         0x000000000008c1a6        0x2 00
 .text          0x000000000008c1a8      0x204 c:/mwstage/tools/ba-elf-ba2-r36379.w10/bin/../lib/gcc/ba-elf/4.7.4/mcpu_jn51xx_sizeopt\libgcc.a(__udivsi3.o)
                0x000000000008c1a8                __udivsi3
 .text          0x000000000008c3ac       0x30 c:/mwstage/tools/ba-elf-ba2-r36379.w10/bin/../lib/gcc/ba-elf/4.7.4/mcpu_jn51xx_sizeopt\libgcc.a(__divsi3.o)
                0x000000000008c3ac                __divsi3
 .text          0x000000000008c3dc      0x1b0 c:/mwstage/tools/ba-elf-ba2-r36379.w10/bin/../lib/gcc/ba-elf/4.7.4/mcpu_jn51xx_sizeopt\libgcc.a(__umodsi3.o)
                0x000000000008c3dc                __umodsi3
 .text          0x000000000008c58c       0x24 c:/mwstage/tools/ba-elf-ba2-r36379.w10/bin/../lib/gcc/ba-elf/4.7.4/mcpu_jn51xx_sizeopt\libgcc.a(__modsi3.o)
                0x000000000008c58c                __modsi3
 .text          0x000000000008c5b0       0x39 c:/mwstage/tools/ba-elf-ba2-r36379.w10/bin/../lib/gcc/ba-elf/4.7.4/mcpu_jn51xx_sizeopt\libgcc.a(_fixunsdfsi.o)
                0x000000000008c5b0                __fixunsdfsi
 .text          0x000000000008c5e9      0x350 c:/mwstage/tools/ba-elf-ba2-r36379.w10/bin/../lib/gcc/ba-elf/4.7.4/mcpu_jn51xx_sizeopt\libgcc.a(_udivdi3.o)
                0x000000000008c5e9                __udivdi3
 .text          0x000000000008c939      0x312 c:/mwstage/tools/ba-elf-ba2-r36379.w10/bin/../lib/gcc/ba-elf/4.7.4/mcpu_jn51xx_sizeopt\libgcc.a(_umoddi3.o)
                0x000000000008c939                __umoddi3
 .text          0x000000000008cc4b      0x682 c:/mwstage/tools/ba-elf-ba2-r36379.w10/bin/../lib/gcc/ba-elf/4.7.4/mcpu_jn51xx_sizeopt\libgcc.a(adddf3.o)
                0x000000000008cc4b                __adddf3
 *fill*         0x000000000008d2cd        0x3 00
 .text          0x000000000008d2d0      0x5c8 c:/mwstage/tools/ba-elf-ba2-r36379.w10/bin/../lib/gcc/ba-elf/4.7.4/mcpu_jn51xx_sizeopt\libgcc.a(divdf3.o)
                0x000000000008d2d0                __divdf3
 .text          0x000000000008d898       0x7f c:/mwstage/tools/ba-elf-ba2-r36379.w10/bin/../lib/gcc/ba-elf/4.7.4/mcpu_jn51xx_sizeopt\libgcc.a(eqdf2.o)
                0x000000000008d898                __nedf2
                0x000000000008d898                __eqdf2
 .text          0x000000000008d917       0xca c:/mwstage/tools/ba-elf-ba2-r36379.w10/bin/../lib/gcc/ba-elf/4.7.4/mcpu_jn51xx_sizeopt\libgcc.a(gedf2.o)
                0x000000000008d917                __gedf2
                0x000000000008d917                __gtdf2
 .text          0x000000000008d9e1       0xcb c:/mwstage/tools/ba-elf-ba2-r36379.w10/bin/../lib/gcc/ba-elf/4.7.4/mcpu_jn51xx_sizeopt\libgcc.a(ledf2.o)
                0x000000000008d9e1                __ledf2
                0x000000000008d9e1                __ltdf2
 .text          0x000000000008daac      0x488 c:/mwstage/tools/ba-elf-ba2-r36379.w10/bin/../lib/gcc/ba-elf/4.7.4/mcpu_jn51xx_sizeopt\libgcc.a(muldf3.o)
                0x000000000008daac                __muldf3
 .text          0x000000000008df34      0x693 c:/mwstage/tools/ba-elf-ba2-r36379.w10/bin/../lib/gcc/ba-elf/4.7.4/mcpu_jn51xx_sizeopt\libgcc.a(subdf3.o)
                0x000000000008df34                __subdf3
 .text          0x000000000008e5c7       0x64 c:/mwstage/tools/ba-elf-ba2-r36379.w10/bin/../lib/gcc/ba-elf/4.7.4/mcpu_jn51xx_sizeopt\libgcc.a(fixdfsi.o)
                0x000000000008e5c7                __fixdfsi
 .text          0x000000000008e62b       0x61 c:/mwstage/tools/ba-elf-ba2-r36379.w10/bin/../lib/gcc/ba-elf/4.7.4/mcpu_jn51xx_sizeopt\libgcc.a(floatsidf.o)
                0x000000000008e62b                __floatsidf
 .text          0x000000000008e68c       0x4f c:/mwstage/tools/ba-elf-ba2-r36379.w10/bin/../lib/gcc/ba-elf/4.7.4/mcpu_jn51xx_sizeopt\libgcc.a(floatunsidf.o)
                0x000000000008e68c                __floatunsidf
 .text          0x000000000008e6db       0x27 C:/MWSTAGE/MWSDK/ChipLib/SW4063V1416/Components/Library\libHardwareApi_JN516x.a(AHI_Interrupt.o)
                0x000000000008e6db                vAHI_InterruptSetPriority
                0x000000000008e6f9                vAHI_InterruptSetActivePriorityLevel
 .text.vMicroSyscall
                0x000000000008e702       0x17 C:/MWSTAGE/MWSDK/ChipLib/SW4063V1416/Components/Library\libMicroSpecific_JN516x.a(MicroSyscall_ba.o)
                0x000000000008e702                vMicroSyscall
 .text          0x000000000008e719       0x12 c:/mwstage/tools/ba-elf-ba2-r36379.w10/bin/../lib/gcc/ba-elf/4.7.4/../../../../ba-elf/lib/mcpu_jn51xx_sizeopt\libc.a(lib_a-memset.o)
                0x000000000008e719                memset
                0x000000000008e72b                _flash_end = ABSOLUTE (.)

.rela.dyn       0x000000000008e72c        0x0
 .rela.text     0x0000000000000000        0x0 C:\Users\saiju\AppData\Local\Temp\ccw31jbO.ltrans0.ltrans.o
 .rela.text.unlikely
                0x0000000000000000        0x0 C:\Users\saiju\AppData\Local\Temp\ccw31jbO.ltrans0.ltrans.o
 .rela.rodata   0x0000000000000000        0x0 C:\Users\saiju\AppData\Local\Temp\ccw31jbO.ltrans0.ltrans.o
 .rela.data     0x0000000000000000        0x0 C:\Users\saiju\AppData\Local\Temp\ccw31jbO.ltrans0.ltrans.o
                0x000000000400004c                . = ORIGIN (ram)

.data           0x000000000400004c       0x18 load address 0x000000000008e72c
                0x000000000400004c                _ram_data_start = ABSOLUTE (.)
 *(.data*)
 .data          0x000000000400004c        0x1 C:\Users\saiju\AppData\Local\Temp\ccw31jbO.ltrans1.ltrans.o
 .data.initinboot
                0x000000000400004d        0x1 C:\Users\saiju\AppData\Local\Temp\ccw31jbO.ltrans1.ltrans.o
                0x000000000400004d                gMAC_u8MaxBuffers
 .data          0x000000000400004e        0x1 C:\Users\saiju\AppData\Local\Temp\ccw31jbO.ltrans2.ltrans.o
                0x000000000400004e                _toconet_tx_u8_init_queue_flag
 .data          0x000000000400004f        0x1 C:\Users\saiju\AppData\Local\Temp\ccw31jbO.ltrans5.ltrans.o
                0x000000000400004f                u8TxWkrNow.24298
 .data.initinboot
                0x0000000004000050        0x8 C:\Users\saiju\AppData\Local\Temp\ccw31jbO.ltrans6.ltrans.o
 .data          0x0000000004000058        0x2 C:\Users\saiju\AppData\Local\Temp\ccw31jbO.ltrans10.ltrans.o
 *fill*         0x000000000400005a        0x2 00
 .data          0x000000000400005c        0x4 C:\Users\saiju\AppData\Local\Temp\ccw31jbO.ltrans13.ltrans.o
                0x000000000400005c                u32HeapStart
 .data          0x0000000004000060        0x1 C:\Users\saiju\AppData\Local\Temp\ccw31jbO.ltrans15.ltrans.o
                0x0000000004000060                _mwx_periph_u8_grain_gpio
 *(.data.*)
                0x0000000004000064                . = ALIGN (0x4)
 *fill*         0x0000000004000061        0x3 00
                0x0000000004000064                _ram_data_end = ABSOLUTE (.)

.bss            0x0000000004000064     0x15dc load address 0x000000000008e744
                0x0000000004000064                _bss_start = ABSOLUTE (.)
 *(.bss*)
 .bss           0x0000000004000064        0xc C:\Users\saiju\AppData\Local\Temp\ccw31jbO.ltrans0.ltrans.o
 .bss           0x0000000004000070       0x20 C:\Users\saiju\AppData\Local\Temp\ccw31jbO.ltrans1.ltrans.o
                0x0000000004000070                g_sXcv
                0x0000000004000074                prMcpsRequest.6841
                0x0000000004000078                prMlmeRequest.6840
                0x000000000400007c                prOriginalHandler.2894
 .bss.initinboot
                0x0000000004000090        0x8 C:\Users\saiju\AppData\Local\Temp\ccw31jbO.ltrans1.ltrans.o
                0x0000000004000090                g_u32MacAddrLocation
                0x0000000004000094                prvUserTxStartedCallback
 .bss           0x0000000004000098      0x618 C:\Users\saiju\AppData\Local\Temp\ccw31jbO.ltrans2.ltrans.o
                0x0000000004000098                prAppHwCallback.23373
                0x000000000400009c                TxWorker_u8Num.24255
                0x000000000400009d                gbTimeOutFlag.21852
 .bss           0x00000000040006b0       0x40 C:\Users\saiju\AppData\Local\Temp\ccw31jbO.ltrans3.ltrans.o
                0x00000000040006b0                g_sLP
                0x00000000040006ec                g_pvMac
 .bss.initinboot
                0x00000000040006f0      0x1c0 C:\Users\saiju\AppData\Local\Temp\ccw31jbO.ltrans3.ltrans.o
                0x00000000040006f0                g_sMac
 .bss           0x00000000040008b0       0x38 C:\Users\saiju\AppData\Local\Temp\ccw31jbO.ltrans5.ltrans.o
                0x00000000040008b0                sCh_Context.24717
                0x00000000040008b4                the_vhw
                0x00000000040008b8                the_vnet2
                0x00000000040008bc                the_vnet
                0x00000000040008c0                the_vapp
                0x00000000040008c4                asTx.24254
 .bss.initinboot
                0x00000000040008e8        0x1 C:\Users\saiju\AppData\Local\Temp\ccw31jbO.ltrans5.ltrans.o
 .bss           0x00000000040008e9        0x4 C:\Users\saiju\AppData\Local\Temp\ccw31jbO.ltrans6.ltrans.o
 *fill*         0x00000000040008ed        0x3 00
 .bss.dontinitinboot
                0x00000000040008f0        0x8 C:\Users\saiju\AppData\Local\Temp\ccw31jbO.ltrans6.ltrans.o
 .bss           0x00000000040008f8      0x28c C:\Users\saiju\AppData\Local\Temp\ccw31jbO.ltrans7.ltrans.o
                0x00000000040008f8                u8AppId_Pkt_head.2763
                0x00000000040008fc                u32AppId.2760
                0x0000000004000900                u32MyAddr.2762
                0x0000000004000904                bRxQueue_Init.2761
                0x0000000004000908                psRxQueueList.2759
                0x000000000400091c                asEventHandler.24914
                0x00000000040009bc                sEvVars
                0x00000000040009d8                u32TickCount_ms
                0x00000000040009dc                au8Txdatabuff_idx_sTxQueue
                0x00000000040009e0                u8TxBuffSiz_sTxQueue
                0x00000000040009e4                sTxdatabuff_sTxQueue
                0x00000000040009e8                sTxQueue
                0x0000000004000a04                au8Rxdatabuff_idx_sRxQueue
                0x0000000004000a08                u8RxBuffSiz_sRxQueue
                0x0000000004000a0c                sRxdatabuff_sRxQueue
                0x0000000004000a10                sRxQueue
                0x0000000004000a2c                au8Rxdatabuff_idx_sRxQueueCmd
                0x0000000004000a30                u8RxBuffSiz_sRxQueueCmd
                0x0000000004000a34                sRxdatabuff_sRxQueueCmd
                0x0000000004000a38                sRxQueueCmd.23822
                0x0000000004000a54                sContext.2884
                0x0000000004000a80                the_twelite
                0x0000000004000b18                sToCoNet_Modules
 .bss           0x0000000004000b84       0x90 C:\Users\saiju\AppData\Local\Temp\ccw31jbO.ltrans8.ltrans.o
                0x0000000004000b84                _ZL5_vcbs.5454
                0x0000000004000b98                sToCoNet_AppContext
                0x0000000004000bb4                sToCoNet_Context
                0x0000000004000bfc                sAssocSecurity.10458
                0x0000000004000c08                g_bJenieBackwardsCompatibilityMode
 .bss           0x0000000004000c14       0x28 C:\Users\saiju\AppData\Local\Temp\ccw31jbO.ltrans9.ltrans.o
                0x0000000004000c14                asUARTS.3055
 .bss           0x0000000004000c3c      0x100 C:\Users\saiju\AppData\Local\Temp\ccw31jbO.ltrans10.ltrans.o
                0x0000000004000c3c                sMcpsIndQueue.23367
                0x0000000004000c4c                sMcpsIndBufferQueue.23365
                0x0000000004000c5c                sMlmeIndQueue.23368
                0x0000000004000c6c                sMlmeIndBufferQueue.23366
                0x0000000004000c7c                sHwIndQueue.23369
                0x0000000004000c8c                sHwIndBufferQueue.23370
                0x0000000004000c9c                _u32_INT_adc_comp
                0x0000000004000ca0                _u32_INT_ticktimer
                0x0000000004000ca4                the_vsettings
                0x0000000004000ca8                asSerialPorts
                0x0000000004000ce0                Serial
                0x0000000004000d00                Serial1
                0x0000000004000d20                Timer0
                0x0000000004000d28                _periph_availmap
 .bss.dontinitinboot
                0x0000000004000d3c        0x1 C:\Users\saiju\AppData\Local\Temp\ccw31jbO.ltrans11.ltrans.o
                0x0000000004000d3c                u8SecurityMode.19742
 *fill*         0x0000000004000d3d        0x3 00
 .bss           0x0000000004000d40      0x73c C:\Users\saiju\AppData\Local\Temp\ccw31jbO.ltrans12.ltrans.o
                0x0000000004000d40                prSpiAppCallback.23003
                0x0000000004000d44                prSiAppCallback.22866
                0x0000000004000d48                prAppMcpsCallback.23371
                0x0000000004000d4c                prAppMlmeCallback.23372
                0x0000000004000d50                bTxEventQueued.17574
                0x0000000004000d51                u8TxEventStatus.17575
                0x0000000004000d54                sAppHousekeeping
                0x0000000004000d6c                prApAppCallback.21505
                0x0000000004000d70                bIntEnableFlag.21502
 .bss.initinboot
                0x000000000400147c        0x4 C:\Users\saiju\AppData\Local\Temp\ccw31jbO.ltrans12.ltrans.o
                0x000000000400147c                prSysCtrlAppCallback.21856
 .bss           0x0000000004001480       0x10 C:\Users\saiju\AppData\Local\Temp\ccw31jbO.ltrans13.ltrans.o
 .bss.dontinitinboot
                0x0000000004001490        0x4 C:\Users\saiju\AppData\Local\Temp\ccw31jbO.ltrans13.ltrans.o
 .bss           0x0000000004001494       0x64 C:\Users\saiju\AppData\Local\Temp\ccw31jbO.ltrans14.ltrans.o
                0x0000000004001494                prUart1AppCallback.22320
                0x0000000004001498                prUart0AppCallback.22319
                0x000000000400149c                sOpt.3062
 .bss           0x00000000040014f8       0xc0 C:\Users\saiju\AppData\Local\Temp\ccw31jbO.ltrans15.ltrans.o
                0x00000000040014f8                the_mac
                0x0000000004001514                Timer4
                0x000000000400151c                Timer3
                0x0000000004001524                Timer2
                0x000000000400152c                Timer1
                0x0000000004001534                Analogue
                0x000000000400154c                SPI
                0x0000000004001550                Wire
                0x0000000004001568                SerialParser
                0x00000000040015a4                Buttons
                0x00000000040015ac                PulseCounter1
                0x00000000040015b0                PulseCounter0
 .bss           0x00000000040015b8       0x34 C:\Users\saiju\AppData\Local\Temp\ccw31jbO.ltrans16.ltrans.o
                0x00000000040015b8                _SERIAL_bmTxIntEnabled
                0x00000000040015bc                sSerCmd_P3.3721
                0x00000000040015c8                apfTimerAppCallback.22065
                0x00000000040015dc                prTickTimeAppCallback
                0x00000000040015e0                au16TimerSettings.22014
 .bss           0x00000000040015ec       0x14 C:\Users\saiju\AppData\Local\Temp\ccw31jbO.ltrans17.ltrans.o
                0x00000000040015ec                s_sTimerList
                0x00000000040015fc                u8AssocResponsesInProgress.10457
 .bss.dontinitinboot
                0x0000000004001600       0x40 C:/MWSTAGE/MWSDK/ChipLib/SW4063V1416/Components/Library\libBoot_JN516x.a(ExceptionHandler.o)
                0x0000000004001600                isr_handlers
 *(.bss.*)
 *(.scommon*)
 *(.scommon.*)
 *(COMMON)
                0x0000000004001640                . = ALIGN (0x4)
                0x0000000004001640                _bss_end = ABSOLUTE (.)

.heap           0x0000000004001640      0xd16 load address 0x000000000008fd20
                0x0000000004001640                _heap_start = ABSOLUTE (.)
                0x0000000004002356                . = (. + _minimum_heap_size)
 *fill*         0x0000000004001640      0xd16 00

.stack          0x0000000004007800      0x800 load address 0x0000000000095ee0
                0x0000000004007800                _heap_end = ABSOLUTE (.)
                0x0000000004007800                _stack_low_water_mark = ABSOLUTE (.)
                0x0000000004008000                . = (. + _stack_size)
 *fill*         0x0000000004007800      0x800 00

.test           0x000000000008e744        0x1
                0x000000000008e744        0x1 BYTE 0xff
                0x000000000008e72c                _flash_data_start = LOADADDR (.data)
                0x0000000000000018                _ram_data_len = (((_ram_data_end - _ram_data_start) + 0x3) & 0xfffffffffffffffc)
                0x00000000000015dc                _bss_len = (((_bss_end - _bss_start) + 0x3) & 0xfffffffffffffffc)
                0x000000000000e744                _image_len = ((((_flash_end - _flash_start) + _ram_data_len) + 0x3) & 0xfffffffffffffffc)
                0x0000000004008000                _ram_top = (ABSOLUTE (ORIGIN (ram)) + 0x7fb4)
                0x0000000004008000                ram_top = (ABSOLUTE (ORIGIN (ram)) + 0x7fb4)
                0x0000000001001580                _app_ram_start = 0x1001580
                0x000000000400005c                PROVIDE (_heap_location, u32HeapStart)
                0x000000000400005c                PROVIDE (heap_location, u32HeapStart)
                0x0000000000084df2                TSV_eOpenVector = TSV_eOpen
                0x0000000000084877                TSV_eStartVector = TSV_eStart
                0x000000000008ba4a                TSV_eStopVector = TSV_eStop
                0x000000000008af92                pvAppApiGetMacHandle = pvAppApiDefGetMacHandle
                0x0000000000081d93                u32AppApiInit = u32AppApiDefInit
                0x000000000008af67                vAppApiMlmeRequest = vAppApiDefMlmeRequest
                0x000000000008509a                vAppApiMcpsRequest = vAppApiDefMcpsRequest
                0x0000000000085041                eAppApiPlmeSet = eAppApiDefPlmeSet
                0x0000000000084fef                eAppApiPlmeGet = eAppApiDefPlmeGet
                0x0000000000084fe6                pvAppApiGetMacAddrLocation = pvAppApiDefGetMacAddrLocation
                0x0000000000084ecb                vAppApiSaveMacSettings = vAppApiDefSaveMacSettings
                0x0000000000084dfa                vAppApiRestoreMacSettings = vAppApiDefRestoreMacSettings
OUTPUT(objs_BLUE/wireless_test_BLUE_L1305_V0-1-0.elf elf32-ba)

.comment        0x0000000000000000       0x11
 .comment       0x0000000000000000       0x12 C:\Users\saiju\AppData\Local\Temp\ccw31jbO.ltrans0.ltrans.o
 .comment       0x0000000000000000       0x12 C:\Users\saiju\AppData\Local\Temp\ccw31jbO.ltrans1.ltrans.o
 .comment       0x0000000000000000       0x12 C:\Users\saiju\AppData\Local\Temp\ccw31jbO.ltrans2.ltrans.o
 .comment       0x0000000000000000       0x12 C:\Users\saiju\AppData\Local\Temp\ccw31jbO.ltrans3.ltrans.o
 .comment       0x0000000000000000       0x12 C:\Users\saiju\AppData\Local\Temp\ccw31jbO.ltrans4.ltrans.o
 .comment       0x0000000000000000       0x12 C:\Users\saiju\AppData\Local\Temp\ccw31jbO.ltrans5.ltrans.o
 .comment       0x0000000000000000       0x12 C:\Users\saiju\AppData\Local\Temp\ccw31jbO.ltrans6.ltrans.o
 .comment       0x0000000000000000       0x12 C:\Users\saiju\AppData\Local\Temp\ccw31jbO.ltrans7.ltrans.o
 .comment       0x0000000000000000       0x12 C:\Users\saiju\AppData\Local\Temp\ccw31jbO.ltrans8.ltrans.o
 .comment       0x0000000000000000       0x12 C:\Users\saiju\AppData\Local\Temp\ccw31jbO.ltrans9.ltrans.o
 .comment       0x0000000000000000       0x12 C:\Users\saiju\AppData\Local\Temp\ccw31jbO.ltrans10.ltrans.o
 .comment       0x0000000000000000       0x12 C:\Users\saiju\AppData\Local\Temp\ccw31jbO.ltrans11.ltrans.o
 .comment       0x0000000000000000       0x12 C:\Users\saiju\AppData\Local\Temp\ccw31jbO.ltrans12.ltrans.o
 .comment       0x0000000000000000       0x12 C:\Users\saiju\AppData\Local\Temp\ccw31jbO.ltrans13.ltrans.o
 .comment       0x0000000000000000       0x12 C:\Users\saiju\AppData\Local\Temp\ccw31jbO.ltrans14.ltrans.o
 .comment       0x0000000000000000       0x12 C:\Users\saiju\AppData\Local\Temp\ccw31jbO.ltrans15.ltrans.o
 .comment       0x0000000000000000       0x12 C:\Users\saiju\AppData\Local\Temp\ccw31jbO.ltrans16.ltrans.o
 .comment       0x0000000000000000       0x12 C:\Users\saiju\AppData\Local\Temp\ccw31jbO.ltrans17.ltrans.o
 .comment       0x0000000000000000       0x12 c:/mwstage/tools/ba-elf-ba2-r36379.w10/bin/../lib/gcc/ba-elf/4.7.4/../../../../ba-elf/lib/mcpu_jn51xx_sizeopt\libc.a(lib_a-memcmp.o)
 .comment       0x0000000000000000       0x12 c:/mwstage/tools/ba-elf-ba2-r36379.w10/bin/../lib/gcc/ba-elf/4.7.4/../../../../ba-elf/lib/mcpu_jn51xx_sizeopt\libc.a(lib_a-memcpy.o)
 .comment       0x0000000000000000       0x12 c:/mwstage/tools/ba-elf-ba2-r36379.w10/bin/../lib/gcc/ba-elf/4.7.4/mcpu_jn51xx_sizeopt\libgcc.a(_fixunsdfsi.o)
 .comment       0x0000000000000000       0x12 c:/mwstage/tools/ba-elf-ba2-r36379.w10/bin/../lib/gcc/ba-elf/4.7.4/mcpu_jn51xx_sizeopt\libgcc.a(_udivdi3.o)
 .comment       0x0000000000000000       0x12 c:/mwstage/tools/ba-elf-ba2-r36379.w10/bin/../lib/gcc/ba-elf/4.7.4/mcpu_jn51xx_sizeopt\libgcc.a(_umoddi3.o)
 .comment       0x0000000000000000       0x12 c:/mwstage/tools/ba-elf-ba2-r36379.w10/bin/../lib/gcc/ba-elf/4.7.4/mcpu_jn51xx_sizeopt\libgcc.a(adddf3.o)
 .comment       0x0000000000000000       0x12 c:/mwstage/tools/ba-elf-ba2-r36379.w10/bin/../lib/gcc/ba-elf/4.7.4/mcpu_jn51xx_sizeopt\libgcc.a(divdf3.o)
 .comment       0x0000000000000000       0x12 c:/mwstage/tools/ba-elf-ba2-r36379.w10/bin/../lib/gcc/ba-elf/4.7.4/mcpu_jn51xx_sizeopt\libgcc.a(eqdf2.o)
 .comment       0x0000000000000000       0x12 c:/mwstage/tools/ba-elf-ba2-r36379.w10/bin/../lib/gcc/ba-elf/4.7.4/mcpu_jn51xx_sizeopt\libgcc.a(gedf2.o)
 .comment       0x0000000000000000       0x12 c:/mwstage/tools/ba-elf-ba2-r36379.w10/bin/../lib/gcc/ba-elf/4.7.4/mcpu_jn51xx_sizeopt\libgcc.a(ledf2.o)
 .comment       0x0000000000000000       0x12 c:/mwstage/tools/ba-elf-ba2-r36379.w10/bin/../lib/gcc/ba-elf/4.7.4/mcpu_jn51xx_sizeopt\libgcc.a(muldf3.o)
 .comment       0x0000000000000000       0x12 c:/mwstage/tools/ba-elf-ba2-r36379.w10/bin/../lib/gcc/ba-elf/4.7.4/mcpu_jn51xx_sizeopt\libgcc.a(subdf3.o)
 .comment       0x0000000000000000       0x12 c:/mwstage/tools/ba-elf-ba2-r36379.w10/bin/../lib/gcc/ba-elf/4.7.4/mcpu_jn51xx_sizeopt\libgcc.a(fixdfsi.o)
 .comment       0x0000000000000000       0x12 c:/mwstage/tools/ba-elf-ba2-r36379.w10/bin/../lib/gcc/ba-elf/4.7.4/mcpu_jn51xx_sizeopt\libgcc.a(floatsidf.o)
 .comment       0x0000000000000000       0x12 c:/mwstage/tools/ba-elf-ba2-r36379.w10/bin/../lib/gcc/ba-elf/4.7.4/mcpu_jn51xx_sizeopt\libgcc.a(floatunsidf.o)
 .comment       0x0000000000000000       0x11 C:/MWSTAGE/MWSDK/ChipLib/SW4063V1416/Components/Library\libMicroSpecific_JN516x.a(MicroSyscall_ba.o)
                                         0x12 (size before relaxing)
 .comment       0x0000000000000000       0x12 c:/mwstage/tools/ba-elf-ba2-r36379.w10/bin/../lib/gcc/ba-elf/4.7.4/../../../../ba-elf/lib/mcpu_jn51xx_sizeopt\libc.a(lib_a-memset.o)

.debug_info     0x0000000000000000     0x3453
 .debug_info    0x0000000000000000       0xf3 c:/mwstage/tools/ba-elf-ba2-r36379.w10/bin/../lib/gcc/ba-elf/4.7.4/../../../../ba-elf/lib/mcpu_jn51xx_sizeopt\libc.a(lib_a-memcmp.o)
 .debug_info    0x00000000000000f3      0x106 c:/mwstage/tools/ba-elf-ba2-r36379.w10/bin/../lib/gcc/ba-elf/4.7.4/../../../../ba-elf/lib/mcpu_jn51xx_sizeopt\libc.a(lib_a-memcpy.o)
 .debug_info    0x00000000000001f9       0xb7 c:/mwstage/tools/ba-elf-ba2-r36379.w10/bin/../lib/gcc/ba-elf/4.7.4/mcpu_jn51xx_sizeopt\libgcc.a(__udivsi3.o)
 .debug_info    0x00000000000002b0       0xb7 c:/mwstage/tools/ba-elf-ba2-r36379.w10/bin/../lib/gcc/ba-elf/4.7.4/mcpu_jn51xx_sizeopt\libgcc.a(__divsi3.o)
 .debug_info    0x0000000000000367       0xb7 c:/mwstage/tools/ba-elf-ba2-r36379.w10/bin/../lib/gcc/ba-elf/4.7.4/mcpu_jn51xx_sizeopt\libgcc.a(__umodsi3.o)
 .debug_info    0x000000000000041e       0xb7 c:/mwstage/tools/ba-elf-ba2-r36379.w10/bin/../lib/gcc/ba-elf/4.7.4/mcpu_jn51xx_sizeopt\libgcc.a(__modsi3.o)
 .debug_info    0x00000000000004d5       0xd3 c:/mwstage/tools/ba-elf-ba2-r36379.w10/bin/../lib/gcc/ba-elf/4.7.4/mcpu_jn51xx_sizeopt\libgcc.a(_fixunsdfsi.o)
 .debug_info    0x00000000000005a8      0x648 c:/mwstage/tools/ba-elf-ba2-r36379.w10/bin/../lib/gcc/ba-elf/4.7.4/mcpu_jn51xx_sizeopt\libgcc.a(_udivdi3.o)
 .debug_info    0x0000000000000bf0      0x69d c:/mwstage/tools/ba-elf-ba2-r36379.w10/bin/../lib/gcc/ba-elf/4.7.4/mcpu_jn51xx_sizeopt\libgcc.a(_umoddi3.o)
 .debug_info    0x000000000000128d      0x4b2 c:/mwstage/tools/ba-elf-ba2-r36379.w10/bin/../lib/gcc/ba-elf/4.7.4/mcpu_jn51xx_sizeopt\libgcc.a(adddf3.o)
 .debug_info    0x000000000000173f      0x5c5 c:/mwstage/tools/ba-elf-ba2-r36379.w10/bin/../lib/gcc/ba-elf/4.7.4/mcpu_jn51xx_sizeopt\libgcc.a(divdf3.o)
 .debug_info    0x0000000000001d04      0x1e7 c:/mwstage/tools/ba-elf-ba2-r36379.w10/bin/../lib/gcc/ba-elf/4.7.4/mcpu_jn51xx_sizeopt\libgcc.a(eqdf2.o)
 .debug_info    0x0000000000001eeb      0x20b c:/mwstage/tools/ba-elf-ba2-r36379.w10/bin/../lib/gcc/ba-elf/4.7.4/mcpu_jn51xx_sizeopt\libgcc.a(gedf2.o)
 .debug_info    0x00000000000020f6      0x20b c:/mwstage/tools/ba-elf-ba2-r36379.w10/bin/../lib/gcc/ba-elf/4.7.4/mcpu_jn51xx_sizeopt\libgcc.a(ledf2.o)
 .debug_info    0x0000000000002301      0x5c7 c:/mwstage/tools/ba-elf-ba2-r36379.w10/bin/../lib/gcc/ba-elf/4.7.4/mcpu_jn51xx_sizeopt\libgcc.a(muldf3.o)
 .debug_info    0x00000000000028c8      0x4b2 c:/mwstage/tools/ba-elf-ba2-r36379.w10/bin/../lib/gcc/ba-elf/4.7.4/mcpu_jn51xx_sizeopt\libgcc.a(subdf3.o)
 .debug_info    0x0000000000002d7a      0x1b7 c:/mwstage/tools/ba-elf-ba2-r36379.w10/bin/../lib/gcc/ba-elf/4.7.4/mcpu_jn51xx_sizeopt\libgcc.a(fixdfsi.o)
 .debug_info    0x0000000000002f31      0x1d6 c:/mwstage/tools/ba-elf-ba2-r36379.w10/bin/../lib/gcc/ba-elf/4.7.4/mcpu_jn51xx_sizeopt\libgcc.a(floatsidf.o)
 .debug_info    0x0000000000003107      0x1cb c:/mwstage/tools/ba-elf-ba2-r36379.w10/bin/../lib/gcc/ba-elf/4.7.4/mcpu_jn51xx_sizeopt\libgcc.a(floatunsidf.o)
 .debug_info    0x00000000000032d2       0xaa C:/MWSTAGE/MWSDK/ChipLib/SW4063V1416/Components/Library\libBoot_JN516x.a(ExceptionHandler.o)
 .debug_info    0x000000000000337c       0xd7 c:/mwstage/tools/ba-elf-ba2-r36379.w10/bin/../lib/gcc/ba-elf/4.7.4/../../../../ba-elf/lib/mcpu_jn51xx_sizeopt\libc.a(lib_a-memset.o)

.debug_abbrev   0x0000000000000000     0x113e
 .debug_abbrev  0x0000000000000000       0x8e c:/mwstage/tools/ba-elf-ba2-r36379.w10/bin/../lib/gcc/ba-elf/4.7.4/../../../../ba-elf/lib/mcpu_jn51xx_sizeopt\libc.a(lib_a-memcmp.o)
 .debug_abbrev  0x000000000000008e       0xa4 c:/mwstage/tools/ba-elf-ba2-r36379.w10/bin/../lib/gcc/ba-elf/4.7.4/../../../../ba-elf/lib/mcpu_jn51xx_sizeopt\libc.a(lib_a-memcpy.o)
 .debug_abbrev  0x0000000000000132       0x14 c:/mwstage/tools/ba-elf-ba2-r36379.w10/bin/../lib/gcc/ba-elf/4.7.4/mcpu_jn51xx_sizeopt\libgcc.a(__udivsi3.o)
 .debug_abbrev  0x0000000000000146       0x14 c:/mwstage/tools/ba-elf-ba2-r36379.w10/bin/../lib/gcc/ba-elf/4.7.4/mcpu_jn51xx_sizeopt\libgcc.a(__divsi3.o)
 .debug_abbrev  0x000000000000015a       0x14 c:/mwstage/tools/ba-elf-ba2-r36379.w10/bin/../lib/gcc/ba-elf/4.7.4/mcpu_jn51xx_sizeopt\libgcc.a(__umodsi3.o)
 .debug_abbrev  0x000000000000016e       0x14 c:/mwstage/tools/ba-elf-ba2-r36379.w10/bin/../lib/gcc/ba-elf/4.7.4/mcpu_jn51xx_sizeopt\libgcc.a(__modsi3.o)
 .debug_abbrev  0x0000000000000182       0x60 c:/mwstage/tools/ba-elf-ba2-r36379.w10/bin/../lib/gcc/ba-elf/4.7.4/mcpu_jn51xx_sizeopt\libgcc.a(_fixunsdfsi.o)
 .debug_abbrev  0x00000000000001e2      0x15d c:/mwstage/tools/ba-elf-ba2-r36379.w10/bin/../lib/gcc/ba-elf/4.7.4/mcpu_jn51xx_sizeopt\libgcc.a(_udivdi3.o)
 .debug_abbrev  0x000000000000033f      0x175 c:/mwstage/tools/ba-elf-ba2-r36379.w10/bin/../lib/gcc/ba-elf/4.7.4/mcpu_jn51xx_sizeopt\libgcc.a(_umoddi3.o)
 .debug_abbrev  0x00000000000004b4      0x133 c:/mwstage/tools/ba-elf-ba2-r36379.w10/bin/../lib/gcc/ba-elf/4.7.4/mcpu_jn51xx_sizeopt\libgcc.a(adddf3.o)
 .debug_abbrev  0x00000000000005e7      0x12f c:/mwstage/tools/ba-elf-ba2-r36379.w10/bin/../lib/gcc/ba-elf/4.7.4/mcpu_jn51xx_sizeopt\libgcc.a(divdf3.o)
 .debug_abbrev  0x0000000000000716      0x128 c:/mwstage/tools/ba-elf-ba2-r36379.w10/bin/../lib/gcc/ba-elf/4.7.4/mcpu_jn51xx_sizeopt\libgcc.a(eqdf2.o)
 .debug_abbrev  0x000000000000083e      0x137 c:/mwstage/tools/ba-elf-ba2-r36379.w10/bin/../lib/gcc/ba-elf/4.7.4/mcpu_jn51xx_sizeopt\libgcc.a(gedf2.o)
 .debug_abbrev  0x0000000000000975      0x139 c:/mwstage/tools/ba-elf-ba2-r36379.w10/bin/../lib/gcc/ba-elf/4.7.4/mcpu_jn51xx_sizeopt\libgcc.a(ledf2.o)
 .debug_abbrev  0x0000000000000aae      0x141 c:/mwstage/tools/ba-elf-ba2-r36379.w10/bin/../lib/gcc/ba-elf/4.7.4/mcpu_jn51xx_sizeopt\libgcc.a(muldf3.o)
 .debug_abbrev  0x0000000000000bef      0x133 c:/mwstage/tools/ba-elf-ba2-r36379.w10/bin/../lib/gcc/ba-elf/4.7.4/mcpu_jn51xx_sizeopt\libgcc.a(subdf3.o)
 .debug_abbrev  0x0000000000000d22      0x12a c:/mwstage/tools/ba-elf-ba2-r36379.w10/bin/../lib/gcc/ba-elf/4.7.4/mcpu_jn51xx_sizeopt\libgcc.a(fixdfsi.o)
 .debug_abbrev  0x0000000000000e4c      0x128 c:/mwstage/tools/ba-elf-ba2-r36379.w10/bin/../lib/gcc/ba-elf/4.7.4/mcpu_jn51xx_sizeopt\libgcc.a(floatsidf.o)
 .debug_abbrev  0x0000000000000f74      0x128 c:/mwstage/tools/ba-elf-ba2-r36379.w10/bin/../lib/gcc/ba-elf/4.7.4/mcpu_jn51xx_sizeopt\libgcc.a(floatunsidf.o)
 .debug_abbrev  0x000000000000109c       0x14 C:/MWSTAGE/MWSDK/ChipLib/SW4063V1416/Components/Library\libBoot_JN516x.a(ExceptionHandler.o)
 .debug_abbrev  0x00000000000010b0       0x8e c:/mwstage/tools/ba-elf-ba2-r36379.w10/bin/../lib/gcc/ba-elf/4.7.4/../../../../ba-elf/lib/mcpu_jn51xx_sizeopt\libc.a(lib_a-memset.o)

.debug_loc      0x0000000000000000     0x599c
 .debug_loc     0x0000000000000000       0x73 c:/mwstage/tools/ba-elf-ba2-r36379.w10/bin/../lib/gcc/ba-elf/4.7.4/../../../../ba-elf/lib/mcpu_jn51xx_sizeopt\libc.a(lib_a-memcmp.o)
 .debug_loc     0x0000000000000073       0x39 c:/mwstage/tools/ba-elf-ba2-r36379.w10/bin/../lib/gcc/ba-elf/4.7.4/../../../../ba-elf/lib/mcpu_jn51xx_sizeopt\libc.a(lib_a-memcpy.o)
 .debug_loc     0x00000000000000ac       0x48 c:/mwstage/tools/ba-elf-ba2-r36379.w10/bin/../lib/gcc/ba-elf/4.7.4/mcpu_jn51xx_sizeopt\libgcc.a(_fixunsdfsi.o)
 .debug_loc     0x00000000000000f4      0xa7b c:/mwstage/tools/ba-elf-ba2-r36379.w10/bin/../lib/gcc/ba-elf/4.7.4/mcpu_jn51xx_sizeopt\libgcc.a(_udivdi3.o)
 .debug_loc     0x0000000000000b6f      0x985 c:/mwstage/tools/ba-elf-ba2-r36379.w10/bin/../lib/gcc/ba-elf/4.7.4/mcpu_jn51xx_sizeopt\libgcc.a(_umoddi3.o)
 .debug_loc     0x00000000000014f4     0x10f3 c:/mwstage/tools/ba-elf-ba2-r36379.w10/bin/../lib/gcc/ba-elf/4.7.4/mcpu_jn51xx_sizeopt\libgcc.a(adddf3.o)
 .debug_loc     0x00000000000025e7     0x117e c:/mwstage/tools/ba-elf-ba2-r36379.w10/bin/../lib/gcc/ba-elf/4.7.4/mcpu_jn51xx_sizeopt\libgcc.a(divdf3.o)
 .debug_loc     0x0000000000003765       0x83 c:/mwstage/tools/ba-elf-ba2-r36379.w10/bin/../lib/gcc/ba-elf/4.7.4/mcpu_jn51xx_sizeopt\libgcc.a(eqdf2.o)
 .debug_loc     0x00000000000037e8      0x154 c:/mwstage/tools/ba-elf-ba2-r36379.w10/bin/../lib/gcc/ba-elf/4.7.4/mcpu_jn51xx_sizeopt\libgcc.a(gedf2.o)
 .debug_loc     0x000000000000393c       0xe6 c:/mwstage/tools/ba-elf-ba2-r36379.w10/bin/../lib/gcc/ba-elf/4.7.4/mcpu_jn51xx_sizeopt\libgcc.a(ledf2.o)
 .debug_loc     0x0000000000003a22      0xa0e c:/mwstage/tools/ba-elf-ba2-r36379.w10/bin/../lib/gcc/ba-elf/4.7.4/mcpu_jn51xx_sizeopt\libgcc.a(muldf3.o)
 .debug_loc     0x0000000000004430     0x114e c:/mwstage/tools/ba-elf-ba2-r36379.w10/bin/../lib/gcc/ba-elf/4.7.4/mcpu_jn51xx_sizeopt\libgcc.a(subdf3.o)
 .debug_loc     0x000000000000557e       0xa8 c:/mwstage/tools/ba-elf-ba2-r36379.w10/bin/../lib/gcc/ba-elf/4.7.4/mcpu_jn51xx_sizeopt\libgcc.a(fixdfsi.o)
 .debug_loc     0x0000000000005626      0x1be c:/mwstage/tools/ba-elf-ba2-r36379.w10/bin/../lib/gcc/ba-elf/4.7.4/mcpu_jn51xx_sizeopt\libgcc.a(floatsidf.o)
 .debug_loc     0x00000000000057e4      0x179 c:/mwstage/tools/ba-elf-ba2-r36379.w10/bin/../lib/gcc/ba-elf/4.7.4/mcpu_jn51xx_sizeopt\libgcc.a(floatunsidf.o)
 .debug_loc     0x000000000000595d       0x3f c:/mwstage/tools/ba-elf-ba2-r36379.w10/bin/../lib/gcc/ba-elf/4.7.4/../../../../ba-elf/lib/mcpu_jn51xx_sizeopt\libc.a(lib_a-memset.o)

.debug_aranges  0x0000000000000000      0x2a0
 .debug_aranges
                0x0000000000000000       0x20 c:/mwstage/tools/ba-elf-ba2-r36379.w10/bin/../lib/gcc/ba-elf/4.7.4/../../../../ba-elf/lib/mcpu_jn51xx_sizeopt\libc.a(lib_a-memcmp.o)
 .debug_aranges
                0x0000000000000020       0x20 c:/mwstage/tools/ba-elf-ba2-r36379.w10/bin/../lib/gcc/ba-elf/4.7.4/../../../../ba-elf/lib/mcpu_jn51xx_sizeopt\libc.a(lib_a-memcpy.o)
 .debug_aranges
                0x0000000000000040       0x20 c:/mwstage/tools/ba-elf-ba2-r36379.w10/bin/../lib/gcc/ba-elf/4.7.4/mcpu_jn51xx_sizeopt\libgcc.a(__udivsi3.o)
 .debug_aranges
                0x0000000000000060       0x20 c:/mwstage/tools/ba-elf-ba2-r36379.w10/bin/../lib/gcc/ba-elf/4.7.4/mcpu_jn51xx_sizeopt\libgcc.a(__divsi3.o)
 .debug_aranges
                0x0000000000000080       0x20 c:/mwstage/tools/ba-elf-ba2-r36379.w10/bin/../lib/gcc/ba-elf/4.7.4/mcpu_jn51xx_sizeopt\libgcc.a(__umodsi3.o)
 .debug_aranges
                0x00000000000000a0       0x20 c:/mwstage/tools/ba-elf-ba2-r36379.w10/bin/../lib/gcc/ba-elf/4.7.4/mcpu_jn51xx_sizeopt\libgcc.a(__modsi3.o)
 .debug_aranges
                0x00000000000000c0       0x20 c:/mwstage/tools/ba-elf-ba2-r36379.w10/bin/../lib/gcc/ba-elf/4.7.4/mcpu_jn51xx_sizeopt\libgcc.a(_fixunsdfsi.o)
 .debug_aranges
                0x00000000000000e0       0x20 c:/mwstage/tools/ba-elf-ba2-r36379.w10/bin/../lib/gcc/ba-elf/4.7.4/mcpu_jn51xx_sizeopt\libgcc.a(_udivdi3.o)
 .debug_aranges
                0x0000000000000100       0x20 c:/mwstage/tools/ba-elf-ba2-r36379.w10/bin/../lib/gcc/ba-elf/4.7.4/mcpu_jn51xx_sizeopt\libgcc.a(_umoddi3.o)
 .debug_aranges
                0x0000000000000120       0x20 c:/mwstage/tools/ba-elf-ba2-r36379.w10/bin/../lib/gcc/ba-elf/4.7.4/mcpu_jn51xx_sizeopt\libgcc.a(adddf3.o)
 .debug_aranges
                0x0000000000000140       0x20 c:/mwstage/tools/ba-elf-ba2-r36379.w10/bin/../lib/gcc/ba-elf/4.7.4/mcpu_jn51xx_sizeopt\libgcc.a(divdf3.o)
 .debug_aranges
                0x0000000000000160       0x20 c:/mwstage/tools/ba-elf-ba2-r36379.w10/bin/../lib/gcc/ba-elf/4.7.4/mcpu_jn51xx_sizeopt\libgcc.a(eqdf2.o)
 .debug_aranges
                0x0000000000000180       0x20 c:/mwstage/tools/ba-elf-ba2-r36379.w10/bin/../lib/gcc/ba-elf/4.7.4/mcpu_jn51xx_sizeopt\libgcc.a(gedf2.o)
 .debug_aranges
                0x00000000000001a0       0x20 c:/mwstage/tools/ba-elf-ba2-r36379.w10/bin/../lib/gcc/ba-elf/4.7.4/mcpu_jn51xx_sizeopt\libgcc.a(ledf2.o)
 .debug_aranges
                0x00000000000001c0       0x20 c:/mwstage/tools/ba-elf-ba2-r36379.w10/bin/../lib/gcc/ba-elf/4.7.4/mcpu_jn51xx_sizeopt\libgcc.a(muldf3.o)
 .debug_aranges
                0x00000000000001e0       0x20 c:/mwstage/tools/ba-elf-ba2-r36379.w10/bin/../lib/gcc/ba-elf/4.7.4/mcpu_jn51xx_sizeopt\libgcc.a(subdf3.o)
 .debug_aranges
                0x0000000000000200       0x20 c:/mwstage/tools/ba-elf-ba2-r36379.w10/bin/../lib/gcc/ba-elf/4.7.4/mcpu_jn51xx_sizeopt\libgcc.a(fixdfsi.o)
 .debug_aranges
                0x0000000000000220       0x20 c:/mwstage/tools/ba-elf-ba2-r36379.w10/bin/../lib/gcc/ba-elf/4.7.4/mcpu_jn51xx_sizeopt\libgcc.a(floatsidf.o)
 .debug_aranges
                0x0000000000000240       0x20 c:/mwstage/tools/ba-elf-ba2-r36379.w10/bin/../lib/gcc/ba-elf/4.7.4/mcpu_jn51xx_sizeopt\libgcc.a(floatunsidf.o)
 .debug_aranges
                0x0000000000000260       0x20 C:/MWSTAGE/MWSDK/ChipLib/SW4063V1416/Components/Library\libBoot_JN516x.a(ExceptionHandler.o)
 .debug_aranges
                0x0000000000000280       0x20 c:/mwstage/tools/ba-elf-ba2-r36379.w10/bin/../lib/gcc/ba-elf/4.7.4/../../../../ba-elf/lib/mcpu_jn51xx_sizeopt\libc.a(lib_a-memset.o)

.debug_line     0x0000000000000000     0x2bd2
 .debug_line    0x0000000000000000      0x15a c:/mwstage/tools/ba-elf-ba2-r36379.w10/bin/../lib/gcc/ba-elf/4.7.4/../../../../ba-elf/lib/mcpu_jn51xx_sizeopt\libc.a(lib_a-memcmp.o)
 .debug_line    0x000000000000015a      0x14e c:/mwstage/tools/ba-elf-ba2-r36379.w10/bin/../lib/gcc/ba-elf/4.7.4/../../../../ba-elf/lib/mcpu_jn51xx_sizeopt\libc.a(lib_a-memcpy.o)
 .debug_line    0x00000000000002a8      0x47b c:/mwstage/tools/ba-elf-ba2-r36379.w10/bin/../lib/gcc/ba-elf/4.7.4/mcpu_jn51xx_sizeopt\libgcc.a(__udivsi3.o)
 .debug_line    0x0000000000000723       0xbb c:/mwstage/tools/ba-elf-ba2-r36379.w10/bin/../lib/gcc/ba-elf/4.7.4/mcpu_jn51xx_sizeopt\libgcc.a(__divsi3.o)
 .debug_line    0x00000000000007de      0x3c7 c:/mwstage/tools/ba-elf-ba2-r36379.w10/bin/../lib/gcc/ba-elf/4.7.4/mcpu_jn51xx_sizeopt\libgcc.a(__umodsi3.o)
 .debug_line    0x0000000000000ba5       0xa3 c:/mwstage/tools/ba-elf-ba2-r36379.w10/bin/../lib/gcc/ba-elf/4.7.4/mcpu_jn51xx_sizeopt\libgcc.a(__modsi3.o)
 .debug_line    0x0000000000000c48       0x9f c:/mwstage/tools/ba-elf-ba2-r36379.w10/bin/../lib/gcc/ba-elf/4.7.4/mcpu_jn51xx_sizeopt\libgcc.a(_fixunsdfsi.o)
 .debug_line    0x0000000000000ce7      0x1b7 c:/mwstage/tools/ba-elf-ba2-r36379.w10/bin/../lib/gcc/ba-elf/4.7.4/mcpu_jn51xx_sizeopt\libgcc.a(_udivdi3.o)
 .debug_line    0x0000000000000e9e      0x1b7 c:/mwstage/tools/ba-elf-ba2-r36379.w10/bin/../lib/gcc/ba-elf/4.7.4/mcpu_jn51xx_sizeopt\libgcc.a(_umoddi3.o)
 .debug_line    0x0000000000001055      0x63d c:/mwstage/tools/ba-elf-ba2-r36379.w10/bin/../lib/gcc/ba-elf/4.7.4/mcpu_jn51xx_sizeopt\libgcc.a(adddf3.o)
 .debug_line    0x0000000000001692      0x3b5 c:/mwstage/tools/ba-elf-ba2-r36379.w10/bin/../lib/gcc/ba-elf/4.7.4/mcpu_jn51xx_sizeopt\libgcc.a(divdf3.o)
 .debug_line    0x0000000000001a47       0xf1 c:/mwstage/tools/ba-elf-ba2-r36379.w10/bin/../lib/gcc/ba-elf/4.7.4/mcpu_jn51xx_sizeopt\libgcc.a(eqdf2.o)
 .debug_line    0x0000000000001b38      0x15f c:/mwstage/tools/ba-elf-ba2-r36379.w10/bin/../lib/gcc/ba-elf/4.7.4/mcpu_jn51xx_sizeopt\libgcc.a(gedf2.o)
 .debug_line    0x0000000000001c97      0x15f c:/mwstage/tools/ba-elf-ba2-r36379.w10/bin/../lib/gcc/ba-elf/4.7.4/mcpu_jn51xx_sizeopt\libgcc.a(ledf2.o)
 .debug_line    0x0000000000001df6      0x269 c:/mwstage/tools/ba-elf-ba2-r36379.w10/bin/../lib/gcc/ba-elf/4.7.4/mcpu_jn51xx_sizeopt\libgcc.a(muldf3.o)
 .debug_line    0x000000000000205f      0x656 c:/mwstage/tools/ba-elf-ba2-r36379.w10/bin/../lib/gcc/ba-elf/4.7.4/mcpu_jn51xx_sizeopt\libgcc.a(subdf3.o)
 .debug_line    0x00000000000026b5       0xc8 c:/mwstage/tools/ba-elf-ba2-r36379.w10/bin/../lib/gcc/ba-elf/4.7.4/mcpu_jn51xx_sizeopt\libgcc.a(fixdfsi.o)
 .debug_line    0x000000000000277d       0xbc c:/mwstage/tools/ba-elf-ba2-r36379.w10/bin/../lib/gcc/ba-elf/4.7.4/mcpu_jn51xx_sizeopt\libgcc.a(floatsidf.o)
 .debug_line    0x0000000000002839       0xbe c:/mwstage/tools/ba-elf-ba2-r36379.w10/bin/../lib/gcc/ba-elf/4.7.4/mcpu_jn51xx_sizeopt\libgcc.a(floatunsidf.o)
 .debug_line    0x00000000000028f7      0x197 C:/MWSTAGE/MWSDK/ChipLib/SW4063V1416/Components/Library\libBoot_JN516x.a(ExceptionHandler.o)
 .debug_line    0x0000000000002a8e      0x144 c:/mwstage/tools/ba-elf-ba2-r36379.w10/bin/../lib/gcc/ba-elf/4.7.4/../../../../ba-elf/lib/mcpu_jn51xx_sizeopt\libc.a(lib_a-memset.o)

.debug_str      0x0000000000000000      0x6be
 .debug_str     0x0000000000000000       0x49 c:/mwstage/tools/ba-elf-ba2-r36379.w10/bin/../lib/gcc/ba-elf/4.7.4/../../../../ba-elf/lib/mcpu_jn51xx_sizeopt\libc.a(lib_a-memcmp.o)
                                        0x155 (size before relaxing)
 .debug_str     0x0000000000000049       0x5d c:/mwstage/tools/ba-elf-ba2-r36379.w10/bin/../lib/gcc/ba-elf/4.7.4/../../../../ba-elf/lib/mcpu_jn51xx_sizeopt\libc.a(lib_a-memcpy.o)
                                        0x169 (size before relaxing)
 .debug_str     0x00000000000000a6       0xc5 c:/mwstage/tools/ba-elf-ba2-r36379.w10/bin/../lib/gcc/ba-elf/4.7.4/mcpu_jn51xx_sizeopt\libgcc.a(_fixunsdfsi.o)
                                        0x169 (size before relaxing)
 .debug_str     0x000000000000016b       0x7b c:/mwstage/tools/ba-elf-ba2-r36379.w10/bin/../lib/gcc/ba-elf/4.7.4/mcpu_jn51xx_sizeopt\libgcc.a(_udivdi3.o)
                                        0x1d7 (size before relaxing)
 .debug_str     0x00000000000001e6        0xa c:/mwstage/tools/ba-elf-ba2-r36379.w10/bin/../lib/gcc/ba-elf/4.7.4/mcpu_jn51xx_sizeopt\libgcc.a(_umoddi3.o)
                                        0x1d7 (size before relaxing)
 .debug_str     0x00000000000001f0       0xc6 c:/mwstage/tools/ba-elf-ba2-r36379.w10/bin/../lib/gcc/ba-elf/4.7.4/mcpu_jn51xx_sizeopt\libgcc.a(adddf3.o)
                                        0x1ba (size before relaxing)
 .debug_str     0x00000000000002b6       0x7a c:/mwstage/tools/ba-elf-ba2-r36379.w10/bin/../lib/gcc/ba-elf/4.7.4/mcpu_jn51xx_sizeopt\libgcc.a(divdf3.o)
                                        0x1f9 (size before relaxing)
 .debug_str     0x0000000000000330       0x3f c:/mwstage/tools/ba-elf-ba2-r36379.w10/bin/../lib/gcc/ba-elf/4.7.4/mcpu_jn51xx_sizeopt\libgcc.a(eqdf2.o)
                                        0x16e (size before relaxing)
 .debug_str     0x000000000000036f       0x57 c:/mwstage/tools/ba-elf-ba2-r36379.w10/bin/../lib/gcc/ba-elf/4.7.4/mcpu_jn51xx_sizeopt\libgcc.a(gedf2.o)
                                        0x186 (size before relaxing)
 .debug_str     0x00000000000003c6       0x3f c:/mwstage/tools/ba-elf-ba2-r36379.w10/bin/../lib/gcc/ba-elf/4.7.4/mcpu_jn51xx_sizeopt\libgcc.a(ledf2.o)
                                        0x186 (size before relaxing)
 .debug_str     0x0000000000000405       0x72 c:/mwstage/tools/ba-elf-ba2-r36379.w10/bin/../lib/gcc/ba-elf/4.7.4/mcpu_jn51xx_sizeopt\libgcc.a(muldf3.o)
                                        0x1eb (size before relaxing)
 .debug_str     0x0000000000000477       0x41 c:/mwstage/tools/ba-elf-ba2-r36379.w10/bin/../lib/gcc/ba-elf/4.7.4/mcpu_jn51xx_sizeopt\libgcc.a(subdf3.o)
                                        0x1ba (size before relaxing)
 .debug_str     0x00000000000004b8       0x4b c:/mwstage/tools/ba-elf-ba2-r36379.w10/bin/../lib/gcc/ba-elf/4.7.4/mcpu_jn51xx_sizeopt\libgcc.a(fixdfsi.o)
                                        0x17f (size before relaxing)
 .debug_str     0x0000000000000503       0x54 c:/mwstage/tools/ba-elf-ba2-r36379.w10/bin/../lib/gcc/ba-elf/4.7.4/mcpu_jn51xx_sizeopt\libgcc.a(floatsidf.o)
                                        0x188 (size before relaxing)
 .debug_str     0x0000000000000557       0x4b c:/mwstage/tools/ba-elf-ba2-r36379.w10/bin/../lib/gcc/ba-elf/4.7.4/mcpu_jn51xx_sizeopt\libgcc.a(floatunsidf.o)
                                        0x185 (size before relaxing)
 .debug_str     0x00000000000005a2      0x11c c:/mwstage/tools/ba-elf-ba2-r36379.w10/bin/../lib/gcc/ba-elf/4.7.4/../../../../ba-elf/lib/mcpu_jn51xx_sizeopt\libc.a(lib_a-memset.o)
                                        0x155 (size before relaxing)

.debug_frame    0x0000000000000000      0x24c
 .debug_frame   0x0000000000000000       0x20 c:/mwstage/tools/ba-elf-ba2-r36379.w10/bin/../lib/gcc/ba-elf/4.7.4/../../../../ba-elf/lib/mcpu_jn51xx_sizeopt\libc.a(lib_a-memcmp.o)
 .debug_frame   0x0000000000000020       0x20 c:/mwstage/tools/ba-elf-ba2-r36379.w10/bin/../lib/gcc/ba-elf/4.7.4/../../../../ba-elf/lib/mcpu_jn51xx_sizeopt\libc.a(lib_a-memcpy.o)
 .debug_frame   0x0000000000000040       0x2c c:/mwstage/tools/ba-elf-ba2-r36379.w10/bin/../lib/gcc/ba-elf/4.7.4/mcpu_jn51xx_sizeopt\libgcc.a(_fixunsdfsi.o)
 .debug_frame   0x000000000000006c       0x30 c:/mwstage/tools/ba-elf-ba2-r36379.w10/bin/../lib/gcc/ba-elf/4.7.4/mcpu_jn51xx_sizeopt\libgcc.a(adddf3.o)
 .debug_frame   0x000000000000009c       0x34 c:/mwstage/tools/ba-elf-ba2-r36379.w10/bin/../lib/gcc/ba-elf/4.7.4/mcpu_jn51xx_sizeopt\libgcc.a(divdf3.o)
 .debug_frame   0x00000000000000d0       0x30 c:/mwstage/tools/ba-elf-ba2-r36379.w10/bin/../lib/gcc/ba-elf/4.7.4/mcpu_jn51xx_sizeopt\libgcc.a(eqdf2.o)
 .debug_frame   0x0000000000000100       0x34 c:/mwstage/tools/ba-elf-ba2-r36379.w10/bin/../lib/gcc/ba-elf/4.7.4/mcpu_jn51xx_sizeopt\libgcc.a(gedf2.o)
 .debug_frame   0x0000000000000134       0x34 c:/mwstage/tools/ba-elf-ba2-r36379.w10/bin/../lib/gcc/ba-elf/4.7.4/mcpu_jn51xx_sizeopt\libgcc.a(ledf2.o)
 .debug_frame   0x0000000000000168       0x34 c:/mwstage/tools/ba-elf-ba2-r36379.w10/bin/../lib/gcc/ba-elf/4.7.4/mcpu_jn51xx_sizeopt\libgcc.a(muldf3.o)
 .debug_frame   0x000000000000019c       0x30 c:/mwstage/tools/ba-elf-ba2-r36379.w10/bin/../lib/gcc/ba-elf/4.7.4/mcpu_jn51xx_sizeopt\libgcc.a(subdf3.o)
 .debug_frame   0x00000000000001cc       0x20 c:/mwstage/tools/ba-elf-ba2-r36379.w10/bin/../lib/gcc/ba-elf/4.7.4/mcpu_jn51xx_sizeopt\libgcc.a(fixdfsi.o)
 .debug_frame   0x00000000000001ec       0x20 c:/mwstage/tools/ba-elf-ba2-r36379.w10/bin/../lib/gcc/ba-elf/4.7.4/mcpu_jn51xx_sizeopt\libgcc.a(floatsidf.o)
 .debug_frame   0x000000000000020c       0x20 c:/mwstage/tools/ba-elf-ba2-r36379.w10/bin/../lib/gcc/ba-elf/4.7.4/mcpu_jn51xx_sizeopt\libgcc.a(floatunsidf.o)
 .debug_frame   0x000000000000022c       0x20 c:/mwstage/tools/ba-elf-ba2-r36379.w10/bin/../lib/gcc/ba-elf/4.7.4/../../../../ba-elf/lib/mcpu_jn51xx_sizeopt\libc.a(lib_a-memset.o)

.debug_ranges   0x0000000000000000      0x558
 .debug_ranges  0x0000000000000000       0xa0 c:/mwstage/tools/ba-elf-ba2-r36379.w10/bin/../lib/gcc/ba-elf/4.7.4/mcpu_jn51xx_sizeopt\libgcc.a(_udivdi3.o)
 .debug_ranges  0x00000000000000a0       0x80 c:/mwstage/tools/ba-elf-ba2-r36379.w10/bin/../lib/gcc/ba-elf/4.7.4/mcpu_jn51xx_sizeopt\libgcc.a(_umoddi3.o)
 .debug_ranges  0x0000000000000120       0x80 c:/mwstage/tools/ba-elf-ba2-r36379.w10/bin/../lib/gcc/ba-elf/4.7.4/mcpu_jn51xx_sizeopt\libgcc.a(adddf3.o)
 .debug_ranges  0x00000000000001a0       0xb0 c:/mwstage/tools/ba-elf-ba2-r36379.w10/bin/../lib/gcc/ba-elf/4.7.4/mcpu_jn51xx_sizeopt\libgcc.a(divdf3.o)
 .debug_ranges  0x0000000000000250       0x38 c:/mwstage/tools/ba-elf-ba2-r36379.w10/bin/../lib/gcc/ba-elf/4.7.4/mcpu_jn51xx_sizeopt\libgcc.a(eqdf2.o)
 .debug_ranges  0x0000000000000288       0x58 c:/mwstage/tools/ba-elf-ba2-r36379.w10/bin/../lib/gcc/ba-elf/4.7.4/mcpu_jn51xx_sizeopt\libgcc.a(gedf2.o)
 .debug_ranges  0x00000000000002e0       0x40 c:/mwstage/tools/ba-elf-ba2-r36379.w10/bin/../lib/gcc/ba-elf/4.7.4/mcpu_jn51xx_sizeopt\libgcc.a(ledf2.o)
 .debug_ranges  0x0000000000000320      0x1a8 c:/mwstage/tools/ba-elf-ba2-r36379.w10/bin/../lib/gcc/ba-elf/4.7.4/mcpu_jn51xx_sizeopt\libgcc.a(muldf3.o)
 .debug_ranges  0x00000000000004c8       0x78 c:/mwstage/tools/ba-elf-ba2-r36379.w10/bin/../lib/gcc/ba-elf/4.7.4/mcpu_jn51xx_sizeopt\libgcc.a(subdf3.o)
 .debug_ranges  0x0000000000000540       0x18 c:/mwstage/tools/ba-elf-ba2-r36379.w10/bin/../lib/gcc/ba-elf/4.7.4/mcpu_jn51xx_sizeopt\libgcc.a(fixdfsi.o)
