Archive member included because of file (symbol)

C:/MWSTAGE/MWSDK/TWENET/current/lib/libTWENET_BLUE.a(ToCoNet_event.o)
                              objs_BLUE/master.o (symbol from plugin) (PRSEV_u8RegisterEx)
C:/MWSTAGE/MWSDK/TWENET/current/lib/libTWENET_BLUE.a(ToCoNet_main.o)
                              ToCoNet_event.o (symbol from plugin) (u32TickCount_ms)
C:/MWSTAGE/MWSDK/TWENET/current/lib/libTWENET_BLUE.a(ToCoNet_utils.o)
                              ToCoNet_main.o (symbol from plugin) (ToCoNet_u32GetVersion)
C:/MWSTAGE/MWSDK/TWENET/current/lib/libTWENET_BLUE.a(ToCoNet_mod_Nwk_Common.o)
                              ToCoNet_main.o (symbol from plugin) (ToCoNet_vRxProc_Mod)
C:/MWSTAGE/MWSDK/TWENET/current/lib/libTWENET_BLUE.a(ToCoNet_mod_Channel_Mgr.o)
                              ToCoNet_main.o (symbol from plugin) (ToCoNet_ChMgr_bCh_Reconfig)
C:/MWSTAGE/MWSDK/TWENET/current/lib/libTWENET_BLUE.a(Version.o)
                              ToCoNet_utils.o (symbol from plugin) (au8ToCoNetVersionInfo)
C:/MWSTAGE/MWSDK/TWENET/current/lib/libTWENET_BLUE.a(AppQueueApi_ToCoNet.o)
                              ToCoNet_main.o (symbol from plugin) (_u32_INT_ticktimer)
C:/MWSTAGE/MWSDK/TWENET/current/lib/libTWENEText_BLUE.a(AppStart.o)
                              (AppColdStart)
C:/MWSTAGE/MWSDK/TWENET/current/lib/libTWENEText_BLUE.a(getMacAddr.o)
                              ToCoNet_main.o (symbol from plugin) (ToCoNet_u32GetSerialOnBoot)
C:/MWSTAGE/MWSDK/TWENET/current/lib/libTWENEText_BLUE.a(mac.o)
                              ToCoNet_main.o (symbol from plugin) (Mac_vInit)
C:/MWSTAGE/MWSDK/TWENET/current/lib/libTWENEText_BLUE.a(AES_CCM.o)
                              AppStart.o (symbol from plugin) (bAES_CCM_KeyReg)
C:/MWSTAGE/MWSDK/TWENET/current/lib/libTWENEText_BLUE.a(no_ack_handler.o)
                              AppStart.o (symbol from plugin) (vInstallNoAckHandler)
C:/MWSTAGE/MWSDK/TWENET/current/lib/libTWENEText_BLUE.a(Version.o)
                              ToCoNet_utils.o (symbol from plugin) (au8ToCoNetExtVersionInfo)
C:/MWSTAGE/MWSDK/TWENET/current/lib/libTWENETutils_BLUE.a(serial.o)
                              objs_BLUE/master.o (symbol from plugin) (SERIAL_bTxChar)
C:/MWSTAGE/MWSDK/TWENET/current/lib/libTWENETutils_BLUE.a(uart.o)
                              serial.o (symbol from plugin) (UART_vInit)
C:/MWSTAGE/MWSDK/TWENET/current/lib/libTWENETutils_BLUE.a(ByteQueue.o)
                              ToCoNet_main.o (symbol from plugin) (QUEUE__vInit)
C:/MWSTAGE/MWSDK/TWENET/current/lib/libTWENETutils_BLUE.a(ccitt8.o)
                              AppStart.o (symbol from plugin) (u8CCITT8)
C:/MWSTAGE/MWSDK/TWENET/current/lib/libTWENETutils_BLUE.a(utils.o)
                              ToCoNet_main.o (symbol from plugin) (vTimerConfig)
C:/MWSTAGE/MWSDK/TWENET/current/lib/libTWENETutils_BLUE.a(ccm.o)
                              AES_CCM.o (symbol from plugin) (ccm_init_and_key)
C:/MWSTAGE/MWSDK/TWENET/current/lib/libTWENETutils_BLUE.a(Version.o)
                              ToCoNet_utils.o (symbol from plugin) (au8ToCoNetUtilsVersionInfo)
C:/MWSTAGE/MWSDK/TWENET/current/lib/libTWENETutils_BLUE.a(aescrypt.o)
                              ccm.o (symbol from plugin) (aes_encrypt)
C:/MWSTAGE/MWSDK/TWENET/current/lib/libTWENETutils_BLUE.a(aeskey.o)
                              ccm.o (symbol from plugin) (aes_encrypt_key)
C:/MWSTAGE/MWSDK/TWENET/current/lib/libTWENETutils_BLUE.a(aestab.o)
                              aeskey.o (symbol from plugin) (t_im)
C:/MWSTAGE/MWSDK/TWENET/current/lib/libTWENETstgs_BLUE.a(tweinteractive.o)
                              objs_BLUE/master.o (symbol from plugin) (TWEINTRCT_bIsVerbose)
C:/MWSTAGE/MWSDK/TWENET/current/lib/libTWENETstgs_BLUE.a(tweprintf.o)
                              tweinteractive.o (symbol from plugin) (TWE_fprintf)
C:/MWSTAGE/MWSDK/TWENET/current/lib/libTWENETstgs_BLUE.a(twesercmd_plus3.o)
                              tweinteractive.o (symbol from plugin) (TWESERCMD_Plus3_u8Parse)
C:/MWSTAGE/MWSDK/TWENET/current/lib/libTWENETstgs_BLUE.a(tweserial.o)
                              tweinteractive.o (symbol from plugin) (_TWE_fputs)
C:/MWSTAGE/MWSDK/TWENET/current/lib/libTWENETstgs_BLUE.a(printf.o)
                              objs_BLUE/master.o (symbol from plugin) (fctprintf)
C:/MWSTAGE/MWSDK/TWENET/current/lib/libTWENETstgs_BLUE.a(tweinputstring.o)
                              tweinteractive.o (symbol from plugin) (TWEINPSTR_vInit)
C:/MWSTAGE/MWSDK/TWENET/current/lib/libmwx_BLUE.a(mwx_debug.o)
                              objs_BLUE/master.o (symbol from plugin) (MWX_Panic)
C:/MWSTAGE/MWSDK/TWENET/current/lib/libmwx_BLUE.a(mwx_appcore.o)
                              ToCoNet_main.o (symbol from plugin) (cbToCoNet_vMain)
C:/MWSTAGE/MWSDK/TWENET/current/lib/libmwx_BLUE.a(mwx_memory.o)
                              objs_BLUE/master.o (symbol from plugin) (operator new(unsigned long))
[...]
Memory Configuration

Name             Origin             Length             Attributes
flash            0x0000000000080000 0x0000000000028000
ram              0x000000000400004c 0x0000000000007fb4
*default*        0x0000000000000000 0xffffffffffffffff

Linker script and memory map

LOAD objs_BLUE/_mwx_version.o
LOAD C:\Users\saiju\AppData\Local\Temp\cczFAEaZ.ltrans0.ltrans.o
LOAD C:\Users\saiju\AppData\Local\Temp\cczFAEaZ.ltrans1.ltrans.o
LOAD C:\Users\saiju\AppData\Local\Temp\cczFAEaZ.ltrans2.ltrans.o
LOAD C:\Users\saiju\AppData\Local\Temp\cczFAEaZ.ltrans3.ltrans.o
LOAD C:\Users\saiju\AppData\Local\Temp\cczFAEaZ.ltrans4.ltrans.o
LOAD C:\Users\saiju\AppData\Local\Temp\cczFAEaZ.ltrans5.ltrans.o
LOAD C:\Users\saiju\AppData\Local\Temp\cczFAEaZ.ltrans6.ltrans.o
LOAD C:\Users\saiju\AppData\Local\Temp\cczFAEaZ.ltrans7.ltrans.o
LOAD C:\Users\saiju\AppData\Local\Temp\cczFAEaZ.ltrans8.ltrans.o
LOAD C:\Users\saiju\AppData\Local\Temp\cczFAEaZ.ltrans9.ltrans.o
LOAD C:\Users\saiju\AppData\Local\Temp\cczFAEaZ.ltrans10.ltrans.o
LOAD C:\Users\saiju\AppData\Local\Temp\cczFAEaZ.ltrans11.ltrans.o
LOAD C:\Users\saiju\AppData\Local\Temp\cczFAEaZ.ltrans12.ltrans.o
LOAD C:\Users\saiju\AppData\Local\Temp\cczFAEaZ.ltrans13.ltrans.o
LOAD C:\Users\saiju\AppData\Local\Temp\cczFAEaZ.ltrans14.ltrans.o
LOAD C:\Users\saiju\AppData\Local\Temp\cczFAEaZ.ltrans15.ltrans.o
LOAD C:\Users\saiju\AppData\Local\Temp\cczFAEaZ.ltrans16.ltrans.o
LOAD C:\Users\saiju\AppData\Local\Temp\cczFAEaZ.ltrans17.ltrans.o
LOAD C:\Users\saiju\AppData\Local\Temp\cczFAEaZ.ltrans18.ltrans.o
LOAD C:\Users\saiju\AppData\Local\Temp\cczFAEaZ.ltrans19.ltrans.o
LOAD c:/mwstage/tools/ba-elf-ba2-r36379.w10/bin/../lib/gcc/ba-elf/4.7.4/../../../../ba-elf/lib/mcpu_jn51xx_sizeopt\libc.a
LOAD c:/mwstage/tools/ba-elf-ba2-r36379.w10/bin/../lib/gcc/ba-elf/4.7.4/mcpu_jn51xx_sizeopt\libgcc.a
LOAD c:/mwstage/tools/ba-elf-ba2-r36379.w10/bin/../lib/gcc/ba-elf/4.7.4/../../../../ba-elf/lib/mcpu_jn51xx_sizeopt\libc.a
LOAD objs_BLUE/master.o
LOAD C:/MWSTAGE/MWSDK/TWENET/current/lib/libTWENET_BLUE.a
LOAD C:/MWSTAGE/MWSDK/TWENET/current/lib/libTWENEText_BLUE.a
LOAD C:/MWSTAGE/MWSDK/TWENET/current/lib/libTWENETutils_BLUE.a
LOAD C:/MWSTAGE/MWSDK/TWENET/current/lib/libTWENETstgs_BLUE.a
LOAD C:/MWSTAGE/MWSDK/TWENET/current/lib/libmwx_BLUE.a
LOAD C:/MWSTAGE/MWSDK/TWENET/current/lib/libEASTL_BLUE.a
START GROUP
LOAD C:/MWSTAGE/MWSDK/ChipLib/SW4063V1416/Components/Library\libAppApi_JN516x.a
LOAD C:/MWSTAGE/MWSDK/ChipLib/SW4063V1416/Components/Library\libMAC_JN516x.a
LOAD C:/MWSTAGE/MWSDK/ChipLib/SW4063V1416/Components/Library\libTimerServer_JN516x.a
LOAD C:/MWSTAGE/MWSDK/ChipLib/SW4063V1416/Components/Library\libTOF_JN516x.a
LOAD C:/MWSTAGE/MWSDK/ChipLib/SW4063V1416/Components/Library\libXcv_JN516x.a
LOAD C:/MWSTAGE/MWSDK/ChipLib/SW4063V1416/Components/Library\libAes_JN516x.a
LOAD C:/MWSTAGE/MWSDK/ChipLib/SW4063V1416/Components/Library\libHardwareApi_JN516x.a
LOAD C:/MWSTAGE/MWSDK/ChipLib/SW4063V1416/Components/Library\libMicroSpecific_JN516x.a
LOAD C:/MWSTAGE/MWSDK/ChipLib/SW4063V1416/Components/Library\libBoot_JN516x.a
LOAD C:/MWSTAGE/MWSDK/ChipLib/SW4063V1416/Components/Library\libPDM_EEPROM_JN516x_NO_RTOS.a
LOAD C:/MWSTAGE/MWSDK/TWENET/current/lib/libTWENET_BLUE.a
LOAD C:/MWSTAGE/MWSDK/TWENET/current/lib/libTWENEText_BLUE.a
LOAD C:/MWSTAGE/MWSDK/TWENET/current/lib/libTWENETutils_BLUE.a
LOAD C:/MWSTAGE/MWSDK/TWENET/current/lib/libTWENETstgs_BLUE.a
LOAD C:/MWSTAGE/MWSDK/TWENET/current/lib/libmwx_BLUE.a
LOAD C:/MWSTAGE/MWSDK/TWENET/current/lib/libEASTL_BLUE.a
END GROUP
LOAD c:/mwstage/tools/ba-elf-ba2-r36379.w10/bin/../lib/gcc/ba-elf/4.7.4/../../../../ba-elf/lib/mcpu_jn51xx_sizeopt\libstdc++.a
LOAD c:/mwstage/tools/ba-elf-ba2-r36379.w10/bin/../lib/gcc/ba-elf/4.7.4/../../../../ba-elf/lib/mcpu_jn51xx_sizeopt\libm.a
LOAD c:/mwstage/tools/ba-elf-ba2-r36379.w10/bin/../lib/gcc/ba-elf/4.7.4/../../../../ba-elf/lib/mcpu_jn51xx_sizeopt\libc.a
LOAD c:/mwstage/tools/ba-elf-ba2-r36379.w10/bin/../lib/gcc/ba-elf/4.7.4/mcpu_jn51xx_sizeopt\libgcc.a
LOAD c:/mwstage/tools/ba-elf-ba2-r36379.w10/bin/../lib/gcc/ba-elf/4.7.4/../../../../ba-elf/lib/mcpu_jn51xx_sizeopt\libc.a
                0x0000000000000800                _stack_size = 0x800
                0x0000000000080038                _exception_vsr_table = 0x80038
                0x0000000004000000                pSPIflashFncTable = 0x4000000
                0x0000000000000800                _stack_size = 0x800
                0x0000000000000044                restore_state = 0x44
                0x000000000000004a                bZSPIWaitWIPClear = 0x4a
                0x0000000000000050                u16ZSPIflashRDID = 0x50
                0x0000000000000056                u8SelectFlashChipType = 0x56
                0x000000000000005c                memcpy = 0x5c
                0x0000000000000066                vBootFlashProg = 0x66
                [0x0000000000000d16]                _minimum_heap_size = DEFINED (_minimum_heap_size)?_minimum_heap_size:0xd16
                0x0000000000000000                _SwConfig = (DEFINED (g_bSWConf_Debug) | (DEFINED (g_bSWConf_AltDebugPort) << 0x1))

.version        0x000000000007fffc        0x4
                0x000000000007fffc        0x4 LONG 0x4030008

.bir            0x0000000000080000       0x10
                0x0000000000080000                _flash_start = ABSOLUTE (.)
                0x0000000000080000                _flash_beg = ABSOLUTE (.)
                0x0000000000080000        0x4 LONG 0x12345678
                0x0000000000080004        0x4 LONG 0x11223344
                0x0000000000080008        0x4 LONG 0x55667788
                0x000000000008000c        0x1 BYTE 0x8
                0x000000000008000d        0x1 BYTE 0x1
                0x000000000008000e        0x2 SHORT 0x0

.flashheader    0x0000000000080010       0x28
                0x0000000000080010        0x4 LONG 0x0
                0x0000000000080014        0x4 LONG 0x0
                0x0000000000080018        0x4 LONG 0x0
                0x000000000008001c        0x2 SHORT 0x0
                0x000000000008001e        0x2 SHORT 0x0 ABSOLUTE (_SwConfig)
                0x0000000000080020                _enc_start = ABSOLUTE (.)
                0x0000000000080020        0x4 LONG 0xf474 ABSOLUTE (_image_len)
                0x0000000000080024        0x4 LONG 0x8f460 ABSOLUTE (_flash_data_start)
                0x0000000000080028        0x2 SHORT 0x13 ((ABSOLUTE (_ram_data_start) / 0x4) & 0xffff)
                0x000000000008002a        0x2 SHORT 0x5 ((ABSOLUTE (_ram_data_len) / 0x4) & 0xffff)
                0x000000000008002c        0x2 SHORT 0x18 ((ABSOLUTE (_bss_start) / 0x4) & 0xffff)
                0x000000000008002e        0x2 SHORT 0x579 ((ABSOLUTE (_bss_len) / 0x4) & 0xffff)
                0x0000000000080030        0x4 LONG 0x85d1c ABSOLUTE (AppWarmStart)
                0x0000000000080034        0x4 LONG 0x87ecc ABSOLUTE (AppColdStart)
                0x0000000000000000                _enc_offset = (_enc_start & 0xf)
                0x0000000000000044                PROVIDE (vException_BusError, restore_state)
                0x0000000000000044                PROVIDE (vException_UnalignedAccess, restore_state)
                0x0000000000000044                PROVIDE (vException_IllegalInstruction, restore_state)
                0x0000000000000044                PROVIDE (vException_SysCall, restore_state)
                0x0000000000000044                PROVIDE (vException_Trap, restore_state)
                0x0000000000000044                PROVIDE (vException_StackOverflow, restore_state)
                0x0000000000080038                . = ABSOLUTE (_exception_vsr_table)

.vsr_table      0x0000000000080038       0x18
                0x0000000000080038        0x4 LONG 0x44 ABSOLUTE (vException_BusError)
                0x000000000008003c        0x4 LONG 0x44 ABSOLUTE (vException_UnalignedAccess)
                0x0000000000080040        0x4 LONG 0x44 ABSOLUTE (vException_IllegalInstruction)
                0x0000000000080044        0x4 LONG 0x44 ABSOLUTE (vException_SysCall)
                0x0000000000080048        0x4 LONG 0x44 ABSOLUTE (vException_Trap)
                0x000000000008004c        0x4 LONG 0x44 ABSOLUTE (vException_StackOverflow)

.vsr_handlers   0x0000000000080050       0xaa
 *(.vsr_handlers)
 .vsr_handlers  0x0000000000080050       0xaa C:/MWSTAGE/MWSDK/ChipLib/SW4063V1416/Components/Library\libBoot_JN516x.a(ExceptionHandler.o)
                0x0000000000080050                _exception_external_interrupt
                0x00000000000800f8                _default_vsr_dummy

.rodata         0x0000000000080100      0x614
 *(.rodata*)
 .rodata        0x0000000000080100      0x1cb C:\Users\saiju\AppData\Local\Temp\cczFAEaZ.ltrans0.ltrans.o
 .rodata.str1.1
                0x00000000000802cb       0x3d C:\Users\saiju\AppData\Local\Temp\cczFAEaZ.ltrans1.ltrans.o
 .rodata        0x0000000000080308        0x5 C:\Users\saiju\AppData\Local\Temp\cczFAEaZ.ltrans1.ltrans.o
 *fill*         0x000000000008030d        0x3 00
 .rodata        0x0000000000080310       0xd4 C:\Users\saiju\AppData\Local\Temp\cczFAEaZ.ltrans2.ltrans.o
                0x0000000000080310                s_aprScanHandleEvt.14619
                0x0000000000080340                apvActionCalls
                0x00000000000803c8                aprLPBMacVectorRamTable
                0x00000000000803dc                psTamMacContext
                0x00000000000803e0                psTAMcontext
 .rodata.str1.1
                0x00000000000803e4        0xd C:\Users\saiju\AppData\Local\Temp\cczFAEaZ.ltrans3.ltrans.o
 .rodata        0x00000000000803f1       0x14 C:\Users\saiju\AppData\Local\Temp\cczFAEaZ.ltrans3.ltrans.o
 .rodata.str1.1
                0x0000000000080405       0x12 C:\Users\saiju\AppData\Local\Temp\cczFAEaZ.ltrans4.ltrans.o
 *fill*         0x0000000000080417        0x1 00
 .rodata        0x0000000000080418       0x50 C:\Users\saiju\AppData\Local\Temp\cczFAEaZ.ltrans4.ltrans.o
 .rodata        0x0000000000080468        0x4 C:\Users\saiju\AppData\Local\Temp\cczFAEaZ.ltrans5.ltrans.o
 .rodata        0x000000000008046c       0x28 C:\Users\saiju\AppData\Local\Temp\cczFAEaZ.ltrans6.ltrans.o
                0x000000000008046c                au32TimerBaseAddress
                0x0000000000080480                CSWTCH.35.24958.24958
 .rodata        0x0000000000080494        0x6 C:\Users\saiju\AppData\Local\Temp\cczFAEaZ.ltrans7.ltrans.o
                0x0000000000080494                aeXcvPhyEvtToScanEvt.5394.14622
 *fill*         0x000000000008049a        0x2 00
 .rodata        0x000000000008049c       0x1c C:\Users\saiju\AppData\Local\Temp\cczFAEaZ.ltrans8.ltrans.o
 .rodata.str1.1
                0x00000000000804b8       0x11 C:\Users\saiju\AppData\Local\Temp\cczFAEaZ.ltrans9.ltrans.o
                                         0x22 (size before relaxing)
 *fill*         0x00000000000804c9        0x3 00
 .rodata        0x00000000000804cc       0x38 C:\Users\saiju\AppData\Local\Temp\cczFAEaZ.ltrans9.ltrans.o
                0x00000000000804cc                asStateFuncTbl.26106
 .rodata.str1.1
                0x0000000000080504       0x11 C:\Users\saiju\AppData\Local\Temp\cczFAEaZ.ltrans10.ltrans.o
 *fill*         0x0000000000080515        0x3 00
 .rodata        0x0000000000080518       0x7c C:\Users\saiju\AppData\Local\Temp\cczFAEaZ.ltrans10.ltrans.o
                0x000000000008054c                u32MacLow_TOCOS
                0x0000000000080550                u32MacHigh_TOCOS
 .rodata.str1.1
                0x0000000000080594        0xe C:\Users\saiju\AppData\Local\Temp\cczFAEaZ.ltrans13.ltrans.o
 .rodata        0x00000000000805a2        0x5 C:\Users\saiju\AppData\Local\Temp\cczFAEaZ.ltrans13.ltrans.o
                0x00000000000805a2                gbHighPowerMode
                0x00000000000805a3                gu8ModuleID
 *fill*         0x00000000000805a7        0x1 00
 .rodata        0x00000000000805a8       0x18 C:\Users\saiju\AppData\Local\Temp\cczFAEaZ.ltrans14.ltrans.o
 .rodata        0x00000000000805c0        0xa C:\Users\saiju\AppData\Local\Temp\cczFAEaZ.ltrans15.ltrans.o
 .rodata.str1.1
                0x00000000000805ca       0x8b C:\Users\saiju\AppData\Local\Temp\cczFAEaZ.ltrans16.ltrans.o
 .rodata.str1.1
                0x0000000000080655       0xb4 C:\Users\saiju\AppData\Local\Temp\cczFAEaZ.ltrans17.ltrans.o
 *fill*         0x0000000000080709        0x3 00
 .rodata        0x000000000008070c        0x8 C:\Users\saiju\AppData\Local\Temp\cczFAEaZ.ltrans19.ltrans.o
                0x000000000008070c                au32UartAddrOffset

.text           0x0000000000080714     0xed4b
 *(.text*)
 .text          0x0000000000080714      0xf01 C:\Users\saiju\AppData\Local\Temp\cczFAEaZ.ltrans0.ltrans.o
                0x0000000000080714                mac_vLPBAdjustBeaconOffset
                0x0000000000080771                mac_u32LPBGetBeaconTimeout
                0x000000000008077a                eWEnDTmrExpiry.14260
                0x0000000000080785                eWEnDEdDone.14257
                0x00000000000807e0                eGenlDontCare.14254
                0x00000000000807e5                eGenlIllegal.13879
                0x00000000000807ec                u32GetTimer0
                0x00000000000807f3                vSetTimer0
                0x0000000000080802                _ZN3mwx2L112appdefs_crtpINS0_9NwkSimpleEE18_cbTweNet_vHwEventEPvmm.local.186
                0x0000000000080805                _ZN3mwx2L112appdefs_crtpINS0_9NwkSimpleEE17_cbTweNet_u8HwIntEPvmm.local.185
                0x000000000008080a                _out_fct.5597
                0x000000000008081c                _out_null.5603
                0x000000000008081f                vOutputStream.5516
                0x000000000008082b                _ZN3mwx2L110serial_jen7vOutputEcPv.local.184
                0x0000000000080852                vHandlerPatch.4629
                0x0000000000080889                _ZN3mwx2L112appdefs_crtpINS0_9NwkSimpleEE18_cbTweNet_vTxEventEPvRNS0_12packet_ev_txE.local.183
                0x00000000000808a3                _ZN3mwx2L112appdefs_crtpINS0_9NwkSimpleEE19_cbTweNet_vNwkEventEPvRNS0_13packet_ev_nwkE.local.190
                0x00000000000808ac                _ZN3mwx2L112appdefs_crtpINS0_9NwkSimpleEE15_cbTweNet_vMainEPv.local.191
                0x00000000000808af                u8TSCframeIncrease
                0x00000000000808e8                vCopyToDataFromMacAddr.21285
                0x000000000008091b                psTAQsearchFifo
                0x0000000000080964                bTAQremoveFromFifo
                0x00000000000809a1                vTAMinsertEvent
                0x0000000000080a07                vTAM_TxRetryTimeout
                0x0000000000080a0b                vTACsetTxFrameDefaults
                0x0000000000080a31                u8TACgetHeaderSize
                0x0000000000080a6e                u32TACpayloadToU32M
                0x0000000000080a8f                vTACu32ToPayloadM
                0x0000000000080aa7                vTACbuildBeacon
                0x0000000000080caf                bTACframeInProgress
                0x0000000000080cd9                bTACassessBeaconForPayload
                0x0000000000080d2a                bIsBbcSafeForTx
                0x0000000000080d5f                vTATwriteAclMaterialToHardware
                0x0000000000080d84                vTATsetBLE
                0x0000000000080dbb                vTATgetFramePayload
                0x0000000000080dd8                eTATreadTXstatus
                0x0000000000080e1e                vTAHsetPhyStateDirect.part.0.18744
                0x0000000000080e3a                vDoGoOff.20565
                0x0000000000080e54                vMEMreturn
                0x0000000000080ec5                vTACinformOriginator
                0x0000000000080ee7                pvMEMget
                0x0000000000080f13                vTAMDEdetermineNullState
                0x0000000000080f2d                vTAMCOupdatePendingList
                0x0000000000080fff                vTAMCOsetCoordinator
                0x0000000000081025                vPhySetChannel
                0x000000000008103e                eScanHandleEvt.part.0.14290
                0x0000000000081067                mac_eDcfmIndPost
                0x0000000000081088                mac_psDcfmIndGetBuf
                0x00000000000810a9                vMLMErxEnableConfirm
                0x00000000000810db                vMLMEcommStatus
                0x000000000008113e                vMLMEcommStatusFromFrame
                0x0000000000081182                vTSCpostTransmitUpdate
                0x00000000000811b1                vMLMEsyncLoss
                0x00000000000811e4                vPMICpostFailedAssocDcfm
                0x000000000008121c                vPMICassocReqTO_2.12707
                0x0000000000081233                MAC_vPibSetPanId
                0x000000000008124e                vHandleTofRequest.10813
                0x0000000000081251                vAppApiDefSetPrbsSeed
                0x0000000000081275                mwx::L1::duplciate_checker::_node_ele_init(mwx::L1::duplciate_checker::_node_ele*)
                0x0000000000081294                _ZN3mwx2L113serial_parserINS0_10alloc_heapIhEEEC1Ev.local.52
                0x00000000000812b6                _ZN3mwx2L16twenetC1Ev.local.58
                0x000000000008134d                _ZN3mwx2L110serial_jenC1Eh.local.107
                0x000000000008137d                _ZN3mwx2L115periph_analogueC1Ev.local.125
                0x00000000000813a8                _ZN3mwx2L112appdefs_virt8on_eventEmRm.local.134
                0x00000000000813c0                _ZN3mwx2L112appdefs_virt18cbToCoNet_vHwEventEmm.local.136
                0x00000000000813d8                _ZN3mwx2L112appdefs_virt18cbToCoNet_vTxEventERNS0_12packet_ev_txE.local.137
                0x00000000000813f0                _ZN3mwx2L112appdefs_virt19cbToCoNet_vNwkEventERNS0_13packet_ev_nwkE.local.139
                0x0000000000081408                u8CCITT8
                0x000000000008142e                bAES_CCM_KeyReg
                0x000000000008146d                bFifoPush.3334
                0x00000000000814a6                vAppQApiPostMlme.3320
                0x00000000000814c5                vAppQApiPostMcps.3327
                0x00000000000814e0                pvFifoPull.3331
                0x0000000000081507                psAppQApiGetMlmeBuffer.3317
                0x000000000008150f                psAppQApiGetMcpsBuffer.3324
                0x0000000000081517                PRSEV_vSetState
                0x0000000000081527                PRSEV_vProcessEv_core.2204
                0x00000000000815c9                PRSEV_vProcessEvPost
                0x00000000000815fb                _PRSEV_vProcessEvSingle
                0x0000000000081608                ToCoNet_vMacStart
 .text.unlikely
                0x0000000000081615       0x74 C:\Users\saiju\AppData\Local\Temp\cczFAEaZ.ltrans0.ltrans.o
                0x0000000000081615                _ZN3mwx2L112appdefs_virt18cbToCoNet_vRxEventERNS0_9packet_rxE.local.138
                0x000000000008162d                _ZN3mwx2L110serial_jen5flushEv.local.147
                0x000000000008163c                PRSEV_u8Register
                0x000000000008167a                _PRSEV_vProcessEvSingleH
 .text          0x0000000000081689      0xb05 C:\Users\saiju\AppData\Local\Temp\cczFAEaZ.ltrans1.ltrans.o
                0x0000000000081689                ToCoNet_vMain
 *fill*         0x000000000008218e        0x2 00
 .text          0x0000000000082190      0xbac C:\Users\saiju\AppData\Local\Temp\cczFAEaZ.ltrans2.ltrans.o
                0x0000000000082190                eWBRTTxDone.14276
                0x00000000000821ae                vTAMCOframeTXgoingIdle
                0x00000000000821c7                vTAMCOframeTXcap
                0x00000000000821ed                eWCoRRxDone.14267
                0x0000000000082297                eWBcnRxDone.14279
                0x0000000000082882                vTAMCOframeRXcap
                0x0000000000082895                vTAMCOframeRXgoingIdle
                0x00000000000828ab                vTAMCOframeRXnobeacon
                0x00000000000828be                vTAMDEframeRX
                0x00000000000828e7                vTAMDEframeRXtrackingDR
                0x000000000008292b                vTAMDEframePreSyncReq
                0x0000000000082943                vTAMCOframeTXbeacon
                0x0000000000082a0b                vTAMDEframeRXsyncReq
                0x0000000000082c5a                vTAMDEint1FiredTrackingCAPgts
                0x0000000000082d0b                eWONTTxDone.14273
 .text          0x0000000000082d3c      0xa32 C:\Users\saiju\AppData\Local\Temp\cczFAEaZ.ltrans3.ltrans.o
                0x0000000000082d3c                UART_vHandleUartInterrupt.4756
                0x0000000000082dc3                _ZN3mwx2L114processev_crtpINS0_9NwkSimpleEE14vProcessEvCoreEP8_tsEvent7teEventm.local.189
                0x0000000000082e76                vXCV_IntHandlerBbc
                0x0000000000082f19                vTAIsetRxEnableTime
                0x0000000000082f3a                _ZN3mwx2L115periph_analogue5setupEbhPFvvE.local.124.constprop.224
                0x0000000000082fd4                vTAMRXEsetPhy
                0x0000000000083097                vTAHsetPhyState
                0x00000000000830c7                vTAMCOint2Fired
                0x00000000000830e7                vSetPHYfromMacValue.17401
                0x0000000000083119                vTAMDEint1FiredWaitDR
                0x0000000000083126                vTACsetPHYfromMacValue
                0x0000000000083147                vTAMRXEsetReceiveForPibChange
                0x0000000000083187                _ZN3mwx2L114periph_twowireC1Eh.local.76
                0x00000000000831c4                vMLMEbeaconNotify
                0x0000000000083322                vMCPSframeReceived
                0x00000000000833e5                bAHI_ReadMACID
                0x000000000008342b                ToCoNet_vInit
 .text.unlikely
                0x000000000008376e       0x88 C:\Users\saiju\AppData\Local\Temp\cczFAEaZ.ltrans3.ltrans.o
                0x000000000008376e                Delay.24628.constprop.243
                0x00000000000837e7                u32AppQApiInitInt_PATCH
 .text          0x00000000000837f6     0x11bb C:\Users\saiju\AppData\Local\Temp\cczFAEaZ.ltrans4.ltrans.o
                0x0000000000084294                _vsnprintf.constprop.300
                0x00000000000848a7                QUEUE__u8RemoveItem.part.1.4831
                0x00000000000848e2                QUEUE__vAddItem.constprop.287
                0x0000000000084914                ToCoNet_ChMgr_vCh_TxFin
                0x0000000000084941                vHnd_E_STATE_WAIT_TX.26074
 .text          0x00000000000849b1      0xab5 C:\Users\saiju\AppData\Local\Temp\cczFAEaZ.ltrans5.ltrans.o
                0x00000000000849b1                vTACintRXheader
                0x00000000000852ef                vHnd_E_STATE_FINISH_TX_FAIL.26051
                0x00000000000853a5                vHnd_E_STATE_FINISH_TX_SUCCESS.26056
                0x0000000000085437                bStartCallback.16955
 *fill*         0x0000000000085466        0x2 00
 .text          0x0000000000085468      0x4d0 C:\Users\saiju\AppData\Local\Temp\cczFAEaZ.ltrans6.ltrans.o
                0x0000000000085468                vAppApiDefMlmeRequest
                0x0000000000085493                pvAppApiDefGetMacHandle
                0x000000000008549c                vTimerConfig
                0x00000000000856a9                cbAppWarmStart.part.28.6791
                0x00000000000858fd                _ZN3mwx2L16streamINS0_10serial_jenEElsERNS0_18MWX_Stream_EndLineE.isra.20.1959
                0x0000000000085915                _ZN3mwx2L16streamINS0_10serial_jenEE6_printEPKc.local.168
 .text.unlikely
                0x0000000000085938      0x310 C:\Users\saiju\AppData\Local\Temp\cczFAEaZ.ltrans6.ltrans.o
                0x0000000000085955                vProcessIncomingHwEvent.2583
 .text          0x0000000000085c48      0xa90 C:\Users\saiju\AppData\Local\Temp\cczFAEaZ.ltrans7.ltrans.o
                0x0000000000085c48                vPostDcfm.14263
                0x0000000000085d1c                AppWarmStart
                0x0000000000085df7                vSetNextChannel.14311
                0x0000000000085e50                MAC_vHandleMlmeReqRsp
                0x0000000000086601                vTAMDEint1FiredTracking
                0x0000000000086671                vTAMDEint1FiredSyncReq
 .text          0x00000000000866d8      0xb50 C:\Users\saiju\AppData\Local\Temp\cczFAEaZ.ltrans8.ltrans.o
                0x00000000000866ed                mac_vLPBStartTimer
                0x0000000000086829                vProcessEvCoreTx.26043
                0x0000000000086919                vMicroIntEnableOnly.constprop.295
                0x0000000000086945                vAHI_ProtocolPower.constprop.294
                0x0000000000086953                XCV_vCtor.constprop.292
                0x0000000000086ab8                _ZN3mwx2L16twenet5beginEv.local.112.constprop.271
                0x0000000000086afd                _ZN3mwx2L115periph_analogue10_adc_startEv.local.43.constprop.262
                0x0000000000086be6                mwx::L1::periph_analogue::ADC_handler(unsigned long, unsigned long)
                0x0000000000086c2d                u8HwEventHandler.2414
                0x0000000000086cd5                vAHI_TimerEnable.part.1.24825.constprop.246
                0x0000000000086d40                bAHI_SetClockRate
                0x0000000000086e4b                bAES_CCMstar
                0x0000000000086f17                bAES_CCM_DecodeKey
                0x0000000000086fd3                pvHeap_Alloc
                0x0000000000086fd6                operator new(unsigned long)
                0x0000000000086ff9                u32AHI_Init
                0x00000000000870bb                vMicroIntRestoreState
                0x00000000000870c7                _ToCoNet_bRfChChannel
                0x000000000008715c                ToCoNet_ChMgr_bCh_Reconfig
                0x00000000000871c4                vHnd_E_STATE_IDLE.26066
 .text.unlikely
                0x0000000000087228       0x45 C:\Users\saiju\AppData\Local\Temp\cczFAEaZ.ltrans8.ltrans.o
                0x0000000000087228                vAHI_MemoryHold.24724
 .text          0x000000000008726d      0xc5f C:\Users\saiju\AppData\Local\Temp\cczFAEaZ.ltrans9.ltrans.o
                0x000000000008726d                TSV_eStart
                0x0000000000087351                eTAStransmitRequest
                0x00000000000876ec                TSV_eOpen
                0x00000000000876f4                vAppApiDefRestoreMacSettings
                0x00000000000877c5                vAppApiDefSaveMacSettings
                0x0000000000087822                mac_vLPBSleep
                0x00000000000878f5                pvAppApiDefGetMacAddrLocation
                0x00000000000878fe                eAppApiDefPlmeGet
                0x0000000000087950                eAppApiDefPlmeSet
                0x00000000000879a9                vAppApiDefMcpsRequest
                0x00000000000879d4                vHnd_E_STATE_PREPARE_TX.26061
 .text          0x0000000000087ecc      0x53c C:\Users\saiju\AppData\Local\Temp\cczFAEaZ.ltrans10.ltrans.o
                0x0000000000087ecc                AppColdStart
 .text.unlikely
                0x0000000000088408      0x440 C:\Users\saiju\AppData\Local\Temp\cczFAEaZ.ltrans10.ltrans.o
                0x0000000000088408                ToCoNet_vStart
 .text          0x0000000000088848      0xa88 C:\Users\saiju\AppData\Local\Temp\cczFAEaZ.ltrans11.ltrans.o
                0x0000000000088848                vAHI_IntHandlerSpiSlave
                0x0000000000088853                vAHI_IntHandlerSi
                0x000000000008889e                vAHI_IntHandlerTimer2
                0x00000000000888be                vAHI_IntHandlerSysCtrl
                0x0000000000088918                vAHI_IntHandlerUart1
                0x0000000000088943                vAHI_IntHandlerUart0
                0x000000000008896e                vAHI_IntHandlerTimer4
                0x000000000008898f                vAHI_IntHandlerTimer3
                0x00000000000889b0                vAHI_IntHandlerTimer1
                0x00000000000889d0                vAHI_IntHandlerTimer0
                0x00000000000889f1                vTimerCallback.24610
                0x00000000000889fc                vAHI_IntHandlerSpiMaster
                0x0000000000088a22                vAHI_IntHandlerAnalogPeriph
                0x0000000000088a42                vTTIBLETimerExpired
                0x0000000000088a4d                vTTITimer2Expired
                0x0000000000088a53                vTTITimer1Expired
                0x0000000000088a59                vTTITransactionTimerExpired
                0x0000000000088a82                bUpdateTime.19603
                0x0000000000088abd                u8AHI_WakeTimerFiredStatus
                0x0000000000088ad1                vAHI_WakeTimerStop.part.3.25290
                0x0000000000088af1                mac_vLPBStopTimer
                0x0000000000088afb                vAHI_UartSetClocksPerBit.part.18.25086
                0x0000000000088b22                vAHI_UartSetRTSCTS.part.15.25071
                0x0000000000088b49                vAHI_UartReset.part.4.25044
                0x0000000000088b81                vAHI_UartSetControl.part.2.25028
                0x0000000000088bd2                vAHI_UartSetBaudDivisor.part.1.25024
                0x0000000000088c11                vAHI_WatchdogStop
                0x0000000000088c28                vAHI_CpuDoze
                0x0000000000088c3b                _ZN3mwx2L120periph_pulse_counter10_on_wakeupEv.part.18.6386
                0x0000000000088cb1                vAHI_DioSetDirection
                0x0000000000088cc5                vACI_CmdWaitBusy
                0x0000000000088d29                vACI_OptimisedCcmStar
                0x0000000000088f41                vTAIdisableInterrupt
                0x0000000000088f5a                vUpdateRegisters.23873
                0x0000000000088fa1                psRemove.part.0.23823
                0x0000000000088fd0                vMAC_MISCpollConfirm
                0x0000000000089001                MAC_u8AclFindInfo
                0x000000000008912b                vTASretrieveSecurity
                0x000000000008914d                MAC_bLookUpKeyDescriptor.21375
                0x00000000000891c7                bTSCgetOutgoingInfo
 .text.unlikely
                0x00000000000892d0       0x11 C:\Users\saiju\AppData\Local\Temp\cczFAEaZ.ltrans11.ltrans.o
                0x00000000000892d0                vStartXtal32kExternalRc.24624
 .text          0x00000000000892e1      0x71f C:\Users\saiju\AppData\Local\Temp\cczFAEaZ.ltrans12.ltrans.o
                0x00000000000892e1                bAES_CCM_EncodeKey
                0x0000000000089613                u8Write802_15_4HeaderIntoBuffer.22574
                0x0000000000089773                _ZN3mwx2L110serial_jen10_on_wakeupEv.part.27.6530
                0x00000000000897ed                _MWX_periph_init()
                0x00000000000898e7                vTimerStart
 .text          0x0000000000089a00      0x7d1 C:\Users\saiju\AppData\Local\Temp\cczFAEaZ.ltrans13.ltrans.o
                0x0000000000089a00                vHnd_E_STATE_RUNNING.26082
                0x0000000000089c4b                SERIAL_vTxReady
                0x0000000000089ce5                vAppQApiPostHwIntT.3313
                0x0000000000089db9                TWETERM_iGetC.26448
                0x0000000000089e1c                vRxChar.4654
                0x0000000000089e6d                vXCV_IntHandlerPhy
                0x0000000000089f1f                vScanHandleTimer.13876
                0x0000000000089f25                MWX_Panic
                0x0000000000089f89                _ZN3mwx2L110serial_jen13_set_baudrateEt.isra.2.6352
                0x000000000008a03a                u8TAM_AES_WriteAuxilliarySecurityHeaderIntoBuffer
                0x000000000008a0ac                phy_ePibSet.part.1.16086
                0x000000000008a0f4                u32AHI_ReadIndexSectorBits.constprop.212
                0x000000000008a155                vTAIsetCapTime
                0x000000000008a176                vDoGoActive.20567
                0x000000000008a199                vTAMRXEint2Fired
 .text.unlikely
                0x000000000008a1d1      0x10d C:\Users\saiju\AppData\Local\Temp\cczFAEaZ.ltrans13.ltrans.o
                0x000000000008a1d1                bStartXtal32k.24634
 *fill*         0x000000000008a2de        0x2 00
 .text          0x000000000008a2e0      0x95c C:\Users\saiju\AppData\Local\Temp\cczFAEaZ.ltrans14.ltrans.o
                0x000000000008a2e0                vPMICassocReqTO_1.12700
                0x000000000008a368                vTAM_MCPSdataRequest
                0x000000000008a3ab                bTACcheckPANconflict
                0x000000000008a464                vTAMDEstartSync
                0x000000000008a4e3                eTAMselect
                0x000000000008a624                MAC_pvCtor
                0x000000000008aa3f                vDeterminePowerState.17525
                0x000000000008aac3                vTAMDEint1FiredTrackingBeacon
                0x000000000008ab63                vTAMDEint2FiredTrackingDR
                0x000000000008ab88                vTAMDEframeTXtrackingDR
                0x000000000008abe1                vTAMDEint2FiredPollActive
                0x000000000008ac15                vTAMDEreqTXnullTrackingCAP
                0x000000000008ac2e                vTAM_TxRetryTimer
 .text          0x000000000008ac3c      0x975 C:\Users\saiju\AppData\Local\Temp\cczFAEaZ.ltrans15.ltrans.o
                0x000000000008ac3c                bTAM_AES_CCMstarPatch
                0x000000000008ad80                bTAM_AES_CCMstarPatch2006
                0x000000000008b05f                bTATsendFrame
                0x000000000008b0b2                vTrySendFromDirectCAP.16858
                0x000000000008b0ce                vTrySendFromDirectNoBeacon.16862
                0x000000000008b0f9                vTAMCOint1Fired
                0x000000000008b215                vTAMCOstartBeacon
                0x000000000008b250                vStartStoreValues.16926
                0x000000000008b307                vTAMCOint1FiredCAP
                0x000000000008b37b                vTAMCOreqTXnoBeacon
                0x000000000008b38d                vTAMCOreqTXinCAP
                0x000000000008b3b3                vTrySendUnslotted.17403
                0x000000000008b3ce                bSendDataRequest.17405
                0x000000000008b4e0                bProcessBeaconRX.17408
 .text          0x000000000008b5b1      0x734 C:\Users\saiju\AppData\Local\Temp\cczFAEaZ.ltrans16.ltrans.o
                0x000000000008b5b1                vExpireHead.23828
                0x000000000008b5e1                MWX_DebugMsg
                0x000000000008b622                _ZN3mwx2L112appdefs_crtpINS0_9NwkSimpleEE18_cbTweNet_vRxEventEPvRNS0_9packet_rxE.local.187
 .text.unlikely
                0x000000000008bce5       0x46 C:\Users\saiju\AppData\Local\Temp\cczFAEaZ.ltrans16.ltrans.o
                0x000000000008bce5                fctprintf.constprop.279
                0x000000000008bd0d                _ZN3mwx2L16streamINS0_10serial_jenEElsEi.local.173
 .text          0x000000000008bd2b      0x5b7 C:\Users\saiju\AppData\Local\Temp\cczFAEaZ.ltrans17.ltrans.o
                0x000000000008bd2b                u32AppApiDefInit
                0x000000000008bde0                _ToCoNet_vMacInit
                0x000000000008bf88                vProcessEvCoreMac
                0x000000000008c12e                setup()
 *fill*         0x000000000008c2e2        0x2 00
 .text          0x000000000008c2e4      0x780 C:\Users\saiju\AppData\Local\Temp\cczFAEaZ.ltrans18.ltrans.o
                0x000000000008c2e4                eGenTmrExpiry.14572
                0x000000000008c326                eWEDTEdDone.14575
                0x000000000008c34a                TSV_eStop
                0x000000000008c409                bPMICdisassocReqSent.12696
                0x000000000008c4c3                MAC_vHandleMcpsReqRsp
                0x000000000008c550                bMCPSframeTXcomplete.15307
                0x000000000008c5a5                bSendSyncLoss.19538
                0x000000000008c5bd                bPollReqSent.23134
                0x000000000008c5d5                bTASsendCommStatusInd
                0x000000000008c5ea                bAssocRespSent.12692
                0x000000000008c5fd                eTACprocessFrameTXcomplete
                0x000000000008c779                vTAMCOframeTXnobeacon
                0x000000000008c78e                vTAMCOframeStarting
                0x000000000008c7a7                vTAMDEframeTXDEnull
                0x000000000008c7ca                vTAMDEframeTXtrackingCAPgts
                0x000000000008c7f7                bPMICassocReqSent.12688
                0x000000000008c879                bPMICassocReqPollSent.12703
                0x000000000008c8cd                eWChCChanChgd.14287
 .text          0x000000000008ca64      0x400 C:\Users\saiju\AppData\Local\Temp\cczFAEaZ.ltrans19.ltrans.o
                0x000000000008caaf                vAHI_IntHandlerTickTimer
                0x000000000008caf6                SERIAL_bTxChar
                0x000000000008cba7                TWETERM_iPutS.26440
                0x000000000008cbcc                TWETERM_iPutC.26444
                0x000000000008cbdd                TWETERM_vFlush.26417
                0x000000000008cc5b                eGenRxHdrDone.14270
                0x000000000008cc6b                _ZN3mwx2L110serial_jen5writeEi.local.146
                0x000000000008cc7a                cbAppColdStart.part.32.7012
 .text          0x000000000008ce64       0x25 c:/mwstage/tools/ba-elf-ba2-r36379.w10/bin/../lib/gcc/ba-elf/4.7.4/../../../../ba-elf/lib/mcpu_jn51xx_sizeopt\libc.a(lib_a-memcmp.o)
                0x000000000008ce64                memcmp
 .text          0x000000000008ce89       0x19 c:/mwstage/tools/ba-elf-ba2-r36379.w10/bin/../lib/gcc/ba-elf/4.7.4/../../../../ba-elf/lib/mcpu_jn51xx_sizeopt\libc.a(lib_a-memcpy.o)
 *fill*         0x000000000008cea2        0x2 00
 .text          0x000000000008cea4      0x204 c:/mwstage/tools/ba-elf-ba2-r36379.w10/bin/../lib/gcc/ba-elf/4.7.4/mcpu_jn51xx_sizeopt\libgcc.a(__udivsi3.o)
                0x000000000008cea4                __udivsi3
 .text          0x000000000008d0a8       0x30 c:/mwstage/tools/ba-elf-ba2-r36379.w10/bin/../lib/gcc/ba-elf/4.7.4/mcpu_jn51xx_sizeopt\libgcc.a(__divsi3.o)
                0x000000000008d0a8                __divsi3
 .text          0x000000000008d0d8      0x1b0 c:/mwstage/tools/ba-elf-ba2-r36379.w10/bin/../lib/gcc/ba-elf/4.7.4/mcpu_jn51xx_sizeopt\libgcc.a(__umodsi3.o)
                0x000000000008d0d8                __umodsi3
 .text          0x000000000008d288       0x24 c:/mwstage/tools/ba-elf-ba2-r36379.w10/bin/../lib/gcc/ba-elf/4.7.4/mcpu_jn51xx_sizeopt\libgcc.a(__modsi3.o)
                0x000000000008d288                __modsi3
 .text          0x000000000008d2ac       0x39 c:/mwstage/tools/ba-elf-ba2-r36379.w10/bin/../lib/gcc/ba-elf/4.7.4/mcpu_jn51xx_sizeopt\libgcc.a(_fixunsdfsi.o)
                0x000000000008d2ac                __fixunsdfsi
 .text          0x000000000008d2e5      0x350 c:/mwstage/tools/ba-elf-ba2-r36379.w10/bin/../lib/gcc/ba-elf/4.7.4/mcpu_jn51xx_sizeopt\libgcc.a(_udivdi3.o)
                0x000000000008d2e5                __udivdi3
 .text          0x000000000008d635      0x312 c:/mwstage/tools/ba-elf-ba2-r36379.w10/bin/../lib/gcc/ba-elf/4.7.4/mcpu_jn51xx_sizeopt\libgcc.a(_umoddi3.o)
                0x000000000008d635                __umoddi3
 .text          0x000000000008d947      0x682 c:/mwstage/tools/ba-elf-ba2-r36379.w10/bin/../lib/gcc/ba-elf/4.7.4/mcpu_jn51xx_sizeopt\libgcc.a(adddf3.o)
                0x000000000008d947                __adddf3
 *fill*         0x000000000008dfc9        0x3 00
 .text          0x000000000008dfcc      0x5c8 c:/mwstage/tools/ba-elf-ba2-r36379.w10/bin/../lib/gcc/ba-elf/4.7.4/mcpu_jn51xx_sizeopt\libgcc.a(divdf3.o)
                0x000000000008dfcc                __divdf3
 .text          0x000000000008e594       0x7f c:/mwstage/tools/ba-elf-ba2-r36379.w10/bin/../lib/gcc/ba-elf/4.7.4/mcpu_jn51xx_sizeopt\libgcc.a(eqdf2.o)
                0x000000000008e594                __nedf2
                0x000000000008e594                __eqdf2
 .text          0x000000000008e613       0xca c:/mwstage/tools/ba-elf-ba2-r36379.w10/bin/../lib/gcc/ba-elf/4.7.4/mcpu_jn51xx_sizeopt\libgcc.a(gedf2.o)
                0x000000000008e613                __gedf2
                0x000000000008e613                __gtdf2
 .text          0x000000000008e6dd       0xcb c:/mwstage/tools/ba-elf-ba2-r36379.w10/bin/../lib/gcc/ba-elf/4.7.4/mcpu_jn51xx_sizeopt\libgcc.a(ledf2.o)
                0x000000000008e6dd                __ledf2
                0x000000000008e6dd                __ltdf2
 .text          0x000000000008e7a8      0x488 c:/mwstage/tools/ba-elf-ba2-r36379.w10/bin/../lib/gcc/ba-elf/4.7.4/mcpu_jn51xx_sizeopt\libgcc.a(muldf3.o)
                0x000000000008e7a8                __muldf3
 .text          0x000000000008ec30      0x693 c:/mwstage/tools/ba-elf-ba2-r36379.w10/bin/../lib/gcc/ba-elf/4.7.4/mcpu_jn51xx_sizeopt\libgcc.a(subdf3.o)
                0x000000000008ec30                __subdf3
 .text          0x000000000008f2c3       0x64 c:/mwstage/tools/ba-elf-ba2-r36379.w10/bin/../lib/gcc/ba-elf/4.7.4/mcpu_jn51xx_sizeopt\libgcc.a(fixdfsi.o)
                0x000000000008f2c3                __fixdfsi
 .text          0x000000000008f327       0x61 c:/mwstage/tools/ba-elf-ba2-r36379.w10/bin/../lib/gcc/ba-elf/4.7.4/mcpu_jn51xx_sizeopt\libgcc.a(floatsidf.o)
                0x000000000008f327                __floatsidf
 .text          0x000000000008f388       0x4f c:/mwstage/tools/ba-elf-ba2-r36379.w10/bin/../lib/gcc/ba-elf/4.7.4/mcpu_jn51xx_sizeopt\libgcc.a(floatunsidf.o)
                0x000000000008f388                __floatunsidf
 .text          0x000000000008f3d7       0x27 C:/MWSTAGE/MWSDK/ChipLib/SW4063V1416/Components/Library\libHardwareApi_JN516x.a(AHI_Interrupt.o)
                0x000000000008f3d7                vAHI_InterruptSetPriority
                0x000000000008f3f5                vAHI_InterruptSetActivePriorityLevel
 .text.vMicroSyscall
                0x000000000008f3fe       0x17 C:/MWSTAGE/MWSDK/ChipLib/SW4063V1416/Components/Library\libMicroSpecific_JN516x.a(MicroSyscall_ba.o)
                0x000000000008f3fe                vMicroSyscall
 .text          0x000000000008f415       0x12 c:/mwstage/tools/ba-elf-ba2-r36379.w10/bin/../lib/gcc/ba-elf/4.7.4/../../../../ba-elf/lib/mcpu_jn51xx_sizeopt\libc.a(lib_a-memset.o)
                0x000000000008f415                memset
 .text          0x000000000008f427       0x38 c:/mwstage/tools/ba-elf-ba2-r36379.w10/bin/../lib/gcc/ba-elf/4.7.4/../../../../ba-elf/lib/mcpu_jn51xx_sizeopt\libc.a(lib_a-strncmp.o)
                0x000000000008f427                strncmp
                0x000000000008f45f                _flash_end = ABSOLUTE (.)

.rela.dyn       0x000000000008f460        0x0
 .rela.text     0x0000000000000000        0x0 C:\Users\saiju\AppData\Local\Temp\cczFAEaZ.ltrans0.ltrans.o
 .rela.text.unlikely
                0x0000000000000000        0x0 C:\Users\saiju\AppData\Local\Temp\cczFAEaZ.ltrans0.ltrans.o
 .rela.rodata   0x0000000000000000        0x0 C:\Users\saiju\AppData\Local\Temp\cczFAEaZ.ltrans0.ltrans.o
 .rela.data     0x0000000000000000        0x0 C:\Users\saiju\AppData\Local\Temp\cczFAEaZ.ltrans0.ltrans.o
                0x000000000400004c                . = ORIGIN (ram)

.data           0x000000000400004c       0x14 load address 0x000000000008f460
                0x000000000400004c                _ram_data_start = ABSOLUTE (.)
 *(.data*)
 .data          0x000000000400004c        0x2 C:\Users\saiju\AppData\Local\Temp\cczFAEaZ.ltrans1.ltrans.o
 *fill*         0x000000000400004e        0x2 00
 .data          0x0000000004000050        0x4 C:\Users\saiju\AppData\Local\Temp\cczFAEaZ.ltrans8.ltrans.o
                0x0000000004000050                u32HeapStart
 .data.initinboot
                0x0000000004000054        0x8 C:\Users\saiju\AppData\Local\Temp\cczFAEaZ.ltrans8.ltrans.o
 .data          0x000000000400005c        0x1 C:\Users\saiju\AppData\Local\Temp\cczFAEaZ.ltrans9.ltrans.o
                0x000000000400005c                u8TxWkrNow.26184
 .data          0x000000000400005d        0x1 C:\Users\saiju\AppData\Local\Temp\cczFAEaZ.ltrans14.ltrans.o
 .data.initinboot
                0x000000000400005e        0x1 C:\Users\saiju\AppData\Local\Temp\cczFAEaZ.ltrans14.ltrans.o
                0x000000000400005e                gMAC_u8MaxBuffers
 .data          0x000000000400005f        0x1 C:\Users\saiju\AppData\Local\Temp\cczFAEaZ.ltrans19.ltrans.o
                0x000000000400005f                _toconet_tx_u8_init_queue_flag
 *(.data.*)
                0x0000000004000060                . = ALIGN (0x4)
                0x0000000004000060                _ram_data_end = ABSOLUTE (.)

.bss            0x0000000004000060     0x15e4 load address 0x000000000008f474
                0x0000000004000060                _bss_start = ABSOLUTE (.)
 *(.bss*)
 .bss           0x0000000004000060        0xc C:\Users\saiju\AppData\Local\Temp\cczFAEaZ.ltrans0.ltrans.o
 .bss           0x000000000400006c       0x80 C:\Users\saiju\AppData\Local\Temp\cczFAEaZ.ltrans1.ltrans.o
                0x000000000400006c                sMcpsIndQueue.3552
                0x000000000400007c                sMcpsIndBufferQueue.3550
                0x000000000400008c                sMlmeIndQueue.3553
                0x000000000400009c                sMlmeIndBufferQueue.3551
                0x00000000040000ac                sHwIndQueue.3554
                0x00000000040000bc                sHwIndBufferQueue.3555
                0x00000000040000cc                _u32_INT_adc_comp
                0x00000000040000d0                _u32_INT_ticktimer
                0x00000000040000d4                the_vsettings
                0x00000000040000d8                _periph_availmap
 .bss           0x00000000040000ec       0x40 C:\Users\saiju\AppData\Local\Temp\cczFAEaZ.ltrans2.ltrans.o
                0x00000000040000ec                g_sLP
                0x0000000004000128                g_pvMac
 .bss.initinboot
                0x000000000400012c      0x1c0 C:\Users\saiju\AppData\Local\Temp\cczFAEaZ.ltrans2.ltrans.o
                0x000000000400012c                g_sMac
 .bss           0x00000000040002ec      0x73c C:\Users\saiju\AppData\Local\Temp\cczFAEaZ.ltrans3.ltrans.o
                0x00000000040002ec                prSpiAppCallback.24598
                0x00000000040002f0                prSiAppCallback.25811
                0x00000000040002f4                prAppMcpsCallback.3556
                0x00000000040002f8                prAppMlmeCallback.3557
                0x00000000040002fc                gbTimeOutFlag.24797
                0x00000000040002fd                bTxEventQueued.20433
                0x00000000040002fe                u8TxEventStatus.20434
                0x0000000004000300                sAppHousekeeping
                0x0000000004000318                prApAppCallback.24364
                0x000000000400031c                bIntEnableFlag.24361
 .bss.initinboot
                0x0000000004000a28        0x4 C:\Users\saiju\AppData\Local\Temp\cczFAEaZ.ltrans3.ltrans.o
                0x0000000004000a28                prSysCtrlAppCallback.24801
 .bss           0x0000000004000a2c        0x1 C:\Users\saiju\AppData\Local\Temp\cczFAEaZ.ltrans4.ltrans.o
 *fill*         0x0000000004000a2d        0x3 00
 .bss           0x0000000004000a30        0x8 C:\Users\saiju\AppData\Local\Temp\cczFAEaZ.ltrans5.ltrans.o
 .bss           0x0000000004000a38      0x10c C:\Users\saiju\AppData\Local\Temp\cczFAEaZ.ltrans6.ltrans.o
                0x0000000004000a38                apfTimerAppCallback.25010
                0x0000000004000a4c                prTickTimeAppCallback
                0x0000000004000a50                au16TimerSettings.24959
                0x0000000004000a5c                the_mac
                0x0000000004000a78                Timer4
                0x0000000004000a80                Timer3
                0x0000000004000a88                Timer2
                0x0000000004000a90                Timer1
                0x0000000004000a98                Timer0
                0x0000000004000aa0                Analogue
                0x0000000004000ab8                SPI
                0x0000000004000abc                Wire
                0x0000000004000ad4                SerialParser
                0x0000000004000b10                Serial1
                0x0000000004000b30                Buttons
                0x0000000004000b38                PulseCounter1
                0x0000000004000b3c                PulseCounter0
 .bss           0x0000000004000b44       0x90 C:\Users\saiju\AppData\Local\Temp\cczFAEaZ.ltrans7.ltrans.o
                0x0000000004000b44                _ZL5_vcbs.7164
                0x0000000004000b58                sToCoNet_AppContext
                0x0000000004000b74                sToCoNet_Context
                0x0000000004000bbc                sAssocSecurity.13317
                0x0000000004000bc8                g_bJenieBackwardsCompatibilityMode
 .bss           0x0000000004000bd4        0x3 C:\Users\saiju\AppData\Local\Temp\cczFAEaZ.ltrans8.ltrans.o
 *fill*         0x0000000004000bd7        0x1 00
 .bss.dontinitinboot
                0x0000000004000bd8        0xc C:\Users\saiju\AppData\Local\Temp\cczFAEaZ.ltrans8.ltrans.o
 .bss           0x0000000004000be4       0x38 C:\Users\saiju\AppData\Local\Temp\cczFAEaZ.ltrans9.ltrans.o
                0x0000000004000be4                sCh_Context.3190
                0x0000000004000be8                the_vhw
                0x0000000004000bec                the_vnet2
                0x0000000004000bf0                the_vnet
                0x0000000004000bf4                the_vapp
                0x0000000004000bf8                asTx.26140
 .bss.initinboot
                0x0000000004000c1c        0x1 C:\Users\saiju\AppData\Local\Temp\cczFAEaZ.ltrans9.ltrans.o
 *fill*         0x0000000004000c1d        0x3 00
 .bss           0x0000000004000c20      0x28c C:\Users\saiju\AppData\Local\Temp\cczFAEaZ.ltrans10.ltrans.o
                0x0000000004000c20                u8AppId_Pkt_head.4502
                0x0000000004000c24                u32AppId.4499
                0x0000000004000c28                u32MyAddr.4501
                0x0000000004000c2c                bRxQueue_Init.4500
                0x0000000004000c30                psRxQueueList.4498
                0x0000000004000c44                asEventHandler.2271
                0x0000000004000ce4                sEvVars
                0x0000000004000d00                u32TickCount_ms
                0x0000000004000d04                au8Txdatabuff_idx_sTxQueue
                0x0000000004000d08                u8TxBuffSiz_sTxQueue
                0x0000000004000d0c                sTxdatabuff_sTxQueue
                0x0000000004000d10                sTxQueue
                0x0000000004000d2c                au8Rxdatabuff_idx_sRxQueue
                0x0000000004000d30                u8RxBuffSiz_sRxQueue
                0x0000000004000d34                sRxdatabuff_sRxQueue
                0x0000000004000d38                sRxQueue
                0x0000000004000d54                au8Rxdatabuff_idx_sRxQueueCmd
                0x0000000004000d58                u8RxBuffSiz_sRxQueueCmd
                0x0000000004000d5c                sRxdatabuff_sRxQueueCmd
                0x0000000004000d60                sRxQueueCmd.2722
                0x0000000004000d7c                sContext.4623
                0x0000000004000da8                the_twelite
                0x0000000004000e40                sToCoNet_Modules
 .bss           0x0000000004000eac        0x4 C:\Users\saiju\AppData\Local\Temp\cczFAEaZ.ltrans11.ltrans.o
 .bss           0x0000000004000eb0       0x64 C:\Users\saiju\AppData\Local\Temp\cczFAEaZ.ltrans12.ltrans.o
                0x0000000004000eb0                prUart1AppCallback.25265
                0x0000000004000eb4                prUart0AppCallback.25264
                0x0000000004000eb8                sOpt.4805
                0x0000000004000ec8                _psSerial
 .bss           0x0000000004000f14        0x8 C:\Users\saiju\AppData\Local\Temp\cczFAEaZ.ltrans13.ltrans.o
                0x0000000004000f14                prAppHwCallback.3558
                0x0000000004000f18                TxWorker_u8Num.26141
 .bss.initinboot
                0x0000000004000f1c        0x8 C:\Users\saiju\AppData\Local\Temp\cczFAEaZ.ltrans14.ltrans.o
                0x0000000004000f1c                g_u32MacAddrLocation
                0x0000000004000f20                prvUserTxStartedCallback
 .bss.dontinitinboot
                0x0000000004000f24        0x1 C:\Users\saiju\AppData\Local\Temp\cczFAEaZ.ltrans15.ltrans.o
                0x0000000004000f24                u8SecurityMode.22601
 *fill*         0x0000000004000f25        0x3 00
 .bss           0x0000000004000f28       0x10 C:\Users\saiju\AppData\Local\Temp\cczFAEaZ.ltrans16.ltrans.o
                0x0000000004000f28                pvPostFunc.2285
                0x0000000004000f2c                u32PostArg.2284
                0x0000000004000f30                evPost.2283
 .bss           0x0000000004000f38       0x40 C:\Users\saiju\AppData\Local\Temp\cczFAEaZ.ltrans17.ltrans.o
                0x0000000004000f38                g_sXcv
                0x0000000004000f3c                prMcpsRequest.9700
                0x0000000004000f40                prMlmeRequest.9699
                0x0000000004000f44                prOriginalHandler.4633
                0x0000000004000f48                Serial
 .bss           0x0000000004000f78       0x14 C:\Users\saiju\AppData\Local\Temp\cczFAEaZ.ltrans18.ltrans.o
                0x0000000004000f78                s_sTimerList
                0x0000000004000f88                u8AssocResponsesInProgress.13316
 .bss           0x0000000004000f8c      0x678 C:\Users\saiju\AppData\Local\Temp\cczFAEaZ.ltrans19.ltrans.o
                0x0000000004000f8c                asUARTS.4798
                0x0000000004000fac                _SERIAL_bmTxIntEnabled
                0x0000000004000fb0                asSerialPorts
                0x0000000004000fe8                sSerCmd_P3.5468
 .bss.dontinitinboot
                0x0000000004001604       0x40 C:/MWSTAGE/MWSDK/ChipLib/SW4063V1416/Components/Library\libBoot_JN516x.a(ExceptionHandler.o)
                0x0000000004001604                isr_handlers
 *(.bss.*)
 *(.scommon*)
 *(.scommon.*)
 *(COMMON)
                0x0000000004001644                . = ALIGN (0x4)
                0x0000000004001644                _bss_end = ABSOLUTE (.)

.heap           0x0000000004001644      0xd16 load address 0x0000000000090a58
                0x0000000004001644                _heap_start = ABSOLUTE (.)
                0x000000000400235a                . = (. + _minimum_heap_size)
 *fill*         0x0000000004001644      0xd16 00

.stack          0x0000000004007800      0x800 load address 0x0000000000096c14
                0x0000000004007800                _heap_end = ABSOLUTE (.)
                0x0000000004007800                _stack_low_water_mark = ABSOLUTE (.)
                0x0000000004008000                . = (. + _stack_size)
 *fill*         0x0000000004007800      0x800 00

.test           0x000000000008f474        0x1
                0x000000000008f474        0x1 BYTE 0xff
                0x000000000008f460                _flash_data_start = LOADADDR (.data)
                0x0000000000000014                _ram_data_len = (((_ram_data_end - _ram_data_start) + 0x3) & 0xfffffffffffffffc)
                0x00000000000015e4                _bss_len = (((_bss_end - _bss_start) + 0x3) & 0xfffffffffffffffc)
                0x000000000000f474                _image_len = ((((_flash_end - _flash_start) + _ram_data_len) + 0x3) & 0xfffffffffffffffc)
                0x0000000004008000                _ram_top = (ABSOLUTE (ORIGIN (ram)) + 0x7fb4)
                0x0000000004008000                ram_top = (ABSOLUTE (ORIGIN (ram)) + 0x7fb4)
                0x0000000001001580                _app_ram_start = 0x1001580
                0x0000000004000050                PROVIDE (_heap_location, u32HeapStart)
                0x0000000004000050                PROVIDE (heap_location, u32HeapStart)
                0x00000000000876ec                TSV_eOpenVector = TSV_eOpen
                0x000000000008726d                TSV_eStartVector = TSV_eStart
                0x000000000008c34a                TSV_eStopVector = TSV_eStop
                0x0000000000085493                pvAppApiGetMacHandle = pvAppApiDefGetMacHandle
                0x000000000008bd2b                u32AppApiInit = u32AppApiDefInit
                0x0000000000085468                vAppApiMlmeRequest = vAppApiDefMlmeRequest
                0x00000000000879a9                vAppApiMcpsRequest = vAppApiDefMcpsRequest
                0x0000000000087950                eAppApiPlmeSet = eAppApiDefPlmeSet
                0x00000000000878fe                eAppApiPlmeGet = eAppApiDefPlmeGet
                0x00000000000878f5                pvAppApiGetMacAddrLocation = pvAppApiDefGetMacAddrLocation
                0x00000000000877c5                vAppApiSaveMacSettings = vAppApiDefSaveMacSettings
                0x00000000000876f4                vAppApiRestoreMacSettings = vAppApiDefRestoreMacSettings
OUTPUT(objs_BLUE/master_BLUE_L1305_V0-1-0.elf elf32-ba)

.comment        0x0000000000000000       0x11
 .comment       0x0000000000000000       0x12 C:\Users\saiju\AppData\Local\Temp\cczFAEaZ.ltrans0.ltrans.o
 .comment       0x0000000000000000       0x12 C:\Users\saiju\AppData\Local\Temp\cczFAEaZ.ltrans1.ltrans.o
 .comment       0x0000000000000000       0x12 C:\Users\saiju\AppData\Local\Temp\cczFAEaZ.ltrans2.ltrans.o
 .comment       0x0000000000000000       0x12 C:\Users\saiju\AppData\Local\Temp\cczFAEaZ.ltrans3.ltrans.o
 .comment       0x0000000000000000       0x12 C:\Users\saiju\AppData\Local\Temp\cczFAEaZ.ltrans4.ltrans.o
 .comment       0x0000000000000000       0x12 C:\Users\saiju\AppData\Local\Temp\cczFAEaZ.ltrans5.ltrans.o
 .comment       0x0000000000000000       0x12 C:\Users\saiju\AppData\Local\Temp\cczFAEaZ.ltrans6.ltrans.o
 .comment       0x0000000000000000       0x12 C:\Users\saiju\AppData\Local\Temp\cczFAEaZ.ltrans7.ltrans.o
 .comment       0x0000000000000000       0x12 C:\Users\saiju\AppData\Local\Temp\cczFAEaZ.ltrans8.ltrans.o
 .comment       0x0000000000000000       0x12 C:\Users\saiju\AppData\Local\Temp\cczFAEaZ.ltrans9.ltrans.o
 .comment       0x0000000000000000       0x12 C:\Users\saiju\AppData\Local\Temp\cczFAEaZ.ltrans10.ltrans.o
 .comment       0x0000000000000000       0x12 C:\Users\saiju\AppData\Local\Temp\cczFAEaZ.ltrans11.ltrans.o
 .comment       0x0000000000000000       0x12 C:\Users\saiju\AppData\Local\Temp\cczFAEaZ.ltrans12.ltrans.o
 .comment       0x0000000000000000       0x12 C:\Users\saiju\AppData\Local\Temp\cczFAEaZ.ltrans13.ltrans.o
 .comment       0x0000000000000000       0x12 C:\Users\saiju\AppData\Local\Temp\cczFAEaZ.ltrans14.ltrans.o
 .comment       0x0000000000000000       0x12 C:\Users\saiju\AppData\Local\Temp\cczFAEaZ.ltrans15.ltrans.o
 .comment       0x0000000000000000       0x12 C:\Users\saiju\AppData\Local\Temp\cczFAEaZ.ltrans16.ltrans.o
 .comment       0x0000000000000000       0x12 C:\Users\saiju\AppData\Local\Temp\cczFAEaZ.ltrans17.ltrans.o
 .comment       0x0000000000000000       0x12 C:\Users\saiju\AppData\Local\Temp\cczFAEaZ.ltrans18.ltrans.o
 .comment       0x0000000000000000       0x12 C:\Users\saiju\AppData\Local\Temp\cczFAEaZ.ltrans19.ltrans.o
 .comment       0x0000000000000000       0x12 c:/mwstage/tools/ba-elf-ba2-r36379.w10/bin/../lib/gcc/ba-elf/4.7.4/../../../../ba-elf/lib/mcpu_jn51xx_sizeopt\libc.a(lib_a-memcmp.o)
 .comment       0x0000000000000000       0x12 c:/mwstage/tools/ba-elf-ba2-r36379.w10/bin/../lib/gcc/ba-elf/4.7.4/../../../../ba-elf/lib/mcpu_jn51xx_sizeopt\libc.a(lib_a-memcpy.o)
 .comment       0x0000000000000000       0x12 c:/mwstage/tools/ba-elf-ba2-r36379.w10/bin/../lib/gcc/ba-elf/4.7.4/mcpu_jn51xx_sizeopt\libgcc.a(_fixunsdfsi.o)
 .comment       0x0000000000000000       0x12 c:/mwstage/tools/ba-elf-ba2-r36379.w10/bin/../lib/gcc/ba-elf/4.7.4/mcpu_jn51xx_sizeopt\libgcc.a(_udivdi3.o)
 .comment       0x0000000000000000       0x12 c:/mwstage/tools/ba-elf-ba2-r36379.w10/bin/../lib/gcc/ba-elf/4.7.4/mcpu_jn51xx_sizeopt\libgcc.a(_umoddi3.o)
 .comment       0x0000000000000000       0x12 c:/mwstage/tools/ba-elf-ba2-r36379.w10/bin/../lib/gcc/ba-elf/4.7.4/mcpu_jn51xx_sizeopt\libgcc.a(adddf3.o)
 .comment       0x0000000000000000       0x12 c:/mwstage/tools/ba-elf-ba2-r36379.w10/bin/../lib/gcc/ba-elf/4.7.4/mcpu_jn51xx_sizeopt\libgcc.a(divdf3.o)
 .comment       0x0000000000000000       0x12 c:/mwstage/tools/ba-elf-ba2-r36379.w10/bin/../lib/gcc/ba-elf/4.7.4/mcpu_jn51xx_sizeopt\libgcc.a(eqdf2.o)
 .comment       0x0000000000000000       0x12 c:/mwstage/tools/ba-elf-ba2-r36379.w10/bin/../lib/gcc/ba-elf/4.7.4/mcpu_jn51xx_sizeopt\libgcc.a(gedf2.o)
 .comment       0x0000000000000000       0x12 c:/mwstage/tools/ba-elf-ba2-r36379.w10/bin/../lib/gcc/ba-elf/4.7.4/mcpu_jn51xx_sizeopt\libgcc.a(ledf2.o)
 .comment       0x0000000000000000       0x12 c:/mwstage/tools/ba-elf-ba2-r36379.w10/bin/../lib/gcc/ba-elf/4.7.4/mcpu_jn51xx_sizeopt\libgcc.a(muldf3.o)
 .comment       0x0000000000000000       0x12 c:/mwstage/tools/ba-elf-ba2-r36379.w10/bin/../lib/gcc/ba-elf/4.7.4/mcpu_jn51xx_sizeopt\libgcc.a(subdf3.o)
 .comment       0x0000000000000000       0x12 c:/mwstage/tools/ba-elf-ba2-r36379.w10/bin/../lib/gcc/ba-elf/4.7.4/mcpu_jn51xx_sizeopt\libgcc.a(fixdfsi.o)
 .comment       0x0000000000000000       0x12 c:/mwstage/tools/ba-elf-ba2-r36379.w10/bin/../lib/gcc/ba-elf/4.7.4/mcpu_jn51xx_sizeopt\libgcc.a(floatsidf.o)
 .comment       0x0000000000000000       0x12 c:/mwstage/tools/ba-elf-ba2-r36379.w10/bin/../lib/gcc/ba-elf/4.7.4/mcpu_jn51xx_sizeopt\libgcc.a(floatunsidf.o)
 .comment       0x0000000000000000       0x11 C:/MWSTAGE/MWSDK/ChipLib/SW4063V1416/Components/Library\libMicroSpecific_JN516x.a(MicroSyscall_ba.o)
                                         0x12 (size before relaxing)
 .comment       0x0000000000000000       0x12 c:/mwstage/tools/ba-elf-ba2-r36379.w10/bin/../lib/gcc/ba-elf/4.7.4/../../../../ba-elf/lib/mcpu_jn51xx_sizeopt\libc.a(lib_a-memset.o)
 .comment       0x0000000000000000       0x12 c:/mwstage/tools/ba-elf-ba2-r36379.w10/bin/../lib/gcc/ba-elf/4.7.4/../../../../ba-elf/lib/mcpu_jn51xx_sizeopt\libc.a(lib_a-strncmp.o)

.debug_info     0x0000000000000000     0x3526
 .debug_info    0x0000000000000000       0xf3 c:/mwstage/tools/ba-elf-ba2-r36379.w10/bin/../lib/gcc/ba-elf/4.7.4/../../../../ba-elf/lib/mcpu_jn51xx_sizeopt\libc.a(lib_a-memcmp.o)
 .debug_info    0x00000000000000f3      0x106 c:/mwstage/tools/ba-elf-ba2-r36379.w10/bin/../lib/gcc/ba-elf/4.7.4/../../../../ba-elf/lib/mcpu_jn51xx_sizeopt\libc.a(lib_a-memcpy.o)
 .debug_info    0x00000000000001f9       0xb7 c:/mwstage/tools/ba-elf-ba2-r36379.w10/bin/../lib/gcc/ba-elf/4.7.4/mcpu_jn51xx_sizeopt\libgcc.a(__udivsi3.o)
 .debug_info    0x00000000000002b0       0xb7 c:/mwstage/tools/ba-elf-ba2-r36379.w10/bin/../lib/gcc/ba-elf/4.7.4/mcpu_jn51xx_sizeopt\libgcc.a(__divsi3.o)
 .debug_info    0x0000000000000367       0xb7 c:/mwstage/tools/ba-elf-ba2-r36379.w10/bin/../lib/gcc/ba-elf/4.7.4/mcpu_jn51xx_sizeopt\libgcc.a(__umodsi3.o)
 .debug_info    0x000000000000041e       0xb7 c:/mwstage/tools/ba-elf-ba2-r36379.w10/bin/../lib/gcc/ba-elf/4.7.4/mcpu_jn51xx_sizeopt\libgcc.a(__modsi3.o)
 .debug_info    0x00000000000004d5       0xd3 c:/mwstage/tools/ba-elf-ba2-r36379.w10/bin/../lib/gcc/ba-elf/4.7.4/mcpu_jn51xx_sizeopt\libgcc.a(_fixunsdfsi.o)
 .debug_info    0x00000000000005a8      0x648 c:/mwstage/tools/ba-elf-ba2-r36379.w10/bin/../lib/gcc/ba-elf/4.7.4/mcpu_jn51xx_sizeopt\libgcc.a(_udivdi3.o)
 .debug_info    0x0000000000000bf0      0x69d c:/mwstage/tools/ba-elf-ba2-r36379.w10/bin/../lib/gcc/ba-elf/4.7.4/mcpu_jn51xx_sizeopt\libgcc.a(_umoddi3.o)
 .debug_info    0x000000000000128d      0x4b2 c:/mwstage/tools/ba-elf-ba2-r36379.w10/bin/../lib/gcc/ba-elf/4.7.4/mcpu_jn51xx_sizeopt\libgcc.a(adddf3.o)
 .debug_info    0x000000000000173f      0x5c5 c:/mwstage/tools/ba-elf-ba2-r36379.w10/bin/../lib/gcc/ba-elf/4.7.4/mcpu_jn51xx_sizeopt\libgcc.a(divdf3.o)
 .debug_info    0x0000000000001d04      0x1e7 c:/mwstage/tools/ba-elf-ba2-r36379.w10/bin/../lib/gcc/ba-elf/4.7.4/mcpu_jn51xx_sizeopt\libgcc.a(eqdf2.o)
 .debug_info    0x0000000000001eeb      0x20b c:/mwstage/tools/ba-elf-ba2-r36379.w10/bin/../lib/gcc/ba-elf/4.7.4/mcpu_jn51xx_sizeopt\libgcc.a(gedf2.o)
 .debug_info    0x00000000000020f6      0x20b c:/mwstage/tools/ba-elf-ba2-r36379.w10/bin/../lib/gcc/ba-elf/4.7.4/mcpu_jn51xx_sizeopt\libgcc.a(ledf2.o)
 .debug_info    0x0000000000002301      0x5c7 c:/mwstage/tools/ba-elf-ba2-r36379.w10/bin/../lib/gcc/ba-elf/4.7.4/mcpu_jn51xx_sizeopt\libgcc.a(muldf3.o)
 .debug_info    0x00000000000028c8      0x4b2 c:/mwstage/tools/ba-elf-ba2-r36379.w10/bin/../lib/gcc/ba-elf/4.7.4/mcpu_jn51xx_sizeopt\libgcc.a(subdf3.o)
 .debug_info    0x0000000000002d7a      0x1b7 c:/mwstage/tools/ba-elf-ba2-r36379.w10/bin/../lib/gcc/ba-elf/4.7.4/mcpu_jn51xx_sizeopt\libgcc.a(fixdfsi.o)
 .debug_info    0x0000000000002f31      0x1d6 c:/mwstage/tools/ba-elf-ba2-r36379.w10/bin/../lib/gcc/ba-elf/4.7.4/mcpu_jn51xx_sizeopt\libgcc.a(floatsidf.o)
 .debug_info    0x0000000000003107      0x1cb c:/mwstage/tools/ba-elf-ba2-r36379.w10/bin/../lib/gcc/ba-elf/4.7.4/mcpu_jn51xx_sizeopt\libgcc.a(floatunsidf.o)
 .debug_info    0x00000000000032d2       0xaa C:/MWSTAGE/MWSDK/ChipLib/SW4063V1416/Components/Library\libBoot_JN516x.a(ExceptionHandler.o)
 .debug_info    0x000000000000337c       0xd7 c:/mwstage/tools/ba-elf-ba2-r36379.w10/bin/../lib/gcc/ba-elf/4.7.4/../../../../ba-elf/lib/mcpu_jn51xx_sizeopt\libc.a(lib_a-memset.o)
 .debug_info    0x0000000000003453       0xd3 c:/mwstage/tools/ba-elf-ba2-r36379.w10/bin/../lib/gcc/ba-elf/4.7.4/../../../../ba-elf/lib/mcpu_jn51xx_sizeopt\libc.a(lib_a-strncmp.o)

.debug_abbrev   0x0000000000000000     0x11ae
 .debug_abbrev  0x0000000000000000       0x8e c:/mwstage/tools/ba-elf-ba2-r36379.w10/bin/../lib/gcc/ba-elf/4.7.4/../../../../ba-elf/lib/mcpu_jn51xx_sizeopt\libc.a(lib_a-memcmp.o)
 .debug_abbrev  0x000000000000008e       0xa4 c:/mwstage/tools/ba-elf-ba2-r36379.w10/bin/../lib/gcc/ba-elf/4.7.4/../../../../ba-elf/lib/mcpu_jn51xx_sizeopt\libc.a(lib_a-memcpy.o)
 .debug_abbrev  0x0000000000000132       0x14 c:/mwstage/tools/ba-elf-ba2-r36379.w10/bin/../lib/gcc/ba-elf/4.7.4/mcpu_jn51xx_sizeopt\libgcc.a(__udivsi3.o)
 .debug_abbrev  0x0000000000000146       0x14 c:/mwstage/tools/ba-elf-ba2-r36379.w10/bin/../lib/gcc/ba-elf/4.7.4/mcpu_jn51xx_sizeopt\libgcc.a(__divsi3.o)
 .debug_abbrev  0x000000000000015a       0x14 c:/mwstage/tools/ba-elf-ba2-r36379.w10/bin/../lib/gcc/ba-elf/4.7.4/mcpu_jn51xx_sizeopt\libgcc.a(__umodsi3.o)
 .debug_abbrev  0x000000000000016e       0x14 c:/mwstage/tools/ba-elf-ba2-r36379.w10/bin/../lib/gcc/ba-elf/4.7.4/mcpu_jn51xx_sizeopt\libgcc.a(__modsi3.o)
 .debug_abbrev  0x0000000000000182       0x60 c:/mwstage/tools/ba-elf-ba2-r36379.w10/bin/../lib/gcc/ba-elf/4.7.4/mcpu_jn51xx_sizeopt\libgcc.a(_fixunsdfsi.o)
 .debug_abbrev  0x00000000000001e2      0x15d c:/mwstage/tools/ba-elf-ba2-r36379.w10/bin/../lib/gcc/ba-elf/4.7.4/mcpu_jn51xx_sizeopt\libgcc.a(_udivdi3.o)
 .debug_abbrev  0x000000000000033f      0x175 c:/mwstage/tools/ba-elf-ba2-r36379.w10/bin/../lib/gcc/ba-elf/4.7.4/mcpu_jn51xx_sizeopt\libgcc.a(_umoddi3.o)
 .debug_abbrev  0x00000000000004b4      0x133 c:/mwstage/tools/ba-elf-ba2-r36379.w10/bin/../lib/gcc/ba-elf/4.7.4/mcpu_jn51xx_sizeopt\libgcc.a(adddf3.o)
 .debug_abbrev  0x00000000000005e7      0x12f c:/mwstage/tools/ba-elf-ba2-r36379.w10/bin/../lib/gcc/ba-elf/4.7.4/mcpu_jn51xx_sizeopt\libgcc.a(divdf3.o)
 .debug_abbrev  0x0000000000000716      0x128 c:/mwstage/tools/ba-elf-ba2-r36379.w10/bin/../lib/gcc/ba-elf/4.7.4/mcpu_jn51xx_sizeopt\libgcc.a(eqdf2.o)
 .debug_abbrev  0x000000000000083e      0x137 c:/mwstage/tools/ba-elf-ba2-r36379.w10/bin/../lib/gcc/ba-elf/4.7.4/mcpu_jn51xx_sizeopt\libgcc.a(gedf2.o)
 .debug_abbrev  0x0000000000000975      0x139 c:/mwstage/tools/ba-elf-ba2-r36379.w10/bin/../lib/gcc/ba-elf/4.7.4/mcpu_jn51xx_sizeopt\libgcc.a(ledf2.o)
 .debug_abbrev  0x0000000000000aae      0x141 c:/mwstage/tools/ba-elf-ba2-r36379.w10/bin/../lib/gcc/ba-elf/4.7.4/mcpu_jn51xx_sizeopt\libgcc.a(muldf3.o)
 .debug_abbrev  0x0000000000000bef      0x133 c:/mwstage/tools/ba-elf-ba2-r36379.w10/bin/../lib/gcc/ba-elf/4.7.4/mcpu_jn51xx_sizeopt\libgcc.a(subdf3.o)
 .debug_abbrev  0x0000000000000d22      0x12a c:/mwstage/tools/ba-elf-ba2-r36379.w10/bin/../lib/gcc/ba-elf/4.7.4/mcpu_jn51xx_sizeopt\libgcc.a(fixdfsi.o)
 .debug_abbrev  0x0000000000000e4c      0x128 c:/mwstage/tools/ba-elf-ba2-r36379.w10/bin/../lib/gcc/ba-elf/4.7.4/mcpu_jn51xx_sizeopt\libgcc.a(floatsidf.o)
 .debug_abbrev  0x0000000000000f74      0x128 c:/mwstage/tools/ba-elf-ba2-r36379.w10/bin/../lib/gcc/ba-elf/4.7.4/mcpu_jn51xx_sizeopt\libgcc.a(floatunsidf.o)
 .debug_abbrev  0x000000000000109c       0x14 C:/MWSTAGE/MWSDK/ChipLib/SW4063V1416/Components/Library\libBoot_JN516x.a(ExceptionHandler.o)
 .debug_abbrev  0x00000000000010b0       0x8e c:/mwstage/tools/ba-elf-ba2-r36379.w10/bin/../lib/gcc/ba-elf/4.7.4/../../../../ba-elf/lib/mcpu_jn51xx_sizeopt\libc.a(lib_a-memset.o)
 .debug_abbrev  0x000000000000113e       0x70 c:/mwstage/tools/ba-elf-ba2-r36379.w10/bin/../lib/gcc/ba-elf/4.7.4/../../../../ba-elf/lib/mcpu_jn51xx_sizeopt\libc.a(lib_a-strncmp.o)

.debug_loc      0x0000000000000000     0x59f6
 .debug_loc     0x0000000000000000       0x73 c:/mwstage/tools/ba-elf-ba2-r36379.w10/bin/../lib/gcc/ba-elf/4.7.4/../../../../ba-elf/lib/mcpu_jn51xx_sizeopt\libc.a(lib_a-memcmp.o)
 .debug_loc     0x0000000000000073       0x39 c:/mwstage/tools/ba-elf-ba2-r36379.w10/bin/../lib/gcc/ba-elf/4.7.4/../../../../ba-elf/lib/mcpu_jn51xx_sizeopt\libc.a(lib_a-memcpy.o)
 .debug_loc     0x00000000000000ac       0x48 c:/mwstage/tools/ba-elf-ba2-r36379.w10/bin/../lib/gcc/ba-elf/4.7.4/mcpu_jn51xx_sizeopt\libgcc.a(_fixunsdfsi.o)
 .debug_loc     0x00000000000000f4      0xa7b c:/mwstage/tools/ba-elf-ba2-r36379.w10/bin/../lib/gcc/ba-elf/4.7.4/mcpu_jn51xx_sizeopt\libgcc.a(_udivdi3.o)
 .debug_loc     0x0000000000000b6f      0x985 c:/mwstage/tools/ba-elf-ba2-r36379.w10/bin/../lib/gcc/ba-elf/4.7.4/mcpu_jn51xx_sizeopt\libgcc.a(_umoddi3.o)
 .debug_loc     0x00000000000014f4     0x10f3 c:/mwstage/tools/ba-elf-ba2-r36379.w10/bin/../lib/gcc/ba-elf/4.7.4/mcpu_jn51xx_sizeopt\libgcc.a(adddf3.o)
 .debug_loc     0x00000000000025e7     0x117e c:/mwstage/tools/ba-elf-ba2-r36379.w10/bin/../lib/gcc/ba-elf/4.7.4/mcpu_jn51xx_sizeopt\libgcc.a(divdf3.o)
 .debug_loc     0x0000000000003765       0x83 c:/mwstage/tools/ba-elf-ba2-r36379.w10/bin/../lib/gcc/ba-elf/4.7.4/mcpu_jn51xx_sizeopt\libgcc.a(eqdf2.o)
 .debug_loc     0x00000000000037e8      0x154 c:/mwstage/tools/ba-elf-ba2-r36379.w10/bin/../lib/gcc/ba-elf/4.7.4/mcpu_jn51xx_sizeopt\libgcc.a(gedf2.o)
 .debug_loc     0x000000000000393c       0xe6 c:/mwstage/tools/ba-elf-ba2-r36379.w10/bin/../lib/gcc/ba-elf/4.7.4/mcpu_jn51xx_sizeopt\libgcc.a(ledf2.o)
 .debug_loc     0x0000000000003a22      0xa0e c:/mwstage/tools/ba-elf-ba2-r36379.w10/bin/../lib/gcc/ba-elf/4.7.4/mcpu_jn51xx_sizeopt\libgcc.a(muldf3.o)
 .debug_loc     0x0000000000004430     0x114e c:/mwstage/tools/ba-elf-ba2-r36379.w10/bin/../lib/gcc/ba-elf/4.7.4/mcpu_jn51xx_sizeopt\libgcc.a(subdf3.o)
 .debug_loc     0x000000000000557e       0xa8 c:/mwstage/tools/ba-elf-ba2-r36379.w10/bin/../lib/gcc/ba-elf/4.7.4/mcpu_jn51xx_sizeopt\libgcc.a(fixdfsi.o)
 .debug_loc     0x0000000000005626      0x1be c:/mwstage/tools/ba-elf-ba2-r36379.w10/bin/../lib/gcc/ba-elf/4.7.4/mcpu_jn51xx_sizeopt\libgcc.a(floatsidf.o)
 .debug_loc     0x00000000000057e4      0x179 c:/mwstage/tools/ba-elf-ba2-r36379.w10/bin/../lib/gcc/ba-elf/4.7.4/mcpu_jn51xx_sizeopt\libgcc.a(floatunsidf.o)
 .debug_loc     0x000000000000595d       0x3f c:/mwstage/tools/ba-elf-ba2-r36379.w10/bin/../lib/gcc/ba-elf/4.7.4/../../../../ba-elf/lib/mcpu_jn51xx_sizeopt\libc.a(lib_a-memset.o)
 .debug_loc     0x000000000000599c       0x5a c:/mwstage/tools/ba-elf-ba2-r36379.w10/bin/../lib/gcc/ba-elf/4.7.4/../../../../ba-elf/lib/mcpu_jn51xx_sizeopt\libc.a(lib_a-strncmp.o)

.debug_aranges  0x0000000000000000      0x2c0
 .debug_aranges
                0x0000000000000000       0x20 c:/mwstage/tools/ba-elf-ba2-r36379.w10/bin/../lib/gcc/ba-elf/4.7.4/../../../../ba-elf/lib/mcpu_jn51xx_sizeopt\libc.a(lib_a-memcmp.o)
 .debug_aranges
                0x0000000000000020       0x20 c:/mwstage/tools/ba-elf-ba2-r36379.w10/bin/../lib/gcc/ba-elf/4.7.4/../../../../ba-elf/lib/mcpu_jn51xx_sizeopt\libc.a(lib_a-memcpy.o)
 .debug_aranges
                0x0000000000000040       0x20 c:/mwstage/tools/ba-elf-ba2-r36379.w10/bin/../lib/gcc/ba-elf/4.7.4/mcpu_jn51xx_sizeopt\libgcc.a(__udivsi3.o)
 .debug_aranges
                0x0000000000000060       0x20 c:/mwstage/tools/ba-elf-ba2-r36379.w10/bin/../lib/gcc/ba-elf/4.7.4/mcpu_jn51xx_sizeopt\libgcc.a(__divsi3.o)
 .debug_aranges
                0x0000000000000080       0x20 c:/mwstage/tools/ba-elf-ba2-r36379.w10/bin/../lib/gcc/ba-elf/4.7.4/mcpu_jn51xx_sizeopt\libgcc.a(__umodsi3.o)
 .debug_aranges
                0x00000000000000a0       0x20 c:/mwstage/tools/ba-elf-ba2-r36379.w10/bin/../lib/gcc/ba-elf/4.7.4/mcpu_jn51xx_sizeopt\libgcc.a(__modsi3.o)
 .debug_aranges
                0x00000000000000c0       0x20 c:/mwstage/tools/ba-elf-ba2-r36379.w10/bin/../lib/gcc/ba-elf/4.7.4/mcpu_jn51xx_sizeopt\libgcc.a(_fixunsdfsi.o)
 .debug_aranges
                0x00000000000000e0       0x20 c:/mwstage/tools/ba-elf-ba2-r36379.w10/bin/../lib/gcc/ba-elf/4.7.4/mcpu_jn51xx_sizeopt\libgcc.a(_udivdi3.o)
 .debug_aranges
                0x0000000000000100       0x20 c:/mwstage/tools/ba-elf-ba2-r36379.w10/bin/../lib/gcc/ba-elf/4.7.4/mcpu_jn51xx_sizeopt\libgcc.a(_umoddi3.o)
 .debug_aranges
                0x0000000000000120       0x20 c:/mwstage/tools/ba-elf-ba2-r36379.w10/bin/../lib/gcc/ba-elf/4.7.4/mcpu_jn51xx_sizeopt\libgcc.a(adddf3.o)
 .debug_aranges
                0x0000000000000140       0x20 c:/mwstage/tools/ba-elf-ba2-r36379.w10/bin/../lib/gcc/ba-elf/4.7.4/mcpu_jn51xx_sizeopt\libgcc.a(divdf3.o)
 .debug_aranges
                0x0000000000000160       0x20 c:/mwstage/tools/ba-elf-ba2-r36379.w10/bin/../lib/gcc/ba-elf/4.7.4/mcpu_jn51xx_sizeopt\libgcc.a(eqdf2.o)
 .debug_aranges
                0x0000000000000180       0x20 c:/mwstage/tools/ba-elf-ba2-r36379.w10/bin/../lib/gcc/ba-elf/4.7.4/mcpu_jn51xx_sizeopt\libgcc.a(gedf2.o)
 .debug_aranges
                0x00000000000001a0       0x20 c:/mwstage/tools/ba-elf-ba2-r36379.w10/bin/../lib/gcc/ba-elf/4.7.4/mcpu_jn51xx_sizeopt\libgcc.a(ledf2.o)
 .debug_aranges
                0x00000000000001c0       0x20 c:/mwstage/tools/ba-elf-ba2-r36379.w10/bin/../lib/gcc/ba-elf/4.7.4/mcpu_jn51xx_sizeopt\libgcc.a(muldf3.o)
 .debug_aranges
                0x00000000000001e0       0x20 c:/mwstage/tools/ba-elf-ba2-r36379.w10/bin/../lib/gcc/ba-elf/4.7.4/mcpu_jn51xx_sizeopt\libgcc.a(subdf3.o)
 .debug_aranges
                0x0000000000000200       0x20 c:/mwstage/tools/ba-elf-ba2-r36379.w10/bin/../lib/gcc/ba-elf/4.7.4/mcpu_jn51xx_sizeopt\libgcc.a(fixdfsi.o)
 .debug_aranges
                0x0000000000000220       0x20 c:/mwstage/tools/ba-elf-ba2-r36379.w10/bin/../lib/gcc/ba-elf/4.7.4/mcpu_jn51xx_sizeopt\libgcc.a(floatsidf.o)
 .debug_aranges
                0x0000000000000240       0x20 c:/mwstage/tools/ba-elf-ba2-r36379.w10/bin/../lib/gcc/ba-elf/4.7.4/mcpu_jn51xx_sizeopt\libgcc.a(floatunsidf.o)
 .debug_aranges
                0x0000000000000260       0x20 C:/MWSTAGE/MWSDK/ChipLib/SW4063V1416/Components/Library\libBoot_JN516x.a(ExceptionHandler.o)
 .debug_aranges
                0x0000000000000280       0x20 c:/mwstage/tools/ba-elf-ba2-r36379.w10/bin/../lib/gcc/ba-elf/4.7.4/../../../../ba-elf/lib/mcpu_jn51xx_sizeopt\libc.a(lib_a-memset.o)
 .debug_aranges
                0x00000000000002a0       0x20 c:/mwstage/tools/ba-elf-ba2-r36379.w10/bin/../lib/gcc/ba-elf/4.7.4/../../../../ba-elf/lib/mcpu_jn51xx_sizeopt\libc.a(lib_a-strncmp.o)

.debug_line     0x0000000000000000     0x2d38
 .debug_line    0x0000000000000000      0x15a c:/mwstage/tools/ba-elf-ba2-r36379.w10/bin/../lib/gcc/ba-elf/4.7.4/../../../../ba-elf/lib/mcpu_jn51xx_sizeopt\libc.a(lib_a-memcmp.o)
 .debug_line    0x000000000000015a      0x14e c:/mwstage/tools/ba-elf-ba2-r36379.w10/bin/../lib/gcc/ba-elf/4.7.4/../../../../ba-elf/lib/mcpu_jn51xx_sizeopt\libc.a(lib_a-memcpy.o)
 .debug_line    0x00000000000002a8      0x47b c:/mwstage/tools/ba-elf-ba2-r36379.w10/bin/../lib/gcc/ba-elf/4.7.4/mcpu_jn51xx_sizeopt\libgcc.a(__udivsi3.o)
 .debug_line    0x0000000000000723       0xbb c:/mwstage/tools/ba-elf-ba2-r36379.w10/bin/../lib/gcc/ba-elf/4.7.4/mcpu_jn51xx_sizeopt\libgcc.a(__divsi3.o)
 .debug_line    0x00000000000007de      0x3c7 c:/mwstage/tools/ba-elf-ba2-r36379.w10/bin/../lib/gcc/ba-elf/4.7.4/mcpu_jn51xx_sizeopt\libgcc.a(__umodsi3.o)
 .debug_line    0x0000000000000ba5       0xa3 c:/mwstage/tools/ba-elf-ba2-r36379.w10/bin/../lib/gcc/ba-elf/4.7.4/mcpu_jn51xx_sizeopt\libgcc.a(__modsi3.o)
 .debug_line    0x0000000000000c48       0x9f c:/mwstage/tools/ba-elf-ba2-r36379.w10/bin/../lib/gcc/ba-elf/4.7.4/mcpu_jn51xx_sizeopt\libgcc.a(_fixunsdfsi.o)
 .debug_line    0x0000000000000ce7      0x1b7 c:/mwstage/tools/ba-elf-ba2-r36379.w10/bin/../lib/gcc/ba-elf/4.7.4/mcpu_jn51xx_sizeopt\libgcc.a(_udivdi3.o)
 .debug_line    0x0000000000000e9e      0x1b7 c:/mwstage/tools/ba-elf-ba2-r36379.w10/bin/../lib/gcc/ba-elf/4.7.4/mcpu_jn51xx_sizeopt\libgcc.a(_umoddi3.o)
 .debug_line    0x0000000000001055      0x63d c:/mwstage/tools/ba-elf-ba2-r36379.w10/bin/../lib/gcc/ba-elf/4.7.4/mcpu_jn51xx_sizeopt\libgcc.a(adddf3.o)
 .debug_line    0x0000000000001692      0x3b5 c:/mwstage/tools/ba-elf-ba2-r36379.w10/bin/../lib/gcc/ba-elf/4.7.4/mcpu_jn51xx_sizeopt\libgcc.a(divdf3.o)
 .debug_line    0x0000000000001a47       0xf1 c:/mwstage/tools/ba-elf-ba2-r36379.w10/bin/../lib/gcc/ba-elf/4.7.4/mcpu_jn51xx_sizeopt\libgcc.a(eqdf2.o)
 .debug_line    0x0000000000001b38      0x15f c:/mwstage/tools/ba-elf-ba2-r36379.w10/bin/../lib/gcc/ba-elf/4.7.4/mcpu_jn51xx_sizeopt\libgcc.a(gedf2.o)
 .debug_line    0x0000000000001c97      0x15f c:/mwstage/tools/ba-elf-ba2-r36379.w10/bin/../lib/gcc/ba-elf/4.7.4/mcpu_jn51xx_sizeopt\libgcc.a(ledf2.o)
 .debug_line    0x0000000000001df6      0x269 c:/mwstage/tools/ba-elf-ba2-r36379.w10/bin/../lib/gcc/ba-elf/4.7.4/mcpu_jn51xx_sizeopt\libgcc.a(muldf3.o)
 .debug_line    0x000000000000205f      0x656 c:/mwstage/tools/ba-elf-ba2-r36379.w10/bin/../lib/gcc/ba-elf/4.7.4/mcpu_jn51xx_sizeopt\libgcc.a(subdf3.o)
 .debug_line    0x00000000000026b5       0xc8 c:/mwstage/tools/ba-elf-ba2-r36379.w10/bin/../lib/gcc/ba-elf/4.7.4/mcpu_jn51xx_sizeopt\libgcc.a(fixdfsi.o)
 .debug_line    0x000000000000277d       0xbc c:/mwstage/tools/ba-elf-ba2-r36379.w10/bin/../lib/gcc/ba-elf/4.7.4/mcpu_jn51xx_sizeopt\libgcc.a(floatsidf.o)
 .debug_line    0x0000000000002839       0xbe c:/mwstage/tools/ba-elf-ba2-r36379.w10/bin/../lib/gcc/ba-elf/4.7.4/mcpu_jn51xx_sizeopt\libgcc.a(floatunsidf.o)
 .debug_line    0x00000000000028f7      0x197 C:/MWSTAGE/MWSDK/ChipLib/SW4063V1416/Components/Library\libBoot_JN516x.a(ExceptionHandler.o)
 .debug_line    0x0000000000002a8e      0x144 c:/mwstage/tools/ba-elf-ba2-r36379.w10/bin/../lib/gcc/ba-elf/4.7.4/../../../../ba-elf/lib/mcpu_jn51xx_sizeopt\libc.a(lib_a-memset.o)
 .debug_line    0x0000000000002bd2      0x166 c:/mwstage/tools/ba-elf-ba2-r36379.w10/bin/../lib/gcc/ba-elf/4.7.4/../../../../ba-elf/lib/mcpu_jn51xx_sizeopt\libc.a(lib_a-strncmp.o)

.debug_str      0x0000000000000000      0x709
 .debug_str     0x0000000000000000       0x49 c:/mwstage/tools/ba-elf-ba2-r36379.w10/bin/../lib/gcc/ba-elf/4.7.4/../../../../ba-elf/lib/mcpu_jn51xx_sizeopt\libc.a(lib_a-memcmp.o)
                                        0x155 (size before relaxing)
 .debug_str     0x0000000000000049       0x5d c:/mwstage/tools/ba-elf-ba2-r36379.w10/bin/../lib/gcc/ba-elf/4.7.4/../../../../ba-elf/lib/mcpu_jn51xx_sizeopt\libc.a(lib_a-memcpy.o)
                                        0x169 (size before relaxing)
 .debug_str     0x00000000000000a6       0xc5 c:/mwstage/tools/ba-elf-ba2-r36379.w10/bin/../lib/gcc/ba-elf/4.7.4/mcpu_jn51xx_sizeopt\libgcc.a(_fixunsdfsi.o)
                                        0x169 (size before relaxing)
 .debug_str     0x000000000000016b       0x7b c:/mwstage/tools/ba-elf-ba2-r36379.w10/bin/../lib/gcc/ba-elf/4.7.4/mcpu_jn51xx_sizeopt\libgcc.a(_udivdi3.o)
                                        0x1d7 (size before relaxing)
 .debug_str     0x00000000000001e6        0xa c:/mwstage/tools/ba-elf-ba2-r36379.w10/bin/../lib/gcc/ba-elf/4.7.4/mcpu_jn51xx_sizeopt\libgcc.a(_umoddi3.o)
                                        0x1d7 (size before relaxing)
 .debug_str     0x00000000000001f0       0xc6 c:/mwstage/tools/ba-elf-ba2-r36379.w10/bin/../lib/gcc/ba-elf/4.7.4/mcpu_jn51xx_sizeopt\libgcc.a(adddf3.o)
                                        0x1ba (size before relaxing)
 .debug_str     0x00000000000002b6       0x7a c:/mwstage/tools/ba-elf-ba2-r36379.w10/bin/../lib/gcc/ba-elf/4.7.4/mcpu_jn51xx_sizeopt\libgcc.a(divdf3.o)
                                        0x1f9 (size before relaxing)
 .debug_str     0x0000000000000330       0x3f c:/mwstage/tools/ba-elf-ba2-r36379.w10/bin/../lib/gcc/ba-elf/4.7.4/mcpu_jn51xx_sizeopt\libgcc.a(eqdf2.o)
                                        0x16e (size before relaxing)
 .debug_str     0x000000000000036f       0x57 c:/mwstage/tools/ba-elf-ba2-r36379.w10/bin/../lib/gcc/ba-elf/4.7.4/mcpu_jn51xx_sizeopt\libgcc.a(gedf2.o)
                                        0x186 (size before relaxing)
 .debug_str     0x00000000000003c6       0x3f c:/mwstage/tools/ba-elf-ba2-r36379.w10/bin/../lib/gcc/ba-elf/4.7.4/mcpu_jn51xx_sizeopt\libgcc.a(ledf2.o)
                                        0x186 (size before relaxing)
 .debug_str     0x0000000000000405       0x72 c:/mwstage/tools/ba-elf-ba2-r36379.w10/bin/../lib/gcc/ba-elf/4.7.4/mcpu_jn51xx_sizeopt\libgcc.a(muldf3.o)
                                        0x1eb (size before relaxing)
 .debug_str     0x0000000000000477       0x41 c:/mwstage/tools/ba-elf-ba2-r36379.w10/bin/../lib/gcc/ba-elf/4.7.4/mcpu_jn51xx_sizeopt\libgcc.a(subdf3.o)
                                        0x1ba (size before relaxing)
 .debug_str     0x00000000000004b8       0x4b c:/mwstage/tools/ba-elf-ba2-r36379.w10/bin/../lib/gcc/ba-elf/4.7.4/mcpu_jn51xx_sizeopt\libgcc.a(fixdfsi.o)
                                        0x17f (size before relaxing)
 .debug_str     0x0000000000000503       0x54 c:/mwstage/tools/ba-elf-ba2-r36379.w10/bin/../lib/gcc/ba-elf/4.7.4/mcpu_jn51xx_sizeopt\libgcc.a(floatsidf.o)
                                        0x188 (size before relaxing)
 .debug_str     0x0000000000000557       0x4b c:/mwstage/tools/ba-elf-ba2-r36379.w10/bin/../lib/gcc/ba-elf/4.7.4/mcpu_jn51xx_sizeopt\libgcc.a(floatunsidf.o)
                                        0x185 (size before relaxing)
 .debug_str     0x00000000000005a2      0x11c c:/mwstage/tools/ba-elf-ba2-r36379.w10/bin/../lib/gcc/ba-elf/4.7.4/../../../../ba-elf/lib/mcpu_jn51xx_sizeopt\libc.a(lib_a-memset.o)
                                        0x155 (size before relaxing)
 .debug_str     0x00000000000006be       0x4b c:/mwstage/tools/ba-elf-ba2-r36379.w10/bin/../lib/gcc/ba-elf/4.7.4/../../../../ba-elf/lib/mcpu_jn51xx_sizeopt\libc.a(lib_a-strncmp.o)
                                        0x157 (size before relaxing)

.debug_frame    0x0000000000000000      0x26c
 .debug_frame   0x0000000000000000       0x20 c:/mwstage/tools/ba-elf-ba2-r36379.w10/bin/../lib/gcc/ba-elf/4.7.4/../../../../ba-elf/lib/mcpu_jn51xx_sizeopt\libc.a(lib_a-memcmp.o)
 .debug_frame   0x0000000000000020       0x20 c:/mwstage/tools/ba-elf-ba2-r36379.w10/bin/../lib/gcc/ba-elf/4.7.4/../../../../ba-elf/lib/mcpu_jn51xx_sizeopt\libc.a(lib_a-memcpy.o)
 .debug_frame   0x0000000000000040       0x2c c:/mwstage/tools/ba-elf-ba2-r36379.w10/bin/../lib/gcc/ba-elf/4.7.4/mcpu_jn51xx_sizeopt\libgcc.a(_fixunsdfsi.o)
 .debug_frame   0x000000000000006c       0x30 c:/mwstage/tools/ba-elf-ba2-r36379.w10/bin/../lib/gcc/ba-elf/4.7.4/mcpu_jn51xx_sizeopt\libgcc.a(adddf3.o)
 .debug_frame   0x000000000000009c       0x34 c:/mwstage/tools/ba-elf-ba2-r36379.w10/bin/../lib/gcc/ba-elf/4.7.4/mcpu_jn51xx_sizeopt\libgcc.a(divdf3.o)
 .debug_frame   0x00000000000000d0       0x30 c:/mwstage/tools/ba-elf-ba2-r36379.w10/bin/../lib/gcc/ba-elf/4.7.4/mcpu_jn51xx_sizeopt\libgcc.a(eqdf2.o)
 .debug_frame   0x0000000000000100       0x34 c:/mwstage/tools/ba-elf-ba2-r36379.w10/bin/../lib/gcc/ba-elf/4.7.4/mcpu_jn51xx_sizeopt\libgcc.a(gedf2.o)
 .debug_frame   0x0000000000000134       0x34 c:/mwstage/tools/ba-elf-ba2-r36379.w10/bin/../lib/gcc/ba-elf/4.7.4/mcpu_jn51xx_sizeopt\libgcc.a(ledf2.o)
 .debug_frame   0x0000000000000168       0x34 c:/mwstage/tools/ba-elf-ba2-r36379.w10/bin/../lib/gcc/ba-elf/4.7.4/mcpu_jn51xx_sizeopt\libgcc.a(muldf3.o)
 .debug_frame   0x000000000000019c       0x30 c:/mwstage/tools/ba-elf-ba2-r36379.w10/bin/../lib/gcc/ba-elf/4.7.4/mcpu_jn51xx_sizeopt\libgcc.a(subdf3.o)
 .debug_frame   0x00000000000001cc       0x20 c:/mwstage/tools/ba-elf-ba2-r36379.w10/bin/../lib/gcc/ba-elf/4.7.4/mcpu_jn51xx_sizeopt\libgcc.a(fixdfsi.o)
 .debug_frame   0x00000000000001ec       0x20 c:/mwstage/tools/ba-elf-ba2-r36379.w10/bin/../lib/gcc/ba-elf/4.7.4/mcpu_jn51xx_sizeopt\libgcc.a(floatsidf.o)
 .debug_frame   0x000000000000020c       0x20 c:/mwstage/tools/ba-elf-ba2-r36379.w10/bin/../lib/gcc/ba-elf/4.7.4/mcpu_jn51xx_sizeopt\libgcc.a(floatunsidf.o)
 .debug_frame   0x000000000000022c       0x20 c:/mwstage/tools/ba-elf-ba2-r36379.w10/bin/../lib/gcc/ba-elf/4.7.4/../../../../ba-elf/lib/mcpu_jn51xx_sizeopt\libc.a(lib_a-memset.o)
 .debug_frame   0x000000000000024c       0x20 c:/mwstage/tools/ba-elf-ba2-r36379.w10/bin/../lib/gcc/ba-elf/4.7.4/../../../../ba-elf/lib/mcpu_jn51xx_sizeopt\libc.a(lib_a-strncmp.o)

.debug_ranges   0x0000000000000000      0x558
 .debug_ranges  0x0000000000000000       0xa0 c:/mwstage/tools/ba-elf-ba2-r36379.w10/bin/../lib/gcc/ba-elf/4.7.4/mcpu_jn51xx_sizeopt\libgcc.a(_udivdi3.o)
 .debug_ranges  0x00000000000000a0       0x80 c:/mwstage/tools/ba-elf-ba2-r36379.w10/bin/../lib/gcc/ba-elf/4.7.4/mcpu_jn51xx_sizeopt\libgcc.a(_umoddi3.o)
 .debug_ranges  0x0000000000000120       0x80 c:/mwstage/tools/ba-elf-ba2-r36379.w10/bin/../lib/gcc/ba-elf/4.7.4/mcpu_jn51xx_sizeopt\libgcc.a(adddf3.o)
 .debug_ranges  0x00000000000001a0       0xb0 c:/mwstage/tools/ba-elf-ba2-r36379.w10/bin/../lib/gcc/ba-elf/4.7.4/mcpu_jn51xx_sizeopt\libgcc.a(divdf3.o)
 .debug_ranges  0x0000000000000250       0x38 c:/mwstage/tools/ba-elf-ba2-r36379.w10/bin/../lib/gcc/ba-elf/4.7.4/mcpu_jn51xx_sizeopt\libgcc.a(eqdf2.o)
 .debug_ranges  0x0000000000000288       0x58 c:/mwstage/tools/ba-elf-ba2-r36379.w10/bin/../lib/gcc/ba-elf/4.7.4/mcpu_jn51xx_sizeopt\libgcc.a(gedf2.o)
 .debug_ranges  0x00000000000002e0       0x40 c:/mwstage/tools/ba-elf-ba2-r36379.w10/bin/../lib/gcc/ba-elf/4.7.4/mcpu_jn51xx_sizeopt\libgcc.a(ledf2.o)
 .debug_ranges  0x0000000000000320      0x1a8 c:/mwstage/tools/ba-elf-ba2-r36379.w10/bin/../lib/gcc/ba-elf/4.7.4/mcpu_jn51xx_sizeopt\libgcc.a(muldf3.o)
 .debug_ranges  0x00000000000004c8       0x78 c:/mwstage/tools/ba-elf-ba2-r36379.w10/bin/../lib/gcc/ba-elf/4.7.4/mcpu_jn51xx_sizeopt\libgcc.a(subdf3.o)
 .debug_ranges  0x0000000000000540       0x18 c:/mwstage/tools/ba-elf-ba2-r36379.w10/bin/../lib/gcc/ba-elf/4.7.4/mcpu_jn51xx_sizeopt\libgcc.a(fixdfsi.o)
