Archive member included because of file (symbol)

C:/MWSTAGE/MWSDK/TWENET/current/lib/libTWENET_BLUE.a(ToCoNet_event.o)
                              objs_BLUE/master.o (symbol from plugin) (PRSEV_u8RegisterEx)
C:/MWSTAGE/MWSDK/TWENET/current/lib/libTWENET_BLUE.a(ToCoNet_main.o)
                              ToCoNet_event.o (symbol from plugin) (u32TickCount_ms)
C:/MWSTAGE/MWSDK/TWENET/current/lib/libTWENET_BLUE.a(ToCoNet_utils.o)
                              ToCoNet_main.o (symbol from plugin) (ToCoNet_u32GetVersion)
C:/MWSTAGE/MWSDK/TWENET/current/lib/libTWENET_BLUE.a(ToCoNet_mod_Nwk_Common.o)
                              ToCoNet_main.o (symbol from plugin) (ToCoNet_vRxProc_Mod)
C:/MWSTAGE/MWSDK/TWENET/current/lib/libTWENET_BLUE.a(ToCoNet_mod_Channel_Mgr.o)
                              ToCoNet_main.o (symbol from plugin) (ToCoNet_ChMgr_bCh_Reconfig)
C:/MWSTAGE/MWSDK/TWENET/current/lib/libTWENET_BLUE.a(Version.o)
                              ToCoNet_utils.o (symbol from plugin) (au8ToCoNetVersionInfo)
C:/MWSTAGE/MWSDK/TWENET/current/lib/libTWENET_BLUE.a(AppQueueApi_ToCoNet.o)
                              ToCoNet_main.o (symbol from plugin) (_u32_INT_ticktimer)
C:/MWSTAGE/MWSDK/TWENET/current/lib/libTWENEText_BLUE.a(AppStart.o)
                              (AppColdStart)
C:/MWSTAGE/MWSDK/TWENET/current/lib/libTWENEText_BLUE.a(getMacAddr.o)
                              ToCoNet_main.o (symbol from plugin) (ToCoNet_u32GetSerialOnBoot)
C:/MWSTAGE/MWSDK/TWENET/current/lib/libTWENEText_BLUE.a(mac.o)
                              ToCoNet_main.o (symbol from plugin) (Mac_vInit)
C:/MWSTAGE/MWSDK/TWENET/current/lib/libTWENEText_BLUE.a(AES_CCM.o)
                              AppStart.o (symbol from plugin) (bAES_CCM_KeyReg)
C:/MWSTAGE/MWSDK/TWENET/current/lib/libTWENEText_BLUE.a(no_ack_handler.o)
                              AppStart.o (symbol from plugin) (vInstallNoAckHandler)
C:/MWSTAGE/MWSDK/TWENET/current/lib/libTWENEText_BLUE.a(Version.o)
                              ToCoNet_utils.o (symbol from plugin) (au8ToCoNetExtVersionInfo)
C:/MWSTAGE/MWSDK/TWENET/current/lib/libTWENETutils_BLUE.a(serial.o)
                              objs_BLUE/master.o (symbol from plugin) (SERIAL_bTxChar)
C:/MWSTAGE/MWSDK/TWENET/current/lib/libTWENETutils_BLUE.a(uart.o)
                              serial.o (symbol from plugin) (UART_vInit)
C:/MWSTAGE/MWSDK/TWENET/current/lib/libTWENETutils_BLUE.a(ByteQueue.o)
                              ToCoNet_main.o (symbol from plugin) (QUEUE__vInit)
C:/MWSTAGE/MWSDK/TWENET/current/lib/libTWENETutils_BLUE.a(ccitt8.o)
                              AppStart.o (symbol from plugin) (u8CCITT8)
C:/MWSTAGE/MWSDK/TWENET/current/lib/libTWENETutils_BLUE.a(utils.o)
                              ToCoNet_main.o (symbol from plugin) (vTimerConfig)
C:/MWSTAGE/MWSDK/TWENET/current/lib/libTWENETutils_BLUE.a(ccm.o)
                              AES_CCM.o (symbol from plugin) (ccm_init_and_key)
C:/MWSTAGE/MWSDK/TWENET/current/lib/libTWENETutils_BLUE.a(Version.o)
                              ToCoNet_utils.o (symbol from plugin) (au8ToCoNetUtilsVersionInfo)
C:/MWSTAGE/MWSDK/TWENET/current/lib/libTWENETutils_BLUE.a(aescrypt.o)
                              ccm.o (symbol from plugin) (aes_encrypt)
C:/MWSTAGE/MWSDK/TWENET/current/lib/libTWENETutils_BLUE.a(aeskey.o)
                              ccm.o (symbol from plugin) (aes_encrypt_key)
C:/MWSTAGE/MWSDK/TWENET/current/lib/libTWENETutils_BLUE.a(aestab.o)
                              aeskey.o (symbol from plugin) (t_im)
C:/MWSTAGE/MWSDK/TWENET/current/lib/libTWENETstgs_BLUE.a(tweinteractive.o)
                              objs_BLUE/master.o (symbol from plugin) (TWEINTRCT_bIsVerbose)
C:/MWSTAGE/MWSDK/TWENET/current/lib/libTWENETstgs_BLUE.a(tweprintf.o)
                              tweinteractive.o (symbol from plugin) (TWE_fprintf)
C:/MWSTAGE/MWSDK/TWENET/current/lib/libTWENETstgs_BLUE.a(twesercmd_plus3.o)
                              tweinteractive.o (symbol from plugin) (TWESERCMD_Plus3_u8Parse)
C:/MWSTAGE/MWSDK/TWENET/current/lib/libTWENETstgs_BLUE.a(tweserial.o)
                              tweinteractive.o (symbol from plugin) (_TWE_fputs)
C:/MWSTAGE/MWSDK/TWENET/current/lib/libTWENETstgs_BLUE.a(printf.o)
                              objs_BLUE/master.o (symbol from plugin) (fctprintf)
C:/MWSTAGE/MWSDK/TWENET/current/lib/libTWENETstgs_BLUE.a(tweinputstring.o)
                              tweinteractive.o (symbol from plugin) (TWEINPSTR_vInit)
C:/MWSTAGE/MWSDK/TWENET/current/lib/libmwx_BLUE.a(mwx_debug.o)
                              objs_BLUE/master.o (symbol from plugin) (MWX_Panic)
C:/MWSTAGE/MWSDK/TWENET/current/lib/libmwx_BLUE.a(mwx_appcore.o)
                              ToCoNet_main.o (symbol from plugin) (cbToCoNet_vMain)
C:/MWSTAGE/MWSDK/TWENET/current/lib/libmwx_BLUE.a(mwx_memory.o)
                              objs_BLUE/master.o (symbol from plugin) (operator new(unsigned long))
[...]
Memory Configuration

Name             Origin             Length             Attributes
flash            0x0000000000080000 0x0000000000028000
ram              0x000000000400004c 0x0000000000007fb4
*default*        0x0000000000000000 0xffffffffffffffff

Linker script and memory map

LOAD objs_BLUE/_mwx_version.o
LOAD C:\Users\saiju\AppData\Local\Temp\ccgGid5s.ltrans0.ltrans.o
LOAD C:\Users\saiju\AppData\Local\Temp\ccgGid5s.ltrans1.ltrans.o
LOAD C:\Users\saiju\AppData\Local\Temp\ccgGid5s.ltrans2.ltrans.o
LOAD C:\Users\saiju\AppData\Local\Temp\ccgGid5s.ltrans3.ltrans.o
LOAD C:\Users\saiju\AppData\Local\Temp\ccgGid5s.ltrans4.ltrans.o
LOAD C:\Users\saiju\AppData\Local\Temp\ccgGid5s.ltrans5.ltrans.o
LOAD C:\Users\saiju\AppData\Local\Temp\ccgGid5s.ltrans6.ltrans.o
LOAD C:\Users\saiju\AppData\Local\Temp\ccgGid5s.ltrans7.ltrans.o
LOAD C:\Users\saiju\AppData\Local\Temp\ccgGid5s.ltrans8.ltrans.o
LOAD C:\Users\saiju\AppData\Local\Temp\ccgGid5s.ltrans9.ltrans.o
LOAD C:\Users\saiju\AppData\Local\Temp\ccgGid5s.ltrans10.ltrans.o
LOAD C:\Users\saiju\AppData\Local\Temp\ccgGid5s.ltrans11.ltrans.o
LOAD C:\Users\saiju\AppData\Local\Temp\ccgGid5s.ltrans12.ltrans.o
LOAD C:\Users\saiju\AppData\Local\Temp\ccgGid5s.ltrans13.ltrans.o
LOAD C:\Users\saiju\AppData\Local\Temp\ccgGid5s.ltrans14.ltrans.o
LOAD C:\Users\saiju\AppData\Local\Temp\ccgGid5s.ltrans15.ltrans.o
LOAD C:\Users\saiju\AppData\Local\Temp\ccgGid5s.ltrans16.ltrans.o
LOAD C:\Users\saiju\AppData\Local\Temp\ccgGid5s.ltrans17.ltrans.o
LOAD C:\Users\saiju\AppData\Local\Temp\ccgGid5s.ltrans18.ltrans.o
LOAD C:\Users\saiju\AppData\Local\Temp\ccgGid5s.ltrans19.ltrans.o
LOAD c:/mwstage/tools/ba-elf-ba2-r36379.w10/bin/../lib/gcc/ba-elf/4.7.4/../../../../ba-elf/lib/mcpu_jn51xx_sizeopt\libc.a
LOAD c:/mwstage/tools/ba-elf-ba2-r36379.w10/bin/../lib/gcc/ba-elf/4.7.4/mcpu_jn51xx_sizeopt\libgcc.a
LOAD c:/mwstage/tools/ba-elf-ba2-r36379.w10/bin/../lib/gcc/ba-elf/4.7.4/../../../../ba-elf/lib/mcpu_jn51xx_sizeopt\libc.a
LOAD objs_BLUE/master.o
LOAD C:/MWSTAGE/MWSDK/TWENET/current/lib/libTWENET_BLUE.a
LOAD C:/MWSTAGE/MWSDK/TWENET/current/lib/libTWENEText_BLUE.a
LOAD C:/MWSTAGE/MWSDK/TWENET/current/lib/libTWENETutils_BLUE.a
LOAD C:/MWSTAGE/MWSDK/TWENET/current/lib/libTWENETstgs_BLUE.a
LOAD C:/MWSTAGE/MWSDK/TWENET/current/lib/libmwx_BLUE.a
LOAD C:/MWSTAGE/MWSDK/TWENET/current/lib/libEASTL_BLUE.a
START GROUP
LOAD C:/MWSTAGE/MWSDK/ChipLib/SW4063V1416/Components/Library\libAppApi_JN516x.a
LOAD C:/MWSTAGE/MWSDK/ChipLib/SW4063V1416/Components/Library\libMAC_JN516x.a
LOAD C:/MWSTAGE/MWSDK/ChipLib/SW4063V1416/Components/Library\libTimerServer_JN516x.a
LOAD C:/MWSTAGE/MWSDK/ChipLib/SW4063V1416/Components/Library\libTOF_JN516x.a
LOAD C:/MWSTAGE/MWSDK/ChipLib/SW4063V1416/Components/Library\libXcv_JN516x.a
LOAD C:/MWSTAGE/MWSDK/ChipLib/SW4063V1416/Components/Library\libAes_JN516x.a
LOAD C:/MWSTAGE/MWSDK/ChipLib/SW4063V1416/Components/Library\libHardwareApi_JN516x.a
LOAD C:/MWSTAGE/MWSDK/ChipLib/SW4063V1416/Components/Library\libMicroSpecific_JN516x.a
LOAD C:/MWSTAGE/MWSDK/ChipLib/SW4063V1416/Components/Library\libBoot_JN516x.a
LOAD C:/MWSTAGE/MWSDK/ChipLib/SW4063V1416/Components/Library\libPDM_EEPROM_JN516x_NO_RTOS.a
LOAD C:/MWSTAGE/MWSDK/TWENET/current/lib/libTWENET_BLUE.a
LOAD C:/MWSTAGE/MWSDK/TWENET/current/lib/libTWENEText_BLUE.a
LOAD C:/MWSTAGE/MWSDK/TWENET/current/lib/libTWENETutils_BLUE.a
LOAD C:/MWSTAGE/MWSDK/TWENET/current/lib/libTWENETstgs_BLUE.a
LOAD C:/MWSTAGE/MWSDK/TWENET/current/lib/libmwx_BLUE.a
LOAD C:/MWSTAGE/MWSDK/TWENET/current/lib/libEASTL_BLUE.a
END GROUP
LOAD c:/mwstage/tools/ba-elf-ba2-r36379.w10/bin/../lib/gcc/ba-elf/4.7.4/../../../../ba-elf/lib/mcpu_jn51xx_sizeopt\libstdc++.a
LOAD c:/mwstage/tools/ba-elf-ba2-r36379.w10/bin/../lib/gcc/ba-elf/4.7.4/../../../../ba-elf/lib/mcpu_jn51xx_sizeopt\libm.a
LOAD c:/mwstage/tools/ba-elf-ba2-r36379.w10/bin/../lib/gcc/ba-elf/4.7.4/../../../../ba-elf/lib/mcpu_jn51xx_sizeopt\libc.a
LOAD c:/mwstage/tools/ba-elf-ba2-r36379.w10/bin/../lib/gcc/ba-elf/4.7.4/mcpu_jn51xx_sizeopt\libgcc.a
LOAD c:/mwstage/tools/ba-elf-ba2-r36379.w10/bin/../lib/gcc/ba-elf/4.7.4/../../../../ba-elf/lib/mcpu_jn51xx_sizeopt\libc.a
                0x0000000000000800                _stack_size = 0x800
                0x0000000000080038                _exception_vsr_table = 0x80038
                0x0000000004000000                pSPIflashFncTable = 0x4000000
                0x0000000000000800                _stack_size = 0x800
                0x0000000000000044                restore_state = 0x44
                0x000000000000004a                bZSPIWaitWIPClear = 0x4a
                0x0000000000000050                u16ZSPIflashRDID = 0x50
                0x0000000000000056                u8SelectFlashChipType = 0x56
                0x000000000000005c                memcpy = 0x5c
                0x0000000000000066                vBootFlashProg = 0x66
                [0x0000000000000d16]                _minimum_heap_size = DEFINED (_minimum_heap_size)?_minimum_heap_size:0xd16
                0x0000000000000000                _SwConfig = (DEFINED (g_bSWConf_Debug) | (DEFINED (g_bSWConf_AltDebugPort) << 0x1))

.version        0x000000000007fffc        0x4
                0x000000000007fffc        0x4 LONG 0x4030008

.bir            0x0000000000080000       0x10
                0x0000000000080000                _flash_start = ABSOLUTE (.)
                0x0000000000080000                _flash_beg = ABSOLUTE (.)
                0x0000000000080000        0x4 LONG 0x12345678
                0x0000000000080004        0x4 LONG 0x11223344
                0x0000000000080008        0x4 LONG 0x55667788
                0x000000000008000c        0x1 BYTE 0x8
                0x000000000008000d        0x1 BYTE 0x1
                0x000000000008000e        0x2 SHORT 0x0

.flashheader    0x0000000000080010       0x28
                0x0000000000080010        0x4 LONG 0x0
                0x0000000000080014        0x4 LONG 0x0
                0x0000000000080018        0x4 LONG 0x0
                0x000000000008001c        0x2 SHORT 0x0
                0x000000000008001e        0x2 SHORT 0x0 ABSOLUTE (_SwConfig)
                0x0000000000080020                _enc_start = ABSOLUTE (.)
                0x0000000000080020        0x4 LONG 0xf3b8 ABSOLUTE (_image_len)
                0x0000000000080024        0x4 LONG 0x8f3a4 ABSOLUTE (_flash_data_start)
                0x0000000000080028        0x2 SHORT 0x13 ((ABSOLUTE (_ram_data_start) / 0x4) & 0xffff)
                0x000000000008002a        0x2 SHORT 0x5 ((ABSOLUTE (_ram_data_len) / 0x4) & 0xffff)
                0x000000000008002c        0x2 SHORT 0x18 ((ABSOLUTE (_bss_start) / 0x4) & 0xffff)
                0x000000000008002e        0x2 SHORT 0x579 ((ABSOLUTE (_bss_len) / 0x4) & 0xffff)
                0x0000000000080030        0x4 LONG 0x85ef0 ABSOLUTE (AppWarmStart)
                0x0000000000080034        0x4 LONG 0x880a0 ABSOLUTE (AppColdStart)
                0x0000000000000000                _enc_offset = (_enc_start & 0xf)
                0x0000000000000044                PROVIDE (vException_BusError, restore_state)
                0x0000000000000044                PROVIDE (vException_UnalignedAccess, restore_state)
                0x0000000000000044                PROVIDE (vException_IllegalInstruction, restore_state)
                0x0000000000000044                PROVIDE (vException_SysCall, restore_state)
                0x0000000000000044                PROVIDE (vException_Trap, restore_state)
                0x0000000000000044                PROVIDE (vException_StackOverflow, restore_state)
                0x0000000000080038                . = ABSOLUTE (_exception_vsr_table)

.vsr_table      0x0000000000080038       0x18
                0x0000000000080038        0x4 LONG 0x44 ABSOLUTE (vException_BusError)
                0x000000000008003c        0x4 LONG 0x44 ABSOLUTE (vException_UnalignedAccess)
                0x0000000000080040        0x4 LONG 0x44 ABSOLUTE (vException_IllegalInstruction)
                0x0000000000080044        0x4 LONG 0x44 ABSOLUTE (vException_SysCall)
                0x0000000000080048        0x4 LONG 0x44 ABSOLUTE (vException_Trap)
                0x000000000008004c        0x4 LONG 0x44 ABSOLUTE (vException_StackOverflow)

.vsr_handlers   0x0000000000080050       0xaa
 *(.vsr_handlers)
 .vsr_handlers  0x0000000000080050       0xaa C:/MWSTAGE/MWSDK/ChipLib/SW4063V1416/Components/Library\libBoot_JN516x.a(ExceptionHandler.o)
                0x0000000000080050                _exception_external_interrupt
                0x00000000000800f8                _default_vsr_dummy

.rodata         0x0000000000080100      0x604
 *(.rodata*)
 .rodata        0x0000000000080100      0x1cb C:\Users\saiju\AppData\Local\Temp\ccgGid5s.ltrans0.ltrans.o
 .rodata.str1.1
                0x00000000000802cb       0x2d C:\Users\saiju\AppData\Local\Temp\ccgGid5s.ltrans1.ltrans.o
 .rodata        0x00000000000802f8        0x5 C:\Users\saiju\AppData\Local\Temp\ccgGid5s.ltrans1.ltrans.o
 *fill*         0x00000000000802fd        0x3 00
 .rodata        0x0000000000080300       0xd4 C:\Users\saiju\AppData\Local\Temp\ccgGid5s.ltrans2.ltrans.o
                0x0000000000080300                s_aprScanHandleEvt.14679
                0x0000000000080330                apvActionCalls
                0x00000000000803b8                aprLPBMacVectorRamTable
                0x00000000000803cc                psTamMacContext
                0x00000000000803d0                psTAMcontext
 .rodata.str1.1
                0x00000000000803d4        0xe C:\Users\saiju\AppData\Local\Temp\ccgGid5s.ltrans3.ltrans.o
 .rodata        0x00000000000803e2        0x5 C:\Users\saiju\AppData\Local\Temp\ccgGid5s.ltrans3.ltrans.o
                0x00000000000803e2                gbHighPowerMode
                0x00000000000803e3                gu8ModuleID
 .rodata.str1.1
                0x00000000000803e7       0x12 C:\Users\saiju\AppData\Local\Temp\ccgGid5s.ltrans4.ltrans.o
 *fill*         0x00000000000803f9        0x7 00
 .rodata        0x0000000000080400       0x50 C:\Users\saiju\AppData\Local\Temp\ccgGid5s.ltrans4.ltrans.o
 .rodata        0x0000000000080450        0x4 C:\Users\saiju\AppData\Local\Temp\ccgGid5s.ltrans5.ltrans.o
 .rodata        0x0000000000080454        0xa C:\Users\saiju\AppData\Local\Temp\ccgGid5s.ltrans6.ltrans.o
 .rodata        0x000000000008045e        0x6 C:\Users\saiju\AppData\Local\Temp\ccgGid5s.ltrans7.ltrans.o
                0x000000000008045e                aeXcvPhyEvtToScanEvt.5394.14682
 .rodata        0x0000000000080464       0x1c C:\Users\saiju\AppData\Local\Temp\ccgGid5s.ltrans8.ltrans.o
 .rodata.str1.1
                0x0000000000080480       0x11 C:\Users\saiju\AppData\Local\Temp\ccgGid5s.ltrans9.ltrans.o
                                         0x22 (size before relaxing)
 *fill*         0x0000000000080491        0x3 00
 .rodata        0x0000000000080494       0x38 C:\Users\saiju\AppData\Local\Temp\ccgGid5s.ltrans9.ltrans.o
                0x0000000000080494                asStateFuncTbl.26166
 .rodata.str1.1
                0x00000000000804cc       0x11 C:\Users\saiju\AppData\Local\Temp\ccgGid5s.ltrans10.ltrans.o
 *fill*         0x00000000000804dd        0x3 00
 .rodata        0x00000000000804e0       0x7c C:\Users\saiju\AppData\Local\Temp\ccgGid5s.ltrans10.ltrans.o
                0x0000000000080514                u32MacLow_TOCOS
                0x0000000000080518                u32MacHigh_TOCOS
 .rodata.str1.1
                0x000000000008055c       0x88 C:\Users\saiju\AppData\Local\Temp\ccgGid5s.ltrans12.ltrans.o
 .rodata        0x00000000000805e4        0x8 C:\Users\saiju\AppData\Local\Temp\ccgGid5s.ltrans13.ltrans.o
                0x00000000000805e4                au32UartAddrOffset
 .rodata.str1.1
                0x00000000000805ec        0xd C:\Users\saiju\AppData\Local\Temp\ccgGid5s.ltrans14.ltrans.o
 .rodata        0x00000000000805f9       0x14 C:\Users\saiju\AppData\Local\Temp\ccgGid5s.ltrans14.ltrans.o
 *fill*         0x000000000008060d        0x3 00
 .rodata        0x0000000000080610       0x18 C:\Users\saiju\AppData\Local\Temp\ccgGid5s.ltrans15.ltrans.o
 .rodata.str1.1
                0x0000000000080628       0xb4 C:\Users\saiju\AppData\Local\Temp\ccgGid5s.ltrans16.ltrans.o
 .rodata        0x00000000000806dc       0x28 C:\Users\saiju\AppData\Local\Temp\ccgGid5s.ltrans18.ltrans.o
                0x00000000000806dc                au32TimerBaseAddress
                0x00000000000806f0                CSWTCH.35.25018.25018

.text           0x0000000000080704     0xec9f
 *(.text*)
 .text          0x0000000000080704      0xf01 C:\Users\saiju\AppData\Local\Temp\ccgGid5s.ltrans0.ltrans.o
                0x0000000000080704                mac_vLPBAdjustBeaconOffset
                0x0000000000080761                mac_u32LPBGetBeaconTimeout
                0x000000000008076a                eWEnDTmrExpiry.14320
                0x0000000000080775                eWEnDEdDone.14317
                0x00000000000807d0                eGenlDontCare.14314
                0x00000000000807d5                eGenlIllegal.13939
                0x00000000000807dc                u32GetTimer0
                0x00000000000807e3                vSetTimer0
                0x00000000000807f2                _ZN3mwx2L112appdefs_crtpINS0_9NwkSimpleEE18_cbTweNet_vHwEventEPvmm.local.192
                0x00000000000807f5                _ZN3mwx2L112appdefs_crtpINS0_9NwkSimpleEE17_cbTweNet_u8HwIntEPvmm.local.191
                0x00000000000807fa                _out_fct.5657
                0x000000000008080c                _out_null.5663
                0x000000000008080f                vOutputStream.5576
                0x000000000008081b                _ZN3mwx2L110serial_jen7vOutputEcPv.local.190
                0x0000000000080842                vHandlerPatch.4689
                0x0000000000080879                _ZN3mwx2L112appdefs_crtpINS0_9NwkSimpleEE18_cbTweNet_vTxEventEPvRNS0_12packet_ev_txE.local.189
                0x0000000000080893                _ZN3mwx2L112appdefs_crtpINS0_9NwkSimpleEE19_cbTweNet_vNwkEventEPvRNS0_13packet_ev_nwkE.local.197
                0x000000000008089c                _ZN3mwx2L112appdefs_crtpINS0_9NwkSimpleEE15_cbTweNet_vMainEPv.local.198
                0x000000000008089f                u8TSCframeIncrease
                0x00000000000808d8                vCopyToDataFromMacAddr.21345
                0x000000000008090b                psTAQsearchFifo
                0x0000000000080954                bTAQremoveFromFifo
                0x0000000000080991                vTAMinsertEvent
                0x00000000000809f7                vTAM_TxRetryTimeout
                0x00000000000809fb                vTACsetTxFrameDefaults
                0x0000000000080a21                u8TACgetHeaderSize
                0x0000000000080a5e                u32TACpayloadToU32M
                0x0000000000080a7f                vTACu32ToPayloadM
                0x0000000000080a97                vTACbuildBeacon
                0x0000000000080c9f                bTACframeInProgress
                0x0000000000080cc9                bTACassessBeaconForPayload
                0x0000000000080d1a                bIsBbcSafeForTx
                0x0000000000080d4f                vTATwriteAclMaterialToHardware
                0x0000000000080d74                vTATsetBLE
                0x0000000000080dab                vTATgetFramePayload
                0x0000000000080dc8                eTATreadTXstatus
                0x0000000000080e0e                vTAHsetPhyStateDirect.part.0.18804
                0x0000000000080e2a                vDoGoOff.20625
                0x0000000000080e44                vMEMreturn
                0x0000000000080eb5                vTACinformOriginator
                0x0000000000080ed7                pvMEMget
                0x0000000000080f03                vTAMDEdetermineNullState
                0x0000000000080f1d                vTAMCOupdatePendingList
                0x0000000000080fef                vTAMCOsetCoordinator
                0x0000000000081015                vPhySetChannel
                0x000000000008102e                eScanHandleEvt.part.0.14350
                0x0000000000081057                mac_eDcfmIndPost
                0x0000000000081078                mac_psDcfmIndGetBuf
                0x0000000000081099                vMLMErxEnableConfirm
                0x00000000000810cb                vMLMEcommStatus
                0x000000000008112e                vMLMEcommStatusFromFrame
                0x0000000000081172                vTSCpostTransmitUpdate
                0x00000000000811a1                vMLMEsyncLoss
                0x00000000000811d4                vPMICpostFailedAssocDcfm
                0x000000000008120c                vPMICassocReqTO_2.12767
                0x0000000000081223                MAC_vPibSetPanId
                0x000000000008123e                vHandleTofRequest.10873
                0x0000000000081241                vAppApiDefSetPrbsSeed
                0x0000000000081265                mwx::L1::duplciate_checker::_node_ele_init(mwx::L1::duplciate_checker::_node_ele*)
                0x0000000000081284                _ZN3mwx2L113serial_parserINS0_10alloc_heapIhEEEC1Ev.local.52
                0x00000000000812a6                _ZN3mwx2L16twenetC1Ev.local.58
                0x000000000008133d                _ZN3mwx2L110serial_jenC1Eh.local.107
                0x000000000008136d                _ZN3mwx2L115periph_analogueC1Ev.local.125
                0x0000000000081398                _ZN3mwx2L112appdefs_virt8on_eventEmRm.local.134
                0x00000000000813b0                _ZN3mwx2L112appdefs_virt18cbToCoNet_vHwEventEmm.local.136
                0x00000000000813c8                _ZN3mwx2L112appdefs_virt18cbToCoNet_vTxEventERNS0_12packet_ev_txE.local.137
                0x00000000000813e0                _ZN3mwx2L112appdefs_virt19cbToCoNet_vNwkEventERNS0_13packet_ev_nwkE.local.139
                0x00000000000813f8                u8CCITT8
                0x000000000008141e                bAES_CCM_KeyReg
                0x000000000008145d                bFifoPush.3394
                0x0000000000081496                vAppQApiPostMlme.3380
                0x00000000000814b5                vAppQApiPostMcps.3387
                0x00000000000814d0                pvFifoPull.3391
                0x00000000000814f7                psAppQApiGetMlmeBuffer.3377
                0x00000000000814ff                psAppQApiGetMcpsBuffer.3384
                0x0000000000081507                PRSEV_vSetState
                0x0000000000081517                PRSEV_vProcessEv_core.2264
                0x00000000000815b9                PRSEV_vProcessEvPost
                0x00000000000815eb                _PRSEV_vProcessEvSingle
                0x00000000000815f8                ToCoNet_vMacStart
 .text.unlikely
                0x0000000000081605       0x65 C:\Users\saiju\AppData\Local\Temp\ccgGid5s.ltrans0.ltrans.o
                0x0000000000081605                _ZN3mwx2L112appdefs_virt18cbToCoNet_vRxEventERNS0_9packet_rxE.local.138
                0x000000000008161d                PRSEV_u8Register
                0x000000000008165b                _PRSEV_vProcessEvSingleH
 .text          0x000000000008166a      0xa7a C:\Users\saiju\AppData\Local\Temp\ccgGid5s.ltrans1.ltrans.o
                0x000000000008166a                ToCoNet_vMain
 *fill*         0x00000000000820e4        0x0 00
 .text          0x00000000000820e4      0xbb0 C:\Users\saiju\AppData\Local\Temp\ccgGid5s.ltrans2.ltrans.o
                0x00000000000820e4                eWBRTTxDone.14336
                0x0000000000082102                vTAMCOframeTXgoingIdle
                0x000000000008211c                vTAMCOframeTXcap
                0x0000000000082143                eWCoRRxDone.14327
                0x00000000000821ed                eWBcnRxDone.14339
                0x00000000000827da                vTAMCOframeRXcap
                0x00000000000827ec                vTAMCOframeRXgoingIdle
                0x0000000000082802                vTAMCOframeRXnobeacon
                0x0000000000082814                vTAMDEframeRX
                0x000000000008283e                vTAMDEframeRXtrackingDR
                0x0000000000082882                vTAMDEframePreSyncReq
                0x000000000008289b                vTAMCOframeTXbeacon
                0x0000000000082962                vTAMDEframeRXsyncReq
                0x0000000000082bb2                vTAMDEint1FiredTrackingCAPgts
                0x0000000000082c63                eWONTTxDone.14333
 .text          0x0000000000082c94      0x87b C:\Users\saiju\AppData\Local\Temp\ccgGid5s.ltrans3.ltrans.o
                0x0000000000082c94                SERIAL_vTxReady
                0x0000000000082d2e                vAppQApiPostHwIntT.3373
                0x0000000000082e01                TWETERM_iGetC.26508
                0x0000000000082e64                vRxChar.4714
                0x0000000000082eb5                vXCV_IntHandlerPhy
                0x0000000000082f67                vScanHandleTimer.13936
                0x0000000000082f6c                MWX_Panic
                0x0000000000082fd0                cbAppColdStart.part.32.7072
                0x00000000000831ba                _ZN3mwx2L110serial_jen13_set_baudrateEt.isra.2.6412
                0x000000000008326b                UART_vSetTxInterrupt
                0x00000000000832b6                SERIAL_bTxChar
                0x000000000008336d                _ZN3mwx2L110serial_jen5writeEi.local.146
                0x000000000008337c                _ZN3mwx2L16streamINS0_10serial_jenEE6_printEPKc.local.170
                0x000000000008339d                TWETERM_iPutS.26500
                0x00000000000833c2                TWETERM_iPutC.26504
                0x00000000000833d3                u8TAM_AES_WriteAuxilliarySecurityHeaderIntoBuffer
                0x0000000000083445                phy_ePibSet.part.1.16146
                0x000000000008348d                u32AHI_ReadIndexSectorBits.constprop.219
                0x00000000000834ee                vTAIsetCapTime
 .text.unlikely
                0x000000000008350f      0x10d C:\Users\saiju\AppData\Local\Temp\ccgGid5s.ltrans3.ltrans.o
                0x000000000008350f                bStartXtal32k.24694
 .text          0x000000000008361c     0x11bb C:\Users\saiju\AppData\Local\Temp\ccgGid5s.ltrans4.ltrans.o
                0x00000000000840ba                _vsnprintf.constprop.309
                0x00000000000846cd                QUEUE__u8RemoveItem.part.1.4891
                0x0000000000084708                QUEUE__vAddItem.constprop.296
                0x000000000008473a                ToCoNet_ChMgr_vCh_TxFin
                0x0000000000084767                vHnd_E_STATE_WAIT_TX.26134
 .text          0x00000000000847d7      0xacd C:\Users\saiju\AppData\Local\Temp\ccgGid5s.ltrans5.ltrans.o
                0x00000000000847d7                vAHI_IntHandlerTickTimer
                0x000000000008481e                vTACintRXheader
                0x000000000008515c                vHnd_E_STATE_FINISH_TX_FAIL.26111
                0x0000000000085212                vHnd_E_STATE_FINISH_TX_SUCCESS.26116
 .text          0x00000000000852a4      0xb76 C:\Users\saiju\AppData\Local\Temp\ccgGid5s.ltrans6.ltrans.o
                0x0000000000085404                bAES_CCM_EncodeKey
                0x00000000000854b1                vHnd_E_STATE_RUNNING.26142
                0x00000000000856fb                TWETERM_vFlush.26477
                0x0000000000085779                bTAM_AES_CCMstarPatch
                0x00000000000858bd                bTAM_AES_CCMstarPatch2006
                0x00000000000859c4                vWriteFrame.19163
                0x0000000000085b9c                bTATsendFrame
                0x0000000000085bef                bSendDataRequest.17465
                0x0000000000085d01                vTimerStart
 *fill*         0x0000000000085e1a        0x2 00
 .text          0x0000000000085e1c      0xa90 C:\Users\saiju\AppData\Local\Temp\ccgGid5s.ltrans7.ltrans.o
                0x0000000000085e1c                vPostDcfm.14323
                0x0000000000085ef0                AppWarmStart
                0x0000000000085fcb                vSetNextChannel.14371
                0x0000000000086024                MAC_vHandleMlmeReqRsp
                0x00000000000867d5                vTAMDEint1FiredTracking
                0x0000000000086845                vTAMDEint1FiredSyncReq
 .text          0x00000000000868ac      0xb50 C:\Users\saiju\AppData\Local\Temp\ccgGid5s.ltrans8.ltrans.o
                0x00000000000868c1                mac_vLPBStartTimer
                0x00000000000869fd                vProcessEvCoreTx.26103
                0x0000000000086aed                vMicroIntEnableOnly.constprop.304
                0x0000000000086b19                vAHI_ProtocolPower.constprop.303
                0x0000000000086b27                XCV_vCtor.constprop.301
                0x0000000000086c8c                _ZN3mwx2L16twenet5beginEv.local.112.constprop.278
                0x0000000000086cd1                _ZN3mwx2L115periph_analogue10_adc_startEv.local.43.constprop.269
                0x0000000000086dba                mwx::L1::periph_analogue::ADC_handler(unsigned long, unsigned long)
                0x0000000000086e01                u8HwEventHandler.2474
                0x0000000000086ea9                vAHI_TimerEnable.part.1.24885.constprop.253
                0x0000000000086f14                bAHI_SetClockRate
                0x000000000008701f                bAES_CCMstar
                0x00000000000870eb                bAES_CCM_DecodeKey
                0x00000000000871a7                pvHeap_Alloc
                0x00000000000871aa                operator new(unsigned long)
                0x00000000000871cd                u32AHI_Init
                0x000000000008728f                vMicroIntRestoreState
                0x000000000008729b                _ToCoNet_bRfChChannel
                0x0000000000087330                ToCoNet_ChMgr_bCh_Reconfig
                0x0000000000087398                vHnd_E_STATE_IDLE.26126
 .text.unlikely
                0x00000000000873fc       0x45 C:\Users\saiju\AppData\Local\Temp\ccgGid5s.ltrans8.ltrans.o
                0x00000000000873fc                vAHI_MemoryHold.24784
 .text          0x0000000000087441      0xc5f C:\Users\saiju\AppData\Local\Temp\ccgGid5s.ltrans9.ltrans.o
                0x0000000000087441                TSV_eStart
                0x0000000000087525                eTAStransmitRequest
                0x00000000000878c0                TSV_eOpen
                0x00000000000878c8                vAppApiDefRestoreMacSettings
                0x0000000000087999                vAppApiDefSaveMacSettings
                0x00000000000879f6                mac_vLPBSleep
                0x0000000000087ac9                pvAppApiDefGetMacAddrLocation
                0x0000000000087ad2                eAppApiDefPlmeGet
                0x0000000000087b24                eAppApiDefPlmeSet
                0x0000000000087b7d                vAppApiDefMcpsRequest
                0x0000000000087ba8                vHnd_E_STATE_PREPARE_TX.26121
 .text          0x00000000000880a0      0x53c C:\Users\saiju\AppData\Local\Temp\ccgGid5s.ltrans10.ltrans.o
                0x00000000000880a0                AppColdStart
 .text.unlikely
                0x00000000000885dc      0x440 C:\Users\saiju\AppData\Local\Temp\ccgGid5s.ltrans10.ltrans.o
                0x00000000000885dc                ToCoNet_vStart
 .text          0x0000000000088a1c      0xa89 C:\Users\saiju\AppData\Local\Temp\ccgGid5s.ltrans11.ltrans.o
                0x0000000000088a1c                vAHI_IntHandlerSpiSlave
                0x0000000000088a27                vAHI_IntHandlerSi
                0x0000000000088a72                vAHI_IntHandlerTimer2
                0x0000000000088a92                vAHI_IntHandlerSysCtrl
                0x0000000000088aec                vAHI_IntHandlerUart1
                0x0000000000088b17                vAHI_IntHandlerUart0
                0x0000000000088b42                vAHI_IntHandlerTimer4
                0x0000000000088b63                vAHI_IntHandlerTimer3
                0x0000000000088b84                vAHI_IntHandlerTimer1
                0x0000000000088ba4                vAHI_IntHandlerTimer0
                0x0000000000088bc5                vTimerCallback.24670
                0x0000000000088bd0                vAHI_IntHandlerSpiMaster
                0x0000000000088bf6                vAHI_IntHandlerAnalogPeriph
                0x0000000000088c16                vTTIBLETimerExpired
                0x0000000000088c21                vTTITimer2Expired
                0x0000000000088c27                vTTITimer1Expired
                0x0000000000088c2d                vTTITransactionTimerExpired
                0x0000000000088c56                bUpdateTime.19663
                0x0000000000088c91                u8AHI_WakeTimerFiredStatus
                0x0000000000088ca5                vAHI_WakeTimerStop.part.3.25350
                0x0000000000088cc5                mac_vLPBStopTimer
                0x0000000000088ccf                vAHI_UartSetClocksPerBit.part.18.25146
                0x0000000000088cf6                vAHI_UartSetRTSCTS.part.15.25131
                0x0000000000088d1d                vAHI_UartReset.part.4.25104
                0x0000000000088d55                vAHI_UartSetControl.part.2.25088
                0x0000000000088da6                vAHI_UartSetBaudDivisor.part.1.25084
                0x0000000000088de5                vAHI_WatchdogStop
                0x0000000000088dfc                vAHI_CpuDoze
                0x0000000000088e0f                _ZN3mwx2L120periph_pulse_counter10_on_wakeupEv.part.18.6446
                0x0000000000088e85                vAHI_DioSetDirection
                0x0000000000088e99                vACI_CmdWaitBusy
                0x0000000000088efd                vACI_OptimisedCcmStar
                0x0000000000089115                vTAIdisableInterrupt
                0x000000000008912e                vUpdateRegisters.23933
                0x0000000000089175                psRemove.part.0.23883
                0x00000000000891a4                vMAC_MISCpollConfirm
                0x00000000000891d6                MAC_u8AclFindInfo
                0x0000000000089300                vTASretrieveSecurity
                0x0000000000089322                MAC_bLookUpKeyDescriptor.21435
                0x000000000008939c                bTSCgetOutgoingInfo
 .text.unlikely
                0x00000000000894a5       0x11 C:\Users\saiju\AppData\Local\Temp\ccgGid5s.ltrans11.ltrans.o
                0x00000000000894a5                vStartXtal32kExternalRc.24684
 .text          0x00000000000894b6      0xaad C:\Users\saiju\AppData\Local\Temp\ccgGid5s.ltrans12.ltrans.o
                0x00000000000894b6                ToCoNet_vInit
                0x00000000000897f9                vExpireHead.23888
                0x0000000000089829                fctprintf
                0x000000000008984b                _ZN3mwx2L111_printobj_1IhE9_do_printEPvPFvcS3_ES3_.local.196
                0x000000000008985f                MWX_DebugMsg
                0x00000000000898a0                _ZN3mwx2L112appdefs_crtpINS0_9NwkSimpleEE18_cbTweNet_vRxEventEPvRNS0_9packet_rxE.local.193
 .text.unlikely
                0x0000000000089f63        0xf C:\Users\saiju\AppData\Local\Temp\ccgGid5s.ltrans12.ltrans.o
                0x0000000000089f63                u32AppQApiInitInt_PATCH
 .text          0x0000000000089f72      0x814 C:\Users\saiju\AppData\Local\Temp\ccgGid5s.ltrans13.ltrans.o
                0x000000000008a1f7                vTAMCOreqTXinCAP
                0x000000000008a21d                _ZN3mwx2L110serial_jen10_on_wakeupEv.part.27.6590
                0x000000000008a297                _MWX_periph_init()
                0x000000000008a391                vTrySendFromDirectCAP.16918
                0x000000000008a3ad                vTrySendFromDirectNoBeacon.16922
                0x000000000008a3d9                vTAMCOint1Fired
                0x000000000008a4f5                vTAMCOstartBeacon
                0x000000000008a530                vStartStoreValues.16986
                0x000000000008a5e7                bStartCallback.17015
                0x000000000008a616                vTAMCOint1FiredCAP
                0x000000000008a689                vTAMCOreqTXnoBeacon
                0x000000000008a69b                vTrySendUnslotted.17463
                0x000000000008a6b5                bProcessBeaconRX.17468
 .text          0x000000000008a786      0x74b C:\Users\saiju\AppData\Local\Temp\ccgGid5s.ltrans14.ltrans.o
                0x000000000008a786                UART_vHandleUartInterrupt.4816
                0x000000000008a80d                _ZN3mwx2L114processev_crtpINS0_9NwkSimpleEE14vProcessEvCoreEP8_tsEvent7teEventm.local.195
                0x000000000008a8c0                vXCV_IntHandlerBbc
                0x000000000008a963                vTAIsetRxEnableTime
                0x000000000008a984                vDoGoActive.20627
                0x000000000008a9a6                vTAMRXEint2Fired
                0x000000000008a9de                _ZN3mwx2L115periph_analogue5setupEbhPFvvE.local.124.constprop.231
                0x000000000008aa78                vTAMRXEsetPhy
                0x000000000008ab3b                vTAHsetPhyState
                0x000000000008ab6b                vTAMCOint2Fired
                0x000000000008ab8b                vSetPHYfromMacValue.17461
                0x000000000008abbd                vTAMDEint1FiredWaitDR
                0x000000000008abca                vTACsetPHYfromMacValue
                0x000000000008abeb                vTAMRXEsetReceiveForPibChange
                0x000000000008ac2b                _ZN3mwx2L114periph_twowireC1Eh.local.76
                0x000000000008ac68                vMCPSframeReceived
                0x000000000008ad2c                vMLMEbeaconNotify
                0x000000000008ae8b                bAHI_ReadMACID
 .text.unlikely
                0x000000000008aed1       0x79 C:\Users\saiju\AppData\Local\Temp\ccgGid5s.ltrans14.ltrans.o
                0x000000000008aed1                Delay.24688.constprop.250
 *fill*         0x000000000008af4a        0x2 00
 .text          0x000000000008af4c      0x95c C:\Users\saiju\AppData\Local\Temp\ccgGid5s.ltrans15.ltrans.o
                0x000000000008af4c                vPMICassocReqTO_1.12760
                0x000000000008afd4                vTAM_MCPSdataRequest
                0x000000000008b017                bTACcheckPANconflict
                0x000000000008b0d0                vTAMDEstartSync
                0x000000000008b14f                eTAMselect
                0x000000000008b290                MAC_pvCtor
                0x000000000008b6ab                vDeterminePowerState.17585
                0x000000000008b72f                vTAMDEint1FiredTrackingBeacon
                0x000000000008b7cf                vTAMDEint2FiredTrackingDR
                0x000000000008b7f4                vTAMDEframeTXtrackingDR
                0x000000000008b84d                vTAMDEint2FiredPollActive
                0x000000000008b881                vTAMDEreqTXnullTrackingCAP
                0x000000000008b89a                vTAM_TxRetryTimer
 .text          0x000000000008b8a8      0x5c5 C:\Users\saiju\AppData\Local\Temp\ccgGid5s.ltrans16.ltrans.o
                0x000000000008b8a8                u32AppApiDefInit
                0x000000000008b95d                _ToCoNet_vMacInit
                0x000000000008bb04                vProcessEvCoreMac
                0x000000000008bcaa                setup()
 *fill*         0x000000000008be6d        0x3 00
 .text          0x000000000008be70      0x780 C:\Users\saiju\AppData\Local\Temp\ccgGid5s.ltrans17.ltrans.o
                0x000000000008be70                eGenTmrExpiry.14632
                0x000000000008beb2                eWEDTEdDone.14635
                0x000000000008bed6                TSV_eStop
                0x000000000008bf95                bPMICdisassocReqSent.12756
                0x000000000008c04f                MAC_vHandleMcpsReqRsp
                0x000000000008c0dc                bMCPSframeTXcomplete.15367
                0x000000000008c131                bSendSyncLoss.19598
                0x000000000008c149                bPollReqSent.23194
                0x000000000008c161                bTASsendCommStatusInd
                0x000000000008c176                bAssocRespSent.12752
                0x000000000008c189                eTACprocessFrameTXcomplete
                0x000000000008c305                vTAMCOframeTXnobeacon
                0x000000000008c31a                vTAMCOframeStarting
                0x000000000008c333                vTAMDEframeTXDEnull
                0x000000000008c356                vTAMDEframeTXtrackingCAPgts
                0x000000000008c382                bPMICassocReqSent.12748
                0x000000000008c404                bPMICassocReqPollSent.12763
                0x000000000008c458                eWChCChanChgd.14347
 .text          0x000000000008c5f0      0x474 C:\Users\saiju\AppData\Local\Temp\ccgGid5s.ltrans18.ltrans.o
                0x000000000008c5f0                eGenRxHdrDone.14330
                0x000000000008c600                vTimerConfig
                0x000000000008c80d                cbAppWarmStart.part.28.6851
 .text          0x000000000008ca64       0x34 C:\Users\saiju\AppData\Local\Temp\ccgGid5s.ltrans19.ltrans.o
                0x000000000008ca64                vAppApiDefMlmeRequest
                0x000000000008ca8f                pvAppApiDefGetMacHandle
 .text.unlikely
                0x000000000008ca98      0x310 C:\Users\saiju\AppData\Local\Temp\ccgGid5s.ltrans19.ltrans.o
                0x000000000008cab5                vProcessIncomingHwEvent.2643
 .text          0x000000000008cda8       0x25 c:/mwstage/tools/ba-elf-ba2-r36379.w10/bin/../lib/gcc/ba-elf/4.7.4/../../../../ba-elf/lib/mcpu_jn51xx_sizeopt\libc.a(lib_a-memcmp.o)
                0x000000000008cda8                memcmp
 .text          0x000000000008cdcd       0x19 c:/mwstage/tools/ba-elf-ba2-r36379.w10/bin/../lib/gcc/ba-elf/4.7.4/../../../../ba-elf/lib/mcpu_jn51xx_sizeopt\libc.a(lib_a-memcpy.o)
 *fill*         0x000000000008cde6        0x2 00
 .text          0x000000000008cde8      0x204 c:/mwstage/tools/ba-elf-ba2-r36379.w10/bin/../lib/gcc/ba-elf/4.7.4/mcpu_jn51xx_sizeopt\libgcc.a(__udivsi3.o)
                0x000000000008cde8                __udivsi3
 .text          0x000000000008cfec       0x30 c:/mwstage/tools/ba-elf-ba2-r36379.w10/bin/../lib/gcc/ba-elf/4.7.4/mcpu_jn51xx_sizeopt\libgcc.a(__divsi3.o)
                0x000000000008cfec                __divsi3
 .text          0x000000000008d01c      0x1b0 c:/mwstage/tools/ba-elf-ba2-r36379.w10/bin/../lib/gcc/ba-elf/4.7.4/mcpu_jn51xx_sizeopt\libgcc.a(__umodsi3.o)
                0x000000000008d01c                __umodsi3
 .text          0x000000000008d1cc       0x24 c:/mwstage/tools/ba-elf-ba2-r36379.w10/bin/../lib/gcc/ba-elf/4.7.4/mcpu_jn51xx_sizeopt\libgcc.a(__modsi3.o)
                0x000000000008d1cc                __modsi3
 .text          0x000000000008d1f0       0x39 c:/mwstage/tools/ba-elf-ba2-r36379.w10/bin/../lib/gcc/ba-elf/4.7.4/mcpu_jn51xx_sizeopt\libgcc.a(_fixunsdfsi.o)
                0x000000000008d1f0                __fixunsdfsi
 .text          0x000000000008d229      0x350 c:/mwstage/tools/ba-elf-ba2-r36379.w10/bin/../lib/gcc/ba-elf/4.7.4/mcpu_jn51xx_sizeopt\libgcc.a(_udivdi3.o)
                0x000000000008d229                __udivdi3
 .text          0x000000000008d579      0x312 c:/mwstage/tools/ba-elf-ba2-r36379.w10/bin/../lib/gcc/ba-elf/4.7.4/mcpu_jn51xx_sizeopt\libgcc.a(_umoddi3.o)
                0x000000000008d579                __umoddi3
 .text          0x000000000008d88b      0x682 c:/mwstage/tools/ba-elf-ba2-r36379.w10/bin/../lib/gcc/ba-elf/4.7.4/mcpu_jn51xx_sizeopt\libgcc.a(adddf3.o)
                0x000000000008d88b                __adddf3
 *fill*         0x000000000008df0d        0x3 00
 .text          0x000000000008df10      0x5c8 c:/mwstage/tools/ba-elf-ba2-r36379.w10/bin/../lib/gcc/ba-elf/4.7.4/mcpu_jn51xx_sizeopt\libgcc.a(divdf3.o)
                0x000000000008df10                __divdf3
 .text          0x000000000008e4d8       0x7f c:/mwstage/tools/ba-elf-ba2-r36379.w10/bin/../lib/gcc/ba-elf/4.7.4/mcpu_jn51xx_sizeopt\libgcc.a(eqdf2.o)
                0x000000000008e4d8                __nedf2
                0x000000000008e4d8                __eqdf2
 .text          0x000000000008e557       0xca c:/mwstage/tools/ba-elf-ba2-r36379.w10/bin/../lib/gcc/ba-elf/4.7.4/mcpu_jn51xx_sizeopt\libgcc.a(gedf2.o)
                0x000000000008e557                __gedf2
                0x000000000008e557                __gtdf2
 .text          0x000000000008e621       0xcb c:/mwstage/tools/ba-elf-ba2-r36379.w10/bin/../lib/gcc/ba-elf/4.7.4/mcpu_jn51xx_sizeopt\libgcc.a(ledf2.o)
                0x000000000008e621                __ledf2
                0x000000000008e621                __ltdf2
 .text          0x000000000008e6ec      0x488 c:/mwstage/tools/ba-elf-ba2-r36379.w10/bin/../lib/gcc/ba-elf/4.7.4/mcpu_jn51xx_sizeopt\libgcc.a(muldf3.o)
                0x000000000008e6ec                __muldf3
 .text          0x000000000008eb74      0x693 c:/mwstage/tools/ba-elf-ba2-r36379.w10/bin/../lib/gcc/ba-elf/4.7.4/mcpu_jn51xx_sizeopt\libgcc.a(subdf3.o)
                0x000000000008eb74                __subdf3
 .text          0x000000000008f207       0x64 c:/mwstage/tools/ba-elf-ba2-r36379.w10/bin/../lib/gcc/ba-elf/4.7.4/mcpu_jn51xx_sizeopt\libgcc.a(fixdfsi.o)
                0x000000000008f207                __fixdfsi
 .text          0x000000000008f26b       0x61 c:/mwstage/tools/ba-elf-ba2-r36379.w10/bin/../lib/gcc/ba-elf/4.7.4/mcpu_jn51xx_sizeopt\libgcc.a(floatsidf.o)
                0x000000000008f26b                __floatsidf
 .text          0x000000000008f2cc       0x4f c:/mwstage/tools/ba-elf-ba2-r36379.w10/bin/../lib/gcc/ba-elf/4.7.4/mcpu_jn51xx_sizeopt\libgcc.a(floatunsidf.o)
                0x000000000008f2cc                __floatunsidf
 .text          0x000000000008f31b       0x27 C:/MWSTAGE/MWSDK/ChipLib/SW4063V1416/Components/Library\libHardwareApi_JN516x.a(AHI_Interrupt.o)
                0x000000000008f31b                vAHI_InterruptSetPriority
                0x000000000008f339                vAHI_InterruptSetActivePriorityLevel
 .text.vMicroSyscall
                0x000000000008f342       0x17 C:/MWSTAGE/MWSDK/ChipLib/SW4063V1416/Components/Library\libMicroSpecific_JN516x.a(MicroSyscall_ba.o)
                0x000000000008f342                vMicroSyscall
 .text          0x000000000008f359       0x12 c:/mwstage/tools/ba-elf-ba2-r36379.w10/bin/../lib/gcc/ba-elf/4.7.4/../../../../ba-elf/lib/mcpu_jn51xx_sizeopt\libc.a(lib_a-memset.o)
                0x000000000008f359                memset
 .text          0x000000000008f36b       0x38 c:/mwstage/tools/ba-elf-ba2-r36379.w10/bin/../lib/gcc/ba-elf/4.7.4/../../../../ba-elf/lib/mcpu_jn51xx_sizeopt\libc.a(lib_a-strncmp.o)
                0x000000000008f36b                strncmp
                0x000000000008f3a3                _flash_end = ABSOLUTE (.)

.rela.dyn       0x000000000008f3a4        0x0
 .rela.text     0x0000000000000000        0x0 C:\Users\saiju\AppData\Local\Temp\ccgGid5s.ltrans0.ltrans.o
 .rela.text.unlikely
                0x0000000000000000        0x0 C:\Users\saiju\AppData\Local\Temp\ccgGid5s.ltrans0.ltrans.o
 .rela.rodata   0x0000000000000000        0x0 C:\Users\saiju\AppData\Local\Temp\ccgGid5s.ltrans0.ltrans.o
 .rela.data     0x0000000000000000        0x0 C:\Users\saiju\AppData\Local\Temp\ccgGid5s.ltrans0.ltrans.o
                0x000000000400004c                . = ORIGIN (ram)

.data           0x000000000400004c       0x14 load address 0x000000000008f3a4
                0x000000000400004c                _ram_data_start = ABSOLUTE (.)
 *(.data*)
 .data          0x000000000400004c        0x2 C:\Users\saiju\AppData\Local\Temp\ccgGid5s.ltrans1.ltrans.o
 .data          0x000000000400004e        0x1 C:\Users\saiju\AppData\Local\Temp\ccgGid5s.ltrans3.ltrans.o
                0x000000000400004e                _toconet_tx_u8_init_queue_flag
 *fill*         0x000000000400004f        0x1 00
 .data          0x0000000004000050        0x4 C:\Users\saiju\AppData\Local\Temp\ccgGid5s.ltrans8.ltrans.o
                0x0000000004000050                u32HeapStart
 .data.initinboot
                0x0000000004000054        0x8 C:\Users\saiju\AppData\Local\Temp\ccgGid5s.ltrans8.ltrans.o
 .data          0x000000000400005c        0x1 C:\Users\saiju\AppData\Local\Temp\ccgGid5s.ltrans9.ltrans.o
                0x000000000400005c                u8TxWkrNow.26244
 .data          0x000000000400005d        0x1 C:\Users\saiju\AppData\Local\Temp\ccgGid5s.ltrans15.ltrans.o
 .data.initinboot
                0x000000000400005e        0x1 C:\Users\saiju\AppData\Local\Temp\ccgGid5s.ltrans15.ltrans.o
                0x000000000400005e                gMAC_u8MaxBuffers
 *(.data.*)
                0x0000000004000060                . = ALIGN (0x4)
 *fill*         0x000000000400005f        0x1 00
                0x0000000004000060                _ram_data_end = ABSOLUTE (.)

.bss            0x0000000004000060     0x15e4 load address 0x000000000008f3b8
                0x0000000004000060                _bss_start = ABSOLUTE (.)
 *(.bss*)
 .bss           0x0000000004000060        0xc C:\Users\saiju\AppData\Local\Temp\ccgGid5s.ltrans0.ltrans.o
 .bss           0x000000000400006c       0x80 C:\Users\saiju\AppData\Local\Temp\ccgGid5s.ltrans1.ltrans.o
                0x000000000400006c                sMcpsIndQueue.3612
                0x000000000400007c                sMcpsIndBufferQueue.3610
                0x000000000400008c                sMlmeIndQueue.3613
                0x000000000400009c                sMlmeIndBufferQueue.3611
                0x00000000040000ac                sHwIndQueue.3614
                0x00000000040000bc                sHwIndBufferQueue.3615
                0x00000000040000cc                _u32_INT_adc_comp
                0x00000000040000d0                _u32_INT_ticktimer
                0x00000000040000d4                the_vsettings
                0x00000000040000d8                _periph_availmap
 .bss           0x00000000040000ec       0x40 C:\Users\saiju\AppData\Local\Temp\ccgGid5s.ltrans2.ltrans.o
                0x00000000040000ec                g_sLP
                0x0000000004000128                g_pvMac
 .bss.initinboot
                0x000000000400012c      0x1c0 C:\Users\saiju\AppData\Local\Temp\ccgGid5s.ltrans2.ltrans.o
                0x000000000400012c                g_sMac
 .bss           0x00000000040002ec      0x620 C:\Users\saiju\AppData\Local\Temp\ccgGid5s.ltrans3.ltrans.o
                0x00000000040002ec                sSerCmd_P3.5528
                0x00000000040002f8                prAppHwCallback.3618
 .bss           0x000000000400090c        0x1 C:\Users\saiju\AppData\Local\Temp\ccgGid5s.ltrans4.ltrans.o
 *fill*         0x000000000400090d        0x3 00
 .bss           0x0000000004000910        0x8 C:\Users\saiju\AppData\Local\Temp\ccgGid5s.ltrans5.ltrans.o
 .bss           0x0000000004000918        0x8 C:\Users\saiju\AppData\Local\Temp\ccgGid5s.ltrans6.ltrans.o
                0x0000000004000918                _SERIAL_bmTxIntEnabled
                0x000000000400091c                TxWorker_u8Num.26201
 .bss.dontinitinboot
                0x0000000004000920        0x1 C:\Users\saiju\AppData\Local\Temp\ccgGid5s.ltrans6.ltrans.o
 *fill*         0x0000000004000921        0x3 00
 .bss           0x0000000004000924       0x90 C:\Users\saiju\AppData\Local\Temp\ccgGid5s.ltrans7.ltrans.o
                0x0000000004000924                _ZL5_vcbs.7224
                0x0000000004000938                sToCoNet_AppContext
                0x0000000004000954                sToCoNet_Context
                0x000000000400099c                sAssocSecurity.13377
                0x00000000040009a8                g_bJenieBackwardsCompatibilityMode
 .bss           0x00000000040009b4        0x3 C:\Users\saiju\AppData\Local\Temp\ccgGid5s.ltrans8.ltrans.o
 *fill*         0x00000000040009b7        0x1 00
 .bss.dontinitinboot
                0x00000000040009b8        0xc C:\Users\saiju\AppData\Local\Temp\ccgGid5s.ltrans8.ltrans.o
 .bss           0x00000000040009c4       0x38 C:\Users\saiju\AppData\Local\Temp\ccgGid5s.ltrans9.ltrans.o
                0x00000000040009c4                sCh_Context.3250
                0x00000000040009c8                the_vhw
                0x00000000040009cc                the_vnet2
                0x00000000040009d0                the_vnet
                0x00000000040009d4                the_vapp
                0x00000000040009d8                asTx.26200
 .bss.initinboot
                0x00000000040009fc        0x1 C:\Users\saiju\AppData\Local\Temp\ccgGid5s.ltrans9.ltrans.o
 *fill*         0x00000000040009fd        0x3 00
 .bss           0x0000000004000a00      0x28c C:\Users\saiju\AppData\Local\Temp\ccgGid5s.ltrans10.ltrans.o
                0x0000000004000a00                u8AppId_Pkt_head.4562
                0x0000000004000a04                u32AppId.4559
                0x0000000004000a08                u32MyAddr.4561
                0x0000000004000a0c                bRxQueue_Init.4560
                0x0000000004000a10                psRxQueueList.4558
                0x0000000004000a24                asEventHandler.2331
                0x0000000004000ac4                sEvVars
                0x0000000004000ae0                u32TickCount_ms
                0x0000000004000ae4                au8Txdatabuff_idx_sTxQueue
                0x0000000004000ae8                u8TxBuffSiz_sTxQueue
                0x0000000004000aec                sTxdatabuff_sTxQueue
                0x0000000004000af0                sTxQueue
                0x0000000004000b0c                au8Rxdatabuff_idx_sRxQueue
                0x0000000004000b10                u8RxBuffSiz_sRxQueue
                0x0000000004000b14                sRxdatabuff_sRxQueue
                0x0000000004000b18                sRxQueue
                0x0000000004000b34                au8Rxdatabuff_idx_sRxQueueCmd
                0x0000000004000b38                u8RxBuffSiz_sRxQueueCmd
                0x0000000004000b3c                sRxdatabuff_sRxQueueCmd
                0x0000000004000b40                sRxQueueCmd.2782
                0x0000000004000b5c                sContext.4683
                0x0000000004000b88                the_twelite
                0x0000000004000c20                sToCoNet_Modules
 .bss           0x0000000004000c8c        0x4 C:\Users\saiju\AppData\Local\Temp\ccgGid5s.ltrans11.ltrans.o
 .bss           0x0000000004000c90      0x728 C:\Users\saiju\AppData\Local\Temp\ccgGid5s.ltrans12.ltrans.o
                0x0000000004000c90                pvPostFunc.2345
                0x0000000004000c94                u32PostArg.2344
                0x0000000004000c98                evPost.2343
                0x0000000004000c9c                prSpiAppCallback.24658
                0x0000000004000ca0                prSiAppCallback.25871
                0x0000000004000ca4                prAppMcpsCallback.3616
                0x0000000004000ca8                prAppMlmeCallback.3617
 .bss.initinboot
                0x00000000040013b8        0x4 C:\Users\saiju\AppData\Local\Temp\ccgGid5s.ltrans12.ltrans.o
                0x00000000040013b8                prSysCtrlAppCallback.24861
 .bss           0x00000000040013bc       0xbc C:\Users\saiju\AppData\Local\Temp\ccgGid5s.ltrans13.ltrans.o
                0x00000000040013bc                prUart1AppCallback.25325
                0x00000000040013c0                prUart0AppCallback.25324
                0x00000000040013c4                asUARTS.4858
                0x00000000040013e4                sOpt.4865
                0x00000000040013f4                asSerialPorts
                0x000000000400142c                _psSerial
 .bss           0x0000000004001478       0x24 C:\Users\saiju\AppData\Local\Temp\ccgGid5s.ltrans14.ltrans.o
                0x0000000004001478                gbTimeOutFlag.24857
                0x0000000004001479                bTxEventQueued.20493
                0x000000000400147a                u8TxEventStatus.20494
                0x000000000400147c                sAppHousekeeping
                0x0000000004001494                prApAppCallback.24424
                0x0000000004001498                bIntEnableFlag.24421
 .bss.initinboot
                0x000000000400149c        0x8 C:\Users\saiju\AppData\Local\Temp\ccgGid5s.ltrans15.ltrans.o
                0x000000000400149c                g_u32MacAddrLocation
                0x00000000040014a0                prvUserTxStartedCallback
 .bss           0x00000000040014a4       0x40 C:\Users\saiju\AppData\Local\Temp\ccgGid5s.ltrans16.ltrans.o
                0x00000000040014a4                g_sXcv
                0x00000000040014a8                prMcpsRequest.9760
                0x00000000040014ac                prMlmeRequest.9759
                0x00000000040014b0                prOriginalHandler.4693
                0x00000000040014b4                Serial
 .bss           0x00000000040014e4       0x14 C:\Users\saiju\AppData\Local\Temp\ccgGid5s.ltrans17.ltrans.o
                0x00000000040014e4                s_sTimerList
                0x00000000040014f4                u8AssocResponsesInProgress.13376
 .bss           0x00000000040014f8       0x24 C:\Users\saiju\AppData\Local\Temp\ccgGid5s.ltrans18.ltrans.o
                0x00000000040014f8                apfTimerAppCallback.25070
                0x000000000400150c                prTickTimeAppCallback
                0x0000000004001510                au16TimerSettings.25019
 .bss           0x000000000400151c       0xe8 C:\Users\saiju\AppData\Local\Temp\ccgGid5s.ltrans19.ltrans.o
                0x000000000400151c                the_mac
                0x0000000004001538                Timer4
                0x0000000004001540                Timer3
                0x0000000004001548                Timer2
                0x0000000004001550                Timer1
                0x0000000004001558                Timer0
                0x0000000004001560                Analogue
                0x0000000004001578                SPI
                0x000000000400157c                Wire
                0x0000000004001594                SerialParser
                0x00000000040015d0                Serial1
                0x00000000040015f0                Buttons
                0x00000000040015f8                PulseCounter1
                0x00000000040015fc                PulseCounter0
 .bss.dontinitinboot
                0x0000000004001604       0x40 C:/MWSTAGE/MWSDK/ChipLib/SW4063V1416/Components/Library\libBoot_JN516x.a(ExceptionHandler.o)
                0x0000000004001604                isr_handlers
 *(.bss.*)
 *(.scommon*)
 *(.scommon.*)
 *(COMMON)
                0x0000000004001644                . = ALIGN (0x4)
                0x0000000004001644                _bss_end = ABSOLUTE (.)

.heap           0x0000000004001644      0xd16 load address 0x000000000009099c
                0x0000000004001644                _heap_start = ABSOLUTE (.)
                0x000000000400235a                . = (. + _minimum_heap_size)
 *fill*         0x0000000004001644      0xd16 00

.stack          0x0000000004007800      0x800 load address 0x0000000000096b58
                0x0000000004007800                _heap_end = ABSOLUTE (.)
                0x0000000004007800                _stack_low_water_mark = ABSOLUTE (.)
                0x0000000004008000                . = (. + _stack_size)
 *fill*         0x0000000004007800      0x800 00

.test           0x000000000008f3b8        0x1
                0x000000000008f3b8        0x1 BYTE 0xff
                0x000000000008f3a4                _flash_data_start = LOADADDR (.data)
                0x0000000000000014                _ram_data_len = (((_ram_data_end - _ram_data_start) + 0x3) & 0xfffffffffffffffc)
                0x00000000000015e4                _bss_len = (((_bss_end - _bss_start) + 0x3) & 0xfffffffffffffffc)
                0x000000000000f3b8                _image_len = ((((_flash_end - _flash_start) + _ram_data_len) + 0x3) & 0xfffffffffffffffc)
                0x0000000004008000                _ram_top = (ABSOLUTE (ORIGIN (ram)) + 0x7fb4)
                0x0000000004008000                ram_top = (ABSOLUTE (ORIGIN (ram)) + 0x7fb4)
                0x0000000001001580                _app_ram_start = 0x1001580
                0x0000000004000050                PROVIDE (_heap_location, u32HeapStart)
                0x0000000004000050                PROVIDE (heap_location, u32HeapStart)
                0x00000000000878c0                TSV_eOpenVector = TSV_eOpen
                0x0000000000087441                TSV_eStartVector = TSV_eStart
                0x000000000008bed6                TSV_eStopVector = TSV_eStop
                0x000000000008ca8f                pvAppApiGetMacHandle = pvAppApiDefGetMacHandle
                0x000000000008b8a8                u32AppApiInit = u32AppApiDefInit
                0x000000000008ca64                vAppApiMlmeRequest = vAppApiDefMlmeRequest
                0x0000000000087b7d                vAppApiMcpsRequest = vAppApiDefMcpsRequest
                0x0000000000087b24                eAppApiPlmeSet = eAppApiDefPlmeSet
                0x0000000000087ad2                eAppApiPlmeGet = eAppApiDefPlmeGet
                0x0000000000087ac9                pvAppApiGetMacAddrLocation = pvAppApiDefGetMacAddrLocation
                0x0000000000087999                vAppApiSaveMacSettings = vAppApiDefSaveMacSettings
                0x00000000000878c8                vAppApiRestoreMacSettings = vAppApiDefRestoreMacSettings
OUTPUT(objs_BLUE/master_BLUE_L1305_V0-1-0.elf elf32-ba)

.comment        0x0000000000000000       0x11
 .comment       0x0000000000000000       0x12 C:\Users\saiju\AppData\Local\Temp\ccgGid5s.ltrans0.ltrans.o
 .comment       0x0000000000000000       0x12 C:\Users\saiju\AppData\Local\Temp\ccgGid5s.ltrans1.ltrans.o
 .comment       0x0000000000000000       0x12 C:\Users\saiju\AppData\Local\Temp\ccgGid5s.ltrans2.ltrans.o
 .comment       0x0000000000000000       0x12 C:\Users\saiju\AppData\Local\Temp\ccgGid5s.ltrans3.ltrans.o
 .comment       0x0000000000000000       0x12 C:\Users\saiju\AppData\Local\Temp\ccgGid5s.ltrans4.ltrans.o
 .comment       0x0000000000000000       0x12 C:\Users\saiju\AppData\Local\Temp\ccgGid5s.ltrans5.ltrans.o
 .comment       0x0000000000000000       0x12 C:\Users\saiju\AppData\Local\Temp\ccgGid5s.ltrans6.ltrans.o
 .comment       0x0000000000000000       0x12 C:\Users\saiju\AppData\Local\Temp\ccgGid5s.ltrans7.ltrans.o
 .comment       0x0000000000000000       0x12 C:\Users\saiju\AppData\Local\Temp\ccgGid5s.ltrans8.ltrans.o
 .comment       0x0000000000000000       0x12 C:\Users\saiju\AppData\Local\Temp\ccgGid5s.ltrans9.ltrans.o
 .comment       0x0000000000000000       0x12 C:\Users\saiju\AppData\Local\Temp\ccgGid5s.ltrans10.ltrans.o
 .comment       0x0000000000000000       0x12 C:\Users\saiju\AppData\Local\Temp\ccgGid5s.ltrans11.ltrans.o
 .comment       0x0000000000000000       0x12 C:\Users\saiju\AppData\Local\Temp\ccgGid5s.ltrans12.ltrans.o
 .comment       0x0000000000000000       0x12 C:\Users\saiju\AppData\Local\Temp\ccgGid5s.ltrans13.ltrans.o
 .comment       0x0000000000000000       0x12 C:\Users\saiju\AppData\Local\Temp\ccgGid5s.ltrans14.ltrans.o
 .comment       0x0000000000000000       0x12 C:\Users\saiju\AppData\Local\Temp\ccgGid5s.ltrans15.ltrans.o
 .comment       0x0000000000000000       0x12 C:\Users\saiju\AppData\Local\Temp\ccgGid5s.ltrans16.ltrans.o
 .comment       0x0000000000000000       0x12 C:\Users\saiju\AppData\Local\Temp\ccgGid5s.ltrans17.ltrans.o
 .comment       0x0000000000000000       0x12 C:\Users\saiju\AppData\Local\Temp\ccgGid5s.ltrans18.ltrans.o
 .comment       0x0000000000000000       0x12 C:\Users\saiju\AppData\Local\Temp\ccgGid5s.ltrans19.ltrans.o
 .comment       0x0000000000000000       0x12 c:/mwstage/tools/ba-elf-ba2-r36379.w10/bin/../lib/gcc/ba-elf/4.7.4/../../../../ba-elf/lib/mcpu_jn51xx_sizeopt\libc.a(lib_a-memcmp.o)
 .comment       0x0000000000000000       0x12 c:/mwstage/tools/ba-elf-ba2-r36379.w10/bin/../lib/gcc/ba-elf/4.7.4/../../../../ba-elf/lib/mcpu_jn51xx_sizeopt\libc.a(lib_a-memcpy.o)
 .comment       0x0000000000000000       0x12 c:/mwstage/tools/ba-elf-ba2-r36379.w10/bin/../lib/gcc/ba-elf/4.7.4/mcpu_jn51xx_sizeopt\libgcc.a(_fixunsdfsi.o)
 .comment       0x0000000000000000       0x12 c:/mwstage/tools/ba-elf-ba2-r36379.w10/bin/../lib/gcc/ba-elf/4.7.4/mcpu_jn51xx_sizeopt\libgcc.a(_udivdi3.o)
 .comment       0x0000000000000000       0x12 c:/mwstage/tools/ba-elf-ba2-r36379.w10/bin/../lib/gcc/ba-elf/4.7.4/mcpu_jn51xx_sizeopt\libgcc.a(_umoddi3.o)
 .comment       0x0000000000000000       0x12 c:/mwstage/tools/ba-elf-ba2-r36379.w10/bin/../lib/gcc/ba-elf/4.7.4/mcpu_jn51xx_sizeopt\libgcc.a(adddf3.o)
 .comment       0x0000000000000000       0x12 c:/mwstage/tools/ba-elf-ba2-r36379.w10/bin/../lib/gcc/ba-elf/4.7.4/mcpu_jn51xx_sizeopt\libgcc.a(divdf3.o)
 .comment       0x0000000000000000       0x12 c:/mwstage/tools/ba-elf-ba2-r36379.w10/bin/../lib/gcc/ba-elf/4.7.4/mcpu_jn51xx_sizeopt\libgcc.a(eqdf2.o)
 .comment       0x0000000000000000       0x12 c:/mwstage/tools/ba-elf-ba2-r36379.w10/bin/../lib/gcc/ba-elf/4.7.4/mcpu_jn51xx_sizeopt\libgcc.a(gedf2.o)
 .comment       0x0000000000000000       0x12 c:/mwstage/tools/ba-elf-ba2-r36379.w10/bin/../lib/gcc/ba-elf/4.7.4/mcpu_jn51xx_sizeopt\libgcc.a(ledf2.o)
 .comment       0x0000000000000000       0x12 c:/mwstage/tools/ba-elf-ba2-r36379.w10/bin/../lib/gcc/ba-elf/4.7.4/mcpu_jn51xx_sizeopt\libgcc.a(muldf3.o)
 .comment       0x0000000000000000       0x12 c:/mwstage/tools/ba-elf-ba2-r36379.w10/bin/../lib/gcc/ba-elf/4.7.4/mcpu_jn51xx_sizeopt\libgcc.a(subdf3.o)
 .comment       0x0000000000000000       0x12 c:/mwstage/tools/ba-elf-ba2-r36379.w10/bin/../lib/gcc/ba-elf/4.7.4/mcpu_jn51xx_sizeopt\libgcc.a(fixdfsi.o)
 .comment       0x0000000000000000       0x12 c:/mwstage/tools/ba-elf-ba2-r36379.w10/bin/../lib/gcc/ba-elf/4.7.4/mcpu_jn51xx_sizeopt\libgcc.a(floatsidf.o)
 .comment       0x0000000000000000       0x12 c:/mwstage/tools/ba-elf-ba2-r36379.w10/bin/../lib/gcc/ba-elf/4.7.4/mcpu_jn51xx_sizeopt\libgcc.a(floatunsidf.o)
 .comment       0x0000000000000000       0x11 C:/MWSTAGE/MWSDK/ChipLib/SW4063V1416/Components/Library\libMicroSpecific_JN516x.a(MicroSyscall_ba.o)
                                         0x12 (size before relaxing)
 .comment       0x0000000000000000       0x12 c:/mwstage/tools/ba-elf-ba2-r36379.w10/bin/../lib/gcc/ba-elf/4.7.4/../../../../ba-elf/lib/mcpu_jn51xx_sizeopt\libc.a(lib_a-memset.o)
 .comment       0x0000000000000000       0x12 c:/mwstage/tools/ba-elf-ba2-r36379.w10/bin/../lib/gcc/ba-elf/4.7.4/../../../../ba-elf/lib/mcpu_jn51xx_sizeopt\libc.a(lib_a-strncmp.o)

.debug_info     0x0000000000000000     0x3526
 .debug_info    0x0000000000000000       0xf3 c:/mwstage/tools/ba-elf-ba2-r36379.w10/bin/../lib/gcc/ba-elf/4.7.4/../../../../ba-elf/lib/mcpu_jn51xx_sizeopt\libc.a(lib_a-memcmp.o)
 .debug_info    0x00000000000000f3      0x106 c:/mwstage/tools/ba-elf-ba2-r36379.w10/bin/../lib/gcc/ba-elf/4.7.4/../../../../ba-elf/lib/mcpu_jn51xx_sizeopt\libc.a(lib_a-memcpy.o)
 .debug_info    0x00000000000001f9       0xb7 c:/mwstage/tools/ba-elf-ba2-r36379.w10/bin/../lib/gcc/ba-elf/4.7.4/mcpu_jn51xx_sizeopt\libgcc.a(__udivsi3.o)
 .debug_info    0x00000000000002b0       0xb7 c:/mwstage/tools/ba-elf-ba2-r36379.w10/bin/../lib/gcc/ba-elf/4.7.4/mcpu_jn51xx_sizeopt\libgcc.a(__divsi3.o)
 .debug_info    0x0000000000000367       0xb7 c:/mwstage/tools/ba-elf-ba2-r36379.w10/bin/../lib/gcc/ba-elf/4.7.4/mcpu_jn51xx_sizeopt\libgcc.a(__umodsi3.o)
 .debug_info    0x000000000000041e       0xb7 c:/mwstage/tools/ba-elf-ba2-r36379.w10/bin/../lib/gcc/ba-elf/4.7.4/mcpu_jn51xx_sizeopt\libgcc.a(__modsi3.o)
 .debug_info    0x00000000000004d5       0xd3 c:/mwstage/tools/ba-elf-ba2-r36379.w10/bin/../lib/gcc/ba-elf/4.7.4/mcpu_jn51xx_sizeopt\libgcc.a(_fixunsdfsi.o)
 .debug_info    0x00000000000005a8      0x648 c:/mwstage/tools/ba-elf-ba2-r36379.w10/bin/../lib/gcc/ba-elf/4.7.4/mcpu_jn51xx_sizeopt\libgcc.a(_udivdi3.o)
 .debug_info    0x0000000000000bf0      0x69d c:/mwstage/tools/ba-elf-ba2-r36379.w10/bin/../lib/gcc/ba-elf/4.7.4/mcpu_jn51xx_sizeopt\libgcc.a(_umoddi3.o)
 .debug_info    0x000000000000128d      0x4b2 c:/mwstage/tools/ba-elf-ba2-r36379.w10/bin/../lib/gcc/ba-elf/4.7.4/mcpu_jn51xx_sizeopt\libgcc.a(adddf3.o)
 .debug_info    0x000000000000173f      0x5c5 c:/mwstage/tools/ba-elf-ba2-r36379.w10/bin/../lib/gcc/ba-elf/4.7.4/mcpu_jn51xx_sizeopt\libgcc.a(divdf3.o)
 .debug_info    0x0000000000001d04      0x1e7 c:/mwstage/tools/ba-elf-ba2-r36379.w10/bin/../lib/gcc/ba-elf/4.7.4/mcpu_jn51xx_sizeopt\libgcc.a(eqdf2.o)
 .debug_info    0x0000000000001eeb      0x20b c:/mwstage/tools/ba-elf-ba2-r36379.w10/bin/../lib/gcc/ba-elf/4.7.4/mcpu_jn51xx_sizeopt\libgcc.a(gedf2.o)
 .debug_info    0x00000000000020f6      0x20b c:/mwstage/tools/ba-elf-ba2-r36379.w10/bin/../lib/gcc/ba-elf/4.7.4/mcpu_jn51xx_sizeopt\libgcc.a(ledf2.o)
 .debug_info    0x0000000000002301      0x5c7 c:/mwstage/tools/ba-elf-ba2-r36379.w10/bin/../lib/gcc/ba-elf/4.7.4/mcpu_jn51xx_sizeopt\libgcc.a(muldf3.o)
 .debug_info    0x00000000000028c8      0x4b2 c:/mwstage/tools/ba-elf-ba2-r36379.w10/bin/../lib/gcc/ba-elf/4.7.4/mcpu_jn51xx_sizeopt\libgcc.a(subdf3.o)
 .debug_info    0x0000000000002d7a      0x1b7 c:/mwstage/tools/ba-elf-ba2-r36379.w10/bin/../lib/gcc/ba-elf/4.7.4/mcpu_jn51xx_sizeopt\libgcc.a(fixdfsi.o)
 .debug_info    0x0000000000002f31      0x1d6 c:/mwstage/tools/ba-elf-ba2-r36379.w10/bin/../lib/gcc/ba-elf/4.7.4/mcpu_jn51xx_sizeopt\libgcc.a(floatsidf.o)
 .debug_info    0x0000000000003107      0x1cb c:/mwstage/tools/ba-elf-ba2-r36379.w10/bin/../lib/gcc/ba-elf/4.7.4/mcpu_jn51xx_sizeopt\libgcc.a(floatunsidf.o)
 .debug_info    0x00000000000032d2       0xaa C:/MWSTAGE/MWSDK/ChipLib/SW4063V1416/Components/Library\libBoot_JN516x.a(ExceptionHandler.o)
 .debug_info    0x000000000000337c       0xd7 c:/mwstage/tools/ba-elf-ba2-r36379.w10/bin/../lib/gcc/ba-elf/4.7.4/../../../../ba-elf/lib/mcpu_jn51xx_sizeopt\libc.a(lib_a-memset.o)
 .debug_info    0x0000000000003453       0xd3 c:/mwstage/tools/ba-elf-ba2-r36379.w10/bin/../lib/gcc/ba-elf/4.7.4/../../../../ba-elf/lib/mcpu_jn51xx_sizeopt\libc.a(lib_a-strncmp.o)

.debug_abbrev   0x0000000000000000     0x11ae
 .debug_abbrev  0x0000000000000000       0x8e c:/mwstage/tools/ba-elf-ba2-r36379.w10/bin/../lib/gcc/ba-elf/4.7.4/../../../../ba-elf/lib/mcpu_jn51xx_sizeopt\libc.a(lib_a-memcmp.o)
 .debug_abbrev  0x000000000000008e       0xa4 c:/mwstage/tools/ba-elf-ba2-r36379.w10/bin/../lib/gcc/ba-elf/4.7.4/../../../../ba-elf/lib/mcpu_jn51xx_sizeopt\libc.a(lib_a-memcpy.o)
 .debug_abbrev  0x0000000000000132       0x14 c:/mwstage/tools/ba-elf-ba2-r36379.w10/bin/../lib/gcc/ba-elf/4.7.4/mcpu_jn51xx_sizeopt\libgcc.a(__udivsi3.o)
 .debug_abbrev  0x0000000000000146       0x14 c:/mwstage/tools/ba-elf-ba2-r36379.w10/bin/../lib/gcc/ba-elf/4.7.4/mcpu_jn51xx_sizeopt\libgcc.a(__divsi3.o)
 .debug_abbrev  0x000000000000015a       0x14 c:/mwstage/tools/ba-elf-ba2-r36379.w10/bin/../lib/gcc/ba-elf/4.7.4/mcpu_jn51xx_sizeopt\libgcc.a(__umodsi3.o)
 .debug_abbrev  0x000000000000016e       0x14 c:/mwstage/tools/ba-elf-ba2-r36379.w10/bin/../lib/gcc/ba-elf/4.7.4/mcpu_jn51xx_sizeopt\libgcc.a(__modsi3.o)
 .debug_abbrev  0x0000000000000182       0x60 c:/mwstage/tools/ba-elf-ba2-r36379.w10/bin/../lib/gcc/ba-elf/4.7.4/mcpu_jn51xx_sizeopt\libgcc.a(_fixunsdfsi.o)
 .debug_abbrev  0x00000000000001e2      0x15d c:/mwstage/tools/ba-elf-ba2-r36379.w10/bin/../lib/gcc/ba-elf/4.7.4/mcpu_jn51xx_sizeopt\libgcc.a(_udivdi3.o)
 .debug_abbrev  0x000000000000033f      0x175 c:/mwstage/tools/ba-elf-ba2-r36379.w10/bin/../lib/gcc/ba-elf/4.7.4/mcpu_jn51xx_sizeopt\libgcc.a(_umoddi3.o)
 .debug_abbrev  0x00000000000004b4      0x133 c:/mwstage/tools/ba-elf-ba2-r36379.w10/bin/../lib/gcc/ba-elf/4.7.4/mcpu_jn51xx_sizeopt\libgcc.a(adddf3.o)
 .debug_abbrev  0x00000000000005e7      0x12f c:/mwstage/tools/ba-elf-ba2-r36379.w10/bin/../lib/gcc/ba-elf/4.7.4/mcpu_jn51xx_sizeopt\libgcc.a(divdf3.o)
 .debug_abbrev  0x0000000000000716      0x128 c:/mwstage/tools/ba-elf-ba2-r36379.w10/bin/../lib/gcc/ba-elf/4.7.4/mcpu_jn51xx_sizeopt\libgcc.a(eqdf2.o)
 .debug_abbrev  0x000000000000083e      0x137 c:/mwstage/tools/ba-elf-ba2-r36379.w10/bin/../lib/gcc/ba-elf/4.7.4/mcpu_jn51xx_sizeopt\libgcc.a(gedf2.o)
 .debug_abbrev  0x0000000000000975      0x139 c:/mwstage/tools/ba-elf-ba2-r36379.w10/bin/../lib/gcc/ba-elf/4.7.4/mcpu_jn51xx_sizeopt\libgcc.a(ledf2.o)
 .debug_abbrev  0x0000000000000aae      0x141 c:/mwstage/tools/ba-elf-ba2-r36379.w10/bin/../lib/gcc/ba-elf/4.7.4/mcpu_jn51xx_sizeopt\libgcc.a(muldf3.o)
 .debug_abbrev  0x0000000000000bef      0x133 c:/mwstage/tools/ba-elf-ba2-r36379.w10/bin/../lib/gcc/ba-elf/4.7.4/mcpu_jn51xx_sizeopt\libgcc.a(subdf3.o)
 .debug_abbrev  0x0000000000000d22      0x12a c:/mwstage/tools/ba-elf-ba2-r36379.w10/bin/../lib/gcc/ba-elf/4.7.4/mcpu_jn51xx_sizeopt\libgcc.a(fixdfsi.o)
 .debug_abbrev  0x0000000000000e4c      0x128 c:/mwstage/tools/ba-elf-ba2-r36379.w10/bin/../lib/gcc/ba-elf/4.7.4/mcpu_jn51xx_sizeopt\libgcc.a(floatsidf.o)
 .debug_abbrev  0x0000000000000f74      0x128 c:/mwstage/tools/ba-elf-ba2-r36379.w10/bin/../lib/gcc/ba-elf/4.7.4/mcpu_jn51xx_sizeopt\libgcc.a(floatunsidf.o)
 .debug_abbrev  0x000000000000109c       0x14 C:/MWSTAGE/MWSDK/ChipLib/SW4063V1416/Components/Library\libBoot_JN516x.a(ExceptionHandler.o)
 .debug_abbrev  0x00000000000010b0       0x8e c:/mwstage/tools/ba-elf-ba2-r36379.w10/bin/../lib/gcc/ba-elf/4.7.4/../../../../ba-elf/lib/mcpu_jn51xx_sizeopt\libc.a(lib_a-memset.o)
 .debug_abbrev  0x000000000000113e       0x70 c:/mwstage/tools/ba-elf-ba2-r36379.w10/bin/../lib/gcc/ba-elf/4.7.4/../../../../ba-elf/lib/mcpu_jn51xx_sizeopt\libc.a(lib_a-strncmp.o)

.debug_loc      0x0000000000000000     0x59f6
 .debug_loc     0x0000000000000000       0x73 c:/mwstage/tools/ba-elf-ba2-r36379.w10/bin/../lib/gcc/ba-elf/4.7.4/../../../../ba-elf/lib/mcpu_jn51xx_sizeopt\libc.a(lib_a-memcmp.o)
 .debug_loc     0x0000000000000073       0x39 c:/mwstage/tools/ba-elf-ba2-r36379.w10/bin/../lib/gcc/ba-elf/4.7.4/../../../../ba-elf/lib/mcpu_jn51xx_sizeopt\libc.a(lib_a-memcpy.o)
 .debug_loc     0x00000000000000ac       0x48 c:/mwstage/tools/ba-elf-ba2-r36379.w10/bin/../lib/gcc/ba-elf/4.7.4/mcpu_jn51xx_sizeopt\libgcc.a(_fixunsdfsi.o)
 .debug_loc     0x00000000000000f4      0xa7b c:/mwstage/tools/ba-elf-ba2-r36379.w10/bin/../lib/gcc/ba-elf/4.7.4/mcpu_jn51xx_sizeopt\libgcc.a(_udivdi3.o)
 .debug_loc     0x0000000000000b6f      0x985 c:/mwstage/tools/ba-elf-ba2-r36379.w10/bin/../lib/gcc/ba-elf/4.7.4/mcpu_jn51xx_sizeopt\libgcc.a(_umoddi3.o)
 .debug_loc     0x00000000000014f4     0x10f3 c:/mwstage/tools/ba-elf-ba2-r36379.w10/bin/../lib/gcc/ba-elf/4.7.4/mcpu_jn51xx_sizeopt\libgcc.a(adddf3.o)
 .debug_loc     0x00000000000025e7     0x117e c:/mwstage/tools/ba-elf-ba2-r36379.w10/bin/../lib/gcc/ba-elf/4.7.4/mcpu_jn51xx_sizeopt\libgcc.a(divdf3.o)
 .debug_loc     0x0000000000003765       0x83 c:/mwstage/tools/ba-elf-ba2-r36379.w10/bin/../lib/gcc/ba-elf/4.7.4/mcpu_jn51xx_sizeopt\libgcc.a(eqdf2.o)
 .debug_loc     0x00000000000037e8      0x154 c:/mwstage/tools/ba-elf-ba2-r36379.w10/bin/../lib/gcc/ba-elf/4.7.4/mcpu_jn51xx_sizeopt\libgcc.a(gedf2.o)
 .debug_loc     0x000000000000393c       0xe6 c:/mwstage/tools/ba-elf-ba2-r36379.w10/bin/../lib/gcc/ba-elf/4.7.4/mcpu_jn51xx_sizeopt\libgcc.a(ledf2.o)
 .debug_loc     0x0000000000003a22      0xa0e c:/mwstage/tools/ba-elf-ba2-r36379.w10/bin/../lib/gcc/ba-elf/4.7.4/mcpu_jn51xx_sizeopt\libgcc.a(muldf3.o)
 .debug_loc     0x0000000000004430     0x114e c:/mwstage/tools/ba-elf-ba2-r36379.w10/bin/../lib/gcc/ba-elf/4.7.4/mcpu_jn51xx_sizeopt\libgcc.a(subdf3.o)
 .debug_loc     0x000000000000557e       0xa8 c:/mwstage/tools/ba-elf-ba2-r36379.w10/bin/../lib/gcc/ba-elf/4.7.4/mcpu_jn51xx_sizeopt\libgcc.a(fixdfsi.o)
 .debug_loc     0x0000000000005626      0x1be c:/mwstage/tools/ba-elf-ba2-r36379.w10/bin/../lib/gcc/ba-elf/4.7.4/mcpu_jn51xx_sizeopt\libgcc.a(floatsidf.o)
 .debug_loc     0x00000000000057e4      0x179 c:/mwstage/tools/ba-elf-ba2-r36379.w10/bin/../lib/gcc/ba-elf/4.7.4/mcpu_jn51xx_sizeopt\libgcc.a(floatunsidf.o)
 .debug_loc     0x000000000000595d       0x3f c:/mwstage/tools/ba-elf-ba2-r36379.w10/bin/../lib/gcc/ba-elf/4.7.4/../../../../ba-elf/lib/mcpu_jn51xx_sizeopt\libc.a(lib_a-memset.o)
 .debug_loc     0x000000000000599c       0x5a c:/mwstage/tools/ba-elf-ba2-r36379.w10/bin/../lib/gcc/ba-elf/4.7.4/../../../../ba-elf/lib/mcpu_jn51xx_sizeopt\libc.a(lib_a-strncmp.o)

.debug_aranges  0x0000000000000000      0x2c0
 .debug_aranges
                0x0000000000000000       0x20 c:/mwstage/tools/ba-elf-ba2-r36379.w10/bin/../lib/gcc/ba-elf/4.7.4/../../../../ba-elf/lib/mcpu_jn51xx_sizeopt\libc.a(lib_a-memcmp.o)
 .debug_aranges
                0x0000000000000020       0x20 c:/mwstage/tools/ba-elf-ba2-r36379.w10/bin/../lib/gcc/ba-elf/4.7.4/../../../../ba-elf/lib/mcpu_jn51xx_sizeopt\libc.a(lib_a-memcpy.o)
 .debug_aranges
                0x0000000000000040       0x20 c:/mwstage/tools/ba-elf-ba2-r36379.w10/bin/../lib/gcc/ba-elf/4.7.4/mcpu_jn51xx_sizeopt\libgcc.a(__udivsi3.o)
 .debug_aranges
                0x0000000000000060       0x20 c:/mwstage/tools/ba-elf-ba2-r36379.w10/bin/../lib/gcc/ba-elf/4.7.4/mcpu_jn51xx_sizeopt\libgcc.a(__divsi3.o)
 .debug_aranges
                0x0000000000000080       0x20 c:/mwstage/tools/ba-elf-ba2-r36379.w10/bin/../lib/gcc/ba-elf/4.7.4/mcpu_jn51xx_sizeopt\libgcc.a(__umodsi3.o)
 .debug_aranges
                0x00000000000000a0       0x20 c:/mwstage/tools/ba-elf-ba2-r36379.w10/bin/../lib/gcc/ba-elf/4.7.4/mcpu_jn51xx_sizeopt\libgcc.a(__modsi3.o)
 .debug_aranges
                0x00000000000000c0       0x20 c:/mwstage/tools/ba-elf-ba2-r36379.w10/bin/../lib/gcc/ba-elf/4.7.4/mcpu_jn51xx_sizeopt\libgcc.a(_fixunsdfsi.o)
 .debug_aranges
                0x00000000000000e0       0x20 c:/mwstage/tools/ba-elf-ba2-r36379.w10/bin/../lib/gcc/ba-elf/4.7.4/mcpu_jn51xx_sizeopt\libgcc.a(_udivdi3.o)
 .debug_aranges
                0x0000000000000100       0x20 c:/mwstage/tools/ba-elf-ba2-r36379.w10/bin/../lib/gcc/ba-elf/4.7.4/mcpu_jn51xx_sizeopt\libgcc.a(_umoddi3.o)
 .debug_aranges
                0x0000000000000120       0x20 c:/mwstage/tools/ba-elf-ba2-r36379.w10/bin/../lib/gcc/ba-elf/4.7.4/mcpu_jn51xx_sizeopt\libgcc.a(adddf3.o)
 .debug_aranges
                0x0000000000000140       0x20 c:/mwstage/tools/ba-elf-ba2-r36379.w10/bin/../lib/gcc/ba-elf/4.7.4/mcpu_jn51xx_sizeopt\libgcc.a(divdf3.o)
 .debug_aranges
                0x0000000000000160       0x20 c:/mwstage/tools/ba-elf-ba2-r36379.w10/bin/../lib/gcc/ba-elf/4.7.4/mcpu_jn51xx_sizeopt\libgcc.a(eqdf2.o)
 .debug_aranges
                0x0000000000000180       0x20 c:/mwstage/tools/ba-elf-ba2-r36379.w10/bin/../lib/gcc/ba-elf/4.7.4/mcpu_jn51xx_sizeopt\libgcc.a(gedf2.o)
 .debug_aranges
                0x00000000000001a0       0x20 c:/mwstage/tools/ba-elf-ba2-r36379.w10/bin/../lib/gcc/ba-elf/4.7.4/mcpu_jn51xx_sizeopt\libgcc.a(ledf2.o)
 .debug_aranges
                0x00000000000001c0       0x20 c:/mwstage/tools/ba-elf-ba2-r36379.w10/bin/../lib/gcc/ba-elf/4.7.4/mcpu_jn51xx_sizeopt\libgcc.a(muldf3.o)
 .debug_aranges
                0x00000000000001e0       0x20 c:/mwstage/tools/ba-elf-ba2-r36379.w10/bin/../lib/gcc/ba-elf/4.7.4/mcpu_jn51xx_sizeopt\libgcc.a(subdf3.o)
 .debug_aranges
                0x0000000000000200       0x20 c:/mwstage/tools/ba-elf-ba2-r36379.w10/bin/../lib/gcc/ba-elf/4.7.4/mcpu_jn51xx_sizeopt\libgcc.a(fixdfsi.o)
 .debug_aranges
                0x0000000000000220       0x20 c:/mwstage/tools/ba-elf-ba2-r36379.w10/bin/../lib/gcc/ba-elf/4.7.4/mcpu_jn51xx_sizeopt\libgcc.a(floatsidf.o)
 .debug_aranges
                0x0000000000000240       0x20 c:/mwstage/tools/ba-elf-ba2-r36379.w10/bin/../lib/gcc/ba-elf/4.7.4/mcpu_jn51xx_sizeopt\libgcc.a(floatunsidf.o)
 .debug_aranges
                0x0000000000000260       0x20 C:/MWSTAGE/MWSDK/ChipLib/SW4063V1416/Components/Library\libBoot_JN516x.a(ExceptionHandler.o)
 .debug_aranges
                0x0000000000000280       0x20 c:/mwstage/tools/ba-elf-ba2-r36379.w10/bin/../lib/gcc/ba-elf/4.7.4/../../../../ba-elf/lib/mcpu_jn51xx_sizeopt\libc.a(lib_a-memset.o)
 .debug_aranges
                0x00000000000002a0       0x20 c:/mwstage/tools/ba-elf-ba2-r36379.w10/bin/../lib/gcc/ba-elf/4.7.4/../../../../ba-elf/lib/mcpu_jn51xx_sizeopt\libc.a(lib_a-strncmp.o)

.debug_line     0x0000000000000000     0x2d38
 .debug_line    0x0000000000000000      0x15a c:/mwstage/tools/ba-elf-ba2-r36379.w10/bin/../lib/gcc/ba-elf/4.7.4/../../../../ba-elf/lib/mcpu_jn51xx_sizeopt\libc.a(lib_a-memcmp.o)
 .debug_line    0x000000000000015a      0x14e c:/mwstage/tools/ba-elf-ba2-r36379.w10/bin/../lib/gcc/ba-elf/4.7.4/../../../../ba-elf/lib/mcpu_jn51xx_sizeopt\libc.a(lib_a-memcpy.o)
 .debug_line    0x00000000000002a8      0x47b c:/mwstage/tools/ba-elf-ba2-r36379.w10/bin/../lib/gcc/ba-elf/4.7.4/mcpu_jn51xx_sizeopt\libgcc.a(__udivsi3.o)
 .debug_line    0x0000000000000723       0xbb c:/mwstage/tools/ba-elf-ba2-r36379.w10/bin/../lib/gcc/ba-elf/4.7.4/mcpu_jn51xx_sizeopt\libgcc.a(__divsi3.o)
 .debug_line    0x00000000000007de      0x3c7 c:/mwstage/tools/ba-elf-ba2-r36379.w10/bin/../lib/gcc/ba-elf/4.7.4/mcpu_jn51xx_sizeopt\libgcc.a(__umodsi3.o)
 .debug_line    0x0000000000000ba5       0xa3 c:/mwstage/tools/ba-elf-ba2-r36379.w10/bin/../lib/gcc/ba-elf/4.7.4/mcpu_jn51xx_sizeopt\libgcc.a(__modsi3.o)
 .debug_line    0x0000000000000c48       0x9f c:/mwstage/tools/ba-elf-ba2-r36379.w10/bin/../lib/gcc/ba-elf/4.7.4/mcpu_jn51xx_sizeopt\libgcc.a(_fixunsdfsi.o)
 .debug_line    0x0000000000000ce7      0x1b7 c:/mwstage/tools/ba-elf-ba2-r36379.w10/bin/../lib/gcc/ba-elf/4.7.4/mcpu_jn51xx_sizeopt\libgcc.a(_udivdi3.o)
 .debug_line    0x0000000000000e9e      0x1b7 c:/mwstage/tools/ba-elf-ba2-r36379.w10/bin/../lib/gcc/ba-elf/4.7.4/mcpu_jn51xx_sizeopt\libgcc.a(_umoddi3.o)
 .debug_line    0x0000000000001055      0x63d c:/mwstage/tools/ba-elf-ba2-r36379.w10/bin/../lib/gcc/ba-elf/4.7.4/mcpu_jn51xx_sizeopt\libgcc.a(adddf3.o)
 .debug_line    0x0000000000001692      0x3b5 c:/mwstage/tools/ba-elf-ba2-r36379.w10/bin/../lib/gcc/ba-elf/4.7.4/mcpu_jn51xx_sizeopt\libgcc.a(divdf3.o)
 .debug_line    0x0000000000001a47       0xf1 c:/mwstage/tools/ba-elf-ba2-r36379.w10/bin/../lib/gcc/ba-elf/4.7.4/mcpu_jn51xx_sizeopt\libgcc.a(eqdf2.o)
 .debug_line    0x0000000000001b38      0x15f c:/mwstage/tools/ba-elf-ba2-r36379.w10/bin/../lib/gcc/ba-elf/4.7.4/mcpu_jn51xx_sizeopt\libgcc.a(gedf2.o)
 .debug_line    0x0000000000001c97      0x15f c:/mwstage/tools/ba-elf-ba2-r36379.w10/bin/../lib/gcc/ba-elf/4.7.4/mcpu_jn51xx_sizeopt\libgcc.a(ledf2.o)
 .debug_line    0x0000000000001df6      0x269 c:/mwstage/tools/ba-elf-ba2-r36379.w10/bin/../lib/gcc/ba-elf/4.7.4/mcpu_jn51xx_sizeopt\libgcc.a(muldf3.o)
 .debug_line    0x000000000000205f      0x656 c:/mwstage/tools/ba-elf-ba2-r36379.w10/bin/../lib/gcc/ba-elf/4.7.4/mcpu_jn51xx_sizeopt\libgcc.a(subdf3.o)
 .debug_line    0x00000000000026b5       0xc8 c:/mwstage/tools/ba-elf-ba2-r36379.w10/bin/../lib/gcc/ba-elf/4.7.4/mcpu_jn51xx_sizeopt\libgcc.a(fixdfsi.o)
 .debug_line    0x000000000000277d       0xbc c:/mwstage/tools/ba-elf-ba2-r36379.w10/bin/../lib/gcc/ba-elf/4.7.4/mcpu_jn51xx_sizeopt\libgcc.a(floatsidf.o)
 .debug_line    0x0000000000002839       0xbe c:/mwstage/tools/ba-elf-ba2-r36379.w10/bin/../lib/gcc/ba-elf/4.7.4/mcpu_jn51xx_sizeopt\libgcc.a(floatunsidf.o)
 .debug_line    0x00000000000028f7      0x197 C:/MWSTAGE/MWSDK/ChipLib/SW4063V1416/Components/Library\libBoot_JN516x.a(ExceptionHandler.o)
 .debug_line    0x0000000000002a8e      0x144 c:/mwstage/tools/ba-elf-ba2-r36379.w10/bin/../lib/gcc/ba-elf/4.7.4/../../../../ba-elf/lib/mcpu_jn51xx_sizeopt\libc.a(lib_a-memset.o)
 .debug_line    0x0000000000002bd2      0x166 c:/mwstage/tools/ba-elf-ba2-r36379.w10/bin/../lib/gcc/ba-elf/4.7.4/../../../../ba-elf/lib/mcpu_jn51xx_sizeopt\libc.a(lib_a-strncmp.o)

.debug_str      0x0000000000000000      0x709
 .debug_str     0x0000000000000000       0x49 c:/mwstage/tools/ba-elf-ba2-r36379.w10/bin/../lib/gcc/ba-elf/4.7.4/../../../../ba-elf/lib/mcpu_jn51xx_sizeopt\libc.a(lib_a-memcmp.o)
                                        0x155 (size before relaxing)
 .debug_str     0x0000000000000049       0x5d c:/mwstage/tools/ba-elf-ba2-r36379.w10/bin/../lib/gcc/ba-elf/4.7.4/../../../../ba-elf/lib/mcpu_jn51xx_sizeopt\libc.a(lib_a-memcpy.o)
                                        0x169 (size before relaxing)
 .debug_str     0x00000000000000a6       0xc5 c:/mwstage/tools/ba-elf-ba2-r36379.w10/bin/../lib/gcc/ba-elf/4.7.4/mcpu_jn51xx_sizeopt\libgcc.a(_fixunsdfsi.o)
                                        0x169 (size before relaxing)
 .debug_str     0x000000000000016b       0x7b c:/mwstage/tools/ba-elf-ba2-r36379.w10/bin/../lib/gcc/ba-elf/4.7.4/mcpu_jn51xx_sizeopt\libgcc.a(_udivdi3.o)
                                        0x1d7 (size before relaxing)
 .debug_str     0x00000000000001e6        0xa c:/mwstage/tools/ba-elf-ba2-r36379.w10/bin/../lib/gcc/ba-elf/4.7.4/mcpu_jn51xx_sizeopt\libgcc.a(_umoddi3.o)
                                        0x1d7 (size before relaxing)
 .debug_str     0x00000000000001f0       0xc6 c:/mwstage/tools/ba-elf-ba2-r36379.w10/bin/../lib/gcc/ba-elf/4.7.4/mcpu_jn51xx_sizeopt\libgcc.a(adddf3.o)
                                        0x1ba (size before relaxing)
 .debug_str     0x00000000000002b6       0x7a c:/mwstage/tools/ba-elf-ba2-r36379.w10/bin/../lib/gcc/ba-elf/4.7.4/mcpu_jn51xx_sizeopt\libgcc.a(divdf3.o)
                                        0x1f9 (size before relaxing)
 .debug_str     0x0000000000000330       0x3f c:/mwstage/tools/ba-elf-ba2-r36379.w10/bin/../lib/gcc/ba-elf/4.7.4/mcpu_jn51xx_sizeopt\libgcc.a(eqdf2.o)
                                        0x16e (size before relaxing)
 .debug_str     0x000000000000036f       0x57 c:/mwstage/tools/ba-elf-ba2-r36379.w10/bin/../lib/gcc/ba-elf/4.7.4/mcpu_jn51xx_sizeopt\libgcc.a(gedf2.o)
                                        0x186 (size before relaxing)
 .debug_str     0x00000000000003c6       0x3f c:/mwstage/tools/ba-elf-ba2-r36379.w10/bin/../lib/gcc/ba-elf/4.7.4/mcpu_jn51xx_sizeopt\libgcc.a(ledf2.o)
                                        0x186 (size before relaxing)
 .debug_str     0x0000000000000405       0x72 c:/mwstage/tools/ba-elf-ba2-r36379.w10/bin/../lib/gcc/ba-elf/4.7.4/mcpu_jn51xx_sizeopt\libgcc.a(muldf3.o)
                                        0x1eb (size before relaxing)
 .debug_str     0x0000000000000477       0x41 c:/mwstage/tools/ba-elf-ba2-r36379.w10/bin/../lib/gcc/ba-elf/4.7.4/mcpu_jn51xx_sizeopt\libgcc.a(subdf3.o)
                                        0x1ba (size before relaxing)
 .debug_str     0x00000000000004b8       0x4b c:/mwstage/tools/ba-elf-ba2-r36379.w10/bin/../lib/gcc/ba-elf/4.7.4/mcpu_jn51xx_sizeopt\libgcc.a(fixdfsi.o)
                                        0x17f (size before relaxing)
 .debug_str     0x0000000000000503       0x54 c:/mwstage/tools/ba-elf-ba2-r36379.w10/bin/../lib/gcc/ba-elf/4.7.4/mcpu_jn51xx_sizeopt\libgcc.a(floatsidf.o)
                                        0x188 (size before relaxing)
 .debug_str     0x0000000000000557       0x4b c:/mwstage/tools/ba-elf-ba2-r36379.w10/bin/../lib/gcc/ba-elf/4.7.4/mcpu_jn51xx_sizeopt\libgcc.a(floatunsidf.o)
                                        0x185 (size before relaxing)
 .debug_str     0x00000000000005a2      0x11c c:/mwstage/tools/ba-elf-ba2-r36379.w10/bin/../lib/gcc/ba-elf/4.7.4/../../../../ba-elf/lib/mcpu_jn51xx_sizeopt\libc.a(lib_a-memset.o)
                                        0x155 (size before relaxing)
 .debug_str     0x00000000000006be       0x4b c:/mwstage/tools/ba-elf-ba2-r36379.w10/bin/../lib/gcc/ba-elf/4.7.4/../../../../ba-elf/lib/mcpu_jn51xx_sizeopt\libc.a(lib_a-strncmp.o)
                                        0x157 (size before relaxing)

.debug_frame    0x0000000000000000      0x26c
 .debug_frame   0x0000000000000000       0x20 c:/mwstage/tools/ba-elf-ba2-r36379.w10/bin/../lib/gcc/ba-elf/4.7.4/../../../../ba-elf/lib/mcpu_jn51xx_sizeopt\libc.a(lib_a-memcmp.o)
 .debug_frame   0x0000000000000020       0x20 c:/mwstage/tools/ba-elf-ba2-r36379.w10/bin/../lib/gcc/ba-elf/4.7.4/../../../../ba-elf/lib/mcpu_jn51xx_sizeopt\libc.a(lib_a-memcpy.o)
 .debug_frame   0x0000000000000040       0x2c c:/mwstage/tools/ba-elf-ba2-r36379.w10/bin/../lib/gcc/ba-elf/4.7.4/mcpu_jn51xx_sizeopt\libgcc.a(_fixunsdfsi.o)
 .debug_frame   0x000000000000006c       0x30 c:/mwstage/tools/ba-elf-ba2-r36379.w10/bin/../lib/gcc/ba-elf/4.7.4/mcpu_jn51xx_sizeopt\libgcc.a(adddf3.o)
 .debug_frame   0x000000000000009c       0x34 c:/mwstage/tools/ba-elf-ba2-r36379.w10/bin/../lib/gcc/ba-elf/4.7.4/mcpu_jn51xx_sizeopt\libgcc.a(divdf3.o)
 .debug_frame   0x00000000000000d0       0x30 c:/mwstage/tools/ba-elf-ba2-r36379.w10/bin/../lib/gcc/ba-elf/4.7.4/mcpu_jn51xx_sizeopt\libgcc.a(eqdf2.o)
 .debug_frame   0x0000000000000100       0x34 c:/mwstage/tools/ba-elf-ba2-r36379.w10/bin/../lib/gcc/ba-elf/4.7.4/mcpu_jn51xx_sizeopt\libgcc.a(gedf2.o)
 .debug_frame   0x0000000000000134       0x34 c:/mwstage/tools/ba-elf-ba2-r36379.w10/bin/../lib/gcc/ba-elf/4.7.4/mcpu_jn51xx_sizeopt\libgcc.a(ledf2.o)
 .debug_frame   0x0000000000000168       0x34 c:/mwstage/tools/ba-elf-ba2-r36379.w10/bin/../lib/gcc/ba-elf/4.7.4/mcpu_jn51xx_sizeopt\libgcc.a(muldf3.o)
 .debug_frame   0x000000000000019c       0x30 c:/mwstage/tools/ba-elf-ba2-r36379.w10/bin/../lib/gcc/ba-elf/4.7.4/mcpu_jn51xx_sizeopt\libgcc.a(subdf3.o)
 .debug_frame   0x00000000000001cc       0x20 c:/mwstage/tools/ba-elf-ba2-r36379.w10/bin/../lib/gcc/ba-elf/4.7.4/mcpu_jn51xx_sizeopt\libgcc.a(fixdfsi.o)
 .debug_frame   0x00000000000001ec       0x20 c:/mwstage/tools/ba-elf-ba2-r36379.w10/bin/../lib/gcc/ba-elf/4.7.4/mcpu_jn51xx_sizeopt\libgcc.a(floatsidf.o)
 .debug_frame   0x000000000000020c       0x20 c:/mwstage/tools/ba-elf-ba2-r36379.w10/bin/../lib/gcc/ba-elf/4.7.4/mcpu_jn51xx_sizeopt\libgcc.a(floatunsidf.o)
 .debug_frame   0x000000000000022c       0x20 c:/mwstage/tools/ba-elf-ba2-r36379.w10/bin/../lib/gcc/ba-elf/4.7.4/../../../../ba-elf/lib/mcpu_jn51xx_sizeopt\libc.a(lib_a-memset.o)
 .debug_frame   0x000000000000024c       0x20 c:/mwstage/tools/ba-elf-ba2-r36379.w10/bin/../lib/gcc/ba-elf/4.7.4/../../../../ba-elf/lib/mcpu_jn51xx_sizeopt\libc.a(lib_a-strncmp.o)

.debug_ranges   0x0000000000000000      0x558
 .debug_ranges  0x0000000000000000       0xa0 c:/mwstage/tools/ba-elf-ba2-r36379.w10/bin/../lib/gcc/ba-elf/4.7.4/mcpu_jn51xx_sizeopt\libgcc.a(_udivdi3.o)
 .debug_ranges  0x00000000000000a0       0x80 c:/mwstage/tools/ba-elf-ba2-r36379.w10/bin/../lib/gcc/ba-elf/4.7.4/mcpu_jn51xx_sizeopt\libgcc.a(_umoddi3.o)
 .debug_ranges  0x0000000000000120       0x80 c:/mwstage/tools/ba-elf-ba2-r36379.w10/bin/../lib/gcc/ba-elf/4.7.4/mcpu_jn51xx_sizeopt\libgcc.a(adddf3.o)
 .debug_ranges  0x00000000000001a0       0xb0 c:/mwstage/tools/ba-elf-ba2-r36379.w10/bin/../lib/gcc/ba-elf/4.7.4/mcpu_jn51xx_sizeopt\libgcc.a(divdf3.o)
 .debug_ranges  0x0000000000000250       0x38 c:/mwstage/tools/ba-elf-ba2-r36379.w10/bin/../lib/gcc/ba-elf/4.7.4/mcpu_jn51xx_sizeopt\libgcc.a(eqdf2.o)
 .debug_ranges  0x0000000000000288       0x58 c:/mwstage/tools/ba-elf-ba2-r36379.w10/bin/../lib/gcc/ba-elf/4.7.4/mcpu_jn51xx_sizeopt\libgcc.a(gedf2.o)
 .debug_ranges  0x00000000000002e0       0x40 c:/mwstage/tools/ba-elf-ba2-r36379.w10/bin/../lib/gcc/ba-elf/4.7.4/mcpu_jn51xx_sizeopt\libgcc.a(ledf2.o)
 .debug_ranges  0x0000000000000320      0x1a8 c:/mwstage/tools/ba-elf-ba2-r36379.w10/bin/../lib/gcc/ba-elf/4.7.4/mcpu_jn51xx_sizeopt\libgcc.a(muldf3.o)
 .debug_ranges  0x00000000000004c8       0x78 c:/mwstage/tools/ba-elf-ba2-r36379.w10/bin/../lib/gcc/ba-elf/4.7.4/mcpu_jn51xx_sizeopt\libgcc.a(subdf3.o)
 .debug_ranges  0x0000000000000540       0x18 c:/mwstage/tools/ba-elf-ba2-r36379.w10/bin/../lib/gcc/ba-elf/4.7.4/mcpu_jn51xx_sizeopt\libgcc.a(fixdfsi.o)
