Archive member included because of file (symbol)

C:/MWSTAGE/MWSDK/TWENET/current/lib/libTWENET_BLUE.a(ToCoNet_event.o)
                              objs_BLUE/master.o (symbol from plugin) (PRSEV_u8RegisterEx)
C:/MWSTAGE/MWSDK/TWENET/current/lib/libTWENET_BLUE.a(ToCoNet_main.o)
                              ToCoNet_event.o (symbol from plugin) (u32TickCount_ms)
C:/MWSTAGE/MWSDK/TWENET/current/lib/libTWENET_BLUE.a(ToCoNet_utils.o)
                              ToCoNet_main.o (symbol from plugin) (ToCoNet_u32GetVersion)
C:/MWSTAGE/MWSDK/TWENET/current/lib/libTWENET_BLUE.a(ToCoNet_mod_Nwk_Common.o)
                              ToCoNet_main.o (symbol from plugin) (ToCoNet_vRxProc_Mod)
C:/MWSTAGE/MWSDK/TWENET/current/lib/libTWENET_BLUE.a(ToCoNet_mod_Channel_Mgr.o)
                              ToCoNet_main.o (symbol from plugin) (ToCoNet_ChMgr_bCh_Reconfig)
C:/MWSTAGE/MWSDK/TWENET/current/lib/libTWENET_BLUE.a(Version.o)
                              ToCoNet_utils.o (symbol from plugin) (au8ToCoNetVersionInfo)
C:/MWSTAGE/MWSDK/TWENET/current/lib/libTWENET_BLUE.a(AppQueueApi_ToCoNet.o)
                              ToCoNet_main.o (symbol from plugin) (_u32_INT_ticktimer)
C:/MWSTAGE/MWSDK/TWENET/current/lib/libTWENEText_BLUE.a(AppStart.o)
                              (AppColdStart)
C:/MWSTAGE/MWSDK/TWENET/current/lib/libTWENEText_BLUE.a(getMacAddr.o)
                              ToCoNet_main.o (symbol from plugin) (ToCoNet_u32GetSerialOnBoot)
C:/MWSTAGE/MWSDK/TWENET/current/lib/libTWENEText_BLUE.a(mac.o)
                              ToCoNet_main.o (symbol from plugin) (Mac_vInit)
C:/MWSTAGE/MWSDK/TWENET/current/lib/libTWENEText_BLUE.a(AES_CCM.o)
                              AppStart.o (symbol from plugin) (bAES_CCM_KeyReg)
C:/MWSTAGE/MWSDK/TWENET/current/lib/libTWENEText_BLUE.a(no_ack_handler.o)
                              AppStart.o (symbol from plugin) (vInstallNoAckHandler)
C:/MWSTAGE/MWSDK/TWENET/current/lib/libTWENEText_BLUE.a(Version.o)
                              ToCoNet_utils.o (symbol from plugin) (au8ToCoNetExtVersionInfo)
C:/MWSTAGE/MWSDK/TWENET/current/lib/libTWENETutils_BLUE.a(serial.o)
                              objs_BLUE/master.o (symbol from plugin) (SERIAL_bTxChar)
C:/MWSTAGE/MWSDK/TWENET/current/lib/libTWENETutils_BLUE.a(uart.o)
                              serial.o (symbol from plugin) (UART_vInit)
C:/MWSTAGE/MWSDK/TWENET/current/lib/libTWENETutils_BLUE.a(ByteQueue.o)
                              ToCoNet_main.o (symbol from plugin) (QUEUE__vInit)
C:/MWSTAGE/MWSDK/TWENET/current/lib/libTWENETutils_BLUE.a(ccitt8.o)
                              AppStart.o (symbol from plugin) (u8CCITT8)
C:/MWSTAGE/MWSDK/TWENET/current/lib/libTWENETutils_BLUE.a(utils.o)
                              ToCoNet_main.o (symbol from plugin) (vTimerConfig)
C:/MWSTAGE/MWSDK/TWENET/current/lib/libTWENETutils_BLUE.a(ccm.o)
                              AES_CCM.o (symbol from plugin) (ccm_init_and_key)
C:/MWSTAGE/MWSDK/TWENET/current/lib/libTWENETutils_BLUE.a(Version.o)
                              ToCoNet_utils.o (symbol from plugin) (au8ToCoNetUtilsVersionInfo)
C:/MWSTAGE/MWSDK/TWENET/current/lib/libTWENETutils_BLUE.a(aescrypt.o)
                              ccm.o (symbol from plugin) (aes_encrypt)
C:/MWSTAGE/MWSDK/TWENET/current/lib/libTWENETutils_BLUE.a(aeskey.o)
                              ccm.o (symbol from plugin) (aes_encrypt_key)
C:/MWSTAGE/MWSDK/TWENET/current/lib/libTWENETutils_BLUE.a(aestab.o)
                              aeskey.o (symbol from plugin) (t_im)
C:/MWSTAGE/MWSDK/TWENET/current/lib/libTWENETstgs_BLUE.a(tweinteractive.o)
                              objs_BLUE/master.o (symbol from plugin) (TWEINTRCT_bIsVerbose)
C:/MWSTAGE/MWSDK/TWENET/current/lib/libTWENETstgs_BLUE.a(tweprintf.o)
                              tweinteractive.o (symbol from plugin) (TWE_fprintf)
C:/MWSTAGE/MWSDK/TWENET/current/lib/libTWENETstgs_BLUE.a(twesercmd_plus3.o)
                              tweinteractive.o (symbol from plugin) (TWESERCMD_Plus3_u8Parse)
C:/MWSTAGE/MWSDK/TWENET/current/lib/libTWENETstgs_BLUE.a(tweserial.o)
                              tweinteractive.o (symbol from plugin) (_TWE_fputs)
C:/MWSTAGE/MWSDK/TWENET/current/lib/libTWENETstgs_BLUE.a(printf.o)
                              objs_BLUE/master.o (symbol from plugin) (fctprintf)
C:/MWSTAGE/MWSDK/TWENET/current/lib/libTWENETstgs_BLUE.a(tweinputstring.o)
                              tweinteractive.o (symbol from plugin) (TWEINPSTR_vInit)
C:/MWSTAGE/MWSDK/TWENET/current/lib/libmwx_BLUE.a(mwx_debug.o)
                              objs_BLUE/master.o (symbol from plugin) (MWX_Panic)
C:/MWSTAGE/MWSDK/TWENET/current/lib/libmwx_BLUE.a(mwx_appcore.o)
                              ToCoNet_main.o (symbol from plugin) (cbToCoNet_vMain)
C:/MWSTAGE/MWSDK/TWENET/current/lib/libmwx_BLUE.a(mwx_memory.o)
                              objs_BLUE/master.o (symbol from plugin) (operator new(unsigned long))
[...]
Memory Configuration

Name             Origin             Length             Attributes
flash            0x0000000000080000 0x0000000000028000
ram              0x000000000400004c 0x0000000000007fb4
*default*        0x0000000000000000 0xffffffffffffffff

Linker script and memory map

LOAD objs_BLUE/_mwx_version.o
LOAD C:\Users\saiju\AppData\Local\Temp\cc5rOfRO.ltrans0.ltrans.o
LOAD C:\Users\saiju\AppData\Local\Temp\cc5rOfRO.ltrans1.ltrans.o
LOAD C:\Users\saiju\AppData\Local\Temp\cc5rOfRO.ltrans2.ltrans.o
LOAD C:\Users\saiju\AppData\Local\Temp\cc5rOfRO.ltrans3.ltrans.o
LOAD C:\Users\saiju\AppData\Local\Temp\cc5rOfRO.ltrans4.ltrans.o
LOAD C:\Users\saiju\AppData\Local\Temp\cc5rOfRO.ltrans5.ltrans.o
LOAD C:\Users\saiju\AppData\Local\Temp\cc5rOfRO.ltrans6.ltrans.o
LOAD C:\Users\saiju\AppData\Local\Temp\cc5rOfRO.ltrans7.ltrans.o
LOAD C:\Users\saiju\AppData\Local\Temp\cc5rOfRO.ltrans8.ltrans.o
LOAD C:\Users\saiju\AppData\Local\Temp\cc5rOfRO.ltrans9.ltrans.o
LOAD C:\Users\saiju\AppData\Local\Temp\cc5rOfRO.ltrans10.ltrans.o
LOAD C:\Users\saiju\AppData\Local\Temp\cc5rOfRO.ltrans11.ltrans.o
LOAD C:\Users\saiju\AppData\Local\Temp\cc5rOfRO.ltrans12.ltrans.o
LOAD C:\Users\saiju\AppData\Local\Temp\cc5rOfRO.ltrans13.ltrans.o
LOAD C:\Users\saiju\AppData\Local\Temp\cc5rOfRO.ltrans14.ltrans.o
LOAD C:\Users\saiju\AppData\Local\Temp\cc5rOfRO.ltrans15.ltrans.o
LOAD C:\Users\saiju\AppData\Local\Temp\cc5rOfRO.ltrans16.ltrans.o
LOAD C:\Users\saiju\AppData\Local\Temp\cc5rOfRO.ltrans17.ltrans.o
LOAD C:\Users\saiju\AppData\Local\Temp\cc5rOfRO.ltrans18.ltrans.o
LOAD C:\Users\saiju\AppData\Local\Temp\cc5rOfRO.ltrans19.ltrans.o
LOAD c:/mwstage/tools/ba-elf-ba2-r36379.w10/bin/../lib/gcc/ba-elf/4.7.4/../../../../ba-elf/lib/mcpu_jn51xx_sizeopt\libc.a
LOAD c:/mwstage/tools/ba-elf-ba2-r36379.w10/bin/../lib/gcc/ba-elf/4.7.4/mcpu_jn51xx_sizeopt\libgcc.a
LOAD c:/mwstage/tools/ba-elf-ba2-r36379.w10/bin/../lib/gcc/ba-elf/4.7.4/../../../../ba-elf/lib/mcpu_jn51xx_sizeopt\libc.a
LOAD objs_BLUE/master.o
LOAD C:/MWSTAGE/MWSDK/TWENET/current/lib/libTWENET_BLUE.a
LOAD C:/MWSTAGE/MWSDK/TWENET/current/lib/libTWENEText_BLUE.a
LOAD C:/MWSTAGE/MWSDK/TWENET/current/lib/libTWENETutils_BLUE.a
LOAD C:/MWSTAGE/MWSDK/TWENET/current/lib/libTWENETstgs_BLUE.a
LOAD C:/MWSTAGE/MWSDK/TWENET/current/lib/libmwx_BLUE.a
LOAD C:/MWSTAGE/MWSDK/TWENET/current/lib/libEASTL_BLUE.a
START GROUP
LOAD C:/MWSTAGE/MWSDK/ChipLib/SW4063V1416/Components/Library\libAppApi_JN516x.a
LOAD C:/MWSTAGE/MWSDK/ChipLib/SW4063V1416/Components/Library\libMAC_JN516x.a
LOAD C:/MWSTAGE/MWSDK/ChipLib/SW4063V1416/Components/Library\libTimerServer_JN516x.a
LOAD C:/MWSTAGE/MWSDK/ChipLib/SW4063V1416/Components/Library\libTOF_JN516x.a
LOAD C:/MWSTAGE/MWSDK/ChipLib/SW4063V1416/Components/Library\libXcv_JN516x.a
LOAD C:/MWSTAGE/MWSDK/ChipLib/SW4063V1416/Components/Library\libAes_JN516x.a
LOAD C:/MWSTAGE/MWSDK/ChipLib/SW4063V1416/Components/Library\libHardwareApi_JN516x.a
LOAD C:/MWSTAGE/MWSDK/ChipLib/SW4063V1416/Components/Library\libMicroSpecific_JN516x.a
LOAD C:/MWSTAGE/MWSDK/ChipLib/SW4063V1416/Components/Library\libBoot_JN516x.a
LOAD C:/MWSTAGE/MWSDK/ChipLib/SW4063V1416/Components/Library\libPDM_EEPROM_JN516x_NO_RTOS.a
LOAD C:/MWSTAGE/MWSDK/TWENET/current/lib/libTWENET_BLUE.a
LOAD C:/MWSTAGE/MWSDK/TWENET/current/lib/libTWENEText_BLUE.a
LOAD C:/MWSTAGE/MWSDK/TWENET/current/lib/libTWENETutils_BLUE.a
LOAD C:/MWSTAGE/MWSDK/TWENET/current/lib/libTWENETstgs_BLUE.a
LOAD C:/MWSTAGE/MWSDK/TWENET/current/lib/libmwx_BLUE.a
LOAD C:/MWSTAGE/MWSDK/TWENET/current/lib/libEASTL_BLUE.a
END GROUP
LOAD c:/mwstage/tools/ba-elf-ba2-r36379.w10/bin/../lib/gcc/ba-elf/4.7.4/../../../../ba-elf/lib/mcpu_jn51xx_sizeopt\libstdc++.a
LOAD c:/mwstage/tools/ba-elf-ba2-r36379.w10/bin/../lib/gcc/ba-elf/4.7.4/../../../../ba-elf/lib/mcpu_jn51xx_sizeopt\libm.a
LOAD c:/mwstage/tools/ba-elf-ba2-r36379.w10/bin/../lib/gcc/ba-elf/4.7.4/../../../../ba-elf/lib/mcpu_jn51xx_sizeopt\libc.a
LOAD c:/mwstage/tools/ba-elf-ba2-r36379.w10/bin/../lib/gcc/ba-elf/4.7.4/mcpu_jn51xx_sizeopt\libgcc.a
LOAD c:/mwstage/tools/ba-elf-ba2-r36379.w10/bin/../lib/gcc/ba-elf/4.7.4/../../../../ba-elf/lib/mcpu_jn51xx_sizeopt\libc.a
                0x0000000000000800                _stack_size = 0x800
                0x0000000000080038                _exception_vsr_table = 0x80038
                0x0000000004000000                pSPIflashFncTable = 0x4000000
                0x0000000000000800                _stack_size = 0x800
                0x0000000000000044                restore_state = 0x44
                0x000000000000004a                bZSPIWaitWIPClear = 0x4a
                0x0000000000000050                u16ZSPIflashRDID = 0x50
                0x0000000000000056                u8SelectFlashChipType = 0x56
                0x000000000000005c                memcpy = 0x5c
                0x0000000000000066                vBootFlashProg = 0x66
                [0x0000000000000d16]                _minimum_heap_size = DEFINED (_minimum_heap_size)?_minimum_heap_size:0xd16
                0x0000000000000000                _SwConfig = (DEFINED (g_bSWConf_Debug) | (DEFINED (g_bSWConf_AltDebugPort) << 0x1))

.version        0x000000000007fffc        0x4
                0x000000000007fffc        0x4 LONG 0x4030008

.bir            0x0000000000080000       0x10
                0x0000000000080000                _flash_start = ABSOLUTE (.)
                0x0000000000080000                _flash_beg = ABSOLUTE (.)
                0x0000000000080000        0x4 LONG 0x12345678
                0x0000000000080004        0x4 LONG 0x11223344
                0x0000000000080008        0x4 LONG 0x55667788
                0x000000000008000c        0x1 BYTE 0x8
                0x000000000008000d        0x1 BYTE 0x1
                0x000000000008000e        0x2 SHORT 0x0

.flashheader    0x0000000000080010       0x28
                0x0000000000080010        0x4 LONG 0x0
                0x0000000000080014        0x4 LONG 0x0
                0x0000000000080018        0x4 LONG 0x0
                0x000000000008001c        0x2 SHORT 0x0
                0x000000000008001e        0x2 SHORT 0x0 ABSOLUTE (_SwConfig)
                0x0000000000080020                _enc_start = ABSOLUTE (.)
                0x0000000000080020        0x4 LONG 0xf3c0 ABSOLUTE (_image_len)
                0x0000000000080024        0x4 LONG 0x8f3ac ABSOLUTE (_flash_data_start)
                0x0000000000080028        0x2 SHORT 0x13 ((ABSOLUTE (_ram_data_start) / 0x4) & 0xffff)
                0x000000000008002a        0x2 SHORT 0x5 ((ABSOLUTE (_ram_data_len) / 0x4) & 0xffff)
                0x000000000008002c        0x2 SHORT 0x18 ((ABSOLUTE (_bss_start) / 0x4) & 0xffff)
                0x000000000008002e        0x2 SHORT 0x578 ((ABSOLUTE (_bss_len) / 0x4) & 0xffff)
                0x0000000000080030        0x4 LONG 0x86ab0 ABSOLUTE (AppWarmStart)
                0x0000000000080034        0x4 LONG 0x88aac ABSOLUTE (AppColdStart)
                0x0000000000000000                _enc_offset = (_enc_start & 0xf)
                0x0000000000000044                PROVIDE (vException_BusError, restore_state)
                0x0000000000000044                PROVIDE (vException_UnalignedAccess, restore_state)
                0x0000000000000044                PROVIDE (vException_IllegalInstruction, restore_state)
                0x0000000000000044                PROVIDE (vException_SysCall, restore_state)
                0x0000000000000044                PROVIDE (vException_Trap, restore_state)
                0x0000000000000044                PROVIDE (vException_StackOverflow, restore_state)
                0x0000000000080038                . = ABSOLUTE (_exception_vsr_table)

.vsr_table      0x0000000000080038       0x18
                0x0000000000080038        0x4 LONG 0x44 ABSOLUTE (vException_BusError)
                0x000000000008003c        0x4 LONG 0x44 ABSOLUTE (vException_UnalignedAccess)
                0x0000000000080040        0x4 LONG 0x44 ABSOLUTE (vException_IllegalInstruction)
                0x0000000000080044        0x4 LONG 0x44 ABSOLUTE (vException_SysCall)
                0x0000000000080048        0x4 LONG 0x44 ABSOLUTE (vException_Trap)
                0x000000000008004c        0x4 LONG 0x44 ABSOLUTE (vException_StackOverflow)

.vsr_handlers   0x0000000000080050       0xaa
 *(.vsr_handlers)
 .vsr_handlers  0x0000000000080050       0xaa C:/MWSTAGE/MWSDK/ChipLib/SW4063V1416/Components/Library\libBoot_JN516x.a(ExceptionHandler.o)
                0x0000000000080050                _exception_external_interrupt
                0x00000000000800f8                _default_vsr_dummy

.rodata         0x0000000000080100      0x620
 *(.rodata*)
 .rodata        0x0000000000080100      0x1cb C:\Users\saiju\AppData\Local\Temp\cc5rOfRO.ltrans0.ltrans.o
 .rodata.str1.1
                0x00000000000802cb       0x35 C:\Users\saiju\AppData\Local\Temp\cc5rOfRO.ltrans1.ltrans.o
 .rodata        0x0000000000080300        0x5 C:\Users\saiju\AppData\Local\Temp\cc5rOfRO.ltrans1.ltrans.o
 *fill*         0x0000000000080305        0x3 00
 .rodata        0x0000000000080308       0xd4 C:\Users\saiju\AppData\Local\Temp\cc5rOfRO.ltrans2.ltrans.o
                0x0000000000080308                s_aprScanHandleEvt.14653
                0x0000000000080338                apvActionCalls
                0x00000000000803c0                aprLPBMacVectorRamTable
                0x00000000000803d4                psTamMacContext
                0x00000000000803d8                psTAMcontext
 .rodata        0x00000000000803dc       0x30 C:\Users\saiju\AppData\Local\Temp\cc5rOfRO.ltrans3.ltrans.o
                0x00000000000803dc                aeTimerInterruptDeviceIDlut.25045
 .rodata.str1.1
                0x000000000008040c        0xe C:\Users\saiju\AppData\Local\Temp\cc5rOfRO.ltrans5.ltrans.o
 .rodata        0x000000000008041a        0x5 C:\Users\saiju\AppData\Local\Temp\cc5rOfRO.ltrans5.ltrans.o
                0x000000000008041a                gbHighPowerMode
                0x000000000008041b                gu8ModuleID
 .rodata.str1.1
                0x000000000008041f       0x12 C:\Users\saiju\AppData\Local\Temp\cc5rOfRO.ltrans6.ltrans.o
 *fill*         0x0000000000080431        0x7 00
 .rodata        0x0000000000080438       0x50 C:\Users\saiju\AppData\Local\Temp\cc5rOfRO.ltrans6.ltrans.o
 .rodata        0x0000000000080488        0xa C:\Users\saiju\AppData\Local\Temp\cc5rOfRO.ltrans7.ltrans.o
 .rodata        0x0000000000080492        0x6 C:\Users\saiju\AppData\Local\Temp\cc5rOfRO.ltrans8.ltrans.o
                0x0000000000080492                aeXcvPhyEvtToScanEvt.5394.14656
 .rodata.str1.1
                0x0000000000080498       0x11 C:\Users\saiju\AppData\Local\Temp\cc5rOfRO.ltrans9.ltrans.o
                                         0x22 (size before relaxing)
 *fill*         0x00000000000804a9        0x3 00
 .rodata        0x00000000000804ac       0x38 C:\Users\saiju\AppData\Local\Temp\cc5rOfRO.ltrans9.ltrans.o
                0x00000000000804ac                asStateFuncTbl.26140
 .rodata        0x00000000000804e4        0x4 C:\Users\saiju\AppData\Local\Temp\cc5rOfRO.ltrans10.ltrans.o
 .rodata.str1.1
                0x00000000000804e8       0x11 C:\Users\saiju\AppData\Local\Temp\cc5rOfRO.ltrans11.ltrans.o
 *fill*         0x00000000000804f9        0x3 00
 .rodata        0x00000000000804fc       0x7c C:\Users\saiju\AppData\Local\Temp\cc5rOfRO.ltrans11.ltrans.o
                0x0000000000080530                u32MacLow_TOCOS
                0x0000000000080534                u32MacHigh_TOCOS
 .rodata.str1.1
                0x0000000000080578       0x88 C:\Users\saiju\AppData\Local\Temp\cc5rOfRO.ltrans12.ltrans.o
 .rodata        0x0000000000080600        0x8 C:\Users\saiju\AppData\Local\Temp\cc5rOfRO.ltrans13.ltrans.o
                0x0000000000080600                au32UartAddrOffset
 .rodata.str1.1
                0x0000000000080608        0xd C:\Users\saiju\AppData\Local\Temp\cc5rOfRO.ltrans14.ltrans.o
 .rodata        0x0000000000080615       0x14 C:\Users\saiju\AppData\Local\Temp\cc5rOfRO.ltrans14.ltrans.o
 *fill*         0x0000000000080629        0x3 00
 .rodata        0x000000000008062c       0x18 C:\Users\saiju\AppData\Local\Temp\cc5rOfRO.ltrans15.ltrans.o
 .rodata.str1.1
                0x0000000000080644       0xb4 C:\Users\saiju\AppData\Local\Temp\cc5rOfRO.ltrans16.ltrans.o
 .rodata        0x00000000000806f8       0x28 C:\Users\saiju\AppData\Local\Temp\cc5rOfRO.ltrans18.ltrans.o
                0x00000000000806f8                au32TimerBaseAddress
                0x000000000008070c                CSWTCH.35.24992.24992

.text           0x0000000000080720     0xec8b
 *(.text*)
 .text          0x0000000000080720      0xcf9 C:\Users\saiju\AppData\Local\Temp\cc5rOfRO.ltrans0.ltrans.o
                0x0000000000080720                mac_vLPBAdjustBeaconOffset
                0x000000000008077d                mac_u32LPBGetBeaconTimeout
                0x0000000000080786                eWEnDTmrExpiry.14294
                0x0000000000080791                eWEnDEdDone.14291
                0x00000000000807ec                eGenlDontCare.14288
                0x00000000000807f1                eGenlIllegal.13913
                0x00000000000807f8                u32GetTimer0
                0x00000000000807ff                vSetTimer0
                0x000000000008080e                _ZN3mwx2L112appdefs_crtpINS0_9NwkSimpleEE18_cbTweNet_vHwEventEPvmm.local.190
                0x0000000000080811                _ZN3mwx2L112appdefs_crtpINS0_9NwkSimpleEE17_cbTweNet_u8HwIntEPvmm.local.189
                0x0000000000080816                _out_fct.5631
                0x0000000000080828                _out_null.5637
                0x000000000008082b                vOutputStream.5550
                0x0000000000080837                _ZN3mwx2L110serial_jen7vOutputEcPv.local.188
                0x000000000008085e                vHandlerPatch.4663
                0x0000000000080895                _ZN3mwx2L112appdefs_crtpINS0_9NwkSimpleEE18_cbTweNet_vTxEventEPvRNS0_12packet_ev_txE.local.187
                0x00000000000808af                _ZN3mwx2L112appdefs_crtpINS0_9NwkSimpleEE19_cbTweNet_vNwkEventEPvRNS0_13packet_ev_nwkE.local.195
                0x00000000000808b8                _ZN3mwx2L112appdefs_crtpINS0_9NwkSimpleEE15_cbTweNet_vMainEPv.local.196
                0x00000000000808bb                u8TSCframeIncrease
                0x00000000000808f4                vCopyToDataFromMacAddr.21319
                0x0000000000080927                psTAQsearchFifo
                0x0000000000080970                bTAQremoveFromFifo
                0x00000000000809ad                vTAMinsertEvent
                0x0000000000080a13                vTAM_TxRetryTimeout
                0x0000000000080a17                vTACsetTxFrameDefaults
                0x0000000000080a3d                u8TACgetHeaderSize
                0x0000000000080a7a                u32TACpayloadToU32M
                0x0000000000080a9b                vTACu32ToPayloadM
                0x0000000000080ab3                bTACframeInProgress
                0x0000000000080add                bTACassessBeaconForPayload
                0x0000000000080b2e                bIsBbcSafeForTx
                0x0000000000080b63                vTATwriteAclMaterialToHardware
                0x0000000000080b88                vTATsetBLE
                0x0000000000080bbf                vTATgetFramePayload
                0x0000000000080bdc                eTATreadTXstatus
                0x0000000000080c22                vTAHsetPhyStateDirect.part.0.18778
                0x0000000000080c3e                vDoGoOff.20599
                0x0000000000080c58                vMEMreturn
                0x0000000000080cc9                vTACinformOriginator
                0x0000000000080ceb                pvMEMget
                0x0000000000080d17                vTAMDEdetermineNullState
                0x0000000000080d31                vTAMCOupdatePendingList
                0x0000000000080e03                vTAMCOsetCoordinator
                0x0000000000080e29                vPhySetChannel
                0x0000000000080e42                eScanHandleEvt.part.0.14324
                0x0000000000080e6b                mac_eDcfmIndPost
                0x0000000000080e8c                mac_psDcfmIndGetBuf
                0x0000000000080ead                vMLMErxEnableConfirm
                0x0000000000080edf                vMLMEcommStatus
                0x0000000000080f42                vMLMEcommStatusFromFrame
                0x0000000000080f86                vTSCpostTransmitUpdate
                0x0000000000080fb5                vMLMEsyncLoss
                0x0000000000080fe8                vPMICpostFailedAssocDcfm
                0x0000000000081020                vPMICassocReqTO_2.12741
                0x0000000000081037                MAC_vPibSetPanId
                0x0000000000081052                vHandleTofRequest.10847
                0x0000000000081055                vAppApiDefSetPrbsSeed
                0x0000000000081079                mwx::L1::duplciate_checker::_node_ele_init(mwx::L1::duplciate_checker::_node_ele*)
                0x0000000000081098                _ZN3mwx2L113serial_parserINS0_10alloc_heapIhEEEC1Ev.local.52
                0x00000000000810ba                _ZN3mwx2L16twenetC1Ev.local.58
                0x0000000000081151                _ZN3mwx2L110serial_jenC1Eh.local.107
                0x0000000000081181                _ZN3mwx2L115periph_analogueC1Ev.local.125
                0x00000000000811ac                _ZN3mwx2L112appdefs_virt8on_eventEmRm.local.134
                0x00000000000811c4                _ZN3mwx2L112appdefs_virt18cbToCoNet_vHwEventEmm.local.136
                0x00000000000811dc                _ZN3mwx2L112appdefs_virt18cbToCoNet_vTxEventERNS0_12packet_ev_txE.local.137
                0x00000000000811f4                _ZN3mwx2L112appdefs_virt19cbToCoNet_vNwkEventERNS0_13packet_ev_nwkE.local.139
                0x000000000008120c                u8CCITT8
                0x0000000000081232                bAES_CCM_KeyReg
                0x0000000000081271                bFifoPush.3368
                0x00000000000812aa                vAppQApiPostMlme.3354
                0x00000000000812c9                vAppQApiPostMcps.3361
                0x00000000000812e4                pvFifoPull.3365
                0x000000000008130b                psAppQApiGetMlmeBuffer.3351
                0x0000000000081313                psAppQApiGetMcpsBuffer.3358
                0x000000000008131b                PRSEV_vSetState
                0x000000000008132b                PRSEV_vProcessEv_core.2238
                0x00000000000813cd                PRSEV_vProcessEvPost
                0x00000000000813ff                _PRSEV_vProcessEvSingle
                0x000000000008140c                ToCoNet_vMacStart
 .text.unlikely
                0x0000000000081419       0x65 C:\Users\saiju\AppData\Local\Temp\cc5rOfRO.ltrans0.ltrans.o
                0x0000000000081419                _ZN3mwx2L112appdefs_virt18cbToCoNet_vRxEventERNS0_9packet_rxE.local.138
                0x0000000000081431                PRSEV_u8Register
                0x000000000008146f                _PRSEV_vProcessEvSingleH
 .text          0x000000000008147e      0xa4a C:\Users\saiju\AppData\Local\Temp\cc5rOfRO.ltrans1.ltrans.o
                0x000000000008147e                ToCoNet_vMain
 *fill*         0x0000000000081ec8        0x0 00
 .text          0x0000000000081ec8      0xbac C:\Users\saiju\AppData\Local\Temp\cc5rOfRO.ltrans2.ltrans.o
                0x0000000000081ec8                eWBRTTxDone.14310
                0x0000000000081ee6                vTAMCOframeTXgoingIdle
                0x0000000000081f00                vTAMCOframeTXcap
                0x0000000000081f26                eWCoRRxDone.14301
                0x0000000000081fd0                eWBcnRxDone.14313
                0x00000000000825ba                vTAMCOframeRXcap
                0x00000000000825cc                vTAMCOframeRXgoingIdle
                0x00000000000825e2                vTAMCOframeRXnobeacon
                0x00000000000825f4                vTAMDEframeRX
                0x000000000008261e                vTAMDEframeRXtrackingDR
                0x0000000000082662                vTAMDEframePreSyncReq
                0x000000000008267b                vTAMCOframeTXbeacon
                0x0000000000082742                vTAMDEframeRXsyncReq
                0x0000000000082993                vTAMDEint1FiredTrackingCAPgts
                0x0000000000082a46                eWONTTxDone.14307
 .text          0x0000000000082a74      0xb78 C:\Users\saiju\AppData\Local\Temp\cc5rOfRO.ltrans3.ltrans.o
                0x0000000000082a89                mac_vLPBStartTimer
                0x0000000000082c95                vProcessEvCoreTx.26077
                0x0000000000082d85                vMicroIntEnableOnly.constprop.301
                0x0000000000082db1                vAHI_ProtocolPower.constprop.300
                0x0000000000082dbf                XCV_vCtor.constprop.298
                0x0000000000082f24                _ZN3mwx2L16twenet5beginEv.local.112.constprop.276
                0x0000000000082f69                _ZN3mwx2L115periph_analogue10_adc_startEv.local.43.constprop.267
                0x0000000000083052                mwx::L1::periph_analogue::ADC_handler(unsigned long, unsigned long)
                0x0000000000083099                u8HwEventHandler.2448
                0x0000000000083141                vAHI_TimerEnable.part.1.24859.constprop.251
                0x00000000000831ac                bAHI_SetClockRate
                0x00000000000832b7                bAES_CCMstar
                0x0000000000083383                pvHeap_Alloc
                0x0000000000083386                operator new(unsigned long)
                0x00000000000833a9                u32AHI_Init
                0x000000000008346b                vMicroIntRestoreState
                0x0000000000083477                _ToCoNet_bRfChChannel
                0x000000000008350c                ToCoNet_ChMgr_bCh_Reconfig
                0x0000000000083574                vHnd_E_STATE_IDLE.26100
                0x00000000000835d8                u8AHI_WakeTimerFiredStatus
 .text.unlikely
                0x00000000000835ec       0x45 C:\Users\saiju\AppData\Local\Temp\cc5rOfRO.ltrans3.ltrans.o
                0x00000000000835ec                vAHI_MemoryHold.24758
 .text          0x0000000000083631      0xc6d C:\Users\saiju\AppData\Local\Temp\cc5rOfRO.ltrans4.ltrans.o
                0x0000000000083631                vAHI_IntHandlerUart1
                0x000000000008365c                vAHI_IntHandlerUart0
                0x0000000000083687                vAHI_IntHandlerTimer4
                0x00000000000836a8                vAHI_IntHandlerTimer3
                0x00000000000836c9                vAHI_IntHandlerTimer1
                0x00000000000836e9                vAHI_IntHandlerTimer0
                0x000000000008370a                vTimerCallback.24644
                0x0000000000083715                vAHI_IntHandlerSpiMaster
                0x000000000008373b                vAHI_IntHandlerAnalogPeriph
                0x000000000008375b                vTTIBLETimerExpired
                0x0000000000083766                vTTITimer2Expired
                0x000000000008376b                vTTITimer1Expired
                0x0000000000083770                vTTITransactionTimerExpired
                0x0000000000083799                bUpdateTime.19637
                0x00000000000837d4                vAHI_WakeTimerStop.part.3.25324
                0x00000000000837f4                mac_vLPBStopTimer
                0x00000000000837fe                vAHI_UartSetClocksPerBit.part.18.25120
                0x0000000000083825                vAHI_UartSetRTSCTS.part.15.25105
                0x000000000008384c                vAHI_UartReset.part.4.25078
                0x0000000000083884                vAHI_UartSetControl.part.2.25062
                0x00000000000838d5                vAHI_UartSetBaudDivisor.part.1.25058
                0x0000000000083914                vAHI_WatchdogStop
                0x000000000008392b                vAHI_CpuDoze
                0x000000000008393e                _ZN3mwx2L120periph_pulse_counter10_on_wakeupEv.part.18.6420
                0x00000000000839b4                vAHI_DioSetDirection
                0x00000000000839c8                vACI_CmdWaitBusy
                0x0000000000083a2c                vACI_OptimisedCcmStar
                0x0000000000083c44                vTAIdisableInterrupt
                0x0000000000083c5d                vUpdateRegisters.23907
                0x0000000000083ca4                psRemove.part.0.23857
                0x0000000000083cd3                vMAC_MISCpollConfirm
                0x0000000000083d04                MAC_u8AclFindInfo
                0x0000000000083e2e                vTASretrieveSecurity
                0x0000000000083e50                vMCPSframeReceived
                0x0000000000083f13                MAC_bLookUpKeyDescriptor.21409
                0x0000000000083f8d                bTSCgetOutgoingInfo
                0x0000000000084096                vTACbuildBeacon
 .text.unlikely
                0x000000000008429e       0x11 C:\Users\saiju\AppData\Local\Temp\cc5rOfRO.ltrans4.ltrans.o
                0x000000000008429e                vStartXtal32kExternalRc.24658
 .text          0x00000000000842af      0x932 C:\Users\saiju\AppData\Local\Temp\cc5rOfRO.ltrans5.ltrans.o
                0x00000000000842fa                vHnd_E_STATE_RUNNING.26116
                0x0000000000084544                SERIAL_vTxReady
                0x00000000000845a5                TWETERM_vFlush.26451
                0x000000000008465c                vAppQApiPostHwIntT.3347
                0x000000000008472f                SERIAL_bTxChar
                0x00000000000847e0                TWETERM_iPutS.26474
                0x0000000000084805                TWETERM_iPutC.26478
                0x0000000000084816                TWETERM_iGetC.26482
                0x0000000000084879                vRxChar.4688
                0x00000000000848ca                vXCV_IntHandlerPhy
                0x000000000008497c                vScanHandleTimer.13910
                0x0000000000084981                MWX_Panic
                0x00000000000849e5                _ZN3mwx2L110serial_jen5writeEi.local.146
                0x00000000000849f4                _ZN3mwx2L16streamINS0_10serial_jenEE6_printEPKc.local.168
                0x0000000000084a15                _ZN3mwx2L110serial_jen13_set_baudrateEt.isra.2.6386
                0x0000000000084ac6                u8TAM_AES_WriteAuxilliarySecurityHeaderIntoBuffer
                0x0000000000084b38                phy_ePibSet.part.1.16120
                0x0000000000084b80                u32AHI_ReadIndexSectorBits.constprop.217
 .text.unlikely
                0x0000000000084be1      0x10d C:\Users\saiju\AppData\Local\Temp\cc5rOfRO.ltrans5.ltrans.o
                0x0000000000084be1                bStartXtal32k.24668
 .text          0x0000000000084cee     0x11bb C:\Users\saiju\AppData\Local\Temp\cc5rOfRO.ltrans6.ltrans.o
                0x000000000008578c                _vsnprintf.constprop.306
                0x0000000000085d9f                QUEUE__u8RemoveItem.part.1.4865
                0x0000000000085dda                QUEUE__vAddItem.constprop.293
                0x0000000000085e0c                ToCoNet_ChMgr_vCh_TxFin
                0x0000000000085e39                vHnd_E_STATE_WAIT_TX.26108
 .text          0x0000000000085ea9      0xb30 C:\Users\saiju\AppData\Local\Temp\cc5rOfRO.ltrans7.ltrans.o
                0x0000000000086009                bAES_CCM_EncodeKey
                0x00000000000860b6                bTAM_AES_CCMstarPatch
                0x00000000000861fa                bTAM_AES_CCMstarPatch2006
                0x00000000000864d9                bTATsendFrame
                0x000000000008652c                vTrySendFromDirectCAP.16892
                0x0000000000086547                vTrySendFromDirectNoBeacon.16896
                0x0000000000086572                vTAMCOint1Fired
                0x000000000008668e                vTAMCOreqTXnoBeacon
                0x000000000008669f                vTAMCOreqTXinCAP
                0x00000000000866c4                vTrySendUnslotted.17437
                0x00000000000866dd                bSendDataRequest.17439
                0x00000000000867ef                bProcessBeaconRX.17442
                0x00000000000868c0                vTimerStart
 *fill*         0x00000000000869d9        0x3 00
 .text          0x00000000000869dc      0xa8c C:\Users\saiju\AppData\Local\Temp\cc5rOfRO.ltrans8.ltrans.o
                0x00000000000869dc                vPostDcfm.14297
                0x0000000000086ab0                AppWarmStart
                0x0000000000086b8b                vSetNextChannel.14345
                0x0000000000086be4                MAC_vHandleMlmeReqRsp
                0x0000000000087395                vTAMDEint1FiredTracking
                0x0000000000087404                vTAMDEint1FiredSyncReq
 .text          0x0000000000087468      0xc5f C:\Users\saiju\AppData\Local\Temp\cc5rOfRO.ltrans9.ltrans.o
                0x0000000000087468                TSV_eStart
                0x000000000008754c                eTAStransmitRequest
                0x00000000000878e7                TSV_eOpen
                0x00000000000878ef                vAppApiDefRestoreMacSettings
                0x00000000000879c0                vAppApiDefSaveMacSettings
                0x0000000000087a1d                mac_vLPBSleep
                0x0000000000087af0                pvAppApiDefGetMacAddrLocation
                0x0000000000087af9                eAppApiDefPlmeGet
                0x0000000000087b4b                eAppApiDefPlmeSet
                0x0000000000087ba4                vAppApiDefMcpsRequest
                0x0000000000087bcf                vHnd_E_STATE_PREPARE_TX.26095
 .text          0x00000000000880c7      0x9e5 C:\Users\saiju\AppData\Local\Temp\cc5rOfRO.ltrans10.ltrans.o
                0x00000000000880c7                vTACintRXheader
                0x00000000000888c2                cbAppColdStart.part.32.7046
 .text          0x0000000000088aac      0x53c C:\Users\saiju\AppData\Local\Temp\cc5rOfRO.ltrans11.ltrans.o
                0x0000000000088aac                AppColdStart
 .text.unlikely
                0x0000000000088fe8      0x441 C:\Users\saiju\AppData\Local\Temp\cc5rOfRO.ltrans11.ltrans.o
                0x0000000000088fe8                ToCoNet_vStart
 .text          0x0000000000089429      0xaad C:\Users\saiju\AppData\Local\Temp\cc5rOfRO.ltrans12.ltrans.o
                0x0000000000089429                ToCoNet_vInit
                0x000000000008976c                vExpireHead.23862
                0x000000000008979c                fctprintf
                0x00000000000897be                _ZN3mwx2L111_printobj_1IhE9_do_printEPvPFvcS3_ES3_.local.194
                0x00000000000897d2                MWX_DebugMsg
                0x0000000000089813                _ZN3mwx2L112appdefs_crtpINS0_9NwkSimpleEE18_cbTweNet_vRxEventEPvRNS0_9packet_rxE.local.191
 .text.unlikely
                0x0000000000089ed6       0x41 C:\Users\saiju\AppData\Local\Temp\cc5rOfRO.ltrans12.ltrans.o
                0x0000000000089ed6                u32AppQApiInitInt_PATCH
                0x0000000000089ee5                _ZN3mwx2L19_printobj8do_printEPFvcPvES2_.local.186.constprop.289
 .text          0x0000000000089f17      0x81b C:\Users\saiju\AppData\Local\Temp\cc5rOfRO.ltrans13.ltrans.o
                0x000000000008a05a                vHnd_E_STATE_FINISH_TX_FAIL.26085
                0x000000000008a111                vHnd_E_STATE_FINISH_TX_SUCCESS.26090
                0x000000000008a429                vTAMCOint1FiredCAP
                0x000000000008a49c                _ZN3mwx2L110serial_jen10_on_wakeupEv.part.27.6564
                0x000000000008a516                _MWX_periph_init()
                0x000000000008a610                vTAMCOstartBeacon
                0x000000000008a64c                vStartStoreValues.16960
                0x000000000008a703                bStartCallback.16989
 .text          0x000000000008a732      0x764 C:\Users\saiju\AppData\Local\Temp\cc5rOfRO.ltrans14.ltrans.o
                0x000000000008a732                UART_vHandleUartInterrupt.4790
                0x000000000008a7b9                bAES_CCM_DecodeKey
                0x000000000008a875                _ZN3mwx2L114processev_crtpINS0_9NwkSimpleEE14vProcessEvCoreEP8_tsEvent7teEventm.local.193
                0x000000000008a928                vXCV_IntHandlerBbc
                0x000000000008a9cb                vTAIsetCapTime
                0x000000000008a9ec                vTAIsetRxEnableTime
                0x000000000008aa0d                vDoGoActive.20601
                0x000000000008aa2f                vTAMRXEint2Fired
                0x000000000008aa67                _ZN3mwx2L115periph_analogue5setupEbhPFvvE.local.124.constprop.229
                0x000000000008ab01                vMLMEbeaconNotify
                0x000000000008ac60                _ZN3mwx2L114periph_twowireC1Eh.local.76
                0x000000000008ac9d                bAHI_ReadMACID
                0x000000000008ace3                vTAMRXEsetPhy
                0x000000000008ada6                vTAHsetPhyState
                0x000000000008add6                vTAMCOint2Fired
                0x000000000008adf6                vSetPHYfromMacValue.17435
                0x000000000008ae28                vTAMDEint1FiredWaitDR
                0x000000000008ae35                vTACsetPHYfromMacValue
                0x000000000008ae56                vTAMRXEsetReceiveForPibChange
 .text.unlikely
                0x000000000008ae96       0x79 C:\Users\saiju\AppData\Local\Temp\cc5rOfRO.ltrans14.ltrans.o
                0x000000000008ae96                Delay.24662.constprop.248
 *fill*         0x000000000008af0f        0x1 00
 .text          0x000000000008af10      0x95c C:\Users\saiju\AppData\Local\Temp\cc5rOfRO.ltrans15.ltrans.o
                0x000000000008af10                vPMICassocReqTO_1.12734
                0x000000000008af98                vTAM_MCPSdataRequest
                0x000000000008afdb                bTACcheckPANconflict
                0x000000000008b094                vTAMDEstartSync
                0x000000000008b113                eTAMselect
                0x000000000008b254                MAC_pvCtor
                0x000000000008b66f                vDeterminePowerState.17559
                0x000000000008b6f3                vTAMDEint1FiredTrackingBeacon
                0x000000000008b793                vTAMDEint2FiredTrackingDR
                0x000000000008b7b8                vTAMDEframeTXtrackingDR
                0x000000000008b811                vTAMDEint2FiredPollActive
                0x000000000008b845                vTAMDEreqTXnullTrackingCAP
                0x000000000008b85e                vTAM_TxRetryTimer
 .text          0x000000000008b86c      0x5c5 C:\Users\saiju\AppData\Local\Temp\cc5rOfRO.ltrans16.ltrans.o
                0x000000000008b86c                u32AppApiDefInit
                0x000000000008b921                _ToCoNet_vMacInit
                0x000000000008bac8                vProcessEvCoreMac
                0x000000000008bc6e                setup()
 *fill*         0x000000000008be31        0x3 00
 .text          0x000000000008be34      0x780 C:\Users\saiju\AppData\Local\Temp\cc5rOfRO.ltrans17.ltrans.o
                0x000000000008be34                eGenTmrExpiry.14606
                0x000000000008be76                eWEDTEdDone.14609
                0x000000000008be9a                TSV_eStop
                0x000000000008bf59                bPMICdisassocReqSent.12730
                0x000000000008c013                MAC_vHandleMcpsReqRsp
                0x000000000008c0a0                bMCPSframeTXcomplete.15341
                0x000000000008c0f5                bSendSyncLoss.19572
                0x000000000008c10d                bPollReqSent.23168
                0x000000000008c125                bTASsendCommStatusInd
                0x000000000008c13a                bAssocRespSent.12726
                0x000000000008c14d                eTACprocessFrameTXcomplete
                0x000000000008c2c9                vTAMCOframeTXnobeacon
                0x000000000008c2de                vTAMCOframeStarting
                0x000000000008c2f7                vTAMDEframeTXDEnull
                0x000000000008c31a                vTAMDEframeTXtrackingCAPgts
                0x000000000008c346                bPMICassocReqSent.12722
                0x000000000008c3c8                bPMICassocReqPollSent.12737
                0x000000000008c41c                eWChCChanChgd.14321
 .text          0x000000000008c5b4      0x4b8 C:\Users\saiju\AppData\Local\Temp\cc5rOfRO.ltrans18.ltrans.o
                0x000000000008c5b4                vAHI_IntHandlerTickTimer
                0x000000000008c5fb                eGenRxHdrDone.14304
                0x000000000008c60b                vTimerConfig
                0x000000000008c815                cbAppWarmStart.part.28.6825
 .text          0x000000000008ca6c       0x34 C:\Users\saiju\AppData\Local\Temp\cc5rOfRO.ltrans19.ltrans.o
                0x000000000008ca6c                vAppApiDefMlmeRequest
                0x000000000008ca97                pvAppApiDefGetMacHandle
 .text.unlikely
                0x000000000008caa0      0x310 C:\Users\saiju\AppData\Local\Temp\cc5rOfRO.ltrans19.ltrans.o
                0x000000000008cabd                vProcessIncomingHwEvent.2617
 .text          0x000000000008cdb0       0x25 c:/mwstage/tools/ba-elf-ba2-r36379.w10/bin/../lib/gcc/ba-elf/4.7.4/../../../../ba-elf/lib/mcpu_jn51xx_sizeopt\libc.a(lib_a-memcmp.o)
                0x000000000008cdb0                memcmp
 .text          0x000000000008cdd5       0x19 c:/mwstage/tools/ba-elf-ba2-r36379.w10/bin/../lib/gcc/ba-elf/4.7.4/../../../../ba-elf/lib/mcpu_jn51xx_sizeopt\libc.a(lib_a-memcpy.o)
 *fill*         0x000000000008cdee        0x2 00
 .text          0x000000000008cdf0      0x204 c:/mwstage/tools/ba-elf-ba2-r36379.w10/bin/../lib/gcc/ba-elf/4.7.4/mcpu_jn51xx_sizeopt\libgcc.a(__udivsi3.o)
                0x000000000008cdf0                __udivsi3
 .text          0x000000000008cff4       0x30 c:/mwstage/tools/ba-elf-ba2-r36379.w10/bin/../lib/gcc/ba-elf/4.7.4/mcpu_jn51xx_sizeopt\libgcc.a(__divsi3.o)
                0x000000000008cff4                __divsi3
 .text          0x000000000008d024      0x1b0 c:/mwstage/tools/ba-elf-ba2-r36379.w10/bin/../lib/gcc/ba-elf/4.7.4/mcpu_jn51xx_sizeopt\libgcc.a(__umodsi3.o)
                0x000000000008d024                __umodsi3
 .text          0x000000000008d1d4       0x24 c:/mwstage/tools/ba-elf-ba2-r36379.w10/bin/../lib/gcc/ba-elf/4.7.4/mcpu_jn51xx_sizeopt\libgcc.a(__modsi3.o)
                0x000000000008d1d4                __modsi3
 .text          0x000000000008d1f8       0x39 c:/mwstage/tools/ba-elf-ba2-r36379.w10/bin/../lib/gcc/ba-elf/4.7.4/mcpu_jn51xx_sizeopt\libgcc.a(_fixunsdfsi.o)
                0x000000000008d1f8                __fixunsdfsi
 .text          0x000000000008d231      0x350 c:/mwstage/tools/ba-elf-ba2-r36379.w10/bin/../lib/gcc/ba-elf/4.7.4/mcpu_jn51xx_sizeopt\libgcc.a(_udivdi3.o)
                0x000000000008d231                __udivdi3
 .text          0x000000000008d581      0x312 c:/mwstage/tools/ba-elf-ba2-r36379.w10/bin/../lib/gcc/ba-elf/4.7.4/mcpu_jn51xx_sizeopt\libgcc.a(_umoddi3.o)
                0x000000000008d581                __umoddi3
 .text          0x000000000008d893      0x682 c:/mwstage/tools/ba-elf-ba2-r36379.w10/bin/../lib/gcc/ba-elf/4.7.4/mcpu_jn51xx_sizeopt\libgcc.a(adddf3.o)
                0x000000000008d893                __adddf3
 *fill*         0x000000000008df15        0x3 00
 .text          0x000000000008df18      0x5c8 c:/mwstage/tools/ba-elf-ba2-r36379.w10/bin/../lib/gcc/ba-elf/4.7.4/mcpu_jn51xx_sizeopt\libgcc.a(divdf3.o)
                0x000000000008df18                __divdf3
 .text          0x000000000008e4e0       0x7f c:/mwstage/tools/ba-elf-ba2-r36379.w10/bin/../lib/gcc/ba-elf/4.7.4/mcpu_jn51xx_sizeopt\libgcc.a(eqdf2.o)
                0x000000000008e4e0                __nedf2
                0x000000000008e4e0                __eqdf2
 .text          0x000000000008e55f       0xca c:/mwstage/tools/ba-elf-ba2-r36379.w10/bin/../lib/gcc/ba-elf/4.7.4/mcpu_jn51xx_sizeopt\libgcc.a(gedf2.o)
                0x000000000008e55f                __gedf2
                0x000000000008e55f                __gtdf2
 .text          0x000000000008e629       0xcb c:/mwstage/tools/ba-elf-ba2-r36379.w10/bin/../lib/gcc/ba-elf/4.7.4/mcpu_jn51xx_sizeopt\libgcc.a(ledf2.o)
                0x000000000008e629                __ledf2
                0x000000000008e629                __ltdf2
 .text          0x000000000008e6f4      0x488 c:/mwstage/tools/ba-elf-ba2-r36379.w10/bin/../lib/gcc/ba-elf/4.7.4/mcpu_jn51xx_sizeopt\libgcc.a(muldf3.o)
                0x000000000008e6f4                __muldf3
 .text          0x000000000008eb7c      0x693 c:/mwstage/tools/ba-elf-ba2-r36379.w10/bin/../lib/gcc/ba-elf/4.7.4/mcpu_jn51xx_sizeopt\libgcc.a(subdf3.o)
                0x000000000008eb7c                __subdf3
 .text          0x000000000008f20f       0x64 c:/mwstage/tools/ba-elf-ba2-r36379.w10/bin/../lib/gcc/ba-elf/4.7.4/mcpu_jn51xx_sizeopt\libgcc.a(fixdfsi.o)
                0x000000000008f20f                __fixdfsi
 .text          0x000000000008f273       0x61 c:/mwstage/tools/ba-elf-ba2-r36379.w10/bin/../lib/gcc/ba-elf/4.7.4/mcpu_jn51xx_sizeopt\libgcc.a(floatsidf.o)
                0x000000000008f273                __floatsidf
 .text          0x000000000008f2d4       0x4f c:/mwstage/tools/ba-elf-ba2-r36379.w10/bin/../lib/gcc/ba-elf/4.7.4/mcpu_jn51xx_sizeopt\libgcc.a(floatunsidf.o)
                0x000000000008f2d4                __floatunsidf
 .text          0x000000000008f323       0x27 C:/MWSTAGE/MWSDK/ChipLib/SW4063V1416/Components/Library\libHardwareApi_JN516x.a(AHI_Interrupt.o)
                0x000000000008f323                vAHI_InterruptSetPriority
                0x000000000008f341                vAHI_InterruptSetActivePriorityLevel
 .text.vMicroSyscall
                0x000000000008f34a       0x17 C:/MWSTAGE/MWSDK/ChipLib/SW4063V1416/Components/Library\libMicroSpecific_JN516x.a(MicroSyscall_ba.o)
                0x000000000008f34a                vMicroSyscall
 .text          0x000000000008f361       0x12 c:/mwstage/tools/ba-elf-ba2-r36379.w10/bin/../lib/gcc/ba-elf/4.7.4/../../../../ba-elf/lib/mcpu_jn51xx_sizeopt\libc.a(lib_a-memset.o)
                0x000000000008f361                memset
 .text          0x000000000008f373       0x38 c:/mwstage/tools/ba-elf-ba2-r36379.w10/bin/../lib/gcc/ba-elf/4.7.4/../../../../ba-elf/lib/mcpu_jn51xx_sizeopt\libc.a(lib_a-strncmp.o)
                0x000000000008f373                strncmp
                0x000000000008f3ab                _flash_end = ABSOLUTE (.)

.rela.dyn       0x000000000008f3ac        0x0
 .rela.text     0x0000000000000000        0x0 C:\Users\saiju\AppData\Local\Temp\cc5rOfRO.ltrans0.ltrans.o
 .rela.text.unlikely
                0x0000000000000000        0x0 C:\Users\saiju\AppData\Local\Temp\cc5rOfRO.ltrans0.ltrans.o
 .rela.rodata   0x0000000000000000        0x0 C:\Users\saiju\AppData\Local\Temp\cc5rOfRO.ltrans0.ltrans.o
 .rela.data     0x0000000000000000        0x0 C:\Users\saiju\AppData\Local\Temp\cc5rOfRO.ltrans0.ltrans.o
                0x000000000400004c                . = ORIGIN (ram)

.data           0x000000000400004c       0x14 load address 0x000000000008f3ac
                0x000000000400004c                _ram_data_start = ABSOLUTE (.)
 *(.data*)
 .data          0x000000000400004c        0x2 C:\Users\saiju\AppData\Local\Temp\cc5rOfRO.ltrans1.ltrans.o
 *fill*         0x000000000400004e        0x2 00
 .data          0x0000000004000050        0x4 C:\Users\saiju\AppData\Local\Temp\cc5rOfRO.ltrans3.ltrans.o
                0x0000000004000050                u32HeapStart
 .data.initinboot
                0x0000000004000054        0x8 C:\Users\saiju\AppData\Local\Temp\cc5rOfRO.ltrans3.ltrans.o
 .data          0x000000000400005c        0x1 C:\Users\saiju\AppData\Local\Temp\cc5rOfRO.ltrans9.ltrans.o
                0x000000000400005c                u8TxWkrNow.26218
 .data          0x000000000400005d        0x1 C:\Users\saiju\AppData\Local\Temp\cc5rOfRO.ltrans10.ltrans.o
                0x000000000400005d                _toconet_tx_u8_init_queue_flag
 .data          0x000000000400005e        0x1 C:\Users\saiju\AppData\Local\Temp\cc5rOfRO.ltrans15.ltrans.o
 .data.initinboot
                0x000000000400005f        0x1 C:\Users\saiju\AppData\Local\Temp\cc5rOfRO.ltrans15.ltrans.o
                0x000000000400005f                gMAC_u8MaxBuffers
 *(.data.*)
                0x0000000004000060                . = ALIGN (0x4)
                0x0000000004000060                _ram_data_end = ABSOLUTE (.)

.bss            0x0000000004000060     0x15e0 load address 0x000000000008f3c0
                0x0000000004000060                _bss_start = ABSOLUTE (.)
 *(.bss*)
 .bss           0x0000000004000060        0xc C:\Users\saiju\AppData\Local\Temp\cc5rOfRO.ltrans0.ltrans.o
 .bss           0x000000000400006c       0x80 C:\Users\saiju\AppData\Local\Temp\cc5rOfRO.ltrans1.ltrans.o
                0x000000000400006c                sMcpsIndQueue.3586
                0x000000000400007c                sMcpsIndBufferQueue.3584
                0x000000000400008c                sMlmeIndQueue.3587
                0x000000000400009c                sMlmeIndBufferQueue.3585
                0x00000000040000ac                sHwIndQueue.3588
                0x00000000040000bc                sHwIndBufferQueue.3589
                0x00000000040000cc                _u32_INT_adc_comp
                0x00000000040000d0                _u32_INT_ticktimer
                0x00000000040000d4                the_vsettings
                0x00000000040000d8                _periph_availmap
 .bss           0x00000000040000ec       0x40 C:\Users\saiju\AppData\Local\Temp\cc5rOfRO.ltrans2.ltrans.o
                0x00000000040000ec                g_sLP
                0x0000000004000128                g_pvMac
 .bss.initinboot
                0x000000000400012c      0x1c0 C:\Users\saiju\AppData\Local\Temp\cc5rOfRO.ltrans2.ltrans.o
                0x000000000400012c                g_sMac
 .bss           0x00000000040002ec        0x8 C:\Users\saiju\AppData\Local\Temp\cc5rOfRO.ltrans3.ltrans.o
 .bss.dontinitinboot
                0x00000000040002f4        0xc C:\Users\saiju\AppData\Local\Temp\cc5rOfRO.ltrans3.ltrans.o
 .bss           0x0000000004000300       0x18 C:\Users\saiju\AppData\Local\Temp\cc5rOfRO.ltrans5.ltrans.o
                0x0000000004000300                sSerCmd_P3.5502
                0x000000000400030c                prAppHwCallback.3592
                0x0000000004000310                _SERIAL_bmTxIntEnabled
                0x0000000004000314                TxWorker_u8Num.26175
 .bss           0x0000000004000318        0x1 C:\Users\saiju\AppData\Local\Temp\cc5rOfRO.ltrans6.ltrans.o
 .bss.dontinitinboot
                0x0000000004000319        0x1 C:\Users\saiju\AppData\Local\Temp\cc5rOfRO.ltrans7.ltrans.o
 *fill*         0x000000000400031a        0x2 00
 .bss           0x000000000400031c       0x90 C:\Users\saiju\AppData\Local\Temp\cc5rOfRO.ltrans8.ltrans.o
                0x000000000400031c                _ZL5_vcbs.7198
                0x0000000004000330                sToCoNet_AppContext
                0x000000000400034c                sToCoNet_Context
                0x0000000004000394                sAssocSecurity.13351
                0x00000000040003a0                g_bJenieBackwardsCompatibilityMode
 .bss           0x00000000040003ac       0x38 C:\Users\saiju\AppData\Local\Temp\cc5rOfRO.ltrans9.ltrans.o
                0x00000000040003ac                sCh_Context.3224
                0x00000000040003b0                the_vhw
                0x00000000040003b4                the_vnet2
                0x00000000040003b8                the_vnet
                0x00000000040003bc                the_vapp
                0x00000000040003c0                asTx.26174
 .bss.initinboot
                0x00000000040003e4        0x1 C:\Users\saiju\AppData\Local\Temp\cc5rOfRO.ltrans9.ltrans.o
 *fill*         0x00000000040003e5        0x3 00
 .bss           0x00000000040003e8      0x618 C:\Users\saiju\AppData\Local\Temp\cc5rOfRO.ltrans10.ltrans.o
 .bss           0x0000000004000a00      0x28c C:\Users\saiju\AppData\Local\Temp\cc5rOfRO.ltrans11.ltrans.o
                0x0000000004000a00                u8AppId_Pkt_head.4536
                0x0000000004000a04                u32AppId.4533
                0x0000000004000a08                u32MyAddr.4535
                0x0000000004000a0c                bRxQueue_Init.4534
                0x0000000004000a10                psRxQueueList.4532
                0x0000000004000a24                asEventHandler.2305
                0x0000000004000ac4                sEvVars
                0x0000000004000ae0                u32TickCount_ms
                0x0000000004000ae4                au8Txdatabuff_idx_sTxQueue
                0x0000000004000ae8                u8TxBuffSiz_sTxQueue
                0x0000000004000aec                sTxdatabuff_sTxQueue
                0x0000000004000af0                sTxQueue
                0x0000000004000b0c                au8Rxdatabuff_idx_sRxQueue
                0x0000000004000b10                u8RxBuffSiz_sRxQueue
                0x0000000004000b14                sRxdatabuff_sRxQueue
                0x0000000004000b18                sRxQueue
                0x0000000004000b34                au8Rxdatabuff_idx_sRxQueueCmd
                0x0000000004000b38                u8RxBuffSiz_sRxQueueCmd
                0x0000000004000b3c                sRxdatabuff_sRxQueueCmd
                0x0000000004000b40                sRxQueueCmd.2756
                0x0000000004000b5c                sContext.4657
                0x0000000004000b88                the_twelite
                0x0000000004000c20                sToCoNet_Modules
 .bss           0x0000000004000c8c      0x728 C:\Users\saiju\AppData\Local\Temp\cc5rOfRO.ltrans12.ltrans.o
                0x0000000004000c8c                pvPostFunc.2319
                0x0000000004000c90                u32PostArg.2318
                0x0000000004000c94                evPost.2317
                0x0000000004000c98                prSpiAppCallback.24632
                0x0000000004000c9c                prSiAppCallback.25845
                0x0000000004000ca0                prAppMcpsCallback.3590
                0x0000000004000ca4                prAppMlmeCallback.3591
 .bss.initinboot
                0x00000000040013b4        0x4 C:\Users\saiju\AppData\Local\Temp\cc5rOfRO.ltrans12.ltrans.o
                0x00000000040013b4                prSysCtrlAppCallback.24835
 .bss           0x00000000040013b8       0xbc C:\Users\saiju\AppData\Local\Temp\cc5rOfRO.ltrans13.ltrans.o
                0x00000000040013b8                prUart1AppCallback.25299
                0x00000000040013bc                prUart0AppCallback.25298
                0x00000000040013c0                asUARTS.4832
                0x00000000040013e0                sOpt.4839
                0x00000000040013f0                asSerialPorts
                0x0000000004001428                _psSerial
 .bss           0x0000000004001474       0x24 C:\Users\saiju\AppData\Local\Temp\cc5rOfRO.ltrans14.ltrans.o
                0x0000000004001474                bTxEventQueued.20467
                0x0000000004001475                u8TxEventStatus.20468
                0x0000000004001476                gbTimeOutFlag.24831
                0x0000000004001478                sAppHousekeeping
                0x0000000004001490                prApAppCallback.24398
                0x0000000004001494                bIntEnableFlag.24395
 .bss.initinboot
                0x0000000004001498        0x8 C:\Users\saiju\AppData\Local\Temp\cc5rOfRO.ltrans15.ltrans.o
                0x0000000004001498                g_u32MacAddrLocation
                0x000000000400149c                prvUserTxStartedCallback
 .bss           0x00000000040014a0       0x40 C:\Users\saiju\AppData\Local\Temp\cc5rOfRO.ltrans16.ltrans.o
                0x00000000040014a0                g_sXcv
                0x00000000040014a4                prMcpsRequest.9734
                0x00000000040014a8                prMlmeRequest.9733
                0x00000000040014ac                prOriginalHandler.4667
                0x00000000040014b0                Serial
 .bss           0x00000000040014e0       0x14 C:\Users\saiju\AppData\Local\Temp\cc5rOfRO.ltrans17.ltrans.o
                0x00000000040014e0                s_sTimerList
                0x00000000040014f0                u8AssocResponsesInProgress.13350
 .bss           0x00000000040014f4       0x24 C:\Users\saiju\AppData\Local\Temp\cc5rOfRO.ltrans18.ltrans.o
                0x00000000040014f4                apfTimerAppCallback.25044
                0x0000000004001508                prTickTimeAppCallback
                0x000000000400150c                au16TimerSettings.24993
 .bss           0x0000000004001518       0xe8 C:\Users\saiju\AppData\Local\Temp\cc5rOfRO.ltrans19.ltrans.o
                0x0000000004001518                the_mac
                0x0000000004001534                Timer4
                0x000000000400153c                Timer3
                0x0000000004001544                Timer2
                0x000000000400154c                Timer1
                0x0000000004001554                Timer0
                0x000000000400155c                Analogue
                0x0000000004001574                SPI
                0x0000000004001578                Wire
                0x0000000004001590                SerialParser
                0x00000000040015cc                Serial1
                0x00000000040015ec                Buttons
                0x00000000040015f4                PulseCounter1
                0x00000000040015f8                PulseCounter0
 .bss.dontinitinboot
                0x0000000004001600       0x40 C:/MWSTAGE/MWSDK/ChipLib/SW4063V1416/Components/Library\libBoot_JN516x.a(ExceptionHandler.o)
                0x0000000004001600                isr_handlers
 *(.bss.*)
 *(.scommon*)
 *(.scommon.*)
 *(COMMON)
                0x0000000004001640                . = ALIGN (0x4)
                0x0000000004001640                _bss_end = ABSOLUTE (.)

.heap           0x0000000004001640      0xd16 load address 0x00000000000909a0
                0x0000000004001640                _heap_start = ABSOLUTE (.)
                0x0000000004002356                . = (. + _minimum_heap_size)
 *fill*         0x0000000004001640      0xd16 00

.stack          0x0000000004007800      0x800 load address 0x0000000000096b60
                0x0000000004007800                _heap_end = ABSOLUTE (.)
                0x0000000004007800                _stack_low_water_mark = ABSOLUTE (.)
                0x0000000004008000                . = (. + _stack_size)
 *fill*         0x0000000004007800      0x800 00

.test           0x000000000008f3c0        0x1
                0x000000000008f3c0        0x1 BYTE 0xff
                0x000000000008f3ac                _flash_data_start = LOADADDR (.data)
                0x0000000000000014                _ram_data_len = (((_ram_data_end - _ram_data_start) + 0x3) & 0xfffffffffffffffc)
                0x00000000000015e0                _bss_len = (((_bss_end - _bss_start) + 0x3) & 0xfffffffffffffffc)
                0x000000000000f3c0                _image_len = ((((_flash_end - _flash_start) + _ram_data_len) + 0x3) & 0xfffffffffffffffc)
                0x0000000004008000                _ram_top = (ABSOLUTE (ORIGIN (ram)) + 0x7fb4)
                0x0000000004008000                ram_top = (ABSOLUTE (ORIGIN (ram)) + 0x7fb4)
                0x0000000001001580                _app_ram_start = 0x1001580
                0x0000000004000050                PROVIDE (_heap_location, u32HeapStart)
                0x0000000004000050                PROVIDE (heap_location, u32HeapStart)
                0x00000000000878e7                TSV_eOpenVector = TSV_eOpen
                0x0000000000087468                TSV_eStartVector = TSV_eStart
                0x000000000008be9a                TSV_eStopVector = TSV_eStop
                0x000000000008ca97                pvAppApiGetMacHandle = pvAppApiDefGetMacHandle
                0x000000000008b86c                u32AppApiInit = u32AppApiDefInit
                0x000000000008ca6c                vAppApiMlmeRequest = vAppApiDefMlmeRequest
                0x0000000000087ba4                vAppApiMcpsRequest = vAppApiDefMcpsRequest
                0x0000000000087b4b                eAppApiPlmeSet = eAppApiDefPlmeSet
                0x0000000000087af9                eAppApiPlmeGet = eAppApiDefPlmeGet
                0x0000000000087af0                pvAppApiGetMacAddrLocation = pvAppApiDefGetMacAddrLocation
                0x00000000000879c0                vAppApiSaveMacSettings = vAppApiDefSaveMacSettings
                0x00000000000878ef                vAppApiRestoreMacSettings = vAppApiDefRestoreMacSettings
OUTPUT(objs_BLUE/master_BLUE_L1305_V0-1-0.elf elf32-ba)

.comment        0x0000000000000000       0x11
 .comment       0x0000000000000000       0x12 C:\Users\saiju\AppData\Local\Temp\cc5rOfRO.ltrans0.ltrans.o
 .comment       0x0000000000000000       0x12 C:\Users\saiju\AppData\Local\Temp\cc5rOfRO.ltrans1.ltrans.o
 .comment       0x0000000000000000       0x12 C:\Users\saiju\AppData\Local\Temp\cc5rOfRO.ltrans2.ltrans.o
 .comment       0x0000000000000000       0x12 C:\Users\saiju\AppData\Local\Temp\cc5rOfRO.ltrans3.ltrans.o
 .comment       0x0000000000000000       0x12 C:\Users\saiju\AppData\Local\Temp\cc5rOfRO.ltrans4.ltrans.o
 .comment       0x0000000000000000       0x12 C:\Users\saiju\AppData\Local\Temp\cc5rOfRO.ltrans5.ltrans.o
 .comment       0x0000000000000000       0x12 C:\Users\saiju\AppData\Local\Temp\cc5rOfRO.ltrans6.ltrans.o
 .comment       0x0000000000000000       0x12 C:\Users\saiju\AppData\Local\Temp\cc5rOfRO.ltrans7.ltrans.o
 .comment       0x0000000000000000       0x12 C:\Users\saiju\AppData\Local\Temp\cc5rOfRO.ltrans8.ltrans.o
 .comment       0x0000000000000000       0x12 C:\Users\saiju\AppData\Local\Temp\cc5rOfRO.ltrans9.ltrans.o
 .comment       0x0000000000000000       0x12 C:\Users\saiju\AppData\Local\Temp\cc5rOfRO.ltrans10.ltrans.o
 .comment       0x0000000000000000       0x12 C:\Users\saiju\AppData\Local\Temp\cc5rOfRO.ltrans11.ltrans.o
 .comment       0x0000000000000000       0x12 C:\Users\saiju\AppData\Local\Temp\cc5rOfRO.ltrans12.ltrans.o
 .comment       0x0000000000000000       0x12 C:\Users\saiju\AppData\Local\Temp\cc5rOfRO.ltrans13.ltrans.o
 .comment       0x0000000000000000       0x12 C:\Users\saiju\AppData\Local\Temp\cc5rOfRO.ltrans14.ltrans.o
 .comment       0x0000000000000000       0x12 C:\Users\saiju\AppData\Local\Temp\cc5rOfRO.ltrans15.ltrans.o
 .comment       0x0000000000000000       0x12 C:\Users\saiju\AppData\Local\Temp\cc5rOfRO.ltrans16.ltrans.o
 .comment       0x0000000000000000       0x12 C:\Users\saiju\AppData\Local\Temp\cc5rOfRO.ltrans17.ltrans.o
 .comment       0x0000000000000000       0x12 C:\Users\saiju\AppData\Local\Temp\cc5rOfRO.ltrans18.ltrans.o
 .comment       0x0000000000000000       0x12 C:\Users\saiju\AppData\Local\Temp\cc5rOfRO.ltrans19.ltrans.o
 .comment       0x0000000000000000       0x12 c:/mwstage/tools/ba-elf-ba2-r36379.w10/bin/../lib/gcc/ba-elf/4.7.4/../../../../ba-elf/lib/mcpu_jn51xx_sizeopt\libc.a(lib_a-memcmp.o)
 .comment       0x0000000000000000       0x12 c:/mwstage/tools/ba-elf-ba2-r36379.w10/bin/../lib/gcc/ba-elf/4.7.4/../../../../ba-elf/lib/mcpu_jn51xx_sizeopt\libc.a(lib_a-memcpy.o)
 .comment       0x0000000000000000       0x12 c:/mwstage/tools/ba-elf-ba2-r36379.w10/bin/../lib/gcc/ba-elf/4.7.4/mcpu_jn51xx_sizeopt\libgcc.a(_fixunsdfsi.o)
 .comment       0x0000000000000000       0x12 c:/mwstage/tools/ba-elf-ba2-r36379.w10/bin/../lib/gcc/ba-elf/4.7.4/mcpu_jn51xx_sizeopt\libgcc.a(_udivdi3.o)
 .comment       0x0000000000000000       0x12 c:/mwstage/tools/ba-elf-ba2-r36379.w10/bin/../lib/gcc/ba-elf/4.7.4/mcpu_jn51xx_sizeopt\libgcc.a(_umoddi3.o)
 .comment       0x0000000000000000       0x12 c:/mwstage/tools/ba-elf-ba2-r36379.w10/bin/../lib/gcc/ba-elf/4.7.4/mcpu_jn51xx_sizeopt\libgcc.a(adddf3.o)
 .comment       0x0000000000000000       0x12 c:/mwstage/tools/ba-elf-ba2-r36379.w10/bin/../lib/gcc/ba-elf/4.7.4/mcpu_jn51xx_sizeopt\libgcc.a(divdf3.o)
 .comment       0x0000000000000000       0x12 c:/mwstage/tools/ba-elf-ba2-r36379.w10/bin/../lib/gcc/ba-elf/4.7.4/mcpu_jn51xx_sizeopt\libgcc.a(eqdf2.o)
 .comment       0x0000000000000000       0x12 c:/mwstage/tools/ba-elf-ba2-r36379.w10/bin/../lib/gcc/ba-elf/4.7.4/mcpu_jn51xx_sizeopt\libgcc.a(gedf2.o)
 .comment       0x0000000000000000       0x12 c:/mwstage/tools/ba-elf-ba2-r36379.w10/bin/../lib/gcc/ba-elf/4.7.4/mcpu_jn51xx_sizeopt\libgcc.a(ledf2.o)
 .comment       0x0000000000000000       0x12 c:/mwstage/tools/ba-elf-ba2-r36379.w10/bin/../lib/gcc/ba-elf/4.7.4/mcpu_jn51xx_sizeopt\libgcc.a(muldf3.o)
 .comment       0x0000000000000000       0x12 c:/mwstage/tools/ba-elf-ba2-r36379.w10/bin/../lib/gcc/ba-elf/4.7.4/mcpu_jn51xx_sizeopt\libgcc.a(subdf3.o)
 .comment       0x0000000000000000       0x12 c:/mwstage/tools/ba-elf-ba2-r36379.w10/bin/../lib/gcc/ba-elf/4.7.4/mcpu_jn51xx_sizeopt\libgcc.a(fixdfsi.o)
 .comment       0x0000000000000000       0x12 c:/mwstage/tools/ba-elf-ba2-r36379.w10/bin/../lib/gcc/ba-elf/4.7.4/mcpu_jn51xx_sizeopt\libgcc.a(floatsidf.o)
 .comment       0x0000000000000000       0x12 c:/mwstage/tools/ba-elf-ba2-r36379.w10/bin/../lib/gcc/ba-elf/4.7.4/mcpu_jn51xx_sizeopt\libgcc.a(floatunsidf.o)
 .comment       0x0000000000000000       0x11 C:/MWSTAGE/MWSDK/ChipLib/SW4063V1416/Components/Library\libMicroSpecific_JN516x.a(MicroSyscall_ba.o)
                                         0x12 (size before relaxing)
 .comment       0x0000000000000000       0x12 c:/mwstage/tools/ba-elf-ba2-r36379.w10/bin/../lib/gcc/ba-elf/4.7.4/../../../../ba-elf/lib/mcpu_jn51xx_sizeopt\libc.a(lib_a-memset.o)
 .comment       0x0000000000000000       0x12 c:/mwstage/tools/ba-elf-ba2-r36379.w10/bin/../lib/gcc/ba-elf/4.7.4/../../../../ba-elf/lib/mcpu_jn51xx_sizeopt\libc.a(lib_a-strncmp.o)

.debug_info     0x0000000000000000     0x3526
 .debug_info    0x0000000000000000       0xf3 c:/mwstage/tools/ba-elf-ba2-r36379.w10/bin/../lib/gcc/ba-elf/4.7.4/../../../../ba-elf/lib/mcpu_jn51xx_sizeopt\libc.a(lib_a-memcmp.o)
 .debug_info    0x00000000000000f3      0x106 c:/mwstage/tools/ba-elf-ba2-r36379.w10/bin/../lib/gcc/ba-elf/4.7.4/../../../../ba-elf/lib/mcpu_jn51xx_sizeopt\libc.a(lib_a-memcpy.o)
 .debug_info    0x00000000000001f9       0xb7 c:/mwstage/tools/ba-elf-ba2-r36379.w10/bin/../lib/gcc/ba-elf/4.7.4/mcpu_jn51xx_sizeopt\libgcc.a(__udivsi3.o)
 .debug_info    0x00000000000002b0       0xb7 c:/mwstage/tools/ba-elf-ba2-r36379.w10/bin/../lib/gcc/ba-elf/4.7.4/mcpu_jn51xx_sizeopt\libgcc.a(__divsi3.o)
 .debug_info    0x0000000000000367       0xb7 c:/mwstage/tools/ba-elf-ba2-r36379.w10/bin/../lib/gcc/ba-elf/4.7.4/mcpu_jn51xx_sizeopt\libgcc.a(__umodsi3.o)
 .debug_info    0x000000000000041e       0xb7 c:/mwstage/tools/ba-elf-ba2-r36379.w10/bin/../lib/gcc/ba-elf/4.7.4/mcpu_jn51xx_sizeopt\libgcc.a(__modsi3.o)
 .debug_info    0x00000000000004d5       0xd3 c:/mwstage/tools/ba-elf-ba2-r36379.w10/bin/../lib/gcc/ba-elf/4.7.4/mcpu_jn51xx_sizeopt\libgcc.a(_fixunsdfsi.o)
 .debug_info    0x00000000000005a8      0x648 c:/mwstage/tools/ba-elf-ba2-r36379.w10/bin/../lib/gcc/ba-elf/4.7.4/mcpu_jn51xx_sizeopt\libgcc.a(_udivdi3.o)
 .debug_info    0x0000000000000bf0      0x69d c:/mwstage/tools/ba-elf-ba2-r36379.w10/bin/../lib/gcc/ba-elf/4.7.4/mcpu_jn51xx_sizeopt\libgcc.a(_umoddi3.o)
 .debug_info    0x000000000000128d      0x4b2 c:/mwstage/tools/ba-elf-ba2-r36379.w10/bin/../lib/gcc/ba-elf/4.7.4/mcpu_jn51xx_sizeopt\libgcc.a(adddf3.o)
 .debug_info    0x000000000000173f      0x5c5 c:/mwstage/tools/ba-elf-ba2-r36379.w10/bin/../lib/gcc/ba-elf/4.7.4/mcpu_jn51xx_sizeopt\libgcc.a(divdf3.o)
 .debug_info    0x0000000000001d04      0x1e7 c:/mwstage/tools/ba-elf-ba2-r36379.w10/bin/../lib/gcc/ba-elf/4.7.4/mcpu_jn51xx_sizeopt\libgcc.a(eqdf2.o)
 .debug_info    0x0000000000001eeb      0x20b c:/mwstage/tools/ba-elf-ba2-r36379.w10/bin/../lib/gcc/ba-elf/4.7.4/mcpu_jn51xx_sizeopt\libgcc.a(gedf2.o)
 .debug_info    0x00000000000020f6      0x20b c:/mwstage/tools/ba-elf-ba2-r36379.w10/bin/../lib/gcc/ba-elf/4.7.4/mcpu_jn51xx_sizeopt\libgcc.a(ledf2.o)
 .debug_info    0x0000000000002301      0x5c7 c:/mwstage/tools/ba-elf-ba2-r36379.w10/bin/../lib/gcc/ba-elf/4.7.4/mcpu_jn51xx_sizeopt\libgcc.a(muldf3.o)
 .debug_info    0x00000000000028c8      0x4b2 c:/mwstage/tools/ba-elf-ba2-r36379.w10/bin/../lib/gcc/ba-elf/4.7.4/mcpu_jn51xx_sizeopt\libgcc.a(subdf3.o)
 .debug_info    0x0000000000002d7a      0x1b7 c:/mwstage/tools/ba-elf-ba2-r36379.w10/bin/../lib/gcc/ba-elf/4.7.4/mcpu_jn51xx_sizeopt\libgcc.a(fixdfsi.o)
 .debug_info    0x0000000000002f31      0x1d6 c:/mwstage/tools/ba-elf-ba2-r36379.w10/bin/../lib/gcc/ba-elf/4.7.4/mcpu_jn51xx_sizeopt\libgcc.a(floatsidf.o)
 .debug_info    0x0000000000003107      0x1cb c:/mwstage/tools/ba-elf-ba2-r36379.w10/bin/../lib/gcc/ba-elf/4.7.4/mcpu_jn51xx_sizeopt\libgcc.a(floatunsidf.o)
 .debug_info    0x00000000000032d2       0xaa C:/MWSTAGE/MWSDK/ChipLib/SW4063V1416/Components/Library\libBoot_JN516x.a(ExceptionHandler.o)
 .debug_info    0x000000000000337c       0xd7 c:/mwstage/tools/ba-elf-ba2-r36379.w10/bin/../lib/gcc/ba-elf/4.7.4/../../../../ba-elf/lib/mcpu_jn51xx_sizeopt\libc.a(lib_a-memset.o)
 .debug_info    0x0000000000003453       0xd3 c:/mwstage/tools/ba-elf-ba2-r36379.w10/bin/../lib/gcc/ba-elf/4.7.4/../../../../ba-elf/lib/mcpu_jn51xx_sizeopt\libc.a(lib_a-strncmp.o)

.debug_abbrev   0x0000000000000000     0x11ae
 .debug_abbrev  0x0000000000000000       0x8e c:/mwstage/tools/ba-elf-ba2-r36379.w10/bin/../lib/gcc/ba-elf/4.7.4/../../../../ba-elf/lib/mcpu_jn51xx_sizeopt\libc.a(lib_a-memcmp.o)
 .debug_abbrev  0x000000000000008e       0xa4 c:/mwstage/tools/ba-elf-ba2-r36379.w10/bin/../lib/gcc/ba-elf/4.7.4/../../../../ba-elf/lib/mcpu_jn51xx_sizeopt\libc.a(lib_a-memcpy.o)
 .debug_abbrev  0x0000000000000132       0x14 c:/mwstage/tools/ba-elf-ba2-r36379.w10/bin/../lib/gcc/ba-elf/4.7.4/mcpu_jn51xx_sizeopt\libgcc.a(__udivsi3.o)
 .debug_abbrev  0x0000000000000146       0x14 c:/mwstage/tools/ba-elf-ba2-r36379.w10/bin/../lib/gcc/ba-elf/4.7.4/mcpu_jn51xx_sizeopt\libgcc.a(__divsi3.o)
 .debug_abbrev  0x000000000000015a       0x14 c:/mwstage/tools/ba-elf-ba2-r36379.w10/bin/../lib/gcc/ba-elf/4.7.4/mcpu_jn51xx_sizeopt\libgcc.a(__umodsi3.o)
 .debug_abbrev  0x000000000000016e       0x14 c:/mwstage/tools/ba-elf-ba2-r36379.w10/bin/../lib/gcc/ba-elf/4.7.4/mcpu_jn51xx_sizeopt\libgcc.a(__modsi3.o)
 .debug_abbrev  0x0000000000000182       0x60 c:/mwstage/tools/ba-elf-ba2-r36379.w10/bin/../lib/gcc/ba-elf/4.7.4/mcpu_jn51xx_sizeopt\libgcc.a(_fixunsdfsi.o)
 .debug_abbrev  0x00000000000001e2      0x15d c:/mwstage/tools/ba-elf-ba2-r36379.w10/bin/../lib/gcc/ba-elf/4.7.4/mcpu_jn51xx_sizeopt\libgcc.a(_udivdi3.o)
 .debug_abbrev  0x000000000000033f      0x175 c:/mwstage/tools/ba-elf-ba2-r36379.w10/bin/../lib/gcc/ba-elf/4.7.4/mcpu_jn51xx_sizeopt\libgcc.a(_umoddi3.o)
 .debug_abbrev  0x00000000000004b4      0x133 c:/mwstage/tools/ba-elf-ba2-r36379.w10/bin/../lib/gcc/ba-elf/4.7.4/mcpu_jn51xx_sizeopt\libgcc.a(adddf3.o)
 .debug_abbrev  0x00000000000005e7      0x12f c:/mwstage/tools/ba-elf-ba2-r36379.w10/bin/../lib/gcc/ba-elf/4.7.4/mcpu_jn51xx_sizeopt\libgcc.a(divdf3.o)
 .debug_abbrev  0x0000000000000716      0x128 c:/mwstage/tools/ba-elf-ba2-r36379.w10/bin/../lib/gcc/ba-elf/4.7.4/mcpu_jn51xx_sizeopt\libgcc.a(eqdf2.o)
 .debug_abbrev  0x000000000000083e      0x137 c:/mwstage/tools/ba-elf-ba2-r36379.w10/bin/../lib/gcc/ba-elf/4.7.4/mcpu_jn51xx_sizeopt\libgcc.a(gedf2.o)
 .debug_abbrev  0x0000000000000975      0x139 c:/mwstage/tools/ba-elf-ba2-r36379.w10/bin/../lib/gcc/ba-elf/4.7.4/mcpu_jn51xx_sizeopt\libgcc.a(ledf2.o)
 .debug_abbrev  0x0000000000000aae      0x141 c:/mwstage/tools/ba-elf-ba2-r36379.w10/bin/../lib/gcc/ba-elf/4.7.4/mcpu_jn51xx_sizeopt\libgcc.a(muldf3.o)
 .debug_abbrev  0x0000000000000bef      0x133 c:/mwstage/tools/ba-elf-ba2-r36379.w10/bin/../lib/gcc/ba-elf/4.7.4/mcpu_jn51xx_sizeopt\libgcc.a(subdf3.o)
 .debug_abbrev  0x0000000000000d22      0x12a c:/mwstage/tools/ba-elf-ba2-r36379.w10/bin/../lib/gcc/ba-elf/4.7.4/mcpu_jn51xx_sizeopt\libgcc.a(fixdfsi.o)
 .debug_abbrev  0x0000000000000e4c      0x128 c:/mwstage/tools/ba-elf-ba2-r36379.w10/bin/../lib/gcc/ba-elf/4.7.4/mcpu_jn51xx_sizeopt\libgcc.a(floatsidf.o)
 .debug_abbrev  0x0000000000000f74      0x128 c:/mwstage/tools/ba-elf-ba2-r36379.w10/bin/../lib/gcc/ba-elf/4.7.4/mcpu_jn51xx_sizeopt\libgcc.a(floatunsidf.o)
 .debug_abbrev  0x000000000000109c       0x14 C:/MWSTAGE/MWSDK/ChipLib/SW4063V1416/Components/Library\libBoot_JN516x.a(ExceptionHandler.o)
 .debug_abbrev  0x00000000000010b0       0x8e c:/mwstage/tools/ba-elf-ba2-r36379.w10/bin/../lib/gcc/ba-elf/4.7.4/../../../../ba-elf/lib/mcpu_jn51xx_sizeopt\libc.a(lib_a-memset.o)
 .debug_abbrev  0x000000000000113e       0x70 c:/mwstage/tools/ba-elf-ba2-r36379.w10/bin/../lib/gcc/ba-elf/4.7.4/../../../../ba-elf/lib/mcpu_jn51xx_sizeopt\libc.a(lib_a-strncmp.o)

.debug_loc      0x0000000000000000     0x59f6
 .debug_loc     0x0000000000000000       0x73 c:/mwstage/tools/ba-elf-ba2-r36379.w10/bin/../lib/gcc/ba-elf/4.7.4/../../../../ba-elf/lib/mcpu_jn51xx_sizeopt\libc.a(lib_a-memcmp.o)
 .debug_loc     0x0000000000000073       0x39 c:/mwstage/tools/ba-elf-ba2-r36379.w10/bin/../lib/gcc/ba-elf/4.7.4/../../../../ba-elf/lib/mcpu_jn51xx_sizeopt\libc.a(lib_a-memcpy.o)
 .debug_loc     0x00000000000000ac       0x48 c:/mwstage/tools/ba-elf-ba2-r36379.w10/bin/../lib/gcc/ba-elf/4.7.4/mcpu_jn51xx_sizeopt\libgcc.a(_fixunsdfsi.o)
 .debug_loc     0x00000000000000f4      0xa7b c:/mwstage/tools/ba-elf-ba2-r36379.w10/bin/../lib/gcc/ba-elf/4.7.4/mcpu_jn51xx_sizeopt\libgcc.a(_udivdi3.o)
 .debug_loc     0x0000000000000b6f      0x985 c:/mwstage/tools/ba-elf-ba2-r36379.w10/bin/../lib/gcc/ba-elf/4.7.4/mcpu_jn51xx_sizeopt\libgcc.a(_umoddi3.o)
 .debug_loc     0x00000000000014f4     0x10f3 c:/mwstage/tools/ba-elf-ba2-r36379.w10/bin/../lib/gcc/ba-elf/4.7.4/mcpu_jn51xx_sizeopt\libgcc.a(adddf3.o)
 .debug_loc     0x00000000000025e7     0x117e c:/mwstage/tools/ba-elf-ba2-r36379.w10/bin/../lib/gcc/ba-elf/4.7.4/mcpu_jn51xx_sizeopt\libgcc.a(divdf3.o)
 .debug_loc     0x0000000000003765       0x83 c:/mwstage/tools/ba-elf-ba2-r36379.w10/bin/../lib/gcc/ba-elf/4.7.4/mcpu_jn51xx_sizeopt\libgcc.a(eqdf2.o)
 .debug_loc     0x00000000000037e8      0x154 c:/mwstage/tools/ba-elf-ba2-r36379.w10/bin/../lib/gcc/ba-elf/4.7.4/mcpu_jn51xx_sizeopt\libgcc.a(gedf2.o)
 .debug_loc     0x000000000000393c       0xe6 c:/mwstage/tools/ba-elf-ba2-r36379.w10/bin/../lib/gcc/ba-elf/4.7.4/mcpu_jn51xx_sizeopt\libgcc.a(ledf2.o)
 .debug_loc     0x0000000000003a22      0xa0e c:/mwstage/tools/ba-elf-ba2-r36379.w10/bin/../lib/gcc/ba-elf/4.7.4/mcpu_jn51xx_sizeopt\libgcc.a(muldf3.o)
 .debug_loc     0x0000000000004430     0x114e c:/mwstage/tools/ba-elf-ba2-r36379.w10/bin/../lib/gcc/ba-elf/4.7.4/mcpu_jn51xx_sizeopt\libgcc.a(subdf3.o)
 .debug_loc     0x000000000000557e       0xa8 c:/mwstage/tools/ba-elf-ba2-r36379.w10/bin/../lib/gcc/ba-elf/4.7.4/mcpu_jn51xx_sizeopt\libgcc.a(fixdfsi.o)
 .debug_loc     0x0000000000005626      0x1be c:/mwstage/tools/ba-elf-ba2-r36379.w10/bin/../lib/gcc/ba-elf/4.7.4/mcpu_jn51xx_sizeopt\libgcc.a(floatsidf.o)
 .debug_loc     0x00000000000057e4      0x179 c:/mwstage/tools/ba-elf-ba2-r36379.w10/bin/../lib/gcc/ba-elf/4.7.4/mcpu_jn51xx_sizeopt\libgcc.a(floatunsidf.o)
 .debug_loc     0x000000000000595d       0x3f c:/mwstage/tools/ba-elf-ba2-r36379.w10/bin/../lib/gcc/ba-elf/4.7.4/../../../../ba-elf/lib/mcpu_jn51xx_sizeopt\libc.a(lib_a-memset.o)
 .debug_loc     0x000000000000599c       0x5a c:/mwstage/tools/ba-elf-ba2-r36379.w10/bin/../lib/gcc/ba-elf/4.7.4/../../../../ba-elf/lib/mcpu_jn51xx_sizeopt\libc.a(lib_a-strncmp.o)

.debug_aranges  0x0000000000000000      0x2c0
 .debug_aranges
                0x0000000000000000       0x20 c:/mwstage/tools/ba-elf-ba2-r36379.w10/bin/../lib/gcc/ba-elf/4.7.4/../../../../ba-elf/lib/mcpu_jn51xx_sizeopt\libc.a(lib_a-memcmp.o)
 .debug_aranges
                0x0000000000000020       0x20 c:/mwstage/tools/ba-elf-ba2-r36379.w10/bin/../lib/gcc/ba-elf/4.7.4/../../../../ba-elf/lib/mcpu_jn51xx_sizeopt\libc.a(lib_a-memcpy.o)
 .debug_aranges
                0x0000000000000040       0x20 c:/mwstage/tools/ba-elf-ba2-r36379.w10/bin/../lib/gcc/ba-elf/4.7.4/mcpu_jn51xx_sizeopt\libgcc.a(__udivsi3.o)
 .debug_aranges
                0x0000000000000060       0x20 c:/mwstage/tools/ba-elf-ba2-r36379.w10/bin/../lib/gcc/ba-elf/4.7.4/mcpu_jn51xx_sizeopt\libgcc.a(__divsi3.o)
 .debug_aranges
                0x0000000000000080       0x20 c:/mwstage/tools/ba-elf-ba2-r36379.w10/bin/../lib/gcc/ba-elf/4.7.4/mcpu_jn51xx_sizeopt\libgcc.a(__umodsi3.o)
 .debug_aranges
                0x00000000000000a0       0x20 c:/mwstage/tools/ba-elf-ba2-r36379.w10/bin/../lib/gcc/ba-elf/4.7.4/mcpu_jn51xx_sizeopt\libgcc.a(__modsi3.o)
 .debug_aranges
                0x00000000000000c0       0x20 c:/mwstage/tools/ba-elf-ba2-r36379.w10/bin/../lib/gcc/ba-elf/4.7.4/mcpu_jn51xx_sizeopt\libgcc.a(_fixunsdfsi.o)
 .debug_aranges
                0x00000000000000e0       0x20 c:/mwstage/tools/ba-elf-ba2-r36379.w10/bin/../lib/gcc/ba-elf/4.7.4/mcpu_jn51xx_sizeopt\libgcc.a(_udivdi3.o)
 .debug_aranges
                0x0000000000000100       0x20 c:/mwstage/tools/ba-elf-ba2-r36379.w10/bin/../lib/gcc/ba-elf/4.7.4/mcpu_jn51xx_sizeopt\libgcc.a(_umoddi3.o)
 .debug_aranges
                0x0000000000000120       0x20 c:/mwstage/tools/ba-elf-ba2-r36379.w10/bin/../lib/gcc/ba-elf/4.7.4/mcpu_jn51xx_sizeopt\libgcc.a(adddf3.o)
 .debug_aranges
                0x0000000000000140       0x20 c:/mwstage/tools/ba-elf-ba2-r36379.w10/bin/../lib/gcc/ba-elf/4.7.4/mcpu_jn51xx_sizeopt\libgcc.a(divdf3.o)
 .debug_aranges
                0x0000000000000160       0x20 c:/mwstage/tools/ba-elf-ba2-r36379.w10/bin/../lib/gcc/ba-elf/4.7.4/mcpu_jn51xx_sizeopt\libgcc.a(eqdf2.o)
 .debug_aranges
                0x0000000000000180       0x20 c:/mwstage/tools/ba-elf-ba2-r36379.w10/bin/../lib/gcc/ba-elf/4.7.4/mcpu_jn51xx_sizeopt\libgcc.a(gedf2.o)
 .debug_aranges
                0x00000000000001a0       0x20 c:/mwstage/tools/ba-elf-ba2-r36379.w10/bin/../lib/gcc/ba-elf/4.7.4/mcpu_jn51xx_sizeopt\libgcc.a(ledf2.o)
 .debug_aranges
                0x00000000000001c0       0x20 c:/mwstage/tools/ba-elf-ba2-r36379.w10/bin/../lib/gcc/ba-elf/4.7.4/mcpu_jn51xx_sizeopt\libgcc.a(muldf3.o)
 .debug_aranges
                0x00000000000001e0       0x20 c:/mwstage/tools/ba-elf-ba2-r36379.w10/bin/../lib/gcc/ba-elf/4.7.4/mcpu_jn51xx_sizeopt\libgcc.a(subdf3.o)
 .debug_aranges
                0x0000000000000200       0x20 c:/mwstage/tools/ba-elf-ba2-r36379.w10/bin/../lib/gcc/ba-elf/4.7.4/mcpu_jn51xx_sizeopt\libgcc.a(fixdfsi.o)
 .debug_aranges
                0x0000000000000220       0x20 c:/mwstage/tools/ba-elf-ba2-r36379.w10/bin/../lib/gcc/ba-elf/4.7.4/mcpu_jn51xx_sizeopt\libgcc.a(floatsidf.o)
 .debug_aranges
                0x0000000000000240       0x20 c:/mwstage/tools/ba-elf-ba2-r36379.w10/bin/../lib/gcc/ba-elf/4.7.4/mcpu_jn51xx_sizeopt\libgcc.a(floatunsidf.o)
 .debug_aranges
                0x0000000000000260       0x20 C:/MWSTAGE/MWSDK/ChipLib/SW4063V1416/Components/Library\libBoot_JN516x.a(ExceptionHandler.o)
 .debug_aranges
                0x0000000000000280       0x20 c:/mwstage/tools/ba-elf-ba2-r36379.w10/bin/../lib/gcc/ba-elf/4.7.4/../../../../ba-elf/lib/mcpu_jn51xx_sizeopt\libc.a(lib_a-memset.o)
 .debug_aranges
                0x00000000000002a0       0x20 c:/mwstage/tools/ba-elf-ba2-r36379.w10/bin/../lib/gcc/ba-elf/4.7.4/../../../../ba-elf/lib/mcpu_jn51xx_sizeopt\libc.a(lib_a-strncmp.o)

.debug_line     0x0000000000000000     0x2d38
 .debug_line    0x0000000000000000      0x15a c:/mwstage/tools/ba-elf-ba2-r36379.w10/bin/../lib/gcc/ba-elf/4.7.4/../../../../ba-elf/lib/mcpu_jn51xx_sizeopt\libc.a(lib_a-memcmp.o)
 .debug_line    0x000000000000015a      0x14e c:/mwstage/tools/ba-elf-ba2-r36379.w10/bin/../lib/gcc/ba-elf/4.7.4/../../../../ba-elf/lib/mcpu_jn51xx_sizeopt\libc.a(lib_a-memcpy.o)
 .debug_line    0x00000000000002a8      0x47b c:/mwstage/tools/ba-elf-ba2-r36379.w10/bin/../lib/gcc/ba-elf/4.7.4/mcpu_jn51xx_sizeopt\libgcc.a(__udivsi3.o)
 .debug_line    0x0000000000000723       0xbb c:/mwstage/tools/ba-elf-ba2-r36379.w10/bin/../lib/gcc/ba-elf/4.7.4/mcpu_jn51xx_sizeopt\libgcc.a(__divsi3.o)
 .debug_line    0x00000000000007de      0x3c7 c:/mwstage/tools/ba-elf-ba2-r36379.w10/bin/../lib/gcc/ba-elf/4.7.4/mcpu_jn51xx_sizeopt\libgcc.a(__umodsi3.o)
 .debug_line    0x0000000000000ba5       0xa3 c:/mwstage/tools/ba-elf-ba2-r36379.w10/bin/../lib/gcc/ba-elf/4.7.4/mcpu_jn51xx_sizeopt\libgcc.a(__modsi3.o)
 .debug_line    0x0000000000000c48       0x9f c:/mwstage/tools/ba-elf-ba2-r36379.w10/bin/../lib/gcc/ba-elf/4.7.4/mcpu_jn51xx_sizeopt\libgcc.a(_fixunsdfsi.o)
 .debug_line    0x0000000000000ce7      0x1b7 c:/mwstage/tools/ba-elf-ba2-r36379.w10/bin/../lib/gcc/ba-elf/4.7.4/mcpu_jn51xx_sizeopt\libgcc.a(_udivdi3.o)
 .debug_line    0x0000000000000e9e      0x1b7 c:/mwstage/tools/ba-elf-ba2-r36379.w10/bin/../lib/gcc/ba-elf/4.7.4/mcpu_jn51xx_sizeopt\libgcc.a(_umoddi3.o)
 .debug_line    0x0000000000001055      0x63d c:/mwstage/tools/ba-elf-ba2-r36379.w10/bin/../lib/gcc/ba-elf/4.7.4/mcpu_jn51xx_sizeopt\libgcc.a(adddf3.o)
 .debug_line    0x0000000000001692      0x3b5 c:/mwstage/tools/ba-elf-ba2-r36379.w10/bin/../lib/gcc/ba-elf/4.7.4/mcpu_jn51xx_sizeopt\libgcc.a(divdf3.o)
 .debug_line    0x0000000000001a47       0xf1 c:/mwstage/tools/ba-elf-ba2-r36379.w10/bin/../lib/gcc/ba-elf/4.7.4/mcpu_jn51xx_sizeopt\libgcc.a(eqdf2.o)
 .debug_line    0x0000000000001b38      0x15f c:/mwstage/tools/ba-elf-ba2-r36379.w10/bin/../lib/gcc/ba-elf/4.7.4/mcpu_jn51xx_sizeopt\libgcc.a(gedf2.o)
 .debug_line    0x0000000000001c97      0x15f c:/mwstage/tools/ba-elf-ba2-r36379.w10/bin/../lib/gcc/ba-elf/4.7.4/mcpu_jn51xx_sizeopt\libgcc.a(ledf2.o)
 .debug_line    0x0000000000001df6      0x269 c:/mwstage/tools/ba-elf-ba2-r36379.w10/bin/../lib/gcc/ba-elf/4.7.4/mcpu_jn51xx_sizeopt\libgcc.a(muldf3.o)
 .debug_line    0x000000000000205f      0x656 c:/mwstage/tools/ba-elf-ba2-r36379.w10/bin/../lib/gcc/ba-elf/4.7.4/mcpu_jn51xx_sizeopt\libgcc.a(subdf3.o)
 .debug_line    0x00000000000026b5       0xc8 c:/mwstage/tools/ba-elf-ba2-r36379.w10/bin/../lib/gcc/ba-elf/4.7.4/mcpu_jn51xx_sizeopt\libgcc.a(fixdfsi.o)
 .debug_line    0x000000000000277d       0xbc c:/mwstage/tools/ba-elf-ba2-r36379.w10/bin/../lib/gcc/ba-elf/4.7.4/mcpu_jn51xx_sizeopt\libgcc.a(floatsidf.o)
 .debug_line    0x0000000000002839       0xbe c:/mwstage/tools/ba-elf-ba2-r36379.w10/bin/../lib/gcc/ba-elf/4.7.4/mcpu_jn51xx_sizeopt\libgcc.a(floatunsidf.o)
 .debug_line    0x00000000000028f7      0x197 C:/MWSTAGE/MWSDK/ChipLib/SW4063V1416/Components/Library\libBoot_JN516x.a(ExceptionHandler.o)
 .debug_line    0x0000000000002a8e      0x144 c:/mwstage/tools/ba-elf-ba2-r36379.w10/bin/../lib/gcc/ba-elf/4.7.4/../../../../ba-elf/lib/mcpu_jn51xx_sizeopt\libc.a(lib_a-memset.o)
 .debug_line    0x0000000000002bd2      0x166 c:/mwstage/tools/ba-elf-ba2-r36379.w10/bin/../lib/gcc/ba-elf/4.7.4/../../../../ba-elf/lib/mcpu_jn51xx_sizeopt\libc.a(lib_a-strncmp.o)

.debug_str      0x0000000000000000      0x709
 .debug_str     0x0000000000000000       0x49 c:/mwstage/tools/ba-elf-ba2-r36379.w10/bin/../lib/gcc/ba-elf/4.7.4/../../../../ba-elf/lib/mcpu_jn51xx_sizeopt\libc.a(lib_a-memcmp.o)
                                        0x155 (size before relaxing)
 .debug_str     0x0000000000000049       0x5d c:/mwstage/tools/ba-elf-ba2-r36379.w10/bin/../lib/gcc/ba-elf/4.7.4/../../../../ba-elf/lib/mcpu_jn51xx_sizeopt\libc.a(lib_a-memcpy.o)
                                        0x169 (size before relaxing)
 .debug_str     0x00000000000000a6       0xc5 c:/mwstage/tools/ba-elf-ba2-r36379.w10/bin/../lib/gcc/ba-elf/4.7.4/mcpu_jn51xx_sizeopt\libgcc.a(_fixunsdfsi.o)
                                        0x169 (size before relaxing)
 .debug_str     0x000000000000016b       0x7b c:/mwstage/tools/ba-elf-ba2-r36379.w10/bin/../lib/gcc/ba-elf/4.7.4/mcpu_jn51xx_sizeopt\libgcc.a(_udivdi3.o)
                                        0x1d7 (size before relaxing)
 .debug_str     0x00000000000001e6        0xa c:/mwstage/tools/ba-elf-ba2-r36379.w10/bin/../lib/gcc/ba-elf/4.7.4/mcpu_jn51xx_sizeopt\libgcc.a(_umoddi3.o)
                                        0x1d7 (size before relaxing)
 .debug_str     0x00000000000001f0       0xc6 c:/mwstage/tools/ba-elf-ba2-r36379.w10/bin/../lib/gcc/ba-elf/4.7.4/mcpu_jn51xx_sizeopt\libgcc.a(adddf3.o)
                                        0x1ba (size before relaxing)
 .debug_str     0x00000000000002b6       0x7a c:/mwstage/tools/ba-elf-ba2-r36379.w10/bin/../lib/gcc/ba-elf/4.7.4/mcpu_jn51xx_sizeopt\libgcc.a(divdf3.o)
                                        0x1f9 (size before relaxing)
 .debug_str     0x0000000000000330       0x3f c:/mwstage/tools/ba-elf-ba2-r36379.w10/bin/../lib/gcc/ba-elf/4.7.4/mcpu_jn51xx_sizeopt\libgcc.a(eqdf2.o)
                                        0x16e (size before relaxing)
 .debug_str     0x000000000000036f       0x57 c:/mwstage/tools/ba-elf-ba2-r36379.w10/bin/../lib/gcc/ba-elf/4.7.4/mcpu_jn51xx_sizeopt\libgcc.a(gedf2.o)
                                        0x186 (size before relaxing)
 .debug_str     0x00000000000003c6       0x3f c:/mwstage/tools/ba-elf-ba2-r36379.w10/bin/../lib/gcc/ba-elf/4.7.4/mcpu_jn51xx_sizeopt\libgcc.a(ledf2.o)
                                        0x186 (size before relaxing)
 .debug_str     0x0000000000000405       0x72 c:/mwstage/tools/ba-elf-ba2-r36379.w10/bin/../lib/gcc/ba-elf/4.7.4/mcpu_jn51xx_sizeopt\libgcc.a(muldf3.o)
                                        0x1eb (size before relaxing)
 .debug_str     0x0000000000000477       0x41 c:/mwstage/tools/ba-elf-ba2-r36379.w10/bin/../lib/gcc/ba-elf/4.7.4/mcpu_jn51xx_sizeopt\libgcc.a(subdf3.o)
                                        0x1ba (size before relaxing)
 .debug_str     0x00000000000004b8       0x4b c:/mwstage/tools/ba-elf-ba2-r36379.w10/bin/../lib/gcc/ba-elf/4.7.4/mcpu_jn51xx_sizeopt\libgcc.a(fixdfsi.o)
                                        0x17f (size before relaxing)
 .debug_str     0x0000000000000503       0x54 c:/mwstage/tools/ba-elf-ba2-r36379.w10/bin/../lib/gcc/ba-elf/4.7.4/mcpu_jn51xx_sizeopt\libgcc.a(floatsidf.o)
                                        0x188 (size before relaxing)
 .debug_str     0x0000000000000557       0x4b c:/mwstage/tools/ba-elf-ba2-r36379.w10/bin/../lib/gcc/ba-elf/4.7.4/mcpu_jn51xx_sizeopt\libgcc.a(floatunsidf.o)
                                        0x185 (size before relaxing)
 .debug_str     0x00000000000005a2      0x11c c:/mwstage/tools/ba-elf-ba2-r36379.w10/bin/../lib/gcc/ba-elf/4.7.4/../../../../ba-elf/lib/mcpu_jn51xx_sizeopt\libc.a(lib_a-memset.o)
                                        0x155 (size before relaxing)
 .debug_str     0x00000000000006be       0x4b c:/mwstage/tools/ba-elf-ba2-r36379.w10/bin/../lib/gcc/ba-elf/4.7.4/../../../../ba-elf/lib/mcpu_jn51xx_sizeopt\libc.a(lib_a-strncmp.o)
                                        0x157 (size before relaxing)

.debug_frame    0x0000000000000000      0x26c
 .debug_frame   0x0000000000000000       0x20 c:/mwstage/tools/ba-elf-ba2-r36379.w10/bin/../lib/gcc/ba-elf/4.7.4/../../../../ba-elf/lib/mcpu_jn51xx_sizeopt\libc.a(lib_a-memcmp.o)
 .debug_frame   0x0000000000000020       0x20 c:/mwstage/tools/ba-elf-ba2-r36379.w10/bin/../lib/gcc/ba-elf/4.7.4/../../../../ba-elf/lib/mcpu_jn51xx_sizeopt\libc.a(lib_a-memcpy.o)
 .debug_frame   0x0000000000000040       0x2c c:/mwstage/tools/ba-elf-ba2-r36379.w10/bin/../lib/gcc/ba-elf/4.7.4/mcpu_jn51xx_sizeopt\libgcc.a(_fixunsdfsi.o)
 .debug_frame   0x000000000000006c       0x30 c:/mwstage/tools/ba-elf-ba2-r36379.w10/bin/../lib/gcc/ba-elf/4.7.4/mcpu_jn51xx_sizeopt\libgcc.a(adddf3.o)
 .debug_frame   0x000000000000009c       0x34 c:/mwstage/tools/ba-elf-ba2-r36379.w10/bin/../lib/gcc/ba-elf/4.7.4/mcpu_jn51xx_sizeopt\libgcc.a(divdf3.o)
 .debug_frame   0x00000000000000d0       0x30 c:/mwstage/tools/ba-elf-ba2-r36379.w10/bin/../lib/gcc/ba-elf/4.7.4/mcpu_jn51xx_sizeopt\libgcc.a(eqdf2.o)
 .debug_frame   0x0000000000000100       0x34 c:/mwstage/tools/ba-elf-ba2-r36379.w10/bin/../lib/gcc/ba-elf/4.7.4/mcpu_jn51xx_sizeopt\libgcc.a(gedf2.o)
 .debug_frame   0x0000000000000134       0x34 c:/mwstage/tools/ba-elf-ba2-r36379.w10/bin/../lib/gcc/ba-elf/4.7.4/mcpu_jn51xx_sizeopt\libgcc.a(ledf2.o)
 .debug_frame   0x0000000000000168       0x34 c:/mwstage/tools/ba-elf-ba2-r36379.w10/bin/../lib/gcc/ba-elf/4.7.4/mcpu_jn51xx_sizeopt\libgcc.a(muldf3.o)
 .debug_frame   0x000000000000019c       0x30 c:/mwstage/tools/ba-elf-ba2-r36379.w10/bin/../lib/gcc/ba-elf/4.7.4/mcpu_jn51xx_sizeopt\libgcc.a(subdf3.o)
 .debug_frame   0x00000000000001cc       0x20 c:/mwstage/tools/ba-elf-ba2-r36379.w10/bin/../lib/gcc/ba-elf/4.7.4/mcpu_jn51xx_sizeopt\libgcc.a(fixdfsi.o)
 .debug_frame   0x00000000000001ec       0x20 c:/mwstage/tools/ba-elf-ba2-r36379.w10/bin/../lib/gcc/ba-elf/4.7.4/mcpu_jn51xx_sizeopt\libgcc.a(floatsidf.o)
 .debug_frame   0x000000000000020c       0x20 c:/mwstage/tools/ba-elf-ba2-r36379.w10/bin/../lib/gcc/ba-elf/4.7.4/mcpu_jn51xx_sizeopt\libgcc.a(floatunsidf.o)
 .debug_frame   0x000000000000022c       0x20 c:/mwstage/tools/ba-elf-ba2-r36379.w10/bin/../lib/gcc/ba-elf/4.7.4/../../../../ba-elf/lib/mcpu_jn51xx_sizeopt\libc.a(lib_a-memset.o)
 .debug_frame   0x000000000000024c       0x20 c:/mwstage/tools/ba-elf-ba2-r36379.w10/bin/../lib/gcc/ba-elf/4.7.4/../../../../ba-elf/lib/mcpu_jn51xx_sizeopt\libc.a(lib_a-strncmp.o)

.debug_ranges   0x0000000000000000      0x558
 .debug_ranges  0x0000000000000000       0xa0 c:/mwstage/tools/ba-elf-ba2-r36379.w10/bin/../lib/gcc/ba-elf/4.7.4/mcpu_jn51xx_sizeopt\libgcc.a(_udivdi3.o)
 .debug_ranges  0x00000000000000a0       0x80 c:/mwstage/tools/ba-elf-ba2-r36379.w10/bin/../lib/gcc/ba-elf/4.7.4/mcpu_jn51xx_sizeopt\libgcc.a(_umoddi3.o)
 .debug_ranges  0x0000000000000120       0x80 c:/mwstage/tools/ba-elf-ba2-r36379.w10/bin/../lib/gcc/ba-elf/4.7.4/mcpu_jn51xx_sizeopt\libgcc.a(adddf3.o)
 .debug_ranges  0x00000000000001a0       0xb0 c:/mwstage/tools/ba-elf-ba2-r36379.w10/bin/../lib/gcc/ba-elf/4.7.4/mcpu_jn51xx_sizeopt\libgcc.a(divdf3.o)
 .debug_ranges  0x0000000000000250       0x38 c:/mwstage/tools/ba-elf-ba2-r36379.w10/bin/../lib/gcc/ba-elf/4.7.4/mcpu_jn51xx_sizeopt\libgcc.a(eqdf2.o)
 .debug_ranges  0x0000000000000288       0x58 c:/mwstage/tools/ba-elf-ba2-r36379.w10/bin/../lib/gcc/ba-elf/4.7.4/mcpu_jn51xx_sizeopt\libgcc.a(gedf2.o)
 .debug_ranges  0x00000000000002e0       0x40 c:/mwstage/tools/ba-elf-ba2-r36379.w10/bin/../lib/gcc/ba-elf/4.7.4/mcpu_jn51xx_sizeopt\libgcc.a(ledf2.o)
 .debug_ranges  0x0000000000000320      0x1a8 c:/mwstage/tools/ba-elf-ba2-r36379.w10/bin/../lib/gcc/ba-elf/4.7.4/mcpu_jn51xx_sizeopt\libgcc.a(muldf3.o)
 .debug_ranges  0x00000000000004c8       0x78 c:/mwstage/tools/ba-elf-ba2-r36379.w10/bin/../lib/gcc/ba-elf/4.7.4/mcpu_jn51xx_sizeopt\libgcc.a(subdf3.o)
 .debug_ranges  0x0000000000000540       0x18 c:/mwstage/tools/ba-elf-ba2-r36379.w10/bin/../lib/gcc/ba-elf/4.7.4/mcpu_jn51xx_sizeopt\libgcc.a(fixdfsi.o)
