Archive member included because of file (symbol)

C:/MWSTAGE/MWSDK/TWENET/current/lib/libTWENET_BLUE.a(ToCoNet_event.o)
                              objs_BLUE/master.o (symbol from plugin) (PRSEV_u8RegisterEx)
C:/MWSTAGE/MWSDK/TWENET/current/lib/libTWENET_BLUE.a(ToCoNet_main.o)
                              ToCoNet_event.o (symbol from plugin) (u32TickCount_ms)
C:/MWSTAGE/MWSDK/TWENET/current/lib/libTWENET_BLUE.a(ToCoNet_utils.o)
                              ToCoNet_main.o (symbol from plugin) (ToCoNet_u32GetVersion)
C:/MWSTAGE/MWSDK/TWENET/current/lib/libTWENET_BLUE.a(ToCoNet_mod_Nwk_Common.o)
                              ToCoNet_main.o (symbol from plugin) (ToCoNet_vRxProc_Mod)
C:/MWSTAGE/MWSDK/TWENET/current/lib/libTWENET_BLUE.a(ToCoNet_mod_Channel_Mgr.o)
                              ToCoNet_main.o (symbol from plugin) (ToCoNet_ChMgr_bCh_Reconfig)
C:/MWSTAGE/MWSDK/TWENET/current/lib/libTWENET_BLUE.a(Version.o)
                              ToCoNet_utils.o (symbol from plugin) (au8ToCoNetVersionInfo)
C:/MWSTAGE/MWSDK/TWENET/current/lib/libTWENET_BLUE.a(AppQueueApi_ToCoNet.o)
                              ToCoNet_main.o (symbol from plugin) (_u32_INT_ticktimer)
C:/MWSTAGE/MWSDK/TWENET/current/lib/libTWENEText_BLUE.a(AppStart.o)
                              (AppColdStart)
C:/MWSTAGE/MWSDK/TWENET/current/lib/libTWENEText_BLUE.a(getMacAddr.o)
                              ToCoNet_main.o (symbol from plugin) (ToCoNet_u32GetSerialOnBoot)
C:/MWSTAGE/MWSDK/TWENET/current/lib/libTWENEText_BLUE.a(mac.o)
                              ToCoNet_main.o (symbol from plugin) (Mac_vInit)
C:/MWSTAGE/MWSDK/TWENET/current/lib/libTWENEText_BLUE.a(AES_CCM.o)
                              AppStart.o (symbol from plugin) (bAES_CCM_KeyReg)
C:/MWSTAGE/MWSDK/TWENET/current/lib/libTWENEText_BLUE.a(no_ack_handler.o)
                              AppStart.o (symbol from plugin) (vInstallNoAckHandler)
C:/MWSTAGE/MWSDK/TWENET/current/lib/libTWENEText_BLUE.a(Version.o)
                              ToCoNet_utils.o (symbol from plugin) (au8ToCoNetExtVersionInfo)
C:/MWSTAGE/MWSDK/TWENET/current/lib/libTWENETutils_BLUE.a(serial.o)
                              objs_BLUE/master.o (symbol from plugin) (SERIAL_bTxChar)
C:/MWSTAGE/MWSDK/TWENET/current/lib/libTWENETutils_BLUE.a(uart.o)
                              serial.o (symbol from plugin) (UART_vInit)
C:/MWSTAGE/MWSDK/TWENET/current/lib/libTWENETutils_BLUE.a(ByteQueue.o)
                              ToCoNet_main.o (symbol from plugin) (QUEUE__vInit)
C:/MWSTAGE/MWSDK/TWENET/current/lib/libTWENETutils_BLUE.a(ccitt8.o)
                              AppStart.o (symbol from plugin) (u8CCITT8)
C:/MWSTAGE/MWSDK/TWENET/current/lib/libTWENETutils_BLUE.a(utils.o)
                              ToCoNet_main.o (symbol from plugin) (vTimerConfig)
C:/MWSTAGE/MWSDK/TWENET/current/lib/libTWENETutils_BLUE.a(ccm.o)
                              AES_CCM.o (symbol from plugin) (ccm_init_and_key)
C:/MWSTAGE/MWSDK/TWENET/current/lib/libTWENETutils_BLUE.a(Version.o)
                              ToCoNet_utils.o (symbol from plugin) (au8ToCoNetUtilsVersionInfo)
C:/MWSTAGE/MWSDK/TWENET/current/lib/libTWENETutils_BLUE.a(aescrypt.o)
                              ccm.o (symbol from plugin) (aes_encrypt)
C:/MWSTAGE/MWSDK/TWENET/current/lib/libTWENETutils_BLUE.a(aeskey.o)
                              ccm.o (symbol from plugin) (aes_encrypt_key)
C:/MWSTAGE/MWSDK/TWENET/current/lib/libTWENETutils_BLUE.a(aestab.o)
                              aeskey.o (symbol from plugin) (t_im)
C:/MWSTAGE/MWSDK/TWENET/current/lib/libTWENETstgs_BLUE.a(tweinteractive.o)
                              objs_BLUE/master.o (symbol from plugin) (TWEINTRCT_bIsVerbose)
C:/MWSTAGE/MWSDK/TWENET/current/lib/libTWENETstgs_BLUE.a(tweprintf.o)
                              tweinteractive.o (symbol from plugin) (TWE_fprintf)
C:/MWSTAGE/MWSDK/TWENET/current/lib/libTWENETstgs_BLUE.a(twesercmd_plus3.o)
                              tweinteractive.o (symbol from plugin) (TWESERCMD_Plus3_u8Parse)
C:/MWSTAGE/MWSDK/TWENET/current/lib/libTWENETstgs_BLUE.a(tweserial.o)
                              tweinteractive.o (symbol from plugin) (_TWE_fputs)
C:/MWSTAGE/MWSDK/TWENET/current/lib/libTWENETstgs_BLUE.a(printf.o)
                              objs_BLUE/master.o (symbol from plugin) (fctprintf)
C:/MWSTAGE/MWSDK/TWENET/current/lib/libTWENETstgs_BLUE.a(tweinputstring.o)
                              tweinteractive.o (symbol from plugin) (TWEINPSTR_vInit)
C:/MWSTAGE/MWSDK/TWENET/current/lib/libmwx_BLUE.a(mwx_debug.o)
                              objs_BLUE/master.o (symbol from plugin) (MWX_Panic)
C:/MWSTAGE/MWSDK/TWENET/current/lib/libmwx_BLUE.a(mwx_appcore.o)
                              ToCoNet_main.o (symbol from plugin) (cbToCoNet_vMain)
C:/MWSTAGE/MWSDK/TWENET/current/lib/libmwx_BLUE.a(mwx_memory.o)
                              objs_BLUE/master.o (symbol from plugin) (operator new(unsigned long))
[...]
Memory Configuration

Name             Origin             Length             Attributes
flash            0x0000000000080000 0x0000000000028000
ram              0x000000000400004c 0x0000000000007fb4
*default*        0x0000000000000000 0xffffffffffffffff

Linker script and memory map

LOAD objs_BLUE/_mwx_version.o
LOAD C:\Users\saiju\AppData\Local\Temp\ccQc9Bs8.ltrans0.ltrans.o
LOAD C:\Users\saiju\AppData\Local\Temp\ccQc9Bs8.ltrans1.ltrans.o
LOAD C:\Users\saiju\AppData\Local\Temp\ccQc9Bs8.ltrans2.ltrans.o
LOAD C:\Users\saiju\AppData\Local\Temp\ccQc9Bs8.ltrans3.ltrans.o
LOAD C:\Users\saiju\AppData\Local\Temp\ccQc9Bs8.ltrans4.ltrans.o
LOAD C:\Users\saiju\AppData\Local\Temp\ccQc9Bs8.ltrans5.ltrans.o
LOAD C:\Users\saiju\AppData\Local\Temp\ccQc9Bs8.ltrans6.ltrans.o
LOAD C:\Users\saiju\AppData\Local\Temp\ccQc9Bs8.ltrans7.ltrans.o
LOAD C:\Users\saiju\AppData\Local\Temp\ccQc9Bs8.ltrans8.ltrans.o
LOAD C:\Users\saiju\AppData\Local\Temp\ccQc9Bs8.ltrans9.ltrans.o
LOAD C:\Users\saiju\AppData\Local\Temp\ccQc9Bs8.ltrans10.ltrans.o
LOAD C:\Users\saiju\AppData\Local\Temp\ccQc9Bs8.ltrans11.ltrans.o
LOAD C:\Users\saiju\AppData\Local\Temp\ccQc9Bs8.ltrans12.ltrans.o
LOAD C:\Users\saiju\AppData\Local\Temp\ccQc9Bs8.ltrans13.ltrans.o
LOAD C:\Users\saiju\AppData\Local\Temp\ccQc9Bs8.ltrans14.ltrans.o
LOAD C:\Users\saiju\AppData\Local\Temp\ccQc9Bs8.ltrans15.ltrans.o
LOAD C:\Users\saiju\AppData\Local\Temp\ccQc9Bs8.ltrans16.ltrans.o
LOAD C:\Users\saiju\AppData\Local\Temp\ccQc9Bs8.ltrans17.ltrans.o
LOAD C:\Users\saiju\AppData\Local\Temp\ccQc9Bs8.ltrans18.ltrans.o
LOAD C:\Users\saiju\AppData\Local\Temp\ccQc9Bs8.ltrans19.ltrans.o
LOAD c:/mwstage/tools/ba-elf-ba2-r36379.w10/bin/../lib/gcc/ba-elf/4.7.4/../../../../ba-elf/lib/mcpu_jn51xx_sizeopt\libc.a
LOAD c:/mwstage/tools/ba-elf-ba2-r36379.w10/bin/../lib/gcc/ba-elf/4.7.4/mcpu_jn51xx_sizeopt\libgcc.a
LOAD c:/mwstage/tools/ba-elf-ba2-r36379.w10/bin/../lib/gcc/ba-elf/4.7.4/../../../../ba-elf/lib/mcpu_jn51xx_sizeopt\libc.a
LOAD objs_BLUE/master.o
LOAD C:/MWSTAGE/MWSDK/TWENET/current/lib/libTWENET_BLUE.a
LOAD C:/MWSTAGE/MWSDK/TWENET/current/lib/libTWENEText_BLUE.a
LOAD C:/MWSTAGE/MWSDK/TWENET/current/lib/libTWENETutils_BLUE.a
LOAD C:/MWSTAGE/MWSDK/TWENET/current/lib/libTWENETstgs_BLUE.a
LOAD C:/MWSTAGE/MWSDK/TWENET/current/lib/libmwx_BLUE.a
LOAD C:/MWSTAGE/MWSDK/TWENET/current/lib/libEASTL_BLUE.a
START GROUP
LOAD C:/MWSTAGE/MWSDK/ChipLib/SW4063V1416/Components/Library\libAppApi_JN516x.a
LOAD C:/MWSTAGE/MWSDK/ChipLib/SW4063V1416/Components/Library\libMAC_JN516x.a
LOAD C:/MWSTAGE/MWSDK/ChipLib/SW4063V1416/Components/Library\libTimerServer_JN516x.a
LOAD C:/MWSTAGE/MWSDK/ChipLib/SW4063V1416/Components/Library\libTOF_JN516x.a
LOAD C:/MWSTAGE/MWSDK/ChipLib/SW4063V1416/Components/Library\libXcv_JN516x.a
LOAD C:/MWSTAGE/MWSDK/ChipLib/SW4063V1416/Components/Library\libAes_JN516x.a
LOAD C:/MWSTAGE/MWSDK/ChipLib/SW4063V1416/Components/Library\libHardwareApi_JN516x.a
LOAD C:/MWSTAGE/MWSDK/ChipLib/SW4063V1416/Components/Library\libMicroSpecific_JN516x.a
LOAD C:/MWSTAGE/MWSDK/ChipLib/SW4063V1416/Components/Library\libBoot_JN516x.a
LOAD C:/MWSTAGE/MWSDK/ChipLib/SW4063V1416/Components/Library\libPDM_EEPROM_JN516x_NO_RTOS.a
LOAD C:/MWSTAGE/MWSDK/TWENET/current/lib/libTWENET_BLUE.a
LOAD C:/MWSTAGE/MWSDK/TWENET/current/lib/libTWENEText_BLUE.a
LOAD C:/MWSTAGE/MWSDK/TWENET/current/lib/libTWENETutils_BLUE.a
LOAD C:/MWSTAGE/MWSDK/TWENET/current/lib/libTWENETstgs_BLUE.a
LOAD C:/MWSTAGE/MWSDK/TWENET/current/lib/libmwx_BLUE.a
LOAD C:/MWSTAGE/MWSDK/TWENET/current/lib/libEASTL_BLUE.a
END GROUP
LOAD c:/mwstage/tools/ba-elf-ba2-r36379.w10/bin/../lib/gcc/ba-elf/4.7.4/../../../../ba-elf/lib/mcpu_jn51xx_sizeopt\libstdc++.a
LOAD c:/mwstage/tools/ba-elf-ba2-r36379.w10/bin/../lib/gcc/ba-elf/4.7.4/../../../../ba-elf/lib/mcpu_jn51xx_sizeopt\libm.a
LOAD c:/mwstage/tools/ba-elf-ba2-r36379.w10/bin/../lib/gcc/ba-elf/4.7.4/../../../../ba-elf/lib/mcpu_jn51xx_sizeopt\libc.a
LOAD c:/mwstage/tools/ba-elf-ba2-r36379.w10/bin/../lib/gcc/ba-elf/4.7.4/mcpu_jn51xx_sizeopt\libgcc.a
LOAD c:/mwstage/tools/ba-elf-ba2-r36379.w10/bin/../lib/gcc/ba-elf/4.7.4/../../../../ba-elf/lib/mcpu_jn51xx_sizeopt\libc.a
                0x0000000000000800                _stack_size = 0x800
                0x0000000000080038                _exception_vsr_table = 0x80038
                0x0000000004000000                pSPIflashFncTable = 0x4000000
                0x0000000000000800                _stack_size = 0x800
                0x0000000000000044                restore_state = 0x44
                0x000000000000004a                bZSPIWaitWIPClear = 0x4a
                0x0000000000000050                u16ZSPIflashRDID = 0x50
                0x0000000000000056                u8SelectFlashChipType = 0x56
                0x000000000000005c                memcpy = 0x5c
                0x0000000000000066                vBootFlashProg = 0x66
                [0x0000000000000d16]                _minimum_heap_size = DEFINED (_minimum_heap_size)?_minimum_heap_size:0xd16
                0x0000000000000000                _SwConfig = (DEFINED (g_bSWConf_Debug) | (DEFINED (g_bSWConf_AltDebugPort) << 0x1))

.version        0x000000000007fffc        0x4
                0x000000000007fffc        0x4 LONG 0x4030008

.bir            0x0000000000080000       0x10
                0x0000000000080000                _flash_start = ABSOLUTE (.)
                0x0000000000080000                _flash_beg = ABSOLUTE (.)
                0x0000000000080000        0x4 LONG 0x12345678
                0x0000000000080004        0x4 LONG 0x11223344
                0x0000000000080008        0x4 LONG 0x55667788
                0x000000000008000c        0x1 BYTE 0x8
                0x000000000008000d        0x1 BYTE 0x1
                0x000000000008000e        0x2 SHORT 0x0

.flashheader    0x0000000000080010       0x28
                0x0000000000080010        0x4 LONG 0x0
                0x0000000000080014        0x4 LONG 0x0
                0x0000000000080018        0x4 LONG 0x0
                0x000000000008001c        0x2 SHORT 0x0
                0x000000000008001e        0x2 SHORT 0x0 ABSOLUTE (_SwConfig)
                0x0000000000080020                _enc_start = ABSOLUTE (.)
                0x0000000000080020        0x4 LONG 0xf348 ABSOLUTE (_image_len)
                0x0000000000080024        0x4 LONG 0x8f330 ABSOLUTE (_flash_data_start)
                0x0000000000080028        0x2 SHORT 0x13 ((ABSOLUTE (_ram_data_start) / 0x4) & 0xffff)
                0x000000000008002a        0x2 SHORT 0x6 ((ABSOLUTE (_ram_data_len) / 0x4) & 0xffff)
                0x000000000008002c        0x2 SHORT 0x19 ((ABSOLUTE (_bss_start) / 0x4) & 0xffff)
                0x000000000008002e        0x2 SHORT 0x579 ((ABSOLUTE (_bss_len) / 0x4) & 0xffff)
                0x0000000000080030        0x4 LONG 0x8710c ABSOLUTE (AppWarmStart)
                0x0000000000080034        0x4 LONG 0x88723 ABSOLUTE (AppColdStart)
                0x0000000000000000                _enc_offset = (_enc_start & 0xf)
                0x0000000000000044                PROVIDE (vException_BusError, restore_state)
                0x0000000000000044                PROVIDE (vException_UnalignedAccess, restore_state)
                0x0000000000000044                PROVIDE (vException_IllegalInstruction, restore_state)
                0x0000000000000044                PROVIDE (vException_SysCall, restore_state)
                0x0000000000000044                PROVIDE (vException_Trap, restore_state)
                0x0000000000000044                PROVIDE (vException_StackOverflow, restore_state)
                0x0000000000080038                . = ABSOLUTE (_exception_vsr_table)

.vsr_table      0x0000000000080038       0x18
                0x0000000000080038        0x4 LONG 0x44 ABSOLUTE (vException_BusError)
                0x000000000008003c        0x4 LONG 0x44 ABSOLUTE (vException_UnalignedAccess)
                0x0000000000080040        0x4 LONG 0x44 ABSOLUTE (vException_IllegalInstruction)
                0x0000000000080044        0x4 LONG 0x44 ABSOLUTE (vException_SysCall)
                0x0000000000080048        0x4 LONG 0x44 ABSOLUTE (vException_Trap)
                0x000000000008004c        0x4 LONG 0x44 ABSOLUTE (vException_StackOverflow)

.vsr_handlers   0x0000000000080050       0xaa
 *(.vsr_handlers)
 .vsr_handlers  0x0000000000080050       0xaa C:/MWSTAGE/MWSDK/ChipLib/SW4063V1416/Components/Library\libBoot_JN516x.a(ExceptionHandler.o)
                0x0000000000080050                _exception_external_interrupt
                0x00000000000800f8                _default_vsr_dummy

.rodata         0x0000000000080100      0x604
 *(.rodata*)
 .rodata        0x0000000000080100      0x1cb C:\Users\saiju\AppData\Local\Temp\ccQc9Bs8.ltrans0.ltrans.o
 .rodata.str1.1
                0x00000000000802cb        0xe C:\Users\saiju\AppData\Local\Temp\ccQc9Bs8.ltrans3.ltrans.o
 .rodata        0x00000000000802d9        0x5 C:\Users\saiju\AppData\Local\Temp\ccQc9Bs8.ltrans3.ltrans.o
                0x00000000000802d9                gbHighPowerMode
                0x00000000000802da                gu8ModuleID
 *fill*         0x00000000000802de        0x2 00
 .rodata        0x00000000000802e0       0x30 C:\Users\saiju\AppData\Local\Temp\ccQc9Bs8.ltrans4.ltrans.o
                0x00000000000802e0                aeTimerInterruptDeviceIDlut.25042
 .rodata.str1.1
                0x0000000000080310       0x12 C:\Users\saiju\AppData\Local\Temp\ccQc9Bs8.ltrans5.ltrans.o
 *fill*         0x0000000000080322        0x6 00
 .rodata        0x0000000000080328       0x50 C:\Users\saiju\AppData\Local\Temp\ccQc9Bs8.ltrans5.ltrans.o
 .rodata        0x0000000000080378       0x28 C:\Users\saiju\AppData\Local\Temp\ccQc9Bs8.ltrans6.ltrans.o
                0x0000000000080378                au32TimerBaseAddress
                0x000000000008038c                CSWTCH.35.24989.24989
 .rodata.str1.1
                0x00000000000803a0       0x32 C:\Users\saiju\AppData\Local\Temp\ccQc9Bs8.ltrans7.ltrans.o
 .rodata        0x00000000000803d2        0x5 C:\Users\saiju\AppData\Local\Temp\ccQc9Bs8.ltrans7.ltrans.o
 *fill*         0x00000000000803d7        0x1 00
 .rodata        0x00000000000803d8        0xc C:\Users\saiju\AppData\Local\Temp\ccQc9Bs8.ltrans8.ltrans.o
                0x00000000000803d8                au32UartAddrOffset
 .rodata        0x00000000000803e4        0x6 C:\Users\saiju\AppData\Local\Temp\ccQc9Bs8.ltrans9.ltrans.o
                0x00000000000803e4                aeXcvPhyEvtToScanEvt.5394.14653
 .rodata.str1.1
                0x00000000000803ea       0x11 C:\Users\saiju\AppData\Local\Temp\ccQc9Bs8.ltrans10.ltrans.o
                                         0x22 (size before relaxing)
 *fill*         0x00000000000803fb        0x1 00
 .rodata        0x00000000000803fc       0x38 C:\Users\saiju\AppData\Local\Temp\ccQc9Bs8.ltrans10.ltrans.o
                0x00000000000803fc                asStateFuncTbl.26137
 .rodata.str1.1
                0x0000000000080434       0x11 C:\Users\saiju\AppData\Local\Temp\ccQc9Bs8.ltrans11.ltrans.o
 *fill*         0x0000000000080445        0x3 00
 .rodata        0x0000000000080448       0x7c C:\Users\saiju\AppData\Local\Temp\ccQc9Bs8.ltrans11.ltrans.o
                0x000000000008047c                u32MacLow_TOCOS
                0x0000000000080480                u32MacHigh_TOCOS
 .rodata        0x00000000000804c4        0xa C:\Users\saiju\AppData\Local\Temp\ccQc9Bs8.ltrans12.ltrans.o
 .rodata.str1.1
                0x00000000000804ce        0xd C:\Users\saiju\AppData\Local\Temp\ccQc9Bs8.ltrans13.ltrans.o
 .rodata        0x00000000000804db       0x14 C:\Users\saiju\AppData\Local\Temp\ccQc9Bs8.ltrans13.ltrans.o
 .rodata.str1.1
                0x00000000000804ef       0x88 C:\Users\saiju\AppData\Local\Temp\ccQc9Bs8.ltrans14.ltrans.o
 *fill*         0x0000000000080577        0x1 00
 .rodata        0x0000000000080578       0x18 C:\Users\saiju\AppData\Local\Temp\ccQc9Bs8.ltrans16.ltrans.o
 .rodata.str1.1
                0x0000000000080590       0xb4 C:\Users\saiju\AppData\Local\Temp\ccQc9Bs8.ltrans17.ltrans.o
 .rodata        0x0000000000080644       0xc0 C:\Users\saiju\AppData\Local\Temp\ccQc9Bs8.ltrans19.ltrans.o
                0x0000000000080644                apvActionCalls
                0x00000000000806cc                s_aprScanHandleEvt.14650
                0x00000000000806fc                psTamMacContext
                0x0000000000080700                psTAMcontext

.text           0x0000000000080704     0xec2b
 *(.text*)
 .text          0x0000000000080704      0xc44 C:\Users\saiju\AppData\Local\Temp\ccQc9Bs8.ltrans0.ltrans.o
                0x0000000000080704                mac_vLPBAdjustBeaconOffset
                0x0000000000080761                mac_u32LPBGetBeaconTimeout
                0x000000000008076a                eWEnDTmrExpiry.14291
                0x0000000000080775                eWEnDEdDone.14288
                0x00000000000807d0                eGenlDontCare.14285
                0x00000000000807d5                eGenlIllegal.13910
                0x00000000000807dc                u32GetTimer0
                0x00000000000807e3                vSetTimer0
                0x00000000000807f2                _ZN3mwx2L112appdefs_crtpINS0_9NwkSimpleEE18_cbTweNet_vHwEventEPvmm.local.190
                0x00000000000807f5                _ZN3mwx2L112appdefs_crtpINS0_9NwkSimpleEE17_cbTweNet_u8HwIntEPvmm.local.189
                0x00000000000807fa                _out_fct.5628
                0x000000000008080c                _out_null.5634
                0x000000000008080f                vOutputStream.5547
                0x000000000008081b                _ZN3mwx2L110serial_jen7vOutputEcPv.local.188
                0x0000000000080842                vHandlerPatch.4660
                0x0000000000080879                _ZN3mwx2L112appdefs_crtpINS0_9NwkSimpleEE18_cbTweNet_vTxEventEPvRNS0_12packet_ev_txE.local.187
                0x0000000000080893                _ZN3mwx2L112appdefs_crtpINS0_9NwkSimpleEE19_cbTweNet_vNwkEventEPvRNS0_13packet_ev_nwkE.local.195
                0x000000000008089c                _ZN3mwx2L112appdefs_crtpINS0_9NwkSimpleEE15_cbTweNet_vMainEPv.local.196
                0x000000000008089f                psTAQsearchFifo
                0x00000000000808e8                bTAQremoveFromFifo
                0x0000000000080925                vTAMinsertEvent
                0x000000000008098b                vTAM_TxRetryTimeout
                0x000000000008098f                vTACsetTxFrameDefaults
                0x00000000000809b5                u8TACgetHeaderSize
                0x00000000000809f2                u32TACpayloadToU32M
                0x0000000000080a13                vTACu32ToPayloadM
                0x0000000000080a2b                bTACframeInProgress
                0x0000000000080a55                bTACassessBeaconForPayload
                0x0000000000080aa6                bIsBbcSafeForTx
                0x0000000000080adb                vTATwriteAclMaterialToHardware
                0x0000000000080b00                vTATsetBLE
                0x0000000000080b37                vTATgetFramePayload
                0x0000000000080b54                eTATreadTXstatus
                0x0000000000080b9a                vTAHsetPhyStateDirect.part.0.18775
                0x0000000000080bb6                vMEMreturn
                0x0000000000080c27                vTACinformOriginator
                0x0000000000080c49                pvMEMget
                0x0000000000080c75                vTAMDEdetermineNullState
                0x0000000000080c8f                vTAMCOupdatePendingList
                0x0000000000080d61                vTAMCOsetCoordinator
                0x0000000000080d87                vPhySetChannel
                0x0000000000080da0                eScanHandleEvt.part.0.14321
                0x0000000000080dc9                mac_eDcfmIndPost
                0x0000000000080dea                mac_psDcfmIndGetBuf
                0x0000000000080e0b                vMLMErxEnableConfirm
                0x0000000000080e3d                vMLMEcommStatus
                0x0000000000080ea0                vMLMEcommStatusFromFrame
                0x0000000000080ee4                vMLMEsyncLoss
                0x0000000000080f17                vPMICpostFailedAssocDcfm
                0x0000000000080f4f                vPMICassocReqTO_2.12738
                0x0000000000080f66                MAC_vPibSetPanId
                0x0000000000080f81                vHandleTofRequest.10844
                0x0000000000080f84                vAppApiDefSetPrbsSeed
                0x0000000000080fa8                mwx::L1::duplciate_checker::_node_ele_init(mwx::L1::duplciate_checker::_node_ele*)
                0x0000000000080fc7                _ZN3mwx2L113serial_parserINS0_10alloc_heapIhEEEC1Ev.local.52
                0x0000000000080fe9                _ZN3mwx2L16twenetC1Ev.local.58
                0x0000000000081080                _ZN3mwx2L110serial_jenC1Eh.local.107
                0x00000000000810b0                _ZN3mwx2L115periph_analogueC1Ev.local.125
                0x00000000000810db                _ZN3mwx2L112appdefs_virt8on_eventEmRm.local.134
                0x00000000000810f3                _ZN3mwx2L112appdefs_virt18cbToCoNet_vHwEventEmm.local.136
                0x000000000008110b                _ZN3mwx2L112appdefs_virt18cbToCoNet_vTxEventERNS0_12packet_ev_txE.local.137
                0x0000000000081123                _ZN3mwx2L112appdefs_virt19cbToCoNet_vNwkEventERNS0_13packet_ev_nwkE.local.139
                0x000000000008113b                u8CCITT8
                0x0000000000081161                bAES_CCM_KeyReg
                0x00000000000811a0                bFifoPush.3365
                0x00000000000811d9                vAppQApiPostMlme.3351
                0x00000000000811f8                vAppQApiPostMcps.3358
                0x0000000000081213                pvFifoPull.3362
                0x000000000008123a                psAppQApiGetMlmeBuffer.3348
                0x0000000000081242                psAppQApiGetMcpsBuffer.3355
                0x000000000008124a                PRSEV_vSetState
                0x000000000008125a                PRSEV_vProcessEv_core.2235
                0x00000000000812fc                PRSEV_vProcessEvPost
                0x000000000008132e                _PRSEV_vProcessEvSingle
                0x000000000008133b                ToCoNet_vMacStart
 .text.unlikely
                0x0000000000081348       0x65 C:\Users\saiju\AppData\Local\Temp\ccQc9Bs8.ltrans0.ltrans.o
                0x0000000000081348                _ZN3mwx2L112appdefs_virt18cbToCoNet_vRxEventERNS0_9packet_rxE.local.138
                0x0000000000081360                PRSEV_u8Register
                0x000000000008139e                _PRSEV_vProcessEvSingleH
 *fill*         0x00000000000813ad        0x3 00
 .text          0x00000000000813b0      0xbb0 C:\Users\saiju\AppData\Local\Temp\ccQc9Bs8.ltrans1.ltrans.o
                0x00000000000813b0                bPMICdisassocReqSent.12727
                0x0000000000081427                eWCoRRxDone.14298
                0x00000000000814d1                eWBcnRxDone.14310
                0x00000000000816a1                bTACprocessFrameRXcomplete
                0x0000000000081abe                vTAMCOframeTXbeacon
                0x0000000000081b85                vTAMDEframeRXsyncReq
                0x0000000000081dd6                vTAMDEint1FiredTrackingCAPgts
                0x0000000000081e89                bPMICassocReqSent.12719
                0x0000000000081f0b                bPMICassocReqPollSent.12734
 .text          0x0000000000081f60      0xc60 C:\Users\saiju\AppData\Local\Temp\ccQc9Bs8.ltrans2.ltrans.o
                0x0000000000081f60                vAHI_IntHandlerUart1
                0x0000000000081f8b                vAHI_IntHandlerUart0
                0x0000000000081fb6                vAHI_IntHandlerTimer4
                0x0000000000081fd7                vAHI_IntHandlerTimer3
                0x0000000000081ff8                vAHI_IntHandlerTimer1
                0x0000000000082018                vAHI_IntHandlerTimer0
                0x0000000000082039                vTimerCallback.24641
                0x0000000000082044                vAHI_IntHandlerSpiMaster
                0x000000000008206a                vAHI_IntHandlerAnalogPeriph
                0x000000000008208a                vTTIBLETimerExpired
                0x0000000000082095                vTTITimer2Expired
                0x000000000008209a                vTTITimer1Expired
                0x000000000008209f                vTTITransactionTimerExpired
                0x00000000000820c8                vAHI_WakeTimerStop.part.3.25321
                0x00000000000820e8                mac_vLPBStopTimer
                0x00000000000820f2                vAHI_UartSetClocksPerBit.part.18.25117
                0x0000000000082119                vAHI_UartSetRTSCTS.part.15.25102
                0x0000000000082140                vAHI_UartReset.part.4.25075
                0x0000000000082178                vAHI_UartSetControl.part.2.25059
                0x00000000000821c9                vAHI_UartSetBaudDivisor.part.1.25055
                0x0000000000082208                vAHI_WatchdogStop
                0x000000000008221f                vAHI_CpuDoze
                0x0000000000082232                _ZN3mwx2L120periph_pulse_counter10_on_wakeupEv.part.18.6417
                0x00000000000822a8                vAHI_DioSetDirection
                0x00000000000822bc                vACI_CmdWaitBusy
                0x0000000000082320                vACI_OptimisedCcmStar
                0x0000000000082538                vTAIdisableInterrupt
                0x0000000000082551                vUpdateRegisters.23904
                0x0000000000082598                psRemove.part.0.23854
                0x00000000000825c7                vMAC_MISCpollConfirm
                0x00000000000825f8                MAC_u8AclFindInfo
                0x0000000000082722                vTASretrieveSecurity
                0x0000000000082744                MAC_bLookUpKeyDescriptor.21406
                0x00000000000827be                u8TSCframeIncrease
                0x00000000000827f7                bUpdateTime.19634
                0x0000000000082832                vTACbuildBeacon
                0x0000000000082a3a                vTSCpostTransmitUpdate
                0x0000000000082a6a                vCopyToDataFromMacAddr.21316
                0x0000000000082a9d                bTSCgetOutgoingInfo
                0x0000000000082ba6                vDoGoOff.20596
 .text.unlikely
                0x0000000000082bc0       0x11 C:\Users\saiju\AppData\Local\Temp\ccQc9Bs8.ltrans2.ltrans.o
                0x0000000000082bc0                vStartXtal32kExternalRc.24655
 .text          0x0000000000082bd1      0x937 C:\Users\saiju\AppData\Local\Temp\ccQc9Bs8.ltrans3.ltrans.o
                0x0000000000082bd1                vHnd_E_STATE_RUNNING.26113
                0x0000000000082e1b                SERIAL_vTxReady
                0x0000000000082eb5                vAppQApiPostHwIntT.3344
                0x0000000000082f88                TWETERM_iGetC.26479
                0x0000000000082feb                vRxChar.4685
                0x000000000008303c                vXCV_IntHandlerPhy
                0x00000000000830ee                MWX_Panic
                0x0000000000083152                cbAppColdStart.part.32.7043
                0x000000000008333c                _ZN3mwx2L110serial_jen13_set_baudrateEt.isra.2.6383
                0x00000000000833ed                u8TAM_AES_WriteAuxilliarySecurityHeaderIntoBuffer
                0x000000000008345f                phy_ePibSet.part.1.16117
                0x00000000000834a7                u32AHI_ReadIndexSectorBits.constprop.217
 .text.unlikely
                0x0000000000083508      0x10d C:\Users\saiju\AppData\Local\Temp\ccQc9Bs8.ltrans3.ltrans.o
                0x0000000000083508                bStartXtal32k.24665
 .text          0x0000000000083615      0xb78 C:\Users\saiju\AppData\Local\Temp\ccQc9Bs8.ltrans4.ltrans.o
                0x000000000008362a                mac_vLPBStartTimer
                0x0000000000083836                vProcessEvCoreTx.26074
                0x0000000000083926                vMicroIntEnableOnly.constprop.302
                0x0000000000083952                vAHI_ProtocolPower.constprop.301
                0x0000000000083960                XCV_vCtor.constprop.299
                0x0000000000083ac5                _ZN3mwx2L16twenet5beginEv.local.112.constprop.276
                0x0000000000083b0a                _ZN3mwx2L115periph_analogue10_adc_startEv.local.43.constprop.267
                0x0000000000083bf3                mwx::L1::periph_analogue::ADC_handler(unsigned long, unsigned long)
                0x0000000000083c3a                u8HwEventHandler.2445
                0x0000000000083ce2                vAHI_TimerEnable.part.1.24856.constprop.251
                0x0000000000083d4d                bAHI_SetClockRate
                0x0000000000083e58                bAES_CCMstar
                0x0000000000083f24                pvHeap_Alloc
                0x0000000000083f27                operator new(unsigned long)
                0x0000000000083f4a                u32AHI_Init
                0x000000000008400c                vMicroIntRestoreState
                0x0000000000084018                _ToCoNet_bRfChChannel
                0x00000000000840ad                ToCoNet_ChMgr_bCh_Reconfig
                0x0000000000084115                vHnd_E_STATE_IDLE.26097
                0x0000000000084179                u8AHI_WakeTimerFiredStatus
 .text.unlikely
                0x000000000008418d       0x45 C:\Users\saiju\AppData\Local\Temp\ccQc9Bs8.ltrans4.ltrans.o
                0x000000000008418d                vAHI_MemoryHold.24755
 .text          0x00000000000841d2     0x11bb C:\Users\saiju\AppData\Local\Temp\ccQc9Bs8.ltrans5.ltrans.o
                0x0000000000084c70                _vsnprintf.constprop.307
                0x0000000000085283                QUEUE__u8RemoveItem.part.1.4862
                0x00000000000852be                QUEUE__vAddItem.constprop.294
                0x00000000000852f0                ToCoNet_ChMgr_vCh_TxFin
                0x000000000008531d                vHnd_E_STATE_WAIT_TX.26105
 *fill*         0x000000000008538d        0x3 00
 .text          0x0000000000085390      0x4fc C:\Users\saiju\AppData\Local\Temp\ccQc9Bs8.ltrans6.ltrans.o
                0x0000000000085390                TWETERM_iPutS.26471
                0x00000000000853b5                TWETERM_iPutC.26475
                0x00000000000853c6                vAppApiDefMlmeRequest
                0x00000000000853f1                pvAppApiDefGetMacHandle
                0x00000000000853fa                vTimerConfig
                0x0000000000085605                cbAppWarmStart.part.28.6822
                0x0000000000085859                _ZN3mwx2L110serial_jen5writeEi.local.146
                0x0000000000085868                _ZN3mwx2L16streamINS0_10serial_jenEE6_printEPKc.local.168
 .text.unlikely
                0x000000000008588c      0x310 C:\Users\saiju\AppData\Local\Temp\ccQc9Bs8.ltrans6.ltrans.o
                0x00000000000858a9                vProcessIncomingHwEvent.2614
 .text          0x0000000000085b9c      0xa18 C:\Users\saiju\AppData\Local\Temp\ccQc9Bs8.ltrans7.ltrans.o
                0x0000000000085b9c                ToCoNet_vMain
 .text          0x00000000000865b4      0xa82 C:\Users\saiju\AppData\Local\Temp\ccQc9Bs8.ltrans8.ltrans.o
                0x00000000000865ff                vAHI_IntHandlerTickTimer
                0x0000000000086646                SERIAL_bTxChar
                0x00000000000866f7                TWETERM_vFlush.26448
                0x0000000000086775                vTACintRXheader
                0x0000000000086f70                eGenRxHdrDone.14301
                0x0000000000086f80                vHnd_E_STATE_FINISH_TX_FAIL.26082
 *fill*         0x0000000000087036        0x2 00
 .text          0x0000000000087038      0xa8c C:\Users\saiju\AppData\Local\Temp\ccQc9Bs8.ltrans9.ltrans.o
                0x0000000000087038                vPostDcfm.14294
                0x000000000008710c                AppWarmStart
                0x00000000000871e7                vSetNextChannel.14342
                0x0000000000087240                MAC_vHandleMlmeReqRsp
                0x00000000000879f1                vTAMDEint1FiredTracking
                0x0000000000087a60                vTAMDEint1FiredSyncReq
 .text          0x0000000000087ac4      0xc5f C:\Users\saiju\AppData\Local\Temp\ccQc9Bs8.ltrans10.ltrans.o
                0x0000000000087ac4                TSV_eStart
                0x0000000000087ba8                eTAStransmitRequest
                0x0000000000087f43                TSV_eOpen
                0x0000000000087f4b                vAppApiDefRestoreMacSettings
                0x000000000008801c                vAppApiDefSaveMacSettings
                0x0000000000088079                mac_vLPBSleep
                0x000000000008814c                pvAppApiDefGetMacAddrLocation
                0x0000000000088155                eAppApiDefPlmeGet
                0x00000000000881a7                eAppApiDefPlmeSet
                0x0000000000088200                vAppApiDefMcpsRequest
                0x000000000008822b                vHnd_E_STATE_PREPARE_TX.26092
 .text          0x0000000000088723      0x53c C:\Users\saiju\AppData\Local\Temp\ccQc9Bs8.ltrans11.ltrans.o
                0x0000000000088723                AppColdStart
 .text.unlikely
                0x0000000000088c5f      0x440 C:\Users\saiju\AppData\Local\Temp\ccQc9Bs8.ltrans11.ltrans.o
                0x0000000000088c5f                ToCoNet_vStart
 .text          0x000000000008909f      0xb77 C:\Users\saiju\AppData\Local\Temp\ccQc9Bs8.ltrans12.ltrans.o
                0x000000000008909f                cbToCoNet_vTxEvent
                0x00000000000891e2                vHnd_E_STATE_FINISH_TX_SUCCESS.26087
                0x0000000000089275                bTAM_AES_CCMstarPatch
                0x00000000000893b9                bTAM_AES_CCMstarPatch2006
                0x0000000000089698                bTATsendFrame
                0x00000000000896eb                vTrySendFromDirectCAP.16889
                0x0000000000089706                vTrySendFromDirectNoBeacon.16893
                0x0000000000089731                vTAMCOint1Fired
                0x000000000008984d                vTAMCOstartBeacon
                0x0000000000089888                vStartStoreValues.16957
                0x000000000008993f                bStartCallback.16986
                0x000000000008996e                vTAMCOint1FiredCAP
                0x00000000000899e1                vTAMCOreqTXnoBeacon
                0x00000000000899f3                vTAMCOreqTXinCAP
                0x0000000000089a19                vTrySendUnslotted.17434
                0x0000000000089a33                bSendDataRequest.17436
                0x0000000000089b45                bProcessBeaconRX.17439
 .text          0x0000000000089c16      0x82d C:\Users\saiju\AppData\Local\Temp\ccQc9Bs8.ltrans13.ltrans.o
                0x0000000000089c16                UART_vHandleUartInterrupt.4787
                0x0000000000089c9d                vScanHandleTimer.13907
                0x0000000000089ca3                bAES_CCM_DecodeKey
                0x0000000000089d5f                _ZN3mwx2L114processev_crtpINS0_9NwkSimpleEE14vProcessEvCoreEP8_tsEvent7teEventm.local.193
                0x0000000000089e12                vXCV_IntHandlerBbc
                0x0000000000089eb5                vTAIsetCapTime
                0x0000000000089ed6                vTAIsetRxEnableTime
                0x0000000000089ef7                vDoGoActive.20598
                0x0000000000089f19                vTAMRXEint2Fired
                0x0000000000089f50                _ZN3mwx2L115periph_analogue5setupEbhPFvvE.local.124.constprop.229
                0x0000000000089fea                _ZN3mwx2L114periph_twowireC1Eh.local.76
                0x000000000008a027                vTAMRXEsetPhy
                0x000000000008a0ea                vTAHsetPhyState
                0x000000000008a11a                vTAMCOint2Fired
                0x000000000008a13a                vSetPHYfromMacValue.17432
                0x000000000008a16c                vTAMDEint1FiredWaitDR
                0x000000000008a179                vTACsetPHYfromMacValue
                0x000000000008a19a                vTAMRXEsetReceiveForPibChange
                0x000000000008a1da                vMLMEbeaconNotify
                0x000000000008a339                vMCPSframeReceived
                0x000000000008a3fd                bAHI_ReadMACID
 .text.unlikely
                0x000000000008a443       0x79 C:\Users\saiju\AppData\Local\Temp\ccQc9Bs8.ltrans13.ltrans.o
                0x000000000008a443                Delay.24659.constprop.248
 .text          0x000000000008a4bc      0xaad C:\Users\saiju\AppData\Local\Temp\ccQc9Bs8.ltrans14.ltrans.o
                0x000000000008a4bc                ToCoNet_vInit
                0x000000000008a7ff                vExpireHead.23859
                0x000000000008a82f                fctprintf
                0x000000000008a851                _ZN3mwx2L111_printobj_1IhE9_do_printEPvPFvcS3_ES3_.local.194
                0x000000000008a865                MWX_DebugMsg
                0x000000000008a8a6                _ZN3mwx2L112appdefs_crtpINS0_9NwkSimpleEE18_cbTweNet_vRxEventEPvRNS0_9packet_rxE.local.191
 .text.unlikely
                0x000000000008af69        0xf C:\Users\saiju\AppData\Local\Temp\ccQc9Bs8.ltrans14.ltrans.o
                0x000000000008af69                u32AppQApiInitInt_PATCH
 .text          0x000000000008af78      0x71f C:\Users\saiju\AppData\Local\Temp\ccQc9Bs8.ltrans15.ltrans.o
                0x000000000008af78                bAES_CCM_EncodeKey
                0x000000000008b2aa                u8Write802_15_4HeaderIntoBuffer.22605
                0x000000000008b40a                _ZN3mwx2L110serial_jen10_on_wakeupEv.part.27.6561
                0x000000000008b484                _MWX_periph_init()
                0x000000000008b57e                vTimerStart
 *fill*         0x000000000008b697        0x1 00
 .text          0x000000000008b698      0x95c C:\Users\saiju\AppData\Local\Temp\ccQc9Bs8.ltrans16.ltrans.o
                0x000000000008b698                vPMICassocReqTO_1.12731
                0x000000000008b720                vTAM_MCPSdataRequest
                0x000000000008b763                bTACcheckPANconflict
                0x000000000008b81c                vTAMDEstartSync
                0x000000000008b89b                eTAMselect
                0x000000000008b9dc                MAC_pvCtor
                0x000000000008bdf7                vDeterminePowerState.17556
                0x000000000008be7b                vTAMDEint1FiredTrackingBeacon
                0x000000000008bf1b                vTAMDEint2FiredTrackingDR
                0x000000000008bf40                vTAMDEframeTXtrackingDR
                0x000000000008bf99                vTAMDEint2FiredPollActive
                0x000000000008bfcd                vTAMDEreqTXnullTrackingCAP
                0x000000000008bfe6                vTAM_TxRetryTimer
 .text          0x000000000008bff4      0x5c5 C:\Users\saiju\AppData\Local\Temp\ccQc9Bs8.ltrans17.ltrans.o
                0x000000000008bff4                u32AppApiDefInit
                0x000000000008c0a9                _ToCoNet_vMacInit
                0x000000000008c250                vProcessEvCoreMac
                0x000000000008c3f6                setup()
 .text          0x000000000008c5b9      0x435 C:\Users\saiju\AppData\Local\Temp\ccQc9Bs8.ltrans18.ltrans.o
                0x000000000008c5b9                eGenTmrExpiry.14603
                0x000000000008c5fb                eWEDTEdDone.14606
                0x000000000008c61f                TSV_eStop
                0x000000000008c6c0                vTAStidyUpAfterFrameTX
                0x000000000008c71d                MAC_vHandleMcpsReqRsp
                0x000000000008c7aa                bMCPSframeTXcomplete.15338
                0x000000000008c7ff                bSendSyncLoss.19569
                0x000000000008c817                bPollReqSent.23165
                0x000000000008c82f                bTASsendCommStatusInd
                0x000000000008c844                bAssocRespSent.12723
                0x000000000008c857                eWChCChanChgd.14318
 *fill*         0x000000000008c9ee        0x2 00
 .text          0x000000000008c9f0      0x344 C:\Users\saiju\AppData\Local\Temp\ccQc9Bs8.ltrans19.ltrans.o
                0x000000000008c9f0                vTAMCOframeRXcap
                0x000000000008ca02                vTAMCOframeRXgoingIdle
                0x000000000008ca18                vTAMCOframeRXnobeacon
                0x000000000008ca2a                vTAMDEframeRX
                0x000000000008cbd1                eWONTTxDone.14304
                0x000000000008cbff                eWBRTTxDone.14307
                0x000000000008cc1d                vTAMCOframeTXgoingIdle
                0x000000000008cc36                vTAMCOframeTXcap
                0x000000000008cc5a                vTAMCOframeTXnobeacon
                0x000000000008cc6f                vTAMCOframeStarting
                0x000000000008cc88                vTAMDEframeTXDEnull
                0x000000000008ccab                vTAMDEframeTXtrackingCAPgts
                0x000000000008ccd7                vTAMDEframePreSyncReq
                0x000000000008ccef                vTAMDEframeRXtrackingDR
 .text          0x000000000008cd34       0x25 c:/mwstage/tools/ba-elf-ba2-r36379.w10/bin/../lib/gcc/ba-elf/4.7.4/../../../../ba-elf/lib/mcpu_jn51xx_sizeopt\libc.a(lib_a-memcmp.o)
                0x000000000008cd34                memcmp
 .text          0x000000000008cd59       0x19 c:/mwstage/tools/ba-elf-ba2-r36379.w10/bin/../lib/gcc/ba-elf/4.7.4/../../../../ba-elf/lib/mcpu_jn51xx_sizeopt\libc.a(lib_a-memcpy.o)
 *fill*         0x000000000008cd72        0x2 00
 .text          0x000000000008cd74      0x204 c:/mwstage/tools/ba-elf-ba2-r36379.w10/bin/../lib/gcc/ba-elf/4.7.4/mcpu_jn51xx_sizeopt\libgcc.a(__udivsi3.o)
                0x000000000008cd74                __udivsi3
 .text          0x000000000008cf78       0x30 c:/mwstage/tools/ba-elf-ba2-r36379.w10/bin/../lib/gcc/ba-elf/4.7.4/mcpu_jn51xx_sizeopt\libgcc.a(__divsi3.o)
                0x000000000008cf78                __divsi3
 .text          0x000000000008cfa8      0x1b0 c:/mwstage/tools/ba-elf-ba2-r36379.w10/bin/../lib/gcc/ba-elf/4.7.4/mcpu_jn51xx_sizeopt\libgcc.a(__umodsi3.o)
                0x000000000008cfa8                __umodsi3
 .text          0x000000000008d158       0x24 c:/mwstage/tools/ba-elf-ba2-r36379.w10/bin/../lib/gcc/ba-elf/4.7.4/mcpu_jn51xx_sizeopt\libgcc.a(__modsi3.o)
                0x000000000008d158                __modsi3
 .text          0x000000000008d17c       0x39 c:/mwstage/tools/ba-elf-ba2-r36379.w10/bin/../lib/gcc/ba-elf/4.7.4/mcpu_jn51xx_sizeopt\libgcc.a(_fixunsdfsi.o)
                0x000000000008d17c                __fixunsdfsi
 .text          0x000000000008d1b5      0x350 c:/mwstage/tools/ba-elf-ba2-r36379.w10/bin/../lib/gcc/ba-elf/4.7.4/mcpu_jn51xx_sizeopt\libgcc.a(_udivdi3.o)
                0x000000000008d1b5                __udivdi3
 .text          0x000000000008d505      0x312 c:/mwstage/tools/ba-elf-ba2-r36379.w10/bin/../lib/gcc/ba-elf/4.7.4/mcpu_jn51xx_sizeopt\libgcc.a(_umoddi3.o)
                0x000000000008d505                __umoddi3
 .text          0x000000000008d817      0x682 c:/mwstage/tools/ba-elf-ba2-r36379.w10/bin/../lib/gcc/ba-elf/4.7.4/mcpu_jn51xx_sizeopt\libgcc.a(adddf3.o)
                0x000000000008d817                __adddf3
 *fill*         0x000000000008de99        0x3 00
 .text          0x000000000008de9c      0x5c8 c:/mwstage/tools/ba-elf-ba2-r36379.w10/bin/../lib/gcc/ba-elf/4.7.4/mcpu_jn51xx_sizeopt\libgcc.a(divdf3.o)
                0x000000000008de9c                __divdf3
 .text          0x000000000008e464       0x7f c:/mwstage/tools/ba-elf-ba2-r36379.w10/bin/../lib/gcc/ba-elf/4.7.4/mcpu_jn51xx_sizeopt\libgcc.a(eqdf2.o)
                0x000000000008e464                __nedf2
                0x000000000008e464                __eqdf2
 .text          0x000000000008e4e3       0xca c:/mwstage/tools/ba-elf-ba2-r36379.w10/bin/../lib/gcc/ba-elf/4.7.4/mcpu_jn51xx_sizeopt\libgcc.a(gedf2.o)
                0x000000000008e4e3                __gedf2
                0x000000000008e4e3                __gtdf2
 .text          0x000000000008e5ad       0xcb c:/mwstage/tools/ba-elf-ba2-r36379.w10/bin/../lib/gcc/ba-elf/4.7.4/mcpu_jn51xx_sizeopt\libgcc.a(ledf2.o)
                0x000000000008e5ad                __ledf2
                0x000000000008e5ad                __ltdf2
 .text          0x000000000008e678      0x488 c:/mwstage/tools/ba-elf-ba2-r36379.w10/bin/../lib/gcc/ba-elf/4.7.4/mcpu_jn51xx_sizeopt\libgcc.a(muldf3.o)
                0x000000000008e678                __muldf3
 .text          0x000000000008eb00      0x693 c:/mwstage/tools/ba-elf-ba2-r36379.w10/bin/../lib/gcc/ba-elf/4.7.4/mcpu_jn51xx_sizeopt\libgcc.a(subdf3.o)
                0x000000000008eb00                __subdf3
 .text          0x000000000008f193       0x64 c:/mwstage/tools/ba-elf-ba2-r36379.w10/bin/../lib/gcc/ba-elf/4.7.4/mcpu_jn51xx_sizeopt\libgcc.a(fixdfsi.o)
                0x000000000008f193                __fixdfsi
 .text          0x000000000008f1f7       0x61 c:/mwstage/tools/ba-elf-ba2-r36379.w10/bin/../lib/gcc/ba-elf/4.7.4/mcpu_jn51xx_sizeopt\libgcc.a(floatsidf.o)
                0x000000000008f1f7                __floatsidf
 .text          0x000000000008f258       0x4f c:/mwstage/tools/ba-elf-ba2-r36379.w10/bin/../lib/gcc/ba-elf/4.7.4/mcpu_jn51xx_sizeopt\libgcc.a(floatunsidf.o)
                0x000000000008f258                __floatunsidf
 .text          0x000000000008f2a7       0x27 C:/MWSTAGE/MWSDK/ChipLib/SW4063V1416/Components/Library\libHardwareApi_JN516x.a(AHI_Interrupt.o)
                0x000000000008f2a7                vAHI_InterruptSetPriority
                0x000000000008f2c5                vAHI_InterruptSetActivePriorityLevel
 .text.vMicroSyscall
                0x000000000008f2ce       0x17 C:/MWSTAGE/MWSDK/ChipLib/SW4063V1416/Components/Library\libMicroSpecific_JN516x.a(MicroSyscall_ba.o)
                0x000000000008f2ce                vMicroSyscall
 .text          0x000000000008f2e5       0x12 c:/mwstage/tools/ba-elf-ba2-r36379.w10/bin/../lib/gcc/ba-elf/4.7.4/../../../../ba-elf/lib/mcpu_jn51xx_sizeopt\libc.a(lib_a-memset.o)
                0x000000000008f2e5                memset
 .text          0x000000000008f2f7       0x38 c:/mwstage/tools/ba-elf-ba2-r36379.w10/bin/../lib/gcc/ba-elf/4.7.4/../../../../ba-elf/lib/mcpu_jn51xx_sizeopt\libc.a(lib_a-strncmp.o)
                0x000000000008f2f7                strncmp
                0x000000000008f32f                _flash_end = ABSOLUTE (.)

.rela.dyn       0x000000000008f330        0x0
 .rela.text     0x0000000000000000        0x0 C:\Users\saiju\AppData\Local\Temp\ccQc9Bs8.ltrans0.ltrans.o
 .rela.text.unlikely
                0x0000000000000000        0x0 C:\Users\saiju\AppData\Local\Temp\ccQc9Bs8.ltrans0.ltrans.o
 .rela.data     0x0000000000000000        0x0 C:\Users\saiju\AppData\Local\Temp\ccQc9Bs8.ltrans0.ltrans.o
 .rela.rodata   0x0000000000000000        0x0 C:\Users\saiju\AppData\Local\Temp\ccQc9Bs8.ltrans0.ltrans.o
                0x000000000400004c                . = ORIGIN (ram)

.data           0x000000000400004c       0x18 load address 0x000000000008f330
                0x000000000400004c                _ram_data_start = ABSOLUTE (.)
 *(.data*)
 .data          0x000000000400004c        0x1 C:\Users\saiju\AppData\Local\Temp\ccQc9Bs8.ltrans3.ltrans.o
                0x000000000400004c                _toconet_tx_u8_init_queue_flag
 *fill*         0x000000000400004d        0x3 00
 .data          0x0000000004000050        0x4 C:\Users\saiju\AppData\Local\Temp\ccQc9Bs8.ltrans4.ltrans.o
                0x0000000004000050                u32HeapStart
 .data.initinboot
                0x0000000004000054        0x8 C:\Users\saiju\AppData\Local\Temp\ccQc9Bs8.ltrans4.ltrans.o
 .data          0x000000000400005c        0x2 C:\Users\saiju\AppData\Local\Temp\ccQc9Bs8.ltrans7.ltrans.o
 .data          0x000000000400005e        0x1 C:\Users\saiju\AppData\Local\Temp\ccQc9Bs8.ltrans10.ltrans.o
                0x000000000400005e                u8TxWkrNow.26215
 .data          0x000000000400005f        0x1 C:\Users\saiju\AppData\Local\Temp\ccQc9Bs8.ltrans16.ltrans.o
 .data.initinboot
                0x0000000004000060        0x1 C:\Users\saiju\AppData\Local\Temp\ccQc9Bs8.ltrans16.ltrans.o
                0x0000000004000060                gMAC_u8MaxBuffers
 *(.data.*)
                0x0000000004000064                . = ALIGN (0x4)
 *fill*         0x0000000004000061        0x3 00
                0x0000000004000064                _ram_data_end = ABSOLUTE (.)

.bss            0x0000000004000064     0x15e4 load address 0x000000000008f348
                0x0000000004000064                _bss_start = ABSOLUTE (.)
 *(.bss*)
 .bss           0x0000000004000064        0xc C:\Users\saiju\AppData\Local\Temp\ccQc9Bs8.ltrans0.ltrans.o
 .bss           0x0000000004000070       0x40 C:\Users\saiju\AppData\Local\Temp\ccQc9Bs8.ltrans1.ltrans.o
                0x0000000004000070                g_sLP
                0x00000000040000ac                g_pvMac
 .bss.initinboot
                0x00000000040000b0        0x4 C:\Users\saiju\AppData\Local\Temp\ccQc9Bs8.ltrans1.ltrans.o
 .bss           0x00000000040000b4      0x618 C:\Users\saiju\AppData\Local\Temp\ccQc9Bs8.ltrans3.ltrans.o
                0x00000000040000b4                prAppHwCallback.3589
                0x00000000040000b8                TxWorker_u8Num.26172
 .bss           0x00000000040006cc        0x8 C:\Users\saiju\AppData\Local\Temp\ccQc9Bs8.ltrans4.ltrans.o
 .bss.dontinitinboot
                0x00000000040006d4        0xc C:\Users\saiju\AppData\Local\Temp\ccQc9Bs8.ltrans4.ltrans.o
 .bss           0x00000000040006e0        0x1 C:\Users\saiju\AppData\Local\Temp\ccQc9Bs8.ltrans5.ltrans.o
 *fill*         0x00000000040006e1        0x3 00
 .bss           0x00000000040006e4      0x118 C:\Users\saiju\AppData\Local\Temp\ccQc9Bs8.ltrans6.ltrans.o
                0x00000000040006e4                sSerCmd_P3.5499
                0x00000000040006f0                apfTimerAppCallback.25041
                0x0000000004000704                prTickTimeAppCallback
                0x0000000004000708                au16TimerSettings.24990
                0x0000000004000714                the_mac
                0x0000000004000730                Timer4
                0x0000000004000738                Timer3
                0x0000000004000740                Timer2
                0x0000000004000748                Timer1
                0x0000000004000750                Timer0
                0x0000000004000758                Analogue
                0x0000000004000770                SPI
                0x0000000004000774                Wire
                0x000000000400078c                SerialParser
                0x00000000040007c8                Serial1
                0x00000000040007e8                Buttons
                0x00000000040007f0                PulseCounter1
                0x00000000040007f4                PulseCounter0
 .bss           0x00000000040007fc       0x80 C:\Users\saiju\AppData\Local\Temp\ccQc9Bs8.ltrans7.ltrans.o
                0x00000000040007fc                sMcpsIndQueue.3583
                0x000000000400080c                sMcpsIndBufferQueue.3581
                0x000000000400081c                sMlmeIndQueue.3584
                0x000000000400082c                sMlmeIndBufferQueue.3582
                0x000000000400083c                sHwIndQueue.3585
                0x000000000400084c                sHwIndBufferQueue.3586
                0x000000000400085c                _u32_INT_adc_comp
                0x0000000004000860                _u32_INT_ticktimer
                0x0000000004000864                the_vsettings
                0x0000000004000868                _periph_availmap
 .bss           0x000000000400087c       0x64 C:\Users\saiju\AppData\Local\Temp\ccQc9Bs8.ltrans8.ltrans.o
                0x000000000400087c                asUARTS.4829
                0x000000000400089c                _SERIAL_bmTxIntEnabled
                0x00000000040008a0                asSerialPorts
 .bss           0x00000000040008e0       0x90 C:\Users\saiju\AppData\Local\Temp\ccQc9Bs8.ltrans9.ltrans.o
                0x00000000040008e0                _ZL5_vcbs.7195
                0x00000000040008f4                sToCoNet_AppContext
                0x0000000004000910                sToCoNet_Context
                0x0000000004000958                sAssocSecurity.13348
                0x0000000004000964                g_bJenieBackwardsCompatibilityMode
 .bss           0x0000000004000970       0x38 C:\Users\saiju\AppData\Local\Temp\ccQc9Bs8.ltrans10.ltrans.o
                0x0000000004000970                sCh_Context.3221
                0x0000000004000974                the_vhw
                0x0000000004000978                the_vnet2
                0x000000000400097c                the_vnet
                0x0000000004000980                the_vapp
                0x0000000004000984                asTx.26171
 .bss.initinboot
                0x00000000040009a8        0x1 C:\Users\saiju\AppData\Local\Temp\ccQc9Bs8.ltrans10.ltrans.o
 *fill*         0x00000000040009a9        0x3 00
 .bss           0x00000000040009ac      0x28c C:\Users\saiju\AppData\Local\Temp\ccQc9Bs8.ltrans11.ltrans.o
                0x00000000040009ac                u8AppId_Pkt_head.4533
                0x00000000040009b0                u32AppId.4530
                0x00000000040009b4                u32MyAddr.4532
                0x00000000040009b8                bRxQueue_Init.4531
                0x00000000040009bc                psRxQueueList.4529
                0x00000000040009d0                asEventHandler.2302
                0x0000000004000a70                sEvVars
                0x0000000004000a8c                u32TickCount_ms
                0x0000000004000a90                au8Txdatabuff_idx_sTxQueue
                0x0000000004000a94                u8TxBuffSiz_sTxQueue
                0x0000000004000a98                sTxdatabuff_sTxQueue
                0x0000000004000a9c                sTxQueue
                0x0000000004000ab8                au8Rxdatabuff_idx_sRxQueue
                0x0000000004000abc                u8RxBuffSiz_sRxQueue
                0x0000000004000ac0                sRxdatabuff_sRxQueue
                0x0000000004000ac4                sRxQueue
                0x0000000004000ae0                au8Rxdatabuff_idx_sRxQueueCmd
                0x0000000004000ae4                u8RxBuffSiz_sRxQueueCmd
                0x0000000004000ae8                sRxdatabuff_sRxQueueCmd
                0x0000000004000aec                sRxQueueCmd.2753
                0x0000000004000b08                sContext.4654
                0x0000000004000b34                the_twelite
                0x0000000004000bcc                sToCoNet_Modules
 .bss.dontinitinboot
                0x0000000004000c38        0x1 C:\Users\saiju\AppData\Local\Temp\ccQc9Bs8.ltrans12.ltrans.o
                0x0000000004000c38                u8SecurityMode.22632
 *fill*         0x0000000004000c39        0x3 00
 .bss           0x0000000004000c3c       0x24 C:\Users\saiju\AppData\Local\Temp\ccQc9Bs8.ltrans13.ltrans.o
                0x0000000004000c3c                gbTimeOutFlag.24828
                0x0000000004000c3d                bTxEventQueued.20464
                0x0000000004000c3e                u8TxEventStatus.20465
                0x0000000004000c40                sAppHousekeeping
                0x0000000004000c58                prApAppCallback.24395
                0x0000000004000c5c                bIntEnableFlag.24392
 .bss           0x0000000004000c60      0x728 C:\Users\saiju\AppData\Local\Temp\ccQc9Bs8.ltrans14.ltrans.o
                0x0000000004000c60                pvPostFunc.2316
                0x0000000004000c64                u32PostArg.2315
                0x0000000004000c68                evPost.2314
                0x0000000004000c6c                prSpiAppCallback.24629
                0x0000000004000c70                prSiAppCallback.25842
                0x0000000004000c74                prAppMcpsCallback.3587
                0x0000000004000c78                prAppMlmeCallback.3588
 .bss.initinboot
                0x0000000004001388        0x4 C:\Users\saiju\AppData\Local\Temp\ccQc9Bs8.ltrans14.ltrans.o
                0x0000000004001388                prSysCtrlAppCallback.24832
 .bss           0x000000000400138c       0x64 C:\Users\saiju\AppData\Local\Temp\ccQc9Bs8.ltrans15.ltrans.o
                0x000000000400138c                prUart1AppCallback.25296
                0x0000000004001390                prUart0AppCallback.25295
                0x0000000004001394                sOpt.4836
                0x00000000040013a4                _psSerial
 .bss.initinboot
                0x00000000040013f0        0x8 C:\Users\saiju\AppData\Local\Temp\ccQc9Bs8.ltrans16.ltrans.o
                0x00000000040013f0                g_u32MacAddrLocation
                0x00000000040013f4                prvUserTxStartedCallback
 .bss           0x00000000040013f8       0x40 C:\Users\saiju\AppData\Local\Temp\ccQc9Bs8.ltrans17.ltrans.o
                0x00000000040013f8                g_sXcv
                0x00000000040013fc                prMcpsRequest.9731
                0x0000000004001400                prMlmeRequest.9730
                0x0000000004001404                prOriginalHandler.4664
                0x0000000004001408                Serial
 .bss           0x0000000004001438       0x14 C:\Users\saiju\AppData\Local\Temp\ccQc9Bs8.ltrans18.ltrans.o
                0x0000000004001438                s_sTimerList
                0x0000000004001448                u8AssocResponsesInProgress.13347
 .bss.initinboot
                0x000000000400144c      0x1bc C:\Users\saiju\AppData\Local\Temp\ccQc9Bs8.ltrans19.ltrans.o
                0x000000000400144c                g_sMac
 .bss.dontinitinboot
                0x0000000004001608       0x40 C:/MWSTAGE/MWSDK/ChipLib/SW4063V1416/Components/Library\libBoot_JN516x.a(ExceptionHandler.o)
                0x0000000004001608                isr_handlers
 *(.bss.*)
 *(.scommon*)
 *(.scommon.*)
 *(COMMON)
                0x0000000004001648                . = ALIGN (0x4)
                0x0000000004001648                _bss_end = ABSOLUTE (.)

.heap           0x0000000004001648      0xd16 load address 0x000000000009092c
                0x0000000004001648                _heap_start = ABSOLUTE (.)
                0x000000000400235e                . = (. + _minimum_heap_size)
 *fill*         0x0000000004001648      0xd16 00

.stack          0x0000000004007800      0x800 load address 0x0000000000096ae4
                0x0000000004007800                _heap_end = ABSOLUTE (.)
                0x0000000004007800                _stack_low_water_mark = ABSOLUTE (.)
                0x0000000004008000                . = (. + _stack_size)
 *fill*         0x0000000004007800      0x800 00

.test           0x000000000008f348        0x1
                0x000000000008f348        0x1 BYTE 0xff
                0x000000000008f330                _flash_data_start = LOADADDR (.data)
                0x0000000000000018                _ram_data_len = (((_ram_data_end - _ram_data_start) + 0x3) & 0xfffffffffffffffc)
                0x00000000000015e4                _bss_len = (((_bss_end - _bss_start) + 0x3) & 0xfffffffffffffffc)
                0x000000000000f348                _image_len = ((((_flash_end - _flash_start) + _ram_data_len) + 0x3) & 0xfffffffffffffffc)
                0x0000000004008000                _ram_top = (ABSOLUTE (ORIGIN (ram)) + 0x7fb4)
                0x0000000004008000                ram_top = (ABSOLUTE (ORIGIN (ram)) + 0x7fb4)
                0x0000000001001580                _app_ram_start = 0x1001580
                0x0000000004000050                PROVIDE (_heap_location, u32HeapStart)
                0x0000000004000050                PROVIDE (heap_location, u32HeapStart)
                0x0000000000087f43                TSV_eOpenVector = TSV_eOpen
                0x0000000000087ac4                TSV_eStartVector = TSV_eStart
                0x000000000008c61f                TSV_eStopVector = TSV_eStop
                0x00000000000853f1                pvAppApiGetMacHandle = pvAppApiDefGetMacHandle
                0x000000000008bff4                u32AppApiInit = u32AppApiDefInit
                0x00000000000853c6                vAppApiMlmeRequest = vAppApiDefMlmeRequest
                0x0000000000088200                vAppApiMcpsRequest = vAppApiDefMcpsRequest
                0x00000000000881a7                eAppApiPlmeSet = eAppApiDefPlmeSet
                0x0000000000088155                eAppApiPlmeGet = eAppApiDefPlmeGet
                0x000000000008814c                pvAppApiGetMacAddrLocation = pvAppApiDefGetMacAddrLocation
                0x000000000008801c                vAppApiSaveMacSettings = vAppApiDefSaveMacSettings
                0x0000000000087f4b                vAppApiRestoreMacSettings = vAppApiDefRestoreMacSettings
OUTPUT(objs_BLUE/master_BLUE_L1305_V0-1-0.elf elf32-ba)

.comment        0x0000000000000000       0x11
 .comment       0x0000000000000000       0x12 C:\Users\saiju\AppData\Local\Temp\ccQc9Bs8.ltrans0.ltrans.o
 .comment       0x0000000000000000       0x12 C:\Users\saiju\AppData\Local\Temp\ccQc9Bs8.ltrans1.ltrans.o
 .comment       0x0000000000000000       0x12 C:\Users\saiju\AppData\Local\Temp\ccQc9Bs8.ltrans2.ltrans.o
 .comment       0x0000000000000000       0x12 C:\Users\saiju\AppData\Local\Temp\ccQc9Bs8.ltrans3.ltrans.o
 .comment       0x0000000000000000       0x12 C:\Users\saiju\AppData\Local\Temp\ccQc9Bs8.ltrans4.ltrans.o
 .comment       0x0000000000000000       0x12 C:\Users\saiju\AppData\Local\Temp\ccQc9Bs8.ltrans5.ltrans.o
 .comment       0x0000000000000000       0x12 C:\Users\saiju\AppData\Local\Temp\ccQc9Bs8.ltrans6.ltrans.o
 .comment       0x0000000000000000       0x12 C:\Users\saiju\AppData\Local\Temp\ccQc9Bs8.ltrans7.ltrans.o
 .comment       0x0000000000000000       0x12 C:\Users\saiju\AppData\Local\Temp\ccQc9Bs8.ltrans8.ltrans.o
 .comment       0x0000000000000000       0x12 C:\Users\saiju\AppData\Local\Temp\ccQc9Bs8.ltrans9.ltrans.o
 .comment       0x0000000000000000       0x12 C:\Users\saiju\AppData\Local\Temp\ccQc9Bs8.ltrans10.ltrans.o
 .comment       0x0000000000000000       0x12 C:\Users\saiju\AppData\Local\Temp\ccQc9Bs8.ltrans11.ltrans.o
 .comment       0x0000000000000000       0x12 C:\Users\saiju\AppData\Local\Temp\ccQc9Bs8.ltrans12.ltrans.o
 .comment       0x0000000000000000       0x12 C:\Users\saiju\AppData\Local\Temp\ccQc9Bs8.ltrans13.ltrans.o
 .comment       0x0000000000000000       0x12 C:\Users\saiju\AppData\Local\Temp\ccQc9Bs8.ltrans14.ltrans.o
 .comment       0x0000000000000000       0x12 C:\Users\saiju\AppData\Local\Temp\ccQc9Bs8.ltrans15.ltrans.o
 .comment       0x0000000000000000       0x12 C:\Users\saiju\AppData\Local\Temp\ccQc9Bs8.ltrans16.ltrans.o
 .comment       0x0000000000000000       0x12 C:\Users\saiju\AppData\Local\Temp\ccQc9Bs8.ltrans17.ltrans.o
 .comment       0x0000000000000000       0x12 C:\Users\saiju\AppData\Local\Temp\ccQc9Bs8.ltrans18.ltrans.o
 .comment       0x0000000000000000       0x12 C:\Users\saiju\AppData\Local\Temp\ccQc9Bs8.ltrans19.ltrans.o
 .comment       0x0000000000000000       0x12 c:/mwstage/tools/ba-elf-ba2-r36379.w10/bin/../lib/gcc/ba-elf/4.7.4/../../../../ba-elf/lib/mcpu_jn51xx_sizeopt\libc.a(lib_a-memcmp.o)
 .comment       0x0000000000000000       0x12 c:/mwstage/tools/ba-elf-ba2-r36379.w10/bin/../lib/gcc/ba-elf/4.7.4/../../../../ba-elf/lib/mcpu_jn51xx_sizeopt\libc.a(lib_a-memcpy.o)
 .comment       0x0000000000000000       0x12 c:/mwstage/tools/ba-elf-ba2-r36379.w10/bin/../lib/gcc/ba-elf/4.7.4/mcpu_jn51xx_sizeopt\libgcc.a(_fixunsdfsi.o)
 .comment       0x0000000000000000       0x12 c:/mwstage/tools/ba-elf-ba2-r36379.w10/bin/../lib/gcc/ba-elf/4.7.4/mcpu_jn51xx_sizeopt\libgcc.a(_udivdi3.o)
 .comment       0x0000000000000000       0x12 c:/mwstage/tools/ba-elf-ba2-r36379.w10/bin/../lib/gcc/ba-elf/4.7.4/mcpu_jn51xx_sizeopt\libgcc.a(_umoddi3.o)
 .comment       0x0000000000000000       0x12 c:/mwstage/tools/ba-elf-ba2-r36379.w10/bin/../lib/gcc/ba-elf/4.7.4/mcpu_jn51xx_sizeopt\libgcc.a(adddf3.o)
 .comment       0x0000000000000000       0x12 c:/mwstage/tools/ba-elf-ba2-r36379.w10/bin/../lib/gcc/ba-elf/4.7.4/mcpu_jn51xx_sizeopt\libgcc.a(divdf3.o)
 .comment       0x0000000000000000       0x12 c:/mwstage/tools/ba-elf-ba2-r36379.w10/bin/../lib/gcc/ba-elf/4.7.4/mcpu_jn51xx_sizeopt\libgcc.a(eqdf2.o)
 .comment       0x0000000000000000       0x12 c:/mwstage/tools/ba-elf-ba2-r36379.w10/bin/../lib/gcc/ba-elf/4.7.4/mcpu_jn51xx_sizeopt\libgcc.a(gedf2.o)
 .comment       0x0000000000000000       0x12 c:/mwstage/tools/ba-elf-ba2-r36379.w10/bin/../lib/gcc/ba-elf/4.7.4/mcpu_jn51xx_sizeopt\libgcc.a(ledf2.o)
 .comment       0x0000000000000000       0x12 c:/mwstage/tools/ba-elf-ba2-r36379.w10/bin/../lib/gcc/ba-elf/4.7.4/mcpu_jn51xx_sizeopt\libgcc.a(muldf3.o)
 .comment       0x0000000000000000       0x12 c:/mwstage/tools/ba-elf-ba2-r36379.w10/bin/../lib/gcc/ba-elf/4.7.4/mcpu_jn51xx_sizeopt\libgcc.a(subdf3.o)
 .comment       0x0000000000000000       0x12 c:/mwstage/tools/ba-elf-ba2-r36379.w10/bin/../lib/gcc/ba-elf/4.7.4/mcpu_jn51xx_sizeopt\libgcc.a(fixdfsi.o)
 .comment       0x0000000000000000       0x12 c:/mwstage/tools/ba-elf-ba2-r36379.w10/bin/../lib/gcc/ba-elf/4.7.4/mcpu_jn51xx_sizeopt\libgcc.a(floatsidf.o)
 .comment       0x0000000000000000       0x12 c:/mwstage/tools/ba-elf-ba2-r36379.w10/bin/../lib/gcc/ba-elf/4.7.4/mcpu_jn51xx_sizeopt\libgcc.a(floatunsidf.o)
 .comment       0x0000000000000000       0x11 C:/MWSTAGE/MWSDK/ChipLib/SW4063V1416/Components/Library\libMicroSpecific_JN516x.a(MicroSyscall_ba.o)
                                         0x12 (size before relaxing)
 .comment       0x0000000000000000       0x12 c:/mwstage/tools/ba-elf-ba2-r36379.w10/bin/../lib/gcc/ba-elf/4.7.4/../../../../ba-elf/lib/mcpu_jn51xx_sizeopt\libc.a(lib_a-memset.o)
 .comment       0x0000000000000000       0x12 c:/mwstage/tools/ba-elf-ba2-r36379.w10/bin/../lib/gcc/ba-elf/4.7.4/../../../../ba-elf/lib/mcpu_jn51xx_sizeopt\libc.a(lib_a-strncmp.o)

.debug_info     0x0000000000000000     0x3526
 .debug_info    0x0000000000000000       0xf3 c:/mwstage/tools/ba-elf-ba2-r36379.w10/bin/../lib/gcc/ba-elf/4.7.4/../../../../ba-elf/lib/mcpu_jn51xx_sizeopt\libc.a(lib_a-memcmp.o)
 .debug_info    0x00000000000000f3      0x106 c:/mwstage/tools/ba-elf-ba2-r36379.w10/bin/../lib/gcc/ba-elf/4.7.4/../../../../ba-elf/lib/mcpu_jn51xx_sizeopt\libc.a(lib_a-memcpy.o)
 .debug_info    0x00000000000001f9       0xb7 c:/mwstage/tools/ba-elf-ba2-r36379.w10/bin/../lib/gcc/ba-elf/4.7.4/mcpu_jn51xx_sizeopt\libgcc.a(__udivsi3.o)
 .debug_info    0x00000000000002b0       0xb7 c:/mwstage/tools/ba-elf-ba2-r36379.w10/bin/../lib/gcc/ba-elf/4.7.4/mcpu_jn51xx_sizeopt\libgcc.a(__divsi3.o)
 .debug_info    0x0000000000000367       0xb7 c:/mwstage/tools/ba-elf-ba2-r36379.w10/bin/../lib/gcc/ba-elf/4.7.4/mcpu_jn51xx_sizeopt\libgcc.a(__umodsi3.o)
 .debug_info    0x000000000000041e       0xb7 c:/mwstage/tools/ba-elf-ba2-r36379.w10/bin/../lib/gcc/ba-elf/4.7.4/mcpu_jn51xx_sizeopt\libgcc.a(__modsi3.o)
 .debug_info    0x00000000000004d5       0xd3 c:/mwstage/tools/ba-elf-ba2-r36379.w10/bin/../lib/gcc/ba-elf/4.7.4/mcpu_jn51xx_sizeopt\libgcc.a(_fixunsdfsi.o)
 .debug_info    0x00000000000005a8      0x648 c:/mwstage/tools/ba-elf-ba2-r36379.w10/bin/../lib/gcc/ba-elf/4.7.4/mcpu_jn51xx_sizeopt\libgcc.a(_udivdi3.o)
 .debug_info    0x0000000000000bf0      0x69d c:/mwstage/tools/ba-elf-ba2-r36379.w10/bin/../lib/gcc/ba-elf/4.7.4/mcpu_jn51xx_sizeopt\libgcc.a(_umoddi3.o)
 .debug_info    0x000000000000128d      0x4b2 c:/mwstage/tools/ba-elf-ba2-r36379.w10/bin/../lib/gcc/ba-elf/4.7.4/mcpu_jn51xx_sizeopt\libgcc.a(adddf3.o)
 .debug_info    0x000000000000173f      0x5c5 c:/mwstage/tools/ba-elf-ba2-r36379.w10/bin/../lib/gcc/ba-elf/4.7.4/mcpu_jn51xx_sizeopt\libgcc.a(divdf3.o)
 .debug_info    0x0000000000001d04      0x1e7 c:/mwstage/tools/ba-elf-ba2-r36379.w10/bin/../lib/gcc/ba-elf/4.7.4/mcpu_jn51xx_sizeopt\libgcc.a(eqdf2.o)
 .debug_info    0x0000000000001eeb      0x20b c:/mwstage/tools/ba-elf-ba2-r36379.w10/bin/../lib/gcc/ba-elf/4.7.4/mcpu_jn51xx_sizeopt\libgcc.a(gedf2.o)
 .debug_info    0x00000000000020f6      0x20b c:/mwstage/tools/ba-elf-ba2-r36379.w10/bin/../lib/gcc/ba-elf/4.7.4/mcpu_jn51xx_sizeopt\libgcc.a(ledf2.o)
 .debug_info    0x0000000000002301      0x5c7 c:/mwstage/tools/ba-elf-ba2-r36379.w10/bin/../lib/gcc/ba-elf/4.7.4/mcpu_jn51xx_sizeopt\libgcc.a(muldf3.o)
 .debug_info    0x00000000000028c8      0x4b2 c:/mwstage/tools/ba-elf-ba2-r36379.w10/bin/../lib/gcc/ba-elf/4.7.4/mcpu_jn51xx_sizeopt\libgcc.a(subdf3.o)
 .debug_info    0x0000000000002d7a      0x1b7 c:/mwstage/tools/ba-elf-ba2-r36379.w10/bin/../lib/gcc/ba-elf/4.7.4/mcpu_jn51xx_sizeopt\libgcc.a(fixdfsi.o)
 .debug_info    0x0000000000002f31      0x1d6 c:/mwstage/tools/ba-elf-ba2-r36379.w10/bin/../lib/gcc/ba-elf/4.7.4/mcpu_jn51xx_sizeopt\libgcc.a(floatsidf.o)
 .debug_info    0x0000000000003107      0x1cb c:/mwstage/tools/ba-elf-ba2-r36379.w10/bin/../lib/gcc/ba-elf/4.7.4/mcpu_jn51xx_sizeopt\libgcc.a(floatunsidf.o)
 .debug_info    0x00000000000032d2       0xaa C:/MWSTAGE/MWSDK/ChipLib/SW4063V1416/Components/Library\libBoot_JN516x.a(ExceptionHandler.o)
 .debug_info    0x000000000000337c       0xd7 c:/mwstage/tools/ba-elf-ba2-r36379.w10/bin/../lib/gcc/ba-elf/4.7.4/../../../../ba-elf/lib/mcpu_jn51xx_sizeopt\libc.a(lib_a-memset.o)
 .debug_info    0x0000000000003453       0xd3 c:/mwstage/tools/ba-elf-ba2-r36379.w10/bin/../lib/gcc/ba-elf/4.7.4/../../../../ba-elf/lib/mcpu_jn51xx_sizeopt\libc.a(lib_a-strncmp.o)

.debug_abbrev   0x0000000000000000     0x11ae
 .debug_abbrev  0x0000000000000000       0x8e c:/mwstage/tools/ba-elf-ba2-r36379.w10/bin/../lib/gcc/ba-elf/4.7.4/../../../../ba-elf/lib/mcpu_jn51xx_sizeopt\libc.a(lib_a-memcmp.o)
 .debug_abbrev  0x000000000000008e       0xa4 c:/mwstage/tools/ba-elf-ba2-r36379.w10/bin/../lib/gcc/ba-elf/4.7.4/../../../../ba-elf/lib/mcpu_jn51xx_sizeopt\libc.a(lib_a-memcpy.o)
 .debug_abbrev  0x0000000000000132       0x14 c:/mwstage/tools/ba-elf-ba2-r36379.w10/bin/../lib/gcc/ba-elf/4.7.4/mcpu_jn51xx_sizeopt\libgcc.a(__udivsi3.o)
 .debug_abbrev  0x0000000000000146       0x14 c:/mwstage/tools/ba-elf-ba2-r36379.w10/bin/../lib/gcc/ba-elf/4.7.4/mcpu_jn51xx_sizeopt\libgcc.a(__divsi3.o)
 .debug_abbrev  0x000000000000015a       0x14 c:/mwstage/tools/ba-elf-ba2-r36379.w10/bin/../lib/gcc/ba-elf/4.7.4/mcpu_jn51xx_sizeopt\libgcc.a(__umodsi3.o)
 .debug_abbrev  0x000000000000016e       0x14 c:/mwstage/tools/ba-elf-ba2-r36379.w10/bin/../lib/gcc/ba-elf/4.7.4/mcpu_jn51xx_sizeopt\libgcc.a(__modsi3.o)
 .debug_abbrev  0x0000000000000182       0x60 c:/mwstage/tools/ba-elf-ba2-r36379.w10/bin/../lib/gcc/ba-elf/4.7.4/mcpu_jn51xx_sizeopt\libgcc.a(_fixunsdfsi.o)
 .debug_abbrev  0x00000000000001e2      0x15d c:/mwstage/tools/ba-elf-ba2-r36379.w10/bin/../lib/gcc/ba-elf/4.7.4/mcpu_jn51xx_sizeopt\libgcc.a(_udivdi3.o)
 .debug_abbrev  0x000000000000033f      0x175 c:/mwstage/tools/ba-elf-ba2-r36379.w10/bin/../lib/gcc/ba-elf/4.7.4/mcpu_jn51xx_sizeopt\libgcc.a(_umoddi3.o)
 .debug_abbrev  0x00000000000004b4      0x133 c:/mwstage/tools/ba-elf-ba2-r36379.w10/bin/../lib/gcc/ba-elf/4.7.4/mcpu_jn51xx_sizeopt\libgcc.a(adddf3.o)
 .debug_abbrev  0x00000000000005e7      0x12f c:/mwstage/tools/ba-elf-ba2-r36379.w10/bin/../lib/gcc/ba-elf/4.7.4/mcpu_jn51xx_sizeopt\libgcc.a(divdf3.o)
 .debug_abbrev  0x0000000000000716      0x128 c:/mwstage/tools/ba-elf-ba2-r36379.w10/bin/../lib/gcc/ba-elf/4.7.4/mcpu_jn51xx_sizeopt\libgcc.a(eqdf2.o)
 .debug_abbrev  0x000000000000083e      0x137 c:/mwstage/tools/ba-elf-ba2-r36379.w10/bin/../lib/gcc/ba-elf/4.7.4/mcpu_jn51xx_sizeopt\libgcc.a(gedf2.o)
 .debug_abbrev  0x0000000000000975      0x139 c:/mwstage/tools/ba-elf-ba2-r36379.w10/bin/../lib/gcc/ba-elf/4.7.4/mcpu_jn51xx_sizeopt\libgcc.a(ledf2.o)
 .debug_abbrev  0x0000000000000aae      0x141 c:/mwstage/tools/ba-elf-ba2-r36379.w10/bin/../lib/gcc/ba-elf/4.7.4/mcpu_jn51xx_sizeopt\libgcc.a(muldf3.o)
 .debug_abbrev  0x0000000000000bef      0x133 c:/mwstage/tools/ba-elf-ba2-r36379.w10/bin/../lib/gcc/ba-elf/4.7.4/mcpu_jn51xx_sizeopt\libgcc.a(subdf3.o)
 .debug_abbrev  0x0000000000000d22      0x12a c:/mwstage/tools/ba-elf-ba2-r36379.w10/bin/../lib/gcc/ba-elf/4.7.4/mcpu_jn51xx_sizeopt\libgcc.a(fixdfsi.o)
 .debug_abbrev  0x0000000000000e4c      0x128 c:/mwstage/tools/ba-elf-ba2-r36379.w10/bin/../lib/gcc/ba-elf/4.7.4/mcpu_jn51xx_sizeopt\libgcc.a(floatsidf.o)
 .debug_abbrev  0x0000000000000f74      0x128 c:/mwstage/tools/ba-elf-ba2-r36379.w10/bin/../lib/gcc/ba-elf/4.7.4/mcpu_jn51xx_sizeopt\libgcc.a(floatunsidf.o)
 .debug_abbrev  0x000000000000109c       0x14 C:/MWSTAGE/MWSDK/ChipLib/SW4063V1416/Components/Library\libBoot_JN516x.a(ExceptionHandler.o)
 .debug_abbrev  0x00000000000010b0       0x8e c:/mwstage/tools/ba-elf-ba2-r36379.w10/bin/../lib/gcc/ba-elf/4.7.4/../../../../ba-elf/lib/mcpu_jn51xx_sizeopt\libc.a(lib_a-memset.o)
 .debug_abbrev  0x000000000000113e       0x70 c:/mwstage/tools/ba-elf-ba2-r36379.w10/bin/../lib/gcc/ba-elf/4.7.4/../../../../ba-elf/lib/mcpu_jn51xx_sizeopt\libc.a(lib_a-strncmp.o)

.debug_loc      0x0000000000000000     0x59f6
 .debug_loc     0x0000000000000000       0x73 c:/mwstage/tools/ba-elf-ba2-r36379.w10/bin/../lib/gcc/ba-elf/4.7.4/../../../../ba-elf/lib/mcpu_jn51xx_sizeopt\libc.a(lib_a-memcmp.o)
 .debug_loc     0x0000000000000073       0x39 c:/mwstage/tools/ba-elf-ba2-r36379.w10/bin/../lib/gcc/ba-elf/4.7.4/../../../../ba-elf/lib/mcpu_jn51xx_sizeopt\libc.a(lib_a-memcpy.o)
 .debug_loc     0x00000000000000ac       0x48 c:/mwstage/tools/ba-elf-ba2-r36379.w10/bin/../lib/gcc/ba-elf/4.7.4/mcpu_jn51xx_sizeopt\libgcc.a(_fixunsdfsi.o)
 .debug_loc     0x00000000000000f4      0xa7b c:/mwstage/tools/ba-elf-ba2-r36379.w10/bin/../lib/gcc/ba-elf/4.7.4/mcpu_jn51xx_sizeopt\libgcc.a(_udivdi3.o)
 .debug_loc     0x0000000000000b6f      0x985 c:/mwstage/tools/ba-elf-ba2-r36379.w10/bin/../lib/gcc/ba-elf/4.7.4/mcpu_jn51xx_sizeopt\libgcc.a(_umoddi3.o)
 .debug_loc     0x00000000000014f4     0x10f3 c:/mwstage/tools/ba-elf-ba2-r36379.w10/bin/../lib/gcc/ba-elf/4.7.4/mcpu_jn51xx_sizeopt\libgcc.a(adddf3.o)
 .debug_loc     0x00000000000025e7     0x117e c:/mwstage/tools/ba-elf-ba2-r36379.w10/bin/../lib/gcc/ba-elf/4.7.4/mcpu_jn51xx_sizeopt\libgcc.a(divdf3.o)
 .debug_loc     0x0000000000003765       0x83 c:/mwstage/tools/ba-elf-ba2-r36379.w10/bin/../lib/gcc/ba-elf/4.7.4/mcpu_jn51xx_sizeopt\libgcc.a(eqdf2.o)
 .debug_loc     0x00000000000037e8      0x154 c:/mwstage/tools/ba-elf-ba2-r36379.w10/bin/../lib/gcc/ba-elf/4.7.4/mcpu_jn51xx_sizeopt\libgcc.a(gedf2.o)
 .debug_loc     0x000000000000393c       0xe6 c:/mwstage/tools/ba-elf-ba2-r36379.w10/bin/../lib/gcc/ba-elf/4.7.4/mcpu_jn51xx_sizeopt\libgcc.a(ledf2.o)
 .debug_loc     0x0000000000003a22      0xa0e c:/mwstage/tools/ba-elf-ba2-r36379.w10/bin/../lib/gcc/ba-elf/4.7.4/mcpu_jn51xx_sizeopt\libgcc.a(muldf3.o)
 .debug_loc     0x0000000000004430     0x114e c:/mwstage/tools/ba-elf-ba2-r36379.w10/bin/../lib/gcc/ba-elf/4.7.4/mcpu_jn51xx_sizeopt\libgcc.a(subdf3.o)
 .debug_loc     0x000000000000557e       0xa8 c:/mwstage/tools/ba-elf-ba2-r36379.w10/bin/../lib/gcc/ba-elf/4.7.4/mcpu_jn51xx_sizeopt\libgcc.a(fixdfsi.o)
 .debug_loc     0x0000000000005626      0x1be c:/mwstage/tools/ba-elf-ba2-r36379.w10/bin/../lib/gcc/ba-elf/4.7.4/mcpu_jn51xx_sizeopt\libgcc.a(floatsidf.o)
 .debug_loc     0x00000000000057e4      0x179 c:/mwstage/tools/ba-elf-ba2-r36379.w10/bin/../lib/gcc/ba-elf/4.7.4/mcpu_jn51xx_sizeopt\libgcc.a(floatunsidf.o)
 .debug_loc     0x000000000000595d       0x3f c:/mwstage/tools/ba-elf-ba2-r36379.w10/bin/../lib/gcc/ba-elf/4.7.4/../../../../ba-elf/lib/mcpu_jn51xx_sizeopt\libc.a(lib_a-memset.o)
 .debug_loc     0x000000000000599c       0x5a c:/mwstage/tools/ba-elf-ba2-r36379.w10/bin/../lib/gcc/ba-elf/4.7.4/../../../../ba-elf/lib/mcpu_jn51xx_sizeopt\libc.a(lib_a-strncmp.o)

.debug_aranges  0x0000000000000000      0x2c0
 .debug_aranges
                0x0000000000000000       0x20 c:/mwstage/tools/ba-elf-ba2-r36379.w10/bin/../lib/gcc/ba-elf/4.7.4/../../../../ba-elf/lib/mcpu_jn51xx_sizeopt\libc.a(lib_a-memcmp.o)
 .debug_aranges
                0x0000000000000020       0x20 c:/mwstage/tools/ba-elf-ba2-r36379.w10/bin/../lib/gcc/ba-elf/4.7.4/../../../../ba-elf/lib/mcpu_jn51xx_sizeopt\libc.a(lib_a-memcpy.o)
 .debug_aranges
                0x0000000000000040       0x20 c:/mwstage/tools/ba-elf-ba2-r36379.w10/bin/../lib/gcc/ba-elf/4.7.4/mcpu_jn51xx_sizeopt\libgcc.a(__udivsi3.o)
 .debug_aranges
                0x0000000000000060       0x20 c:/mwstage/tools/ba-elf-ba2-r36379.w10/bin/../lib/gcc/ba-elf/4.7.4/mcpu_jn51xx_sizeopt\libgcc.a(__divsi3.o)
 .debug_aranges
                0x0000000000000080       0x20 c:/mwstage/tools/ba-elf-ba2-r36379.w10/bin/../lib/gcc/ba-elf/4.7.4/mcpu_jn51xx_sizeopt\libgcc.a(__umodsi3.o)
 .debug_aranges
                0x00000000000000a0       0x20 c:/mwstage/tools/ba-elf-ba2-r36379.w10/bin/../lib/gcc/ba-elf/4.7.4/mcpu_jn51xx_sizeopt\libgcc.a(__modsi3.o)
 .debug_aranges
                0x00000000000000c0       0x20 c:/mwstage/tools/ba-elf-ba2-r36379.w10/bin/../lib/gcc/ba-elf/4.7.4/mcpu_jn51xx_sizeopt\libgcc.a(_fixunsdfsi.o)
 .debug_aranges
                0x00000000000000e0       0x20 c:/mwstage/tools/ba-elf-ba2-r36379.w10/bin/../lib/gcc/ba-elf/4.7.4/mcpu_jn51xx_sizeopt\libgcc.a(_udivdi3.o)
 .debug_aranges
                0x0000000000000100       0x20 c:/mwstage/tools/ba-elf-ba2-r36379.w10/bin/../lib/gcc/ba-elf/4.7.4/mcpu_jn51xx_sizeopt\libgcc.a(_umoddi3.o)
 .debug_aranges
                0x0000000000000120       0x20 c:/mwstage/tools/ba-elf-ba2-r36379.w10/bin/../lib/gcc/ba-elf/4.7.4/mcpu_jn51xx_sizeopt\libgcc.a(adddf3.o)
 .debug_aranges
                0x0000000000000140       0x20 c:/mwstage/tools/ba-elf-ba2-r36379.w10/bin/../lib/gcc/ba-elf/4.7.4/mcpu_jn51xx_sizeopt\libgcc.a(divdf3.o)
 .debug_aranges
                0x0000000000000160       0x20 c:/mwstage/tools/ba-elf-ba2-r36379.w10/bin/../lib/gcc/ba-elf/4.7.4/mcpu_jn51xx_sizeopt\libgcc.a(eqdf2.o)
 .debug_aranges
                0x0000000000000180       0x20 c:/mwstage/tools/ba-elf-ba2-r36379.w10/bin/../lib/gcc/ba-elf/4.7.4/mcpu_jn51xx_sizeopt\libgcc.a(gedf2.o)
 .debug_aranges
                0x00000000000001a0       0x20 c:/mwstage/tools/ba-elf-ba2-r36379.w10/bin/../lib/gcc/ba-elf/4.7.4/mcpu_jn51xx_sizeopt\libgcc.a(ledf2.o)
 .debug_aranges
                0x00000000000001c0       0x20 c:/mwstage/tools/ba-elf-ba2-r36379.w10/bin/../lib/gcc/ba-elf/4.7.4/mcpu_jn51xx_sizeopt\libgcc.a(muldf3.o)
 .debug_aranges
                0x00000000000001e0       0x20 c:/mwstage/tools/ba-elf-ba2-r36379.w10/bin/../lib/gcc/ba-elf/4.7.4/mcpu_jn51xx_sizeopt\libgcc.a(subdf3.o)
 .debug_aranges
                0x0000000000000200       0x20 c:/mwstage/tools/ba-elf-ba2-r36379.w10/bin/../lib/gcc/ba-elf/4.7.4/mcpu_jn51xx_sizeopt\libgcc.a(fixdfsi.o)
 .debug_aranges
                0x0000000000000220       0x20 c:/mwstage/tools/ba-elf-ba2-r36379.w10/bin/../lib/gcc/ba-elf/4.7.4/mcpu_jn51xx_sizeopt\libgcc.a(floatsidf.o)
 .debug_aranges
                0x0000000000000240       0x20 c:/mwstage/tools/ba-elf-ba2-r36379.w10/bin/../lib/gcc/ba-elf/4.7.4/mcpu_jn51xx_sizeopt\libgcc.a(floatunsidf.o)
 .debug_aranges
                0x0000000000000260       0x20 C:/MWSTAGE/MWSDK/ChipLib/SW4063V1416/Components/Library\libBoot_JN516x.a(ExceptionHandler.o)
 .debug_aranges
                0x0000000000000280       0x20 c:/mwstage/tools/ba-elf-ba2-r36379.w10/bin/../lib/gcc/ba-elf/4.7.4/../../../../ba-elf/lib/mcpu_jn51xx_sizeopt\libc.a(lib_a-memset.o)
 .debug_aranges
                0x00000000000002a0       0x20 c:/mwstage/tools/ba-elf-ba2-r36379.w10/bin/../lib/gcc/ba-elf/4.7.4/../../../../ba-elf/lib/mcpu_jn51xx_sizeopt\libc.a(lib_a-strncmp.o)

.debug_line     0x0000000000000000     0x2d38
 .debug_line    0x0000000000000000      0x15a c:/mwstage/tools/ba-elf-ba2-r36379.w10/bin/../lib/gcc/ba-elf/4.7.4/../../../../ba-elf/lib/mcpu_jn51xx_sizeopt\libc.a(lib_a-memcmp.o)
 .debug_line    0x000000000000015a      0x14e c:/mwstage/tools/ba-elf-ba2-r36379.w10/bin/../lib/gcc/ba-elf/4.7.4/../../../../ba-elf/lib/mcpu_jn51xx_sizeopt\libc.a(lib_a-memcpy.o)
 .debug_line    0x00000000000002a8      0x47b c:/mwstage/tools/ba-elf-ba2-r36379.w10/bin/../lib/gcc/ba-elf/4.7.4/mcpu_jn51xx_sizeopt\libgcc.a(__udivsi3.o)
 .debug_line    0x0000000000000723       0xbb c:/mwstage/tools/ba-elf-ba2-r36379.w10/bin/../lib/gcc/ba-elf/4.7.4/mcpu_jn51xx_sizeopt\libgcc.a(__divsi3.o)
 .debug_line    0x00000000000007de      0x3c7 c:/mwstage/tools/ba-elf-ba2-r36379.w10/bin/../lib/gcc/ba-elf/4.7.4/mcpu_jn51xx_sizeopt\libgcc.a(__umodsi3.o)
 .debug_line    0x0000000000000ba5       0xa3 c:/mwstage/tools/ba-elf-ba2-r36379.w10/bin/../lib/gcc/ba-elf/4.7.4/mcpu_jn51xx_sizeopt\libgcc.a(__modsi3.o)
 .debug_line    0x0000000000000c48       0x9f c:/mwstage/tools/ba-elf-ba2-r36379.w10/bin/../lib/gcc/ba-elf/4.7.4/mcpu_jn51xx_sizeopt\libgcc.a(_fixunsdfsi.o)
 .debug_line    0x0000000000000ce7      0x1b7 c:/mwstage/tools/ba-elf-ba2-r36379.w10/bin/../lib/gcc/ba-elf/4.7.4/mcpu_jn51xx_sizeopt\libgcc.a(_udivdi3.o)
 .debug_line    0x0000000000000e9e      0x1b7 c:/mwstage/tools/ba-elf-ba2-r36379.w10/bin/../lib/gcc/ba-elf/4.7.4/mcpu_jn51xx_sizeopt\libgcc.a(_umoddi3.o)
 .debug_line    0x0000000000001055      0x63d c:/mwstage/tools/ba-elf-ba2-r36379.w10/bin/../lib/gcc/ba-elf/4.7.4/mcpu_jn51xx_sizeopt\libgcc.a(adddf3.o)
 .debug_line    0x0000000000001692      0x3b5 c:/mwstage/tools/ba-elf-ba2-r36379.w10/bin/../lib/gcc/ba-elf/4.7.4/mcpu_jn51xx_sizeopt\libgcc.a(divdf3.o)
 .debug_line    0x0000000000001a47       0xf1 c:/mwstage/tools/ba-elf-ba2-r36379.w10/bin/../lib/gcc/ba-elf/4.7.4/mcpu_jn51xx_sizeopt\libgcc.a(eqdf2.o)
 .debug_line    0x0000000000001b38      0x15f c:/mwstage/tools/ba-elf-ba2-r36379.w10/bin/../lib/gcc/ba-elf/4.7.4/mcpu_jn51xx_sizeopt\libgcc.a(gedf2.o)
 .debug_line    0x0000000000001c97      0x15f c:/mwstage/tools/ba-elf-ba2-r36379.w10/bin/../lib/gcc/ba-elf/4.7.4/mcpu_jn51xx_sizeopt\libgcc.a(ledf2.o)
 .debug_line    0x0000000000001df6      0x269 c:/mwstage/tools/ba-elf-ba2-r36379.w10/bin/../lib/gcc/ba-elf/4.7.4/mcpu_jn51xx_sizeopt\libgcc.a(muldf3.o)
 .debug_line    0x000000000000205f      0x656 c:/mwstage/tools/ba-elf-ba2-r36379.w10/bin/../lib/gcc/ba-elf/4.7.4/mcpu_jn51xx_sizeopt\libgcc.a(subdf3.o)
 .debug_line    0x00000000000026b5       0xc8 c:/mwstage/tools/ba-elf-ba2-r36379.w10/bin/../lib/gcc/ba-elf/4.7.4/mcpu_jn51xx_sizeopt\libgcc.a(fixdfsi.o)
 .debug_line    0x000000000000277d       0xbc c:/mwstage/tools/ba-elf-ba2-r36379.w10/bin/../lib/gcc/ba-elf/4.7.4/mcpu_jn51xx_sizeopt\libgcc.a(floatsidf.o)
 .debug_line    0x0000000000002839       0xbe c:/mwstage/tools/ba-elf-ba2-r36379.w10/bin/../lib/gcc/ba-elf/4.7.4/mcpu_jn51xx_sizeopt\libgcc.a(floatunsidf.o)
 .debug_line    0x00000000000028f7      0x197 C:/MWSTAGE/MWSDK/ChipLib/SW4063V1416/Components/Library\libBoot_JN516x.a(ExceptionHandler.o)
 .debug_line    0x0000000000002a8e      0x144 c:/mwstage/tools/ba-elf-ba2-r36379.w10/bin/../lib/gcc/ba-elf/4.7.4/../../../../ba-elf/lib/mcpu_jn51xx_sizeopt\libc.a(lib_a-memset.o)
 .debug_line    0x0000000000002bd2      0x166 c:/mwstage/tools/ba-elf-ba2-r36379.w10/bin/../lib/gcc/ba-elf/4.7.4/../../../../ba-elf/lib/mcpu_jn51xx_sizeopt\libc.a(lib_a-strncmp.o)

.debug_str      0x0000000000000000      0x709
 .debug_str     0x0000000000000000       0x49 c:/mwstage/tools/ba-elf-ba2-r36379.w10/bin/../lib/gcc/ba-elf/4.7.4/../../../../ba-elf/lib/mcpu_jn51xx_sizeopt\libc.a(lib_a-memcmp.o)
                                        0x155 (size before relaxing)
 .debug_str     0x0000000000000049       0x5d c:/mwstage/tools/ba-elf-ba2-r36379.w10/bin/../lib/gcc/ba-elf/4.7.4/../../../../ba-elf/lib/mcpu_jn51xx_sizeopt\libc.a(lib_a-memcpy.o)
                                        0x169 (size before relaxing)
 .debug_str     0x00000000000000a6       0xc5 c:/mwstage/tools/ba-elf-ba2-r36379.w10/bin/../lib/gcc/ba-elf/4.7.4/mcpu_jn51xx_sizeopt\libgcc.a(_fixunsdfsi.o)
                                        0x169 (size before relaxing)
 .debug_str     0x000000000000016b       0x7b c:/mwstage/tools/ba-elf-ba2-r36379.w10/bin/../lib/gcc/ba-elf/4.7.4/mcpu_jn51xx_sizeopt\libgcc.a(_udivdi3.o)
                                        0x1d7 (size before relaxing)
 .debug_str     0x00000000000001e6        0xa c:/mwstage/tools/ba-elf-ba2-r36379.w10/bin/../lib/gcc/ba-elf/4.7.4/mcpu_jn51xx_sizeopt\libgcc.a(_umoddi3.o)
                                        0x1d7 (size before relaxing)
 .debug_str     0x00000000000001f0       0xc6 c:/mwstage/tools/ba-elf-ba2-r36379.w10/bin/../lib/gcc/ba-elf/4.7.4/mcpu_jn51xx_sizeopt\libgcc.a(adddf3.o)
                                        0x1ba (size before relaxing)
 .debug_str     0x00000000000002b6       0x7a c:/mwstage/tools/ba-elf-ba2-r36379.w10/bin/../lib/gcc/ba-elf/4.7.4/mcpu_jn51xx_sizeopt\libgcc.a(divdf3.o)
                                        0x1f9 (size before relaxing)
 .debug_str     0x0000000000000330       0x3f c:/mwstage/tools/ba-elf-ba2-r36379.w10/bin/../lib/gcc/ba-elf/4.7.4/mcpu_jn51xx_sizeopt\libgcc.a(eqdf2.o)
                                        0x16e (size before relaxing)
 .debug_str     0x000000000000036f       0x57 c:/mwstage/tools/ba-elf-ba2-r36379.w10/bin/../lib/gcc/ba-elf/4.7.4/mcpu_jn51xx_sizeopt\libgcc.a(gedf2.o)
                                        0x186 (size before relaxing)
 .debug_str     0x00000000000003c6       0x3f c:/mwstage/tools/ba-elf-ba2-r36379.w10/bin/../lib/gcc/ba-elf/4.7.4/mcpu_jn51xx_sizeopt\libgcc.a(ledf2.o)
                                        0x186 (size before relaxing)
 .debug_str     0x0000000000000405       0x72 c:/mwstage/tools/ba-elf-ba2-r36379.w10/bin/../lib/gcc/ba-elf/4.7.4/mcpu_jn51xx_sizeopt\libgcc.a(muldf3.o)
                                        0x1eb (size before relaxing)
 .debug_str     0x0000000000000477       0x41 c:/mwstage/tools/ba-elf-ba2-r36379.w10/bin/../lib/gcc/ba-elf/4.7.4/mcpu_jn51xx_sizeopt\libgcc.a(subdf3.o)
                                        0x1ba (size before relaxing)
 .debug_str     0x00000000000004b8       0x4b c:/mwstage/tools/ba-elf-ba2-r36379.w10/bin/../lib/gcc/ba-elf/4.7.4/mcpu_jn51xx_sizeopt\libgcc.a(fixdfsi.o)
                                        0x17f (size before relaxing)
 .debug_str     0x0000000000000503       0x54 c:/mwstage/tools/ba-elf-ba2-r36379.w10/bin/../lib/gcc/ba-elf/4.7.4/mcpu_jn51xx_sizeopt\libgcc.a(floatsidf.o)
                                        0x188 (size before relaxing)
 .debug_str     0x0000000000000557       0x4b c:/mwstage/tools/ba-elf-ba2-r36379.w10/bin/../lib/gcc/ba-elf/4.7.4/mcpu_jn51xx_sizeopt\libgcc.a(floatunsidf.o)
                                        0x185 (size before relaxing)
 .debug_str     0x00000000000005a2      0x11c c:/mwstage/tools/ba-elf-ba2-r36379.w10/bin/../lib/gcc/ba-elf/4.7.4/../../../../ba-elf/lib/mcpu_jn51xx_sizeopt\libc.a(lib_a-memset.o)
                                        0x155 (size before relaxing)
 .debug_str     0x00000000000006be       0x4b c:/mwstage/tools/ba-elf-ba2-r36379.w10/bin/../lib/gcc/ba-elf/4.7.4/../../../../ba-elf/lib/mcpu_jn51xx_sizeopt\libc.a(lib_a-strncmp.o)
                                        0x157 (size before relaxing)

.debug_frame    0x0000000000000000      0x26c
 .debug_frame   0x0000000000000000       0x20 c:/mwstage/tools/ba-elf-ba2-r36379.w10/bin/../lib/gcc/ba-elf/4.7.4/../../../../ba-elf/lib/mcpu_jn51xx_sizeopt\libc.a(lib_a-memcmp.o)
 .debug_frame   0x0000000000000020       0x20 c:/mwstage/tools/ba-elf-ba2-r36379.w10/bin/../lib/gcc/ba-elf/4.7.4/../../../../ba-elf/lib/mcpu_jn51xx_sizeopt\libc.a(lib_a-memcpy.o)
 .debug_frame   0x0000000000000040       0x2c c:/mwstage/tools/ba-elf-ba2-r36379.w10/bin/../lib/gcc/ba-elf/4.7.4/mcpu_jn51xx_sizeopt\libgcc.a(_fixunsdfsi.o)
 .debug_frame   0x000000000000006c       0x30 c:/mwstage/tools/ba-elf-ba2-r36379.w10/bin/../lib/gcc/ba-elf/4.7.4/mcpu_jn51xx_sizeopt\libgcc.a(adddf3.o)
 .debug_frame   0x000000000000009c       0x34 c:/mwstage/tools/ba-elf-ba2-r36379.w10/bin/../lib/gcc/ba-elf/4.7.4/mcpu_jn51xx_sizeopt\libgcc.a(divdf3.o)
 .debug_frame   0x00000000000000d0       0x30 c:/mwstage/tools/ba-elf-ba2-r36379.w10/bin/../lib/gcc/ba-elf/4.7.4/mcpu_jn51xx_sizeopt\libgcc.a(eqdf2.o)
 .debug_frame   0x0000000000000100       0x34 c:/mwstage/tools/ba-elf-ba2-r36379.w10/bin/../lib/gcc/ba-elf/4.7.4/mcpu_jn51xx_sizeopt\libgcc.a(gedf2.o)
 .debug_frame   0x0000000000000134       0x34 c:/mwstage/tools/ba-elf-ba2-r36379.w10/bin/../lib/gcc/ba-elf/4.7.4/mcpu_jn51xx_sizeopt\libgcc.a(ledf2.o)
 .debug_frame   0x0000000000000168       0x34 c:/mwstage/tools/ba-elf-ba2-r36379.w10/bin/../lib/gcc/ba-elf/4.7.4/mcpu_jn51xx_sizeopt\libgcc.a(muldf3.o)
 .debug_frame   0x000000000000019c       0x30 c:/mwstage/tools/ba-elf-ba2-r36379.w10/bin/../lib/gcc/ba-elf/4.7.4/mcpu_jn51xx_sizeopt\libgcc.a(subdf3.o)
 .debug_frame   0x00000000000001cc       0x20 c:/mwstage/tools/ba-elf-ba2-r36379.w10/bin/../lib/gcc/ba-elf/4.7.4/mcpu_jn51xx_sizeopt\libgcc.a(fixdfsi.o)
 .debug_frame   0x00000000000001ec       0x20 c:/mwstage/tools/ba-elf-ba2-r36379.w10/bin/../lib/gcc/ba-elf/4.7.4/mcpu_jn51xx_sizeopt\libgcc.a(floatsidf.o)
 .debug_frame   0x000000000000020c       0x20 c:/mwstage/tools/ba-elf-ba2-r36379.w10/bin/../lib/gcc/ba-elf/4.7.4/mcpu_jn51xx_sizeopt\libgcc.a(floatunsidf.o)
 .debug_frame   0x000000000000022c       0x20 c:/mwstage/tools/ba-elf-ba2-r36379.w10/bin/../lib/gcc/ba-elf/4.7.4/../../../../ba-elf/lib/mcpu_jn51xx_sizeopt\libc.a(lib_a-memset.o)
 .debug_frame   0x000000000000024c       0x20 c:/mwstage/tools/ba-elf-ba2-r36379.w10/bin/../lib/gcc/ba-elf/4.7.4/../../../../ba-elf/lib/mcpu_jn51xx_sizeopt\libc.a(lib_a-strncmp.o)

.debug_ranges   0x0000000000000000      0x558
 .debug_ranges  0x0000000000000000       0xa0 c:/mwstage/tools/ba-elf-ba2-r36379.w10/bin/../lib/gcc/ba-elf/4.7.4/mcpu_jn51xx_sizeopt\libgcc.a(_udivdi3.o)
 .debug_ranges  0x00000000000000a0       0x80 c:/mwstage/tools/ba-elf-ba2-r36379.w10/bin/../lib/gcc/ba-elf/4.7.4/mcpu_jn51xx_sizeopt\libgcc.a(_umoddi3.o)
 .debug_ranges  0x0000000000000120       0x80 c:/mwstage/tools/ba-elf-ba2-r36379.w10/bin/../lib/gcc/ba-elf/4.7.4/mcpu_jn51xx_sizeopt\libgcc.a(adddf3.o)
 .debug_ranges  0x00000000000001a0       0xb0 c:/mwstage/tools/ba-elf-ba2-r36379.w10/bin/../lib/gcc/ba-elf/4.7.4/mcpu_jn51xx_sizeopt\libgcc.a(divdf3.o)
 .debug_ranges  0x0000000000000250       0x38 c:/mwstage/tools/ba-elf-ba2-r36379.w10/bin/../lib/gcc/ba-elf/4.7.4/mcpu_jn51xx_sizeopt\libgcc.a(eqdf2.o)
 .debug_ranges  0x0000000000000288       0x58 c:/mwstage/tools/ba-elf-ba2-r36379.w10/bin/../lib/gcc/ba-elf/4.7.4/mcpu_jn51xx_sizeopt\libgcc.a(gedf2.o)
 .debug_ranges  0x00000000000002e0       0x40 c:/mwstage/tools/ba-elf-ba2-r36379.w10/bin/../lib/gcc/ba-elf/4.7.4/mcpu_jn51xx_sizeopt\libgcc.a(ledf2.o)
 .debug_ranges  0x0000000000000320      0x1a8 c:/mwstage/tools/ba-elf-ba2-r36379.w10/bin/../lib/gcc/ba-elf/4.7.4/mcpu_jn51xx_sizeopt\libgcc.a(muldf3.o)
 .debug_ranges  0x00000000000004c8       0x78 c:/mwstage/tools/ba-elf-ba2-r36379.w10/bin/../lib/gcc/ba-elf/4.7.4/mcpu_jn51xx_sizeopt\libgcc.a(subdf3.o)
 .debug_ranges  0x0000000000000540       0x18 c:/mwstage/tools/ba-elf-ba2-r36379.w10/bin/../lib/gcc/ba-elf/4.7.4/mcpu_jn51xx_sizeopt\libgcc.a(fixdfsi.o)
